HEAD=4266ec7ebd60fbf06981159d6e1f7b0c9e6f6ca5

 RUN  v4.0.18 /Users/normy/autobyteus_org/autobyteus-worktrees/universal-application-framework-proposal-analysis/autobyteus-server-ts

Prisma schema loaded from prisma/schema.prisma
Datasource "db": SQLite database "autobyteus-server-test.db" at "file:/Users/normy/autobyteus_org/autobyteus-worktrees/universal-application-framework-proposal-analysis/autobyteus-server-ts/tests/.tmp/autobyteus-server-test.db"

Applying migration `20260203074245_init`
Applying migration `20260208094000_add_external_channel_tables`
Applying migration `20260209174500_add_channel_message_receipt_turn_id`
Applying migration `20260209213000_remove_agent_conversation_tables`
Applying migration `20260210101500_add_agent_avatar`
Applying migration `20260210192000_add_agent_team_avatar`
Applying migration `20260211214500_add_sync_columns_and_tombstones`
Applying migration `20260212070000_remove_workflow_definition`
Applying migration `20260309103000_add_channel_binding_launch_preset`
Applying migration `20260310153000_add_channel_binding_team_definition_id`
Applying migration `20260331102000_remove_channel_bindings_table`
Applying migration `20260331130000_receipt_lifecycle_and_remove_channel_idempotency`
Applying migration `20260517090000_add_app_data_migration_records`
Applying migration `20260624090000_add_token_usage_ledger_events`
Applying migration `20260625193000_token_usage_component_pricing_explainability`
Applying migration `20260629120000_add_token_usage_display_fields`
Applying migration `20260702093000_token_usage_execution_address`
Applying migration `20260726090000_add_secret_vault`
Applying migration `20260730090000_add_token_usage_provider_name`

Database reset successful

The following migration(s) have been applied:

migrations/
  └─ 20260203074245_init/
    └─ migration.sql
  └─ 20260208094000_add_external_channel_tables/
    └─ migration.sql
  └─ 20260209174500_add_channel_message_receipt_turn_id/
    └─ migration.sql
  └─ 20260209213000_remove_agent_conversation_tables/
    └─ migration.sql
  └─ 20260210101500_add_agent_avatar/
    └─ migration.sql
  └─ 20260210192000_add_agent_team_avatar/
    └─ migration.sql
  └─ 20260211214500_add_sync_columns_and_tombstones/
    └─ migration.sql
  └─ 20260212070000_remove_workflow_definition/
    └─ migration.sql
  └─ 20260309103000_add_channel_binding_launch_preset/
    └─ migration.sql
  └─ 20260310153000_add_channel_binding_team_definition_id/
    └─ migration.sql
  └─ 20260331102000_remove_channel_bindings_table/
    └─ migration.sql
  └─ 20260331130000_receipt_lifecycle_and_remove_channel_idempotency/
    └─ migration.sql
  └─ 20260517090000_add_app_data_migration_records/
    └─ migration.sql
  └─ 20260624090000_add_token_usage_ledger_events/
    └─ migration.sql
  └─ 20260625193000_token_usage_component_pricing_explainability/
    └─ migration.sql
  └─ 20260629120000_add_token_usage_display_fields/
    └─ migration.sql
  └─ 20260702093000_token_usage_execution_address/
    └─ migration.sql
  └─ 20260726090000_add_secret_vault/
    └─ migration.sql
  └─ 20260730090000_add_token_usage_provider_name/
    └─ migration.sql

 ❯ tests/unit/application-backend-api-gateway/application-backend-websocket-session-service.test.ts (4 tests | 4 failed) 6ms
     × rejects a raw client frame before readiness instead of queueing it 3ms
     × orders the reserved READY frame before backend sends accepted during open 1ms
     × accepts the inbound queue limit and closes only the overflowing session above it 1ms
     × allows an equal socket buffer and closes above the network backpressure limit 1ms
(node:83775) ExperimentalWarning: SQLite is an experimental feature and might change at any time
(Use `node --trace-warnings ...` to show where the warning was created)
stdout | tests/integration/application-backend/brief-studio-imported-package.integration.test.ts
Successfully registered tool definition: 'read_file'
Successfully registered tool definition: 'write_file'
Successfully registered tool definition: 'edit_file'
Successfully registered tool definition: 'replace_in_file'
Successfully registered tool definition: 'insert_in_file'
Successfully registered tool definition: 'run_bash'
Successfully registered tool definition: 'start_background_process'
Successfully registered tool definition: 'get_background_processes'
Successfully registered tool definition: 'get_process_output'
Successfully registered tool definition: 'stop_background_process'
Successfully registered tool definition: 'search_web'
Successfully registered tool definition: 'read_media_file'
Successfully registered tool definition: 'download_media'
Successfully registered tool definition: 'read_url'
Successfully registered tool definition: 'add_todo'
Successfully registered tool definition: 'create_todo_list'
Successfully registered tool definition: 'get_todo_list'
Successfully registered tool definition: 'update_todo_status'
AgentFactory (Singleton) initialized.

 ❯ tests/integration/application-backend/brief-studio-imported-package.integration.test.ts (0 test)
(node:83778) ExperimentalWarning: SQLite is an experimental feature and might change at any time
(Use `node --trace-warnings ...` to show where the warning was created)
stdout | tests/integration/application-backend/application-backend-custom-websocket.integration.test.ts
Successfully registered tool definition: 'read_file'
Successfully registered tool definition: 'write_file'
Successfully registered tool definition: 'edit_file'
Successfully registered tool definition: 'replace_in_file'
Successfully registered tool definition: 'insert_in_file'
Successfully registered tool definition: 'run_bash'
Successfully registered tool definition: 'start_background_process'
Successfully registered tool definition: 'get_background_processes'
Successfully registered tool definition: 'get_process_output'
Successfully registered tool definition: 'stop_background_process'
Successfully registered tool definition: 'search_web'
Successfully registered tool definition: 'read_media_file'
Successfully registered tool definition: 'download_media'
Successfully registered tool definition: 'read_url'
Successfully registered tool definition: 'add_todo'
Successfully registered tool definition: 'create_todo_list'
Successfully registered tool definition: 'get_todo_list'
Successfully registered tool definition: 'update_todo_status'
AgentFactory (Singleton) initialized.

 ❯ tests/integration/application-backend/application-backend-custom-websocket.integration.test.ts (0 test)
(node:83782) ExperimentalWarning: SQLite is an experimental feature and might change at any time
(Use `node --trace-warnings ...` to show where the warning was created)
 ❯ tests/integration/application-backend/application-context-capabilities.integration.test.ts (0 test)
(node:83784) ExperimentalWarning: SQLite is an experimental feature and might change at any time
(Use `node --trace-warnings ...` to show where the warning was created)
stdout | tests/integration/application-backend/application-backend-rest-ws.integration.test.ts
Successfully registered tool definition: 'read_file'
Successfully registered tool definition: 'write_file'
Successfully registered tool definition: 'edit_file'
Successfully registered tool definition: 'replace_in_file'
Successfully registered tool definition: 'insert_in_file'
Successfully registered tool definition: 'run_bash'
Successfully registered tool definition: 'start_background_process'
Successfully registered tool definition: 'get_background_processes'
Successfully registered tool definition: 'get_process_output'
Successfully registered tool definition: 'stop_background_process'
Successfully registered tool definition: 'search_web'
Successfully registered tool definition: 'read_media_file'
Successfully registered tool definition: 'download_media'
Successfully registered tool definition: 'read_url'
Successfully registered tool definition: 'add_todo'
Successfully registered tool definition: 'create_todo_list'
Successfully registered tool definition: 'get_todo_list'
Successfully registered tool definition: 'update_todo_status'
AgentFactory (Singleton) initialized.

 ❯ tests/integration/application-backend/application-backend-rest-ws.integration.test.ts (0 test)
(node:83851) ExperimentalWarning: SQLite is an experimental feature and might change at any time
(Use `node --trace-warnings ...` to show where the warning was created)
stdout | tests/integration/application-backend/application-backend-mount-route-transport.integration.test.ts
Successfully registered tool definition: 'read_file'
Successfully registered tool definition: 'write_file'
Successfully registered tool definition: 'edit_file'
Successfully registered tool definition: 'replace_in_file'
Successfully registered tool definition: 'insert_in_file'
Successfully registered tool definition: 'run_bash'
Successfully registered tool definition: 'start_background_process'
Successfully registered tool definition: 'get_background_processes'
Successfully registered tool definition: 'get_process_output'
Successfully registered tool definition: 'stop_background_process'
Successfully registered tool definition: 'search_web'
Successfully registered tool definition: 'read_media_file'
Successfully registered tool definition: 'download_media'
Successfully registered tool definition: 'read_url'
Successfully registered tool definition: 'add_todo'
Successfully registered tool definition: 'create_todo_list'
Successfully registered tool definition: 'get_todo_list'
Successfully registered tool definition: 'update_todo_status'
AgentFactory (Singleton) initialized.

 ❯ tests/integration/application-backend/application-backend-mount-route-transport.integration.test.ts (0 test)

⎯⎯⎯⎯⎯⎯ Failed Suites 5 ⎯⎯⎯⎯⎯⎯⎯

 FAIL  tests/integration/application-backend/application-backend-custom-websocket.integration.test.ts [ tests/integration/application-backend/application-backend-custom-websocket.integration.test.ts ]
Error: Cannot find module '/src/application-engine/services/application-engine-host-service.js' imported from '/Users/normy/autobyteus_org/autobyteus-worktrees/universal-application-framework-proposal-analysis/autobyteus-server-ts/tests/integration/application-backend/application-backend-custom-websocket.integration.test.ts'
 ❯ tests/integration/application-backend/application-backend-custom-websocket.integration.test.ts:10:1
      8| import type { ApplicationBundle } from "../../../src/application-bundl…
      9| import { ApplicationStorageLifecycleService } from "../../../src/appli…
     10| import { ApplicationEngineHostService } from "../../../src/application…
       | ^
     11| import { ApplicationBackendApiGatewayService } from "../../../src/appl…
     12| import { ApplicationBackendNotificationHub } from "../../../src/applic…

⎯⎯⎯⎯⎯⎯⎯⎯⎯⎯⎯⎯⎯⎯⎯⎯⎯⎯⎯⎯⎯⎯⎯⎯[1/9]⎯

 FAIL  tests/integration/application-backend/application-backend-mount-route-transport.integration.test.ts [ tests/integration/application-backend/application-backend-mount-route-transport.integration.test.ts ]
Error: Cannot find module '/src/application-engine/services/application-engine-host-service.js' imported from '/Users/normy/autobyteus_org/autobyteus-worktrees/universal-application-framework-proposal-analysis/autobyteus-server-ts/tests/integration/application-backend/application-backend-mount-route-transport.integration.test.ts'
 ❯ tests/integration/application-backend/application-backend-mount-route-transport.integration.test.ts:8:1
      6| import { createApplicationBackendMountTransport } from "../../../../au…
      7| import { ApplicationStorageLifecycleService } from "../../../src/appli…
      8| import { ApplicationEngineHostService } from "../../../src/application…
       | ^
      9| import { ApplicationBackendApiGatewayService } from "../../../src/appl…
     10| import { ApplicationBackendNotificationHub } from "../../../src/applic…

⎯⎯⎯⎯⎯⎯⎯⎯⎯⎯⎯⎯⎯⎯⎯⎯⎯⎯⎯⎯⎯⎯⎯⎯[2/9]⎯

 FAIL  tests/integration/application-backend/application-backend-rest-ws.integration.test.ts [ tests/integration/application-backend/application-backend-rest-ws.integration.test.ts ]
Error: Cannot find module '/src/application-engine/services/application-engine-host-service.js' imported from '/Users/normy/autobyteus_org/autobyteus-worktrees/universal-application-framework-proposal-analysis/autobyteus-server-ts/tests/integration/application-backend/application-backend-rest-ws.integration.test.ts'
 ❯ tests/integration/application-backend/application-backend-rest-ws.integration.test.ts:9:1
      7| import { afterEach, beforeEach, describe, expect, it, vi } from "vites…
      8| import { ApplicationStorageLifecycleService } from "../../../src/appli…
      9| import { ApplicationEngineHostService } from "../../../src/application…
       | ^
     10| import { ApplicationBackendApiGatewayService } from "../../../src/appl…
     11| import {

⎯⎯⎯⎯⎯⎯⎯⎯⎯⎯⎯⎯⎯⎯⎯⎯⎯⎯⎯⎯⎯⎯⎯⎯[3/9]⎯

 FAIL  tests/integration/application-backend/application-context-capabilities.integration.test.ts [ tests/integration/application-backend/application-context-capabilities.integration.test.ts ]
Error: Cannot find module '../../../src/application-engine/services/application-engine-host-service.js' imported from '/Users/normy/autobyteus_org/autobyteus-worktrees/universal-application-framework-proposal-analysis/autobyteus-server-ts/tests/integration/application-backend/application-context-capabilities.integration.test.ts'
 ❯ tests/integration/application-backend/application-context-capabilities.integration.test.ts:15:1
     13|   ApplicationAgentTeamBinding,
     14| } from "@autobyteus/application-sdk-contracts";
     15| import { ApplicationEngineHostService } from "../../../src/application…
       | ^
     16| import { ApplicationStorageLifecycleService } from "../../../src/appli…
     17| import { ApplicationPlatformStateStore } from "../../../src/applicatio…

⎯⎯⎯⎯⎯⎯⎯⎯⎯⎯⎯⎯⎯⎯⎯⎯⎯⎯⎯⎯⎯⎯⎯⎯[4/9]⎯

 FAIL  tests/integration/application-backend/brief-studio-imported-package.integration.test.ts [ tests/integration/application-backend/brief-studio-imported-package.integration.test.ts ]
Error: Cannot find module '/src/application-engine/services/application-engine-host-service.js' imported from '/Users/normy/autobyteus_org/autobyteus-worktrees/universal-application-framework-proposal-analysis/autobyteus-server-ts/tests/integration/application-backend/brief-studio-imported-package.integration.test.ts'
 ❯ tests/integration/application-backend/brief-studio-imported-package.integration.test.ts:23:1
     21| import { ApplicationStorageLifecycleService } from "../../../src/appli…
     22| import { ApplicationPlatformStateStore } from "../../../src/applicatio…
     23| import { ApplicationEngineHostService } from "../../../src/application…
       | ^
     24| import { ApplicationBackendApiGatewayService } from "../../../src/appl…
     25| import {

⎯⎯⎯⎯⎯⎯⎯⎯⎯⎯⎯⎯⎯⎯⎯⎯⎯⎯⎯⎯⎯⎯⎯⎯[5/9]⎯


⎯⎯⎯⎯⎯⎯⎯ Failed Tests 4 ⎯⎯⎯⎯⎯⎯⎯

 FAIL  tests/unit/application-backend-api-gateway/application-backend-websocket-session-service.test.ts > ApplicationBackendWebSocketSessionService > rejects a raw client frame before readiness instead of queueing it
TypeError: Cannot read properties of undefined (reading 'onWebSocketAction')
 ❯ new ApplicationBackendWebSocketSessionService src/application-backend-api-gateway/websockets/application-backend-websocket-session-service.ts:58:42
     56|   }) {
     57|     this.unsubscribeEngineListeners = [
     58|       this.dependencies.engineController.onWebSocketAction(
       |                                          ^
     59|         (event) => this.handleWorkerAction(event.applicationId, event.…
     60|       ),
 ❯ tests/unit/application-backend-api-gateway/application-backend-websocket-session-service.test.ts:30:21

⎯⎯⎯⎯⎯⎯⎯⎯⎯⎯⎯⎯⎯⎯⎯⎯⎯⎯⎯⎯⎯⎯⎯⎯[6/9]⎯

 FAIL  tests/unit/application-backend-api-gateway/application-backend-websocket-session-service.test.ts > ApplicationBackendWebSocketSessionService > orders the reserved READY frame before backend sends accepted during open
TypeError: Cannot read properties of undefined (reading 'onWebSocketAction')
 ❯ new ApplicationBackendWebSocketSessionService src/application-backend-api-gateway/websockets/application-backend-websocket-session-service.ts:58:42
     56|   }) {
     57|     this.unsubscribeEngineListeners = [
     58|       this.dependencies.engineController.onWebSocketAction(
       |                                          ^
     59|         (event) => this.handleWorkerAction(event.applicationId, event.…
     60|       ),
 ❯ tests/unit/application-backend-api-gateway/application-backend-websocket-session-service.test.ts:49:21

⎯⎯⎯⎯⎯⎯⎯⎯⎯⎯⎯⎯⎯⎯⎯⎯⎯⎯⎯⎯⎯⎯⎯⎯[7/9]⎯

 FAIL  tests/unit/application-backend-api-gateway/application-backend-websocket-session-service.test.ts > ApplicationBackendWebSocketSessionService > accepts the inbound queue limit and closes only the overflowing session above it
TypeError: Cannot read properties of undefined (reading 'onWebSocketAction')
 ❯ new ApplicationBackendWebSocketSessionService src/application-backend-api-gateway/websockets/application-backend-websocket-session-service.ts:58:42
     56|   }) {
     57|     this.unsubscribeEngineListeners = [
     58|       this.dependencies.engineController.onWebSocketAction(
       |                                          ^
     59|         (event) => this.handleWorkerAction(event.applicationId, event.…
     60|       ),
 ❯ tests/unit/application-backend-api-gateway/application-backend-websocket-session-service.test.ts:67:21

⎯⎯⎯⎯⎯⎯⎯⎯⎯⎯⎯⎯⎯⎯⎯⎯⎯⎯⎯⎯⎯⎯⎯⎯[8/9]⎯

 FAIL  tests/unit/application-backend-api-gateway/application-backend-websocket-session-service.test.ts > ApplicationBackendWebSocketSessionService > allows an equal socket buffer and closes above the network backpressure limit
TypeError: Cannot read properties of undefined (reading 'onWebSocketAction')
 ❯ new ApplicationBackendWebSocketSessionService src/application-backend-api-gateway/websockets/application-backend-websocket-session-service.ts:58:42
     56|   }) {
     57|     this.unsubscribeEngineListeners = [
     58|       this.dependencies.engineController.onWebSocketAction(
       |                                          ^
     59|         (event) => this.handleWorkerAction(event.applicationId, event.…
     60|       ),
 ❯ tests/unit/application-backend-api-gateway/application-backend-websocket-session-service.test.ts:90:21

⎯⎯⎯⎯⎯⎯⎯⎯⎯⎯⎯⎯⎯⎯⎯⎯⎯⎯⎯⎯⎯⎯⎯⎯[9/9]⎯


 Test Files  6 failed (6)
      Tests  4 failed (4)
   Start at  11:02:44
   Duration  6.46s (transform 1.98s, setup 33ms, import 33ms, tests 6ms, environment 0ms)

