[2026-08-06T10:36:20Z] attempt=1
Android APK Release	in_progress		31093883740	https://github.com/AutoByteus/autobyteus-workspace/actions/runs/31093883740
Desktop Release	queued		31093883616	https://github.com/AutoByteus/autobyteus-workspace/actions/runs/31093883616
Release Messaging Gateway	in_progress		31093883437	https://github.com/AutoByteus/autobyteus-workspace/actions/runs/31093883437
Server Docker Release	in_progress		31093883430	https://github.com/AutoByteus/autobyteus-workspace/actions/runs/31093883430
iOS App Store Connect Release	queued		31093883428	https://github.com/AutoByteus/autobyteus-workspace/actions/runs/31093883428
[2026-08-06T10:36:51Z] attempt=2
Android APK Release	in_progress		31093883740	https://github.com/AutoByteus/autobyteus-workspace/actions/runs/31093883740
Desktop Release	in_progress		31093883616	https://github.com/AutoByteus/autobyteus-workspace/actions/runs/31093883616
Release Messaging Gateway	in_progress		31093883437	https://github.com/AutoByteus/autobyteus-workspace/actions/runs/31093883437
Server Docker Release	in_progress		31093883430	https://github.com/AutoByteus/autobyteus-workspace/actions/runs/31093883430
iOS App Store Connect Release	in_progress		31093883428	https://github.com/AutoByteus/autobyteus-workspace/actions/runs/31093883428
[2026-08-06T10:37:22Z] attempt=3
Android APK Release	in_progress		31093883740	https://github.com/AutoByteus/autobyteus-workspace/actions/runs/31093883740
Desktop Release	in_progress		31093883616	https://github.com/AutoByteus/autobyteus-workspace/actions/runs/31093883616
Release Messaging Gateway	in_progress		31093883437	https://github.com/AutoByteus/autobyteus-workspace/actions/runs/31093883437
Server Docker Release	in_progress		31093883430	https://github.com/AutoByteus/autobyteus-workspace/actions/runs/31093883430
iOS App Store Connect Release	in_progress		31093883428	https://github.com/AutoByteus/autobyteus-workspace/actions/runs/31093883428
[2026-08-06T10:37:52Z] attempt=4
Android APK Release	in_progress		31093883740	https://github.com/AutoByteus/autobyteus-workspace/actions/runs/31093883740
Desktop Release	in_progress		31093883616	https://github.com/AutoByteus/autobyteus-workspace/actions/runs/31093883616
Release Messaging Gateway	in_progress		31093883437	https://github.com/AutoByteus/autobyteus-workspace/actions/runs/31093883437
Server Docker Release	in_progress		31093883430	https://github.com/AutoByteus/autobyteus-workspace/actions/runs/31093883430
iOS App Store Connect Release	in_progress		31093883428	https://github.com/AutoByteus/autobyteus-workspace/actions/runs/31093883428
[2026-08-06T10:38:23Z] attempt=5
Android APK Release	in_progress		31093883740	https://github.com/AutoByteus/autobyteus-workspace/actions/runs/31093883740
Desktop Release	in_progress		31093883616	https://github.com/AutoByteus/autobyteus-workspace/actions/runs/31093883616
Release Messaging Gateway	completed	success	31093883437	https://github.com/AutoByteus/autobyteus-workspace/actions/runs/31093883437
Server Docker Release	in_progress		31093883430	https://github.com/AutoByteus/autobyteus-workspace/actions/runs/31093883430
iOS App Store Connect Release	in_progress		31093883428	https://github.com/AutoByteus/autobyteus-workspace/actions/runs/31093883428
[2026-08-06T10:38:54Z] attempt=6
Android APK Release	queued		31093883740	https://github.com/AutoByteus/autobyteus-workspace/actions/runs/31093883740
Desktop Release	in_progress		31093883616	https://github.com/AutoByteus/autobyteus-workspace/actions/runs/31093883616
Release Messaging Gateway	completed	success	31093883437	https://github.com/AutoByteus/autobyteus-workspace/actions/runs/31093883437
Server Docker Release	in_progress		31093883430	https://github.com/AutoByteus/autobyteus-workspace/actions/runs/31093883430
iOS App Store Connect Release	in_progress		31093883428	https://github.com/AutoByteus/autobyteus-workspace/actions/runs/31093883428
[2026-08-06T10:39:25Z] attempt=7
Android APK Release	completed	success	31093883740	https://github.com/AutoByteus/autobyteus-workspace/actions/runs/31093883740
Desktop Release	in_progress		31093883616	https://github.com/AutoByteus/autobyteus-workspace/actions/runs/31093883616
Release Messaging Gateway	completed	success	31093883437	https://github.com/AutoByteus/autobyteus-workspace/actions/runs/31093883437
Server Docker Release	in_progress		31093883430	https://github.com/AutoByteus/autobyteus-workspace/actions/runs/31093883430
iOS App Store Connect Release	in_progress		31093883428	https://github.com/AutoByteus/autobyteus-workspace/actions/runs/31093883428
[2026-08-06T10:39:56Z] attempt=8
Android APK Release	completed	success	31093883740	https://github.com/AutoByteus/autobyteus-workspace/actions/runs/31093883740
Desktop Release	in_progress		31093883616	https://github.com/AutoByteus/autobyteus-workspace/actions/runs/31093883616
Release Messaging Gateway	completed	success	31093883437	https://github.com/AutoByteus/autobyteus-workspace/actions/runs/31093883437
Server Docker Release	in_progress		31093883430	https://github.com/AutoByteus/autobyteus-workspace/actions/runs/31093883430
iOS App Store Connect Release	in_progress		31093883428	https://github.com/AutoByteus/autobyteus-workspace/actions/runs/31093883428
[2026-08-06T10:40:27Z] attempt=9
Android APK Release	completed	success	31093883740	https://github.com/AutoByteus/autobyteus-workspace/actions/runs/31093883740
Desktop Release	in_progress		31093883616	https://github.com/AutoByteus/autobyteus-workspace/actions/runs/31093883616
Release Messaging Gateway	completed	success	31093883437	https://github.com/AutoByteus/autobyteus-workspace/actions/runs/31093883437
Server Docker Release	in_progress		31093883430	https://github.com/AutoByteus/autobyteus-workspace/actions/runs/31093883430
iOS App Store Connect Release	in_progress		31093883428	https://github.com/AutoByteus/autobyteus-workspace/actions/runs/31093883428
[2026-08-06T10:40:58Z] attempt=10
Android APK Release	completed	success	31093883740	https://github.com/AutoByteus/autobyteus-workspace/actions/runs/31093883740
Desktop Release	in_progress		31093883616	https://github.com/AutoByteus/autobyteus-workspace/actions/runs/31093883616
Release Messaging Gateway	completed	success	31093883437	https://github.com/AutoByteus/autobyteus-workspace/actions/runs/31093883437
Server Docker Release	in_progress		31093883430	https://github.com/AutoByteus/autobyteus-workspace/actions/runs/31093883430
iOS App Store Connect Release	in_progress		31093883428	https://github.com/AutoByteus/autobyteus-workspace/actions/runs/31093883428
[2026-08-06T10:41:29Z] attempt=11
Android APK Release	completed	success	31093883740	https://github.com/AutoByteus/autobyteus-workspace/actions/runs/31093883740
Desktop Release	in_progress		31093883616	https://github.com/AutoByteus/autobyteus-workspace/actions/runs/31093883616
Release Messaging Gateway	completed	success	31093883437	https://github.com/AutoByteus/autobyteus-workspace/actions/runs/31093883437
Server Docker Release	in_progress		31093883430	https://github.com/AutoByteus/autobyteus-workspace/actions/runs/31093883430
iOS App Store Connect Release	in_progress		31093883428	https://github.com/AutoByteus/autobyteus-workspace/actions/runs/31093883428
[2026-08-06T10:42:00Z] attempt=12
Android APK Release	completed	success	31093883740	https://github.com/AutoByteus/autobyteus-workspace/actions/runs/31093883740
Desktop Release	in_progress		31093883616	https://github.com/AutoByteus/autobyteus-workspace/actions/runs/31093883616
Release Messaging Gateway	completed	success	31093883437	https://github.com/AutoByteus/autobyteus-workspace/actions/runs/31093883437
Server Docker Release	in_progress		31093883430	https://github.com/AutoByteus/autobyteus-workspace/actions/runs/31093883430
iOS App Store Connect Release	in_progress		31093883428	https://github.com/AutoByteus/autobyteus-workspace/actions/runs/31093883428
[2026-08-06T10:42:31Z] attempt=13
Android APK Release	completed	success	31093883740	https://github.com/AutoByteus/autobyteus-workspace/actions/runs/31093883740
Desktop Release	in_progress		31093883616	https://github.com/AutoByteus/autobyteus-workspace/actions/runs/31093883616
Release Messaging Gateway	completed	success	31093883437	https://github.com/AutoByteus/autobyteus-workspace/actions/runs/31093883437
Server Docker Release	in_progress		31093883430	https://github.com/AutoByteus/autobyteus-workspace/actions/runs/31093883430
iOS App Store Connect Release	queued		31093883428	https://github.com/AutoByteus/autobyteus-workspace/actions/runs/31093883428
[2026-08-06T10:43:02Z] attempt=14
Android APK Release	completed	success	31093883740	https://github.com/AutoByteus/autobyteus-workspace/actions/runs/31093883740
Desktop Release	in_progress		31093883616	https://github.com/AutoByteus/autobyteus-workspace/actions/runs/31093883616
Release Messaging Gateway	completed	success	31093883437	https://github.com/AutoByteus/autobyteus-workspace/actions/runs/31093883437
Server Docker Release	in_progress		31093883430	https://github.com/AutoByteus/autobyteus-workspace/actions/runs/31093883430
iOS App Store Connect Release	in_progress		31093883428	https://github.com/AutoByteus/autobyteus-workspace/actions/runs/31093883428
[2026-08-06T10:43:33Z] attempt=15
Android APK Release	completed	success	31093883740	https://github.com/AutoByteus/autobyteus-workspace/actions/runs/31093883740
Desktop Release	in_progress		31093883616	https://github.com/AutoByteus/autobyteus-workspace/actions/runs/31093883616
Release Messaging Gateway	completed	success	31093883437	https://github.com/AutoByteus/autobyteus-workspace/actions/runs/31093883437
Server Docker Release	in_progress		31093883430	https://github.com/AutoByteus/autobyteus-workspace/actions/runs/31093883430
iOS App Store Connect Release	in_progress		31093883428	https://github.com/AutoByteus/autobyteus-workspace/actions/runs/31093883428
[2026-08-06T10:44:04Z] attempt=16
Android APK Release	completed	success	31093883740	https://github.com/AutoByteus/autobyteus-workspace/actions/runs/31093883740
Desktop Release	in_progress		31093883616	https://github.com/AutoByteus/autobyteus-workspace/actions/runs/31093883616
Release Messaging Gateway	completed	success	31093883437	https://github.com/AutoByteus/autobyteus-workspace/actions/runs/31093883437
Server Docker Release	in_progress		31093883430	https://github.com/AutoByteus/autobyteus-workspace/actions/runs/31093883430
iOS App Store Connect Release	in_progress		31093883428	https://github.com/AutoByteus/autobyteus-workspace/actions/runs/31093883428
[2026-08-06T10:44:35Z] attempt=17
Android APK Release	completed	success	31093883740	https://github.com/AutoByteus/autobyteus-workspace/actions/runs/31093883740
Desktop Release	in_progress		31093883616	https://github.com/AutoByteus/autobyteus-workspace/actions/runs/31093883616
Release Messaging Gateway	completed	success	31093883437	https://github.com/AutoByteus/autobyteus-workspace/actions/runs/31093883437
Server Docker Release	in_progress		31093883430	https://github.com/AutoByteus/autobyteus-workspace/actions/runs/31093883430
iOS App Store Connect Release	completed	success	31093883428	https://github.com/AutoByteus/autobyteus-workspace/actions/runs/31093883428
[2026-08-06T10:45:05Z] attempt=18
Android APK Release	completed	success	31093883740	https://github.com/AutoByteus/autobyteus-workspace/actions/runs/31093883740
Desktop Release	in_progress		31093883616	https://github.com/AutoByteus/autobyteus-workspace/actions/runs/31093883616
Release Messaging Gateway	completed	success	31093883437	https://github.com/AutoByteus/autobyteus-workspace/actions/runs/31093883437
Server Docker Release	in_progress		31093883430	https://github.com/AutoByteus/autobyteus-workspace/actions/runs/31093883430
iOS App Store Connect Release	completed	success	31093883428	https://github.com/AutoByteus/autobyteus-workspace/actions/runs/31093883428
[2026-08-06T10:45:37Z] attempt=19
Android APK Release	completed	success	31093883740	https://github.com/AutoByteus/autobyteus-workspace/actions/runs/31093883740
Desktop Release	in_progress		31093883616	https://github.com/AutoByteus/autobyteus-workspace/actions/runs/31093883616
Release Messaging Gateway	completed	success	31093883437	https://github.com/AutoByteus/autobyteus-workspace/actions/runs/31093883437
Server Docker Release	in_progress		31093883430	https://github.com/AutoByteus/autobyteus-workspace/actions/runs/31093883430
iOS App Store Connect Release	completed	success	31093883428	https://github.com/AutoByteus/autobyteus-workspace/actions/runs/31093883428
[2026-08-06T10:46:07Z] attempt=20
Android APK Release	completed	success	31093883740	https://github.com/AutoByteus/autobyteus-workspace/actions/runs/31093883740
Desktop Release	in_progress		31093883616	https://github.com/AutoByteus/autobyteus-workspace/actions/runs/31093883616
Release Messaging Gateway	completed	success	31093883437	https://github.com/AutoByteus/autobyteus-workspace/actions/runs/31093883437
Server Docker Release	in_progress		31093883430	https://github.com/AutoByteus/autobyteus-workspace/actions/runs/31093883430
iOS App Store Connect Release	completed	success	31093883428	https://github.com/AutoByteus/autobyteus-workspace/actions/runs/31093883428
[2026-08-06T10:46:38Z] attempt=21
Android APK Release	completed	success	31093883740	https://github.com/AutoByteus/autobyteus-workspace/actions/runs/31093883740
Desktop Release	in_progress		31093883616	https://github.com/AutoByteus/autobyteus-workspace/actions/runs/31093883616
Release Messaging Gateway	completed	success	31093883437	https://github.com/AutoByteus/autobyteus-workspace/actions/runs/31093883437
Server Docker Release	in_progress		31093883430	https://github.com/AutoByteus/autobyteus-workspace/actions/runs/31093883430
iOS App Store Connect Release	completed	success	31093883428	https://github.com/AutoByteus/autobyteus-workspace/actions/runs/31093883428
[2026-08-06T10:47:09Z] attempt=22
Android APK Release	completed	success	31093883740	https://github.com/AutoByteus/autobyteus-workspace/actions/runs/31093883740
Desktop Release	in_progress		31093883616	https://github.com/AutoByteus/autobyteus-workspace/actions/runs/31093883616
Release Messaging Gateway	completed	success	31093883437	https://github.com/AutoByteus/autobyteus-workspace/actions/runs/31093883437
Server Docker Release	in_progress		31093883430	https://github.com/AutoByteus/autobyteus-workspace/actions/runs/31093883430
iOS App Store Connect Release	completed	success	31093883428	https://github.com/AutoByteus/autobyteus-workspace/actions/runs/31093883428
[2026-08-06T10:47:40Z] attempt=23
Android APK Release	completed	success	31093883740	https://github.com/AutoByteus/autobyteus-workspace/actions/runs/31093883740
Desktop Release	in_progress		31093883616	https://github.com/AutoByteus/autobyteus-workspace/actions/runs/31093883616
Release Messaging Gateway	completed	success	31093883437	https://github.com/AutoByteus/autobyteus-workspace/actions/runs/31093883437
Server Docker Release	in_progress		31093883430	https://github.com/AutoByteus/autobyteus-workspace/actions/runs/31093883430
iOS App Store Connect Release	completed	success	31093883428	https://github.com/AutoByteus/autobyteus-workspace/actions/runs/31093883428
[2026-08-06T10:48:11Z] attempt=24
Android APK Release	completed	success	31093883740	https://github.com/AutoByteus/autobyteus-workspace/actions/runs/31093883740
Desktop Release	in_progress		31093883616	https://github.com/AutoByteus/autobyteus-workspace/actions/runs/31093883616
Release Messaging Gateway	completed	success	31093883437	https://github.com/AutoByteus/autobyteus-workspace/actions/runs/31093883437
Server Docker Release	in_progress		31093883430	https://github.com/AutoByteus/autobyteus-workspace/actions/runs/31093883430
iOS App Store Connect Release	completed	success	31093883428	https://github.com/AutoByteus/autobyteus-workspace/actions/runs/31093883428
[2026-08-06T10:48:42Z] attempt=25
Android APK Release	completed	success	31093883740	https://github.com/AutoByteus/autobyteus-workspace/actions/runs/31093883740
Desktop Release	in_progress		31093883616	https://github.com/AutoByteus/autobyteus-workspace/actions/runs/31093883616
Release Messaging Gateway	completed	success	31093883437	https://github.com/AutoByteus/autobyteus-workspace/actions/runs/31093883437
Server Docker Release	in_progress		31093883430	https://github.com/AutoByteus/autobyteus-workspace/actions/runs/31093883430
iOS App Store Connect Release	completed	success	31093883428	https://github.com/AutoByteus/autobyteus-workspace/actions/runs/31093883428
[2026-08-06T10:49:13Z] attempt=26
Android APK Release	completed	success	31093883740	https://github.com/AutoByteus/autobyteus-workspace/actions/runs/31093883740
Desktop Release	in_progress		31093883616	https://github.com/AutoByteus/autobyteus-workspace/actions/runs/31093883616
Release Messaging Gateway	completed	success	31093883437	https://github.com/AutoByteus/autobyteus-workspace/actions/runs/31093883437
Server Docker Release	in_progress		31093883430	https://github.com/AutoByteus/autobyteus-workspace/actions/runs/31093883430
iOS App Store Connect Release	completed	success	31093883428	https://github.com/AutoByteus/autobyteus-workspace/actions/runs/31093883428
[2026-08-06T10:49:45Z] attempt=27
Android APK Release	completed	success	31093883740	https://github.com/AutoByteus/autobyteus-workspace/actions/runs/31093883740
Desktop Release	in_progress		31093883616	https://github.com/AutoByteus/autobyteus-workspace/actions/runs/31093883616
Release Messaging Gateway	completed	success	31093883437	https://github.com/AutoByteus/autobyteus-workspace/actions/runs/31093883437
Server Docker Release	in_progress		31093883430	https://github.com/AutoByteus/autobyteus-workspace/actions/runs/31093883430
iOS App Store Connect Release	completed	success	31093883428	https://github.com/AutoByteus/autobyteus-workspace/actions/runs/31093883428
[2026-08-06T10:50:16Z] attempt=28
Android APK Release	completed	success	31093883740	https://github.com/AutoByteus/autobyteus-workspace/actions/runs/31093883740
Desktop Release	in_progress		31093883616	https://github.com/AutoByteus/autobyteus-workspace/actions/runs/31093883616
Release Messaging Gateway	completed	success	31093883437	https://github.com/AutoByteus/autobyteus-workspace/actions/runs/31093883437
Server Docker Release	in_progress		31093883430	https://github.com/AutoByteus/autobyteus-workspace/actions/runs/31093883430
iOS App Store Connect Release	completed	success	31093883428	https://github.com/AutoByteus/autobyteus-workspace/actions/runs/31093883428
[2026-08-06T10:50:47Z] attempt=29
Android APK Release	completed	success	31093883740	https://github.com/AutoByteus/autobyteus-workspace/actions/runs/31093883740
Desktop Release	in_progress		31093883616	https://github.com/AutoByteus/autobyteus-workspace/actions/runs/31093883616
Release Messaging Gateway	completed	success	31093883437	https://github.com/AutoByteus/autobyteus-workspace/actions/runs/31093883437
Server Docker Release	in_progress		31093883430	https://github.com/AutoByteus/autobyteus-workspace/actions/runs/31093883430
iOS App Store Connect Release	completed	success	31093883428	https://github.com/AutoByteus/autobyteus-workspace/actions/runs/31093883428
[2026-08-06T10:51:17Z] attempt=30
Android APK Release	completed	success	31093883740	https://github.com/AutoByteus/autobyteus-workspace/actions/runs/31093883740
Desktop Release	completed	success	31093883616	https://github.com/AutoByteus/autobyteus-workspace/actions/runs/31093883616
Release Messaging Gateway	completed	success	31093883437	https://github.com/AutoByteus/autobyteus-workspace/actions/runs/31093883437
Server Docker Release	in_progress		31093883430	https://github.com/AutoByteus/autobyteus-workspace/actions/runs/31093883430
iOS App Store Connect Release	completed	success	31093883428	https://github.com/AutoByteus/autobyteus-workspace/actions/runs/31093883428
[2026-08-06T10:51:48Z] attempt=31
Android APK Release	completed	success	31093883740	https://github.com/AutoByteus/autobyteus-workspace/actions/runs/31093883740
Desktop Release	completed	success	31093883616	https://github.com/AutoByteus/autobyteus-workspace/actions/runs/31093883616
Release Messaging Gateway	completed	success	31093883437	https://github.com/AutoByteus/autobyteus-workspace/actions/runs/31093883437
Server Docker Release	in_progress		31093883430	https://github.com/AutoByteus/autobyteus-workspace/actions/runs/31093883430
iOS App Store Connect Release	completed	success	31093883428	https://github.com/AutoByteus/autobyteus-workspace/actions/runs/31093883428
[2026-08-06T10:52:19Z] attempt=32
Android APK Release	completed	success	31093883740	https://github.com/AutoByteus/autobyteus-workspace/actions/runs/31093883740
Desktop Release	completed	success	31093883616	https://github.com/AutoByteus/autobyteus-workspace/actions/runs/31093883616
Release Messaging Gateway	completed	success	31093883437	https://github.com/AutoByteus/autobyteus-workspace/actions/runs/31093883437
Server Docker Release	in_progress		31093883430	https://github.com/AutoByteus/autobyteus-workspace/actions/runs/31093883430
iOS App Store Connect Release	completed	success	31093883428	https://github.com/AutoByteus/autobyteus-workspace/actions/runs/31093883428
[2026-08-06T10:52:50Z] attempt=33
Android APK Release	completed	success	31093883740	https://github.com/AutoByteus/autobyteus-workspace/actions/runs/31093883740
Desktop Release	completed	success	31093883616	https://github.com/AutoByteus/autobyteus-workspace/actions/runs/31093883616
Release Messaging Gateway	completed	success	31093883437	https://github.com/AutoByteus/autobyteus-workspace/actions/runs/31093883437
Server Docker Release	in_progress		31093883430	https://github.com/AutoByteus/autobyteus-workspace/actions/runs/31093883430
iOS App Store Connect Release	completed	success	31093883428	https://github.com/AutoByteus/autobyteus-workspace/actions/runs/31093883428
[2026-08-06T10:53:21Z] attempt=34
Android APK Release	completed	success	31093883740	https://github.com/AutoByteus/autobyteus-workspace/actions/runs/31093883740
Desktop Release	completed	success	31093883616	https://github.com/AutoByteus/autobyteus-workspace/actions/runs/31093883616
Release Messaging Gateway	completed	success	31093883437	https://github.com/AutoByteus/autobyteus-workspace/actions/runs/31093883437
Server Docker Release	in_progress		31093883430	https://github.com/AutoByteus/autobyteus-workspace/actions/runs/31093883430
iOS App Store Connect Release	completed	success	31093883428	https://github.com/AutoByteus/autobyteus-workspace/actions/runs/31093883428
[2026-08-06T10:53:52Z] attempt=35
Android APK Release	completed	success	31093883740	https://github.com/AutoByteus/autobyteus-workspace/actions/runs/31093883740
Desktop Release	completed	success	31093883616	https://github.com/AutoByteus/autobyteus-workspace/actions/runs/31093883616
Release Messaging Gateway	completed	success	31093883437	https://github.com/AutoByteus/autobyteus-workspace/actions/runs/31093883437
Server Docker Release	in_progress		31093883430	https://github.com/AutoByteus/autobyteus-workspace/actions/runs/31093883430
iOS App Store Connect Release	completed	success	31093883428	https://github.com/AutoByteus/autobyteus-workspace/actions/runs/31093883428
[2026-08-06T10:54:23Z] attempt=36
Android APK Release	completed	success	31093883740	https://github.com/AutoByteus/autobyteus-workspace/actions/runs/31093883740
Desktop Release	completed	success	31093883616	https://github.com/AutoByteus/autobyteus-workspace/actions/runs/31093883616
Release Messaging Gateway	completed	success	31093883437	https://github.com/AutoByteus/autobyteus-workspace/actions/runs/31093883437
Server Docker Release	in_progress		31093883430	https://github.com/AutoByteus/autobyteus-workspace/actions/runs/31093883430
iOS App Store Connect Release	completed	success	31093883428	https://github.com/AutoByteus/autobyteus-workspace/actions/runs/31093883428
[2026-08-06T10:54:54Z] attempt=37
Android APK Release	completed	success	31093883740	https://github.com/AutoByteus/autobyteus-workspace/actions/runs/31093883740
Desktop Release	completed	success	31093883616	https://github.com/AutoByteus/autobyteus-workspace/actions/runs/31093883616
Release Messaging Gateway	completed	success	31093883437	https://github.com/AutoByteus/autobyteus-workspace/actions/runs/31093883437
Server Docker Release	in_progress		31093883430	https://github.com/AutoByteus/autobyteus-workspace/actions/runs/31093883430
iOS App Store Connect Release	completed	success	31093883428	https://github.com/AutoByteus/autobyteus-workspace/actions/runs/31093883428
[2026-08-06T10:55:25Z] attempt=38
Android APK Release	completed	success	31093883740	https://github.com/AutoByteus/autobyteus-workspace/actions/runs/31093883740
Desktop Release	completed	success	31093883616	https://github.com/AutoByteus/autobyteus-workspace/actions/runs/31093883616
Release Messaging Gateway	completed	success	31093883437	https://github.com/AutoByteus/autobyteus-workspace/actions/runs/31093883437
Server Docker Release	in_progress		31093883430	https://github.com/AutoByteus/autobyteus-workspace/actions/runs/31093883430
iOS App Store Connect Release	completed	success	31093883428	https://github.com/AutoByteus/autobyteus-workspace/actions/runs/31093883428
[2026-08-06T10:55:56Z] attempt=39
Android APK Release	completed	success	31093883740	https://github.com/AutoByteus/autobyteus-workspace/actions/runs/31093883740
Desktop Release	completed	success	31093883616	https://github.com/AutoByteus/autobyteus-workspace/actions/runs/31093883616
Release Messaging Gateway	completed	success	31093883437	https://github.com/AutoByteus/autobyteus-workspace/actions/runs/31093883437
Server Docker Release	in_progress		31093883430	https://github.com/AutoByteus/autobyteus-workspace/actions/runs/31093883430
iOS App Store Connect Release	completed	success	31093883428	https://github.com/AutoByteus/autobyteus-workspace/actions/runs/31093883428
[2026-08-06T10:56:27Z] attempt=40
Android APK Release	completed	success	31093883740	https://github.com/AutoByteus/autobyteus-workspace/actions/runs/31093883740
Desktop Release	completed	success	31093883616	https://github.com/AutoByteus/autobyteus-workspace/actions/runs/31093883616
Release Messaging Gateway	completed	success	31093883437	https://github.com/AutoByteus/autobyteus-workspace/actions/runs/31093883437
Server Docker Release	in_progress		31093883430	https://github.com/AutoByteus/autobyteus-workspace/actions/runs/31093883430
iOS App Store Connect Release	completed	success	31093883428	https://github.com/AutoByteus/autobyteus-workspace/actions/runs/31093883428
[2026-08-06T10:56:57Z] attempt=41
Android APK Release	completed	success	31093883740	https://github.com/AutoByteus/autobyteus-workspace/actions/runs/31093883740
Desktop Release	completed	success	31093883616	https://github.com/AutoByteus/autobyteus-workspace/actions/runs/31093883616
Release Messaging Gateway	completed	success	31093883437	https://github.com/AutoByteus/autobyteus-workspace/actions/runs/31093883437
Server Docker Release	in_progress		31093883430	https://github.com/AutoByteus/autobyteus-workspace/actions/runs/31093883430
iOS App Store Connect Release	completed	success	31093883428	https://github.com/AutoByteus/autobyteus-workspace/actions/runs/31093883428
[2026-08-06T10:57:28Z] attempt=42
Android APK Release	completed	success	31093883740	https://github.com/AutoByteus/autobyteus-workspace/actions/runs/31093883740
Desktop Release	completed	success	31093883616	https://github.com/AutoByteus/autobyteus-workspace/actions/runs/31093883616
Release Messaging Gateway	completed	success	31093883437	https://github.com/AutoByteus/autobyteus-workspace/actions/runs/31093883437
Server Docker Release	in_progress		31093883430	https://github.com/AutoByteus/autobyteus-workspace/actions/runs/31093883430
iOS App Store Connect Release	completed	success	31093883428	https://github.com/AutoByteus/autobyteus-workspace/actions/runs/31093883428
[2026-08-06T10:57:59Z] attempt=43
Android APK Release	completed	success	31093883740	https://github.com/AutoByteus/autobyteus-workspace/actions/runs/31093883740
Desktop Release	completed	success	31093883616	https://github.com/AutoByteus/autobyteus-workspace/actions/runs/31093883616
Release Messaging Gateway	completed	success	31093883437	https://github.com/AutoByteus/autobyteus-workspace/actions/runs/31093883437
Server Docker Release	in_progress		31093883430	https://github.com/AutoByteus/autobyteus-workspace/actions/runs/31093883430
iOS App Store Connect Release	completed	success	31093883428	https://github.com/AutoByteus/autobyteus-workspace/actions/runs/31093883428
[2026-08-06T10:58:30Z] attempt=44
Android APK Release	completed	success	31093883740	https://github.com/AutoByteus/autobyteus-workspace/actions/runs/31093883740
Desktop Release	completed	success	31093883616	https://github.com/AutoByteus/autobyteus-workspace/actions/runs/31093883616
Release Messaging Gateway	completed	success	31093883437	https://github.com/AutoByteus/autobyteus-workspace/actions/runs/31093883437
Server Docker Release	in_progress		31093883430	https://github.com/AutoByteus/autobyteus-workspace/actions/runs/31093883430
iOS App Store Connect Release	completed	success	31093883428	https://github.com/AutoByteus/autobyteus-workspace/actions/runs/31093883428
[2026-08-06T10:59:01Z] attempt=45
Android APK Release	completed	success	31093883740	https://github.com/AutoByteus/autobyteus-workspace/actions/runs/31093883740
Desktop Release	completed	success	31093883616	https://github.com/AutoByteus/autobyteus-workspace/actions/runs/31093883616
Release Messaging Gateway	completed	success	31093883437	https://github.com/AutoByteus/autobyteus-workspace/actions/runs/31093883437
Server Docker Release	in_progress		31093883430	https://github.com/AutoByteus/autobyteus-workspace/actions/runs/31093883430
iOS App Store Connect Release	completed	success	31093883428	https://github.com/AutoByteus/autobyteus-workspace/actions/runs/31093883428
[2026-08-06T10:59:32Z] attempt=46
Android APK Release	completed	success	31093883740	https://github.com/AutoByteus/autobyteus-workspace/actions/runs/31093883740
Desktop Release	completed	success	31093883616	https://github.com/AutoByteus/autobyteus-workspace/actions/runs/31093883616
Release Messaging Gateway	completed	success	31093883437	https://github.com/AutoByteus/autobyteus-workspace/actions/runs/31093883437
Server Docker Release	in_progress		31093883430	https://github.com/AutoByteus/autobyteus-workspace/actions/runs/31093883430
iOS App Store Connect Release	completed	success	31093883428	https://github.com/AutoByteus/autobyteus-workspace/actions/runs/31093883428
[2026-08-06T11:00:03Z] attempt=47
Android APK Release	completed	success	31093883740	https://github.com/AutoByteus/autobyteus-workspace/actions/runs/31093883740
Desktop Release	completed	success	31093883616	https://github.com/AutoByteus/autobyteus-workspace/actions/runs/31093883616
Release Messaging Gateway	completed	success	31093883437	https://github.com/AutoByteus/autobyteus-workspace/actions/runs/31093883437
Server Docker Release	in_progress		31093883430	https://github.com/AutoByteus/autobyteus-workspace/actions/runs/31093883430
iOS App Store Connect Release	completed	success	31093883428	https://github.com/AutoByteus/autobyteus-workspace/actions/runs/31093883428
[2026-08-06T11:00:34Z] attempt=48
Android APK Release	completed	success	31093883740	https://github.com/AutoByteus/autobyteus-workspace/actions/runs/31093883740
Desktop Release	completed	success	31093883616	https://github.com/AutoByteus/autobyteus-workspace/actions/runs/31093883616
Release Messaging Gateway	completed	success	31093883437	https://github.com/AutoByteus/autobyteus-workspace/actions/runs/31093883437
Server Docker Release	in_progress		31093883430	https://github.com/AutoByteus/autobyteus-workspace/actions/runs/31093883430
iOS App Store Connect Release	completed	success	31093883428	https://github.com/AutoByteus/autobyteus-workspace/actions/runs/31093883428
[2026-08-06T11:01:05Z] attempt=49
Android APK Release	completed	success	31093883740	https://github.com/AutoByteus/autobyteus-workspace/actions/runs/31093883740
Desktop Release	completed	success	31093883616	https://github.com/AutoByteus/autobyteus-workspace/actions/runs/31093883616
Release Messaging Gateway	completed	success	31093883437	https://github.com/AutoByteus/autobyteus-workspace/actions/runs/31093883437
Server Docker Release	in_progress		31093883430	https://github.com/AutoByteus/autobyteus-workspace/actions/runs/31093883430
iOS App Store Connect Release	completed	success	31093883428	https://github.com/AutoByteus/autobyteus-workspace/actions/runs/31093883428
[2026-08-06T11:01:36Z] attempt=50
Android APK Release	completed	success	31093883740	https://github.com/AutoByteus/autobyteus-workspace/actions/runs/31093883740
Desktop Release	completed	success	31093883616	https://github.com/AutoByteus/autobyteus-workspace/actions/runs/31093883616
Release Messaging Gateway	completed	success	31093883437	https://github.com/AutoByteus/autobyteus-workspace/actions/runs/31093883437
Server Docker Release	in_progress		31093883430	https://github.com/AutoByteus/autobyteus-workspace/actions/runs/31093883430
iOS App Store Connect Release	completed	success	31093883428	https://github.com/AutoByteus/autobyteus-workspace/actions/runs/31093883428
[2026-08-06T11:02:07Z] attempt=51
Android APK Release	completed	success	31093883740	https://github.com/AutoByteus/autobyteus-workspace/actions/runs/31093883740
Desktop Release	completed	success	31093883616	https://github.com/AutoByteus/autobyteus-workspace/actions/runs/31093883616
Release Messaging Gateway	completed	success	31093883437	https://github.com/AutoByteus/autobyteus-workspace/actions/runs/31093883437
Server Docker Release	in_progress		31093883430	https://github.com/AutoByteus/autobyteus-workspace/actions/runs/31093883430
iOS App Store Connect Release	completed	success	31093883428	https://github.com/AutoByteus/autobyteus-workspace/actions/runs/31093883428
[2026-08-06T11:02:38Z] attempt=52
Android APK Release	completed	success	31093883740	https://github.com/AutoByteus/autobyteus-workspace/actions/runs/31093883740
Desktop Release	completed	success	31093883616	https://github.com/AutoByteus/autobyteus-workspace/actions/runs/31093883616
Release Messaging Gateway	completed	success	31093883437	https://github.com/AutoByteus/autobyteus-workspace/actions/runs/31093883437
Server Docker Release	in_progress		31093883430	https://github.com/AutoByteus/autobyteus-workspace/actions/runs/31093883430
iOS App Store Connect Release	completed	success	31093883428	https://github.com/AutoByteus/autobyteus-workspace/actions/runs/31093883428
[2026-08-06T11:03:09Z] attempt=53
Android APK Release	completed	success	31093883740	https://github.com/AutoByteus/autobyteus-workspace/actions/runs/31093883740
Desktop Release	completed	success	31093883616	https://github.com/AutoByteus/autobyteus-workspace/actions/runs/31093883616
Release Messaging Gateway	completed	success	31093883437	https://github.com/AutoByteus/autobyteus-workspace/actions/runs/31093883437
Server Docker Release	in_progress		31093883430	https://github.com/AutoByteus/autobyteus-workspace/actions/runs/31093883430
iOS App Store Connect Release	completed	success	31093883428	https://github.com/AutoByteus/autobyteus-workspace/actions/runs/31093883428
[2026-08-06T11:03:40Z] attempt=54
Android APK Release	completed	success	31093883740	https://github.com/AutoByteus/autobyteus-workspace/actions/runs/31093883740
Desktop Release	completed	success	31093883616	https://github.com/AutoByteus/autobyteus-workspace/actions/runs/31093883616
Release Messaging Gateway	completed	success	31093883437	https://github.com/AutoByteus/autobyteus-workspace/actions/runs/31093883437
Server Docker Release	in_progress		31093883430	https://github.com/AutoByteus/autobyteus-workspace/actions/runs/31093883430
iOS App Store Connect Release	completed	success	31093883428	https://github.com/AutoByteus/autobyteus-workspace/actions/runs/31093883428
[2026-08-06T11:04:11Z] attempt=55
Android APK Release	completed	success	31093883740	https://github.com/AutoByteus/autobyteus-workspace/actions/runs/31093883740
Desktop Release	completed	success	31093883616	https://github.com/AutoByteus/autobyteus-workspace/actions/runs/31093883616
Release Messaging Gateway	completed	success	31093883437	https://github.com/AutoByteus/autobyteus-workspace/actions/runs/31093883437
Server Docker Release	in_progress		31093883430	https://github.com/AutoByteus/autobyteus-workspace/actions/runs/31093883430
iOS App Store Connect Release	completed	success	31093883428	https://github.com/AutoByteus/autobyteus-workspace/actions/runs/31093883428
[2026-08-06T11:04:42Z] attempt=56
Android APK Release	completed	success	31093883740	https://github.com/AutoByteus/autobyteus-workspace/actions/runs/31093883740
Desktop Release	completed	success	31093883616	https://github.com/AutoByteus/autobyteus-workspace/actions/runs/31093883616
Release Messaging Gateway	completed	success	31093883437	https://github.com/AutoByteus/autobyteus-workspace/actions/runs/31093883437
Server Docker Release	in_progress		31093883430	https://github.com/AutoByteus/autobyteus-workspace/actions/runs/31093883430
iOS App Store Connect Release	completed	success	31093883428	https://github.com/AutoByteus/autobyteus-workspace/actions/runs/31093883428
[2026-08-06T11:05:12Z] attempt=57
Android APK Release	completed	success	31093883740	https://github.com/AutoByteus/autobyteus-workspace/actions/runs/31093883740
Desktop Release	completed	success	31093883616	https://github.com/AutoByteus/autobyteus-workspace/actions/runs/31093883616
Release Messaging Gateway	completed	success	31093883437	https://github.com/AutoByteus/autobyteus-workspace/actions/runs/31093883437
Server Docker Release	in_progress		31093883430	https://github.com/AutoByteus/autobyteus-workspace/actions/runs/31093883430
iOS App Store Connect Release	completed	success	31093883428	https://github.com/AutoByteus/autobyteus-workspace/actions/runs/31093883428
[2026-08-06T11:05:43Z] attempt=58
Android APK Release	completed	success	31093883740	https://github.com/AutoByteus/autobyteus-workspace/actions/runs/31093883740
Desktop Release	completed	success	31093883616	https://github.com/AutoByteus/autobyteus-workspace/actions/runs/31093883616
Release Messaging Gateway	completed	success	31093883437	https://github.com/AutoByteus/autobyteus-workspace/actions/runs/31093883437
Server Docker Release	in_progress		31093883430	https://github.com/AutoByteus/autobyteus-workspace/actions/runs/31093883430
iOS App Store Connect Release	completed	success	31093883428	https://github.com/AutoByteus/autobyteus-workspace/actions/runs/31093883428
[2026-08-06T11:06:14Z] attempt=59
Android APK Release	completed	success	31093883740	https://github.com/AutoByteus/autobyteus-workspace/actions/runs/31093883740
Desktop Release	completed	success	31093883616	https://github.com/AutoByteus/autobyteus-workspace/actions/runs/31093883616
Release Messaging Gateway	completed	success	31093883437	https://github.com/AutoByteus/autobyteus-workspace/actions/runs/31093883437
Server Docker Release	in_progress		31093883430	https://github.com/AutoByteus/autobyteus-workspace/actions/runs/31093883430
iOS App Store Connect Release	completed	success	31093883428	https://github.com/AutoByteus/autobyteus-workspace/actions/runs/31093883428
[2026-08-06T11:06:45Z] attempt=60
Android APK Release	completed	success	31093883740	https://github.com/AutoByteus/autobyteus-workspace/actions/runs/31093883740
Desktop Release	completed	success	31093883616	https://github.com/AutoByteus/autobyteus-workspace/actions/runs/31093883616
Release Messaging Gateway	completed	success	31093883437	https://github.com/AutoByteus/autobyteus-workspace/actions/runs/31093883437
Server Docker Release	in_progress		31093883430	https://github.com/AutoByteus/autobyteus-workspace/actions/runs/31093883430
iOS App Store Connect Release	completed	success	31093883428	https://github.com/AutoByteus/autobyteus-workspace/actions/runs/31093883428
[2026-08-06T11:07:16Z] attempt=61
Android APK Release	completed	success	31093883740	https://github.com/AutoByteus/autobyteus-workspace/actions/runs/31093883740
Desktop Release	completed	success	31093883616	https://github.com/AutoByteus/autobyteus-workspace/actions/runs/31093883616
Release Messaging Gateway	completed	success	31093883437	https://github.com/AutoByteus/autobyteus-workspace/actions/runs/31093883437
Server Docker Release	in_progress		31093883430	https://github.com/AutoByteus/autobyteus-workspace/actions/runs/31093883430
iOS App Store Connect Release	completed	success	31093883428	https://github.com/AutoByteus/autobyteus-workspace/actions/runs/31093883428
[2026-08-06T11:07:47Z] attempt=62
Android APK Release	completed	success	31093883740	https://github.com/AutoByteus/autobyteus-workspace/actions/runs/31093883740
Desktop Release	completed	success	31093883616	https://github.com/AutoByteus/autobyteus-workspace/actions/runs/31093883616
Release Messaging Gateway	completed	success	31093883437	https://github.com/AutoByteus/autobyteus-workspace/actions/runs/31093883437
Server Docker Release	completed	success	31093883430	https://github.com/AutoByteus/autobyteus-workspace/actions/runs/31093883430
iOS App Store Connect Release	completed	success	31093883428	https://github.com/AutoByteus/autobyteus-workspace/actions/runs/31093883428
all_release_workflows_completed=true
