Backend repository-prisma adoption delivery integration checks
timestamp: 2026-07-28T11:11:57Z
integrated HEAD: 97c5c3e42d57fa740c15d602904759312b43e653
origin/personal: 7d3a34250d592aa3440f1da79cb627ef51210126
+ pnpm -C autobyteus-server-ts prepare:shared

> autobyteus-server-ts@0.1.1 prepare:shared /Users/normy/autobyteus_org/autobyteus-worktrees/prisma-repository-adoption-token-stats-secret-store/autobyteus-server-ts
> pnpm -C .. --filter autobyteus-ts --filter @autobyteus/application-sdk-contracts --filter @autobyteus/application-backend-sdk build

Scope: 3 of 11 workspace projects
autobyteus-application-sdk-contracts build$ tsc -p tsconfig.build.json
autobyteus-ts build$ node ./scripts/clean-dist.mjs && tsc -p tsconfig.build.json && node ./scripts/verify-runtime-dependencies.mjs
autobyteus-application-sdk-contracts build: Done
autobyteus-ts build: [verify:runtime-deps] OK
autobyteus-ts build: Done
autobyteus-application-backend-sdk build$ tsc -p tsconfig.build.json
autobyteus-application-backend-sdk build: Done
+ pnpm -C autobyteus-server-ts exec tsc -p tsconfig.build.json --noEmit
+ pnpm -C autobyteus-server-ts exec vitest run tests/unit/agent-execution/events/token-usage-event-persistence-processor-lifecycle.test.ts tests/unit/agent-execution/events/default-agent-run-event-pipeline-lifecycle.test.ts tests/integration/token-usage/providers/default-agent-run-event-pipeline-lifecycle.integration.test.ts tests/unit/secret-management/secret-vault-lifecycle.test.ts tests/e2e/secret-management/secret-vault-independent-process-initialization.e2e.test.ts --no-watch

 RUN  v4.0.18 /Users/normy/autobyteus_org/autobyteus-worktrees/prisma-repository-adoption-token-stats-secret-store/autobyteus-server-ts

Prisma schema loaded from prisma/schema.prisma
Datasource "db": SQLite database "autobyteus-server-test.db" at "file:/Users/normy/autobyteus_org/autobyteus-worktrees/prisma-repository-adoption-token-stats-secret-store/autobyteus-server-ts/tests/.tmp/autobyteus-server-test.db"

Applying migration `20260203074245_init`
Applying migration `20260208094000_add_external_channel_tables`
Applying migration `20260209174500_add_channel_message_receipt_turn_id`
Applying migration `20260209213000_remove_agent_conversation_tables`
Applying migration `20260210101500_add_agent_avatar`
Applying migration `20260210192000_add_agent_team_avatar`
Applying migration `20260211214500_add_sync_columns_and_tombstones`
Applying migration `20260212070000_remove_workflow_definition`
Applying migration `20260309103000_add_channel_binding_launch_preset`
Applying migration `20260310153000_add_channel_binding_team_definition_id`
Applying migration `20260331102000_remove_channel_bindings_table`
Applying migration `20260331130000_receipt_lifecycle_and_remove_channel_idempotency`
Applying migration `20260517090000_add_app_data_migration_records`
Applying migration `20260624090000_add_token_usage_ledger_events`
Applying migration `20260625193000_token_usage_component_pricing_explainability`
Applying migration `20260629120000_add_token_usage_display_fields`
Applying migration `20260702093000_token_usage_execution_address`
Applying migration `20260726090000_add_secret_vault`

Database reset successful

The following migration(s) have been applied:

migrations/
  └─ 20260203074245_init/
    └─ migration.sql
  └─ 20260208094000_add_external_channel_tables/
    └─ migration.sql
  └─ 20260209174500_add_channel_message_receipt_turn_id/
    └─ migration.sql
  └─ 20260209213000_remove_agent_conversation_tables/
    └─ migration.sql
  └─ 20260210101500_add_agent_avatar/
    └─ migration.sql
  └─ 20260210192000_add_agent_team_avatar/
    └─ migration.sql
  └─ 20260211214500_add_sync_columns_and_tombstones/
    └─ migration.sql
  └─ 20260212070000_remove_workflow_definition/
    └─ migration.sql
  └─ 20260309103000_add_channel_binding_launch_preset/
    └─ migration.sql
  └─ 20260310153000_add_channel_binding_team_definition_id/
    └─ migration.sql
  └─ 20260331102000_remove_channel_bindings_table/
    └─ migration.sql
  └─ 20260331130000_receipt_lifecycle_and_remove_channel_idempotency/
    └─ migration.sql
  └─ 20260517090000_add_app_data_migration_records/
    └─ migration.sql
  └─ 20260624090000_add_token_usage_ledger_events/
    └─ migration.sql
  └─ 20260625193000_token_usage_component_pricing_explainability/
    └─ migration.sql
  └─ 20260629120000_add_token_usage_display_fields/
    └─ migration.sql
  └─ 20260702093000_token_usage_execution_address/
    └─ migration.sql
  └─ 20260726090000_add_secret_vault/
    └─ migration.sql

(node:76471) ExperimentalWarning: SQLite is an experimental feature and might change at any time
(Use `node --trace-warnings ...` to show where the warning was created)
 ✓ tests/e2e/secret-management/secret-vault-independent-process-initialization.e2e.test.ts (1 test) 584ms
     ✓ serializes two package compositions on one SQLite target and publishes one key/domain  583ms
(node:76484) ExperimentalWarning: SQLite is an experimental feature and might change at any time
(Use `node --trace-warnings ...` to show where the warning was created)
stdout | tests/unit/secret-management/secret-vault-lifecycle.test.ts
Successfully registered tool definition: 'read_file'
Successfully registered tool definition: 'write_file'
Successfully registered tool definition: 'edit_file'
Successfully registered tool definition: 'replace_in_file'
Successfully registered tool definition: 'insert_in_file'
Successfully registered tool definition: 'run_bash'
Successfully registered tool definition: 'start_background_process'
Successfully registered tool definition: 'get_background_processes'
Successfully registered tool definition: 'get_process_output'
Successfully registered tool definition: 'stop_background_process'
Successfully registered tool definition: 'search_web'
Successfully registered tool definition: 'read_media_file'
Successfully registered tool definition: 'download_media'
Successfully registered tool definition: 'read_url'
Successfully registered tool definition: 'add_todo'
Successfully registered tool definition: 'create_todo_list'
Successfully registered tool definition: 'get_todo_list'
Successfully registered tool definition: 'update_todo_status'
AgentFactory (Singleton) initialized.

stdout | tests/unit/secret-management/secret-vault-lifecycle.test.ts > one-database secret vault lifecycle > saves, reports status, resolves only for use, and removes idempotently
prisma:info Starting a sqlite pool with 21 connections.

stdout | tests/unit/secret-management/secret-vault-lifecycle.test.ts > one-database secret vault lifecycle > applies no-overwrite and explicit-overwrite decisions inside one transaction
prisma:info Starting a sqlite pool with 21 connections.

stdout | tests/unit/secret-management/secret-vault-lifecycle.test.ts > one-database secret vault lifecycle > rolls back the full batch on a later write failure
prisma:info Starting a sqlite pool with 21 connections.

stdout | tests/unit/secret-management/secret-vault-lifecycle.test.ts > one-database secret vault lifecycle > rolls back the full batch on a later write failure
prisma:error
Invalid `this.create()` invocation in
/Users/normy/autobyteus_org/autobyteus-worktrees/prisma-repository-adoption-token-stats-secret-store/autobyteus-server-ts/src/secret-management/persistence/secret-entry-repository.ts:56:16

  53 }
  54
  55 async createEntry(record: EncryptedSecretEntryRecord): Promise<void> {
→ 56   await this.create(
Foreign key constraint violated: `foreign key`

stdout | tests/unit/secret-management/secret-vault-lifecycle.test.ts > one-database secret vault lifecycle > rejects an unauthorized raw batch SecretId
prisma:info Starting a sqlite pool with 21 connections.

stdout | tests/unit/secret-management/secret-vault-lifecycle.test.ts > one-database secret vault lifecycle > creates migration credentials only when every target is missing
prisma:info Starting a sqlite pool with 21 connections.

stdout | tests/unit/secret-management/secret-vault-lifecycle.test.ts > one-database secret vault lifecycle > keeps the migration batch restricted to custom-provider secret IDs
prisma:info Starting a sqlite pool with 21 connections.

stdout | tests/unit/secret-management/secret-vault-lifecycle.test.ts > one-database secret vault lifecycle > rolls back every create-only migration row when one insert fails
prisma:info Starting a sqlite pool with 21 connections.

stdout | tests/unit/secret-management/secret-vault-lifecycle.test.ts > one-database secret vault lifecycle > rolls back every create-only migration row when one insert fails
prisma:error
Invalid `this.create()` invocation in
/Users/normy/autobyteus_org/autobyteus-worktrees/prisma-repository-adoption-token-stats-secret-store/autobyteus-server-ts/src/secret-management/persistence/secret-entry-repository.ts:56:16

  53 }
  54
  55 async createEntry(record: EncryptedSecretEntryRecord): Promise<void> {
→ 56   await this.create(
Foreign key constraint violated: `foreign key`

stdout | tests/unit/secret-management/secret-vault-lifecycle.test.ts > one-database secret vault lifecycle > compensates only unchanged rows from the same opaque migration receipt
prisma:info Starting a sqlite pool with 21 connections.

stdout | tests/unit/secret-management/secret-vault-lifecycle.test.ts > one-database secret vault lifecycle > fails closed before repository access when the database permissions are unsafe
prisma:info Starting a sqlite pool with 21 connections.

stdout | tests/unit/secret-management/secret-vault-lifecycle.test.ts > secret vault initialization interruption safety > resumes key-only first initialization despite a terminated initializer sentinel
prisma:info Starting a sqlite pool with 21 connections.

stdout | tests/unit/secret-management/secret-vault-lifecycle.test.ts > secret vault initialization interruption safety > serializes two repository owners over the process-global package client
prisma:info Starting a sqlite pool with 21 connections.

stdout | tests/unit/secret-management/secret-vault-lifecycle.test.ts > secret vault initialization interruption safety > does not regenerate a missing key for an established metadata domain
prisma:info Starting a sqlite pool with 21 connections.

stdout | tests/unit/secret-management/secret-vault-lifecycle.test.ts > secret vault initialization interruption safety > verifies an established vault without rewriting the database, key, or sidecars
prisma:info Starting a sqlite pool with 21 connections.

 ✓ tests/unit/secret-management/secret-vault-lifecycle.test.ts (13 tests) 435ms
stdout | tests/integration/token-usage/providers/default-agent-run-event-pipeline-lifecycle.integration.test.ts
Successfully registered tool definition: 'read_file'
Successfully registered tool definition: 'write_file'
Successfully registered tool definition: 'edit_file'
Successfully registered tool definition: 'replace_in_file'
Successfully registered tool definition: 'insert_in_file'
Successfully registered tool definition: 'run_bash'
Successfully registered tool definition: 'start_background_process'
Successfully registered tool definition: 'get_background_processes'
Successfully registered tool definition: 'get_process_output'
Successfully registered tool definition: 'stop_background_process'
Successfully registered tool definition: 'search_web'
Successfully registered tool definition: 'read_media_file'
Successfully registered tool definition: 'download_media'
Successfully registered tool definition: 'read_url'
Successfully registered tool definition: 'add_todo'
Successfully registered tool definition: 'create_todo_list'
Successfully registered tool definition: 'get_todo_list'
Successfully registered tool definition: 'update_todo_status'
AgentFactory (Singleton) initialized.

(node:76487) ExperimentalWarning: SQLite is an experimental feature and might change at any time
(Use `node --trace-warnings ...` to show where the warning was created)
stdout | tests/integration/token-usage/providers/default-agent-run-event-pipeline-lifecycle.integration.test.ts > default token event pipeline real SQLite lifecycle
prisma:info Starting a sqlite pool with 21 connections.

stdout | tests/integration/token-usage/providers/default-agent-run-event-pipeline-lifecycle.integration.test.ts > default token event pipeline real SQLite lifecycle > drains accepted persistence, stays stopped for late work, and never reopens through a getter
Platform detection: Windows=false
App root directory: /Users/normy/autobyteus_org/autobyteus-worktrees/prisma-repository-adoption-token-stats-secret-store/autobyteus-server-ts
App data directory: /Users/normy/autobyteus_org/autobyteus-worktrees/prisma-repository-adoption-token-stats-secret-store/autobyteus-server-ts

 ✓ tests/integration/token-usage/providers/default-agent-run-event-pipeline-lifecycle.integration.test.ts (1 test) 31ms
stdout | tests/unit/agent-execution/events/token-usage-event-persistence-processor-lifecycle.test.ts
Successfully registered tool definition: 'read_file'
Successfully registered tool definition: 'write_file'
Successfully registered tool definition: 'edit_file'
Successfully registered tool definition: 'replace_in_file'
Successfully registered tool definition: 'insert_in_file'
Successfully registered tool definition: 'run_bash'
Successfully registered tool definition: 'start_background_process'
Successfully registered tool definition: 'get_background_processes'
Successfully registered tool definition: 'get_process_output'
Successfully registered tool definition: 'stop_background_process'
Successfully registered tool definition: 'search_web'
Successfully registered tool definition: 'read_media_file'
Successfully registered tool definition: 'download_media'
Successfully registered tool definition: 'read_url'
Successfully registered tool definition: 'add_todo'
Successfully registered tool definition: 'create_todo_list'
Successfully registered tool definition: 'get_todo_list'
Successfully registered tool definition: 'update_todo_status'
AgentFactory (Singleton) initialized.

(node:76488) ExperimentalWarning: SQLite is an experimental feature and might change at any time
(Use `node --trace-warnings ...` to show where the warning was created)
 ✓ tests/unit/agent-execution/events/token-usage-event-persistence-processor-lifecycle.test.ts (2 tests) 7ms
stdout | tests/unit/agent-execution/events/default-agent-run-event-pipeline-lifecycle.test.ts
Successfully registered tool definition: 'read_file'
Successfully registered tool definition: 'write_file'
Successfully registered tool definition: 'edit_file'
Successfully registered tool definition: 'replace_in_file'
Successfully registered tool definition: 'insert_in_file'
Successfully registered tool definition: 'run_bash'
Successfully registered tool definition: 'start_background_process'
Successfully registered tool definition: 'get_background_processes'
Successfully registered tool definition: 'get_process_output'
Successfully registered tool definition: 'stop_background_process'
Successfully registered tool definition: 'search_web'
Successfully registered tool definition: 'read_media_file'
Successfully registered tool definition: 'download_media'
Successfully registered tool definition: 'read_url'
Successfully registered tool definition: 'add_todo'
Successfully registered tool definition: 'create_todo_list'
Successfully registered tool definition: 'get_todo_list'
Successfully registered tool definition: 'update_todo_status'
AgentFactory (Singleton) initialized.

(node:76489) ExperimentalWarning: SQLite is an experimental feature and might change at any time
(Use `node --trace-warnings ...` to show where the warning was created)
 ✓ tests/unit/agent-execution/events/default-agent-run-event-pipeline-lifecycle.test.ts (2 tests) 4ms

 Test Files  5 passed (5)
      Tests  19 passed (19)
   Start at  13:12:08
   Duration  9.01s (transform 2.86s, setup 28ms, import 6.89s, tests 1.06s, environment 0ms)

delivery integration checks exit: 0
