│
●  Nuxt 3.21.1 (with Nitro 2.13.1, Vite 7.3.1 and Vue 3.5.28)

  ➜ Local:    http://127.0.0.1:60346/
  ➜ Network:  use --host to expose

isElectronBuild false
[Electron Module] Skipping electron module setup: BUILD_TARGET is not electron
ℹ Re-optimizing dependencies because vite config has changed
✔ Vite client built in 248ms
✔ Vite server built in 246ms

 WARN  Browserslist: browsers data (caniuse-lite) is 8 months old. Please run:
  npx update-browserslist-db@latest
  Why you should do it regularly: https://github.com/browserslist/update-db#readme

[nitro] ✔ Nuxt Nitro server built in 2909ms
ℹ Vite client warmed up in 1ms
ℹ ✨ new dependencies optimized: @xterm/xterm, @xterm/addon-fit, @novnc/novnc, crypto-js/sha256, zod, @monaco-editor/loader, xlsx, vue-pdf-embed, markdown-it, dompurify, katex, @mdit/plugin-katex, mermaid, prismjs, prismjs/components/prism-markup, prismjs/components/prism-css, prismjs/components/prism-clike, prismjs/components/prism-javascript, prismjs/components/prism-markdown, prismjs/components/prism-markup-templating, prismjs/components/prism-typescript, prismjs/components/prism-jsx, prismjs/components/prism-python, prismjs/components/prism-ruby, prismjs/components/prism-php, prismjs/components/prism-json
ℹ ✨ optimized dependencies changed. reloading
ℹ hmr update /app.vue?vue&type=style&index=0&lang.css, /components/projects/ClosedTasksToggle.vue
ℹ hmr update /app.vue?vue&type=style&index=0&lang.css
ℹ hmr update /components/projects/panel/ProjectsPanelTaskDetail.vue, /components/projects/TempTaskBoard.vue, /components/projects/panel/ProjectsPanel.vue, /components/projects/panel/ProjectsPanelPicker.vue, /components/projects/ProjectTaskBoard.vue, /components/projects/ProjectTaskRow.vue, /components/projects/ProjectsList.vue, /components/projects/ProjectDetail.vue, /components/projects/ProjectTaskDetail.vue, /components/projects/TempTaskDetail.vue, /components/projects/TempTasksLink.vue, /components/projects/ProjectTaskDraftEditor.vue, /components/projects/ProjectTaskEditor.vue
ℹ hmr update /components/projects/TaskRootSection.vue, /components/projects/ProjectTaskRow.vue, /components/projects/ProjectTaskWorkers.vue, /components/projects/ProjectCard.vue, /components/projects/ProjectWorkspacesPanel.vue, /components/projects/ProjectWorkspaceRow.vue, /components/projects/ProjectTaskDraftEditor.vue
ℹ hmr update /components/projects/panel/ProjectsPanelTaskDetail.vue, /components/projects/TempTaskBoard.vue, /components/projects/ProjectTaskBoard.vue, /components/projects/panel/ProjectsPanel.vue, /components/projects/panel/ProjectsPanelPicker.vue, /components/projects/ProjectTaskRow.vue, /components/projects/ProjectsList.vue, /components/projects/ProjectDetail.vue, /components/projects/ProjectTaskDetail.vue, /components/projects/TempTaskDetail.vue, /components/projects/TempTasksLink.vue, /components/projects/ProjectTaskDraftEditor.vue, /components/projects/ProjectTaskEditor.vue
ℹ page reload localization/messages/en/projects.ts
ℹ page reload localization/messages/zh-CN/projects.ts
ℹ hmr update /components/projects/ProjectTaskBoard.vue, /components/projects/ProjectTaskBoard.vue?vue&type=style&index=0&scoped=8e5f619a&lang.css, /app.vue?vue&type=style&index=0&lang.css
ℹ hmr update /components/projects/TempTaskBoard.vue, /components/projects/TempTaskBoard.vue?vue&type=style&index=0&scoped=8fc79464&lang.css, /app.vue?vue&type=style&index=0&lang.css
ℹ hmr update /components/projects/TempTasksLink.vue, /app.vue?vue&type=style&index=0&lang.css
ℹ hmr update /components/projects/ProjectCard.vue, /app.vue?vue&type=style&index=0&lang.css
ℹ hmr update /app.vue?vue&type=style&index=0&lang.css
[nitro] ✔ Nuxt Nitro server built in 920ms
ℹ hmr update /components/projects/TempTaskBoard.vue, /app.vue?vue&type=style&index=0&lang.css
ℹ hmr update /components/projects/panel/ProjectsPanelTaskDetail.vue, /components/projects/TempTaskBoard.vue, /components/projects/ProjectTaskBoard.vue, /components/projects/panel/ProjectsPanel.vue, /components/projects/panel/ProjectsPanelPicker.vue, /components/projects/ProjectTaskRow.vue, /components/projects/ProjectsList.vue, /components/projects/ProjectDetail.vue, /components/projects/ProjectTaskDetail.vue, /components/projects/TempTaskDetail.vue, /components/projects/TempTasksLink.vue, /components/projects/ProjectTaskDraftEditor.vue, /components/projects/ProjectTaskEditor.vue
