===== RUN: pnpm --filter autobyteus exec vitest run stores/__tests__/tokenUsageMeterStore.spec.ts components/workspace/usage/__tests__/TokenUsageMeterPanel.spec.ts =====
isElectronBuild false
[Electron Module] Skipping electron module setup: BUILD_TARGET is not electron
Browserslist: browsers data (caniuse-lite) is 6 months old. Please run:
  npx update-browserslist-db@latest
  Why you should do it regularly: https://github.com/browserslist/update-db#readme

 RUN  v3.2.4 /Users/normy/autobyteus_org/autobyteus-worktrees/token-statistics-persistence/autobyteus-web

stderr | components/workspace/usage/__tests__/TokenUsageMeterPanel.spec.ts
Warning: KaTeX doesn't work in quirks mode. Make sure your website has a suitable doctype.

stderr | stores/__tests__/tokenUsageMeterStore.spec.ts
Warning: KaTeX doesn't work in quirks mode. Make sure your website has a suitable doctype.

stdout | components/workspace/usage/__tests__/TokenUsageMeterPanel.spec.ts
serverStore: Initializing server config
serverStore: Not in Electron environment. Skipping server initialization.

stdout | stores/__tests__/tokenUsageMeterStore.spec.ts
serverStore: Initializing server config
serverStore: Not in Electron environment. Skipping server initialization.

 ✓ stores/__tests__/tokenUsageMeterStore.spec.ts (9 tests) 16ms
 ✓ components/workspace/usage/__tests__/TokenUsageMeterPanel.spec.ts (11 tests) 146ms

 Test Files  2 passed (2)
      Tests  20 passed (20)
   Start at  17:59:07
   Duration  7.22s (transform 3.70s, setup 11.99s, collect 407ms, tests 162ms, environment 600ms, prepare 420ms)

===== EXIT: 0 =====
