
> @autobyteus/team-stream-contracts@0.1.0 test /Users/normy/autobyteus_org/autobyteus-worktrees/remove-skill-access-mode/autobyteus-team-stream-contracts
> pnpm build && node --test tests/*.test.mjs


> @autobyteus/team-stream-contracts@0.1.0 build /Users/normy/autobyteus_org/autobyteus-worktrees/remove-skill-access-mode/autobyteus-team-stream-contracts
> tsc -p tsconfig.build.json

TAP version 13
# Subtest: validates and preserves the exact cumulative summary on a team token event
ok 1 - validates and preserves the exact cumulative summary on a team token event
  ---
  duration_ms: 5.855083
  type: 'test'
  ...
# Subtest: requires a non-negative safe-integer report generation
ok 2 - requires a non-negative safe-integer report generation
  ---
  duration_ms: 1.12
  type: 'test'
  ...
# Subtest: team stream carries background-task snapshots with execution identity and rejects to-do messages
ok 3 - team stream carries background-task snapshots with execution identity and rejects to-do messages
  ---
  duration_ms: 2.338375
  type: 'test'
  ...
1..3
# tests 3
# suites 0
# pass 3
# fail 0
# cancelled 0
# skipped 0
# todo 0
# duration_ms 190.554959
