
> autobyteus@1.4.95-beta.1 test:nuxt /Users/normy/autobyteus_org/autobyteus-worktrees/task-page-copy-simplification/autobyteus-web
> cross-env NUXT_TEST=true vitest stores/__tests__/projectTaskStore.spec.ts stores/__tests__/projectStore.spec.ts utils/projects services/projects --run

isElectronBuild false
[Electron Module] Skipping electron module setup: BUILD_TARGET is not electron
Browserslist: browsers data (caniuse-lite) is 8 months old. Please run:
  npx update-browserslist-db@latest
  Why you should do it regularly: https://github.com/browserslist/update-db#readme

 RUN  v3.2.4 /Users/normy/autobyteus_org/autobyteus-worktrees/task-page-copy-simplification/autobyteus-web

stderr | utils/projects/__tests__/pathBreakSegments.spec.ts
Warning: KaTeX doesn't work in quirks mode. Make sure your website has a suitable doctype.

stderr | utils/projects/__tests__/linkableWorkspaces.spec.ts
Warning: KaTeX doesn't work in quirks mode. Make sure your website has a suitable doctype.

stderr | utils/projects/__tests__/taskSummary.spec.ts
Warning: KaTeX doesn't work in quirks mode. Make sure your website has a suitable doctype.

stderr | stores/__tests__/projectStore.spec.ts
Warning: KaTeX doesn't work in quirks mode. Make sure your website has a suitable doctype.

stderr | stores/__tests__/projectTaskStore.spec.ts
Warning: KaTeX doesn't work in quirks mode. Make sure your website has a suitable doctype.

stdout | stores/__tests__/projectStore.spec.ts
serverStore: Initializing server config
serverStore: Not in Electron environment. Skipping server initialization.

stdout | stores/__tests__/projectTaskStore.spec.ts
serverStore: Initializing server config
serverStore: Not in Electron environment. Skipping server initialization.

stdout | utils/projects/__tests__/taskSummary.spec.ts
serverStore: Initializing server config
serverStore: Not in Electron environment. Skipping server initialization.

stdout | utils/projects/__tests__/linkableWorkspaces.spec.ts
serverStore: Initializing server config
serverStore: Not in Electron environment. Skipping server initialization.

stdout | utils/projects/__tests__/pathBreakSegments.spec.ts
serverStore: Initializing server config
serverStore: Not in Electron environment. Skipping server initialization.

 ✓ utils/projects/__tests__/taskSummary.spec.ts (2 tests) 2ms
 ✓ utils/projects/__tests__/pathBreakSegments.spec.ts (2 tests) 2ms
 ✓ utils/projects/__tests__/linkableWorkspaces.spec.ts (4 tests) 3ms
 ✓ stores/__tests__/projectStore.spec.ts (13 tests) 126ms
 ✓ stores/__tests__/projectTaskStore.spec.ts (16 tests) 336ms

 Test Files  5 passed (5)
      Tests  37 passed (37)
   Start at  21:35:52
   Duration  6.08s (transform 3.37s, setup 25.44s, collect 255ms, tests 469ms, environment 919ms, prepare 735ms)

