
> autobyteus@1.4.94-beta.5 test:nuxt /Users/normy/autobyteus_org/autobyteus-worktrees/project-task-manager-linked-delegation/autobyteus-web
> cross-env NUXT_TEST=true vitest components/progress/__tests__/BackgroundTaskPanel.spec.ts services/agentStreaming/handlers/__tests__/backgroundTaskHandler.spec.ts services/agentStreaming/__tests__/AgentStreamingService.spec.ts services/agentStreaming/__tests__/TeamStreamingService.spec.ts components/workspace/history/__tests__/WorkspaceAgentRunsTreePanel.regressions.spec.ts composables/__tests__/useWorkspaceHistorySubjectActions.coldHistory.spec.ts --run

isElectronBuild false
[Electron Module] Skipping electron module setup: BUILD_TARGET is not electron
Browserslist: browsers data (caniuse-lite) is 8 months old. Please run:
  npx update-browserslist-db@latest
  Why you should do it regularly: https://github.com/browserslist/update-db#readme

 RUN  v3.2.4 /Users/normy/autobyteus_org/autobyteus-worktrees/project-task-manager-linked-delegation/autobyteus-web

stderr | components/progress/__tests__/BackgroundTaskPanel.spec.ts
Warning: KaTeX doesn't work in quirks mode. Make sure your website has a suitable doctype.

stderr | services/agentStreaming/__tests__/TeamStreamingService.spec.ts
Warning: KaTeX doesn't work in quirks mode. Make sure your website has a suitable doctype.

stderr | services/agentStreaming/handlers/__tests__/backgroundTaskHandler.spec.ts
Warning: KaTeX doesn't work in quirks mode. Make sure your website has a suitable doctype.

stderr | composables/__tests__/useWorkspaceHistorySubjectActions.coldHistory.spec.ts
Warning: KaTeX doesn't work in quirks mode. Make sure your website has a suitable doctype.

stderr | components/workspace/history/__tests__/WorkspaceAgentRunsTreePanel.regressions.spec.ts
Warning: KaTeX doesn't work in quirks mode. Make sure your website has a suitable doctype.

stderr | services/agentStreaming/__tests__/AgentStreamingService.spec.ts
Warning: KaTeX doesn't work in quirks mode. Make sure your website has a suitable doctype.

stdout | components/progress/__tests__/BackgroundTaskPanel.spec.ts
serverStore: Initializing server config
serverStore: Not in Electron environment. Skipping server initialization.

stdout | services/agentStreaming/__tests__/TeamStreamingService.spec.ts
serverStore: Initializing server config
serverStore: Not in Electron environment. Skipping server initialization.

stdout | services/agentStreaming/__tests__/AgentStreamingService.spec.ts
serverStore: Initializing server config
serverStore: Not in Electron environment. Skipping server initialization.

stdout | components/workspace/history/__tests__/WorkspaceAgentRunsTreePanel.regressions.spec.ts
serverStore: Initializing server config
serverStore: Not in Electron environment. Skipping server initialization.

stdout | services/agentStreaming/handlers/__tests__/backgroundTaskHandler.spec.ts
serverStore: Initializing server config
serverStore: Not in Electron environment. Skipping server initialization.

stdout | composables/__tests__/useWorkspaceHistorySubjectActions.coldHistory.spec.ts
serverStore: Initializing server config
serverStore: Not in Electron environment. Skipping server initialization.

 ✓ services/agentStreaming/handlers/__tests__/backgroundTaskHandler.spec.ts (2 tests) 2ms
 ✓ components/progress/__tests__/BackgroundTaskPanel.spec.ts (14 tests) 58ms
stdout | services/agentStreaming/__tests__/TeamStreamingService.spec.ts > TeamStreamingService current AgentRun event dispatch > becomes ready only after the exact connected root and complete authoritative snapshot
Team WebSocket transport connected

stdout | services/agentStreaming/__tests__/AgentStreamingService.spec.ts > AgentStreamingService > does not convert transport errors into lifecycle errors
Agent WebSocket disconnected: network reset

stderr | services/agentStreaming/__tests__/AgentStreamingService.spec.ts > AgentStreamingService > does not convert transport errors into lifecycle errors
Agent WebSocket error: Error: socket failed
    at /Users/normy/autobyteus_org/autobyteus-worktrees/project-task-manager-linked-delegation/autobyteus-web/services/agentStreaming/__tests__/AgentStreamingService.spec.ts:239:38
    at file:///Users/normy/autobyteus_org/autobyteus-worktrees/project-task-manager-linked-delegation/node_modules/.pnpm/@vitest+runner@3.2.4/node_modules/@vitest/runner/dist/chunk-hooks.js:155:11
    at file:///Users/normy/autobyteus_org/autobyteus-worktrees/project-task-manager-linked-delegation/node_modules/.pnpm/@vitest+runner@3.2.4/node_modules/@vitest/runner/dist/chunk-hooks.js:752:26
    at file:///Users/normy/autobyteus_org/autobyteus-worktrees/project-task-manager-linked-delegation/node_modules/.pnpm/@vitest+runner@3.2.4/node_modules/@vitest/runner/dist/chunk-hooks.js:1897:20
    at new Promise (<anonymous>)
    at runWithTimeout (file:///Users/normy/autobyteus_org/autobyteus-worktrees/project-task-manager-linked-delegation/node_modules/.pnpm/@vitest+runner@3.2.4/node_modules/@vitest/runner/dist/chunk-hooks.js:1863:10)
    at runTest (file:///Users/normy/autobyteus_org/autobyteus-worktrees/project-task-manager-linked-delegation/node_modules/.pnpm/@vitest+runner@3.2.4/node_modules/@vitest/runner/dist/chunk-hooks.js:1574:12)
    at processTicksAndRejections (node:internal/process/task_queues:103:5)
    at runSuite (file:///Users/normy/autobyteus_org/autobyteus-worktrees/project-task-manager-linked-delegation/node_modules/.pnpm/@vitest+runner@3.2.4/node_modules/@vitest/runner/dist/chunk-hooks.js:1729:8)
    at runSuite (file:///Users/normy/autobyteus_org/autobyteus-worktrees/project-task-manager-linked-delegation/node_modules/.pnpm/@vitest+runner@3.2.4/node_modules/@vitest/runner/dist/chunk-hooks.js:1729:8)

stderr | services/agentStreaming/__tests__/AgentStreamingService.spec.ts > AgentStreamingService > serializes and exactly matches an admitted standalone interrupt
Ignoring unmatched interrupt command acknowledgement. {
  command_type: 'INTERRUPT_GENERATION',
  command_id: 'client_interrupt_1',
  state: 'accepted',
  target: { target_kind: 'standalone_run', run_id: 'wrong-run' }
}

stdout | services/agentStreaming/__tests__/AgentStreamingService.spec.ts > AgentStreamingService > completes reentrant disconnect-plus-send-throw exactly once
Agent WebSocket disconnected: socket closed
Agent WebSocket disconnected: again

stderr | services/agentStreaming/__tests__/TeamStreamingService.spec.ts > TeamStreamingService current AgentRun event dispatch > acts on the first rejected gap effect once and cannot revive the failed instance
Rejected Team execution message (TEAM_EXECUTION_CHANGE_SEQUENCE_GAP): Expected change sequence 1, received 2.

stdout | services/agentStreaming/__tests__/AgentStreamingService.spec.ts > AgentStreamingService > keeps immediately projected content on each context across replacement and remote disconnect
Agent WebSocket disconnected: remote closed

 ✓ services/agentStreaming/__tests__/AgentStreamingService.spec.ts (35 tests) 33ms
stderr | services/agentStreaming/__tests__/TeamStreamingService.spec.ts > TeamStreamingService current AgentRun event dispatch > rejects and stops a candidate whose snapshot base does not match
Rejected invalid Team WebSocket message: Error: TEAM_STREAM_SNAPSHOT_BASE_MISMATCH: Expected 7, received 8.
    at TeamStreamingService.dispatchMessage (/Users/normy/autobyteus_org/autobyteus-worktrees/project-task-manager-linked-delegation/autobyteus-web/services/agentStreaming/TeamStreamingService.ts:331:15)
    at handleMessage (/Users/normy/autobyteus_org/autobyteus-worktrees/project-task-manager-linked-delegation/autobyteus-web/services/agentStreaming/TeamStreamingService.ts:261:16)
    at emit (/Users/normy/autobyteus_org/autobyteus-worktrees/project-task-manager-linked-delegation/autobyteus-web/services/agentStreaming/__tests__/TeamStreamingService.spec.ts:69:31)
    at /Users/normy/autobyteus_org/autobyteus-worktrees/project-task-manager-linked-delegation/autobyteus-web/services/agentStreaming/__tests__/TeamStreamingService.spec.ts:414:5
    at file:///Users/normy/autobyteus_org/autobyteus-worktrees/project-task-manager-linked-delegation/node_modules/.pnpm/@vitest+runner@3.2.4/node_modules/@vitest/runner/dist/chunk-hooks.js:155:11
    at file:///Users/normy/autobyteus_org/autobyteus-worktrees/project-task-manager-linked-delegation/node_modules/.pnpm/@vitest+runner@3.2.4/node_modules/@vitest/runner/dist/chunk-hooks.js:752:26
    at file:///Users/normy/autobyteus_org/autobyteus-worktrees/project-task-manager-linked-delegation/node_modules/.pnpm/@vitest+runner@3.2.4/node_modules/@vitest/runner/dist/chunk-hooks.js:1897:20
    at new Promise (<anonymous>)
    at runWithTimeout (file:///Users/normy/autobyteus_org/autobyteus-worktrees/project-task-manager-linked-delegation/node_modules/.pnpm/@vitest+runner@3.2.4/node_modules/@vitest/runner/dist/chunk-hooks.js:1863:10)
    at runTest (file:///Users/normy/autobyteus_org/autobyteus-worktrees/project-task-manager-linked-delegation/node_modules/.pnpm/@vitest+runner@3.2.4/node_modules/@vitest/runner/dist/chunk-hooks.js:1574:12)

 ✓ services/agentStreaming/__tests__/TeamStreamingService.spec.ts (13 tests) 40ms
 ✓ composables/__tests__/useWorkspaceHistorySubjectActions.coldHistory.spec.ts (8 tests) 54ms
stderr | components/workspace/history/__tests__/WorkspaceAgentRunsTreePanel.regressions.spec.ts > WorkspaceAgentRunsTreePanel regressions > routes team top-row clicks through persisted member hydration instead of blind team selection
[Vue warn]: injection "Symbol(route location)" not found. 
  at <WorkspaceAgentRunsTreePanel ref="VTU_COMPONENT" > 
  at <VTUROOT>
[Vue warn]: injection "Symbol(router)" not found. 
  at <WorkspaceAgentRunsTreePanel ref="VTU_COMPONENT" > 
  at <VTUROOT>
[Vue warn]: injection "Symbol(route location)" not found. 
  at <WorkspaceAgentRunsTreePanel ref="VTU_COMPONENT" > 
  at <VTUROOT>
[Vue warn]: injection "Symbol(router)" not found. 
  at <WorkspaceAgentRunsTreePanel ref="VTU_COMPONENT" > 
  at <VTUROOT>

stderr | components/workspace/history/__tests__/WorkspaceAgentRunsTreePanel.regressions.spec.ts > WorkspaceAgentRunsTreePanel regressions > keeps a previously selected team expanded when another team row is opened
[Vue warn]: injection "Symbol(route location)" not found. 
  at <WorkspaceAgentRunsTreePanel ref="VTU_COMPONENT" > 
  at <VTUROOT>
[Vue warn]: injection "Symbol(router)" not found. 
  at <WorkspaceAgentRunsTreePanel ref="VTU_COMPONENT" > 
  at <VTUROOT>
[Vue warn]: injection "Symbol(route location)" not found. 
  at <WorkspaceAgentRunsTreePanel ref="VTU_COMPONENT" > 
  at <VTUROOT>
[Vue warn]: injection "Symbol(router)" not found. 
  at <WorkspaceAgentRunsTreePanel ref="VTU_COMPONENT" > 
  at <VTUROOT>

stderr | components/workspace/history/__tests__/WorkspaceAgentRunsTreePanel.regressions.spec.ts > WorkspaceAgentRunsTreePanel regressions > removes a draft agent row through the local close path
[Vue warn]: injection "Symbol(route location)" not found. 
  at <WorkspaceAgentRunsTreePanel ref="VTU_COMPONENT" > 
  at <VTUROOT>
[Vue warn]: injection "Symbol(router)" not found. 
  at <WorkspaceAgentRunsTreePanel ref="VTU_COMPONENT" > 
  at <VTUROOT>
[Vue warn]: injection "Symbol(route location)" not found. 
  at <WorkspaceAgentRunsTreePanel ref="VTU_COMPONENT" > 
  at <VTUROOT>
[Vue warn]: injection "Symbol(router)" not found. 
  at <WorkspaceAgentRunsTreePanel ref="VTU_COMPONENT" > 
  at <VTUROOT>

 ✓ components/workspace/history/__tests__/WorkspaceAgentRunsTreePanel.regressions.spec.ts (3 tests) 82ms

 Test Files  6 passed (6)
      Tests  75 passed (75)
   Start at  07:26:42
   Duration  7.77s (transform 4.36s, setup 38.55s, collect 2.05s, tests 270ms, environment 1.71s, prepare 1.05s)

