Scope: all 13 workspace projects
Lockfile is up to date, resolution step is skipped
Progress: resolved 1, reused 0, downloaded 0, added 0
Packages: +1688
++++++++++++++++++++++++++++++++++++++++++++++++++++++++++++++++++++++++++++++++
Progress: resolved 1688, reused 1486, downloaded 0, added 0
Progress: resolved 1688, reused 1686, downloaded 0, added 230
Progress: resolved 1688, reused 1686, downloaded 0, added 509
Progress: resolved 1688, reused 1686, downloaded 0, added 612
Progress: resolved 1688, reused 1686, downloaded 0, added 867
Progress: resolved 1688, reused 1686, downloaded 0, added 1140
Progress: resolved 1688, reused 1686, downloaded 0, added 1596
Progress: resolved 1688, reused 1686, downloaded 0, added 1688, done
 WARN  Failed to create bin at /Users/normy/autobyteus_org/autobyteus-worktrees/context-compaction-simplification-analysis/applications/socratic-math-teacher/node_modules/.bin/autobyteus-app. ENOENT: no such file or directory, open '/Users/normy/autobyteus_org/autobyteus-worktrees/context-compaction-simplification-analysis/autobyteus-application-devkit/dist/cli.js'
 WARN  Failed to create bin at /Users/normy/autobyteus_org/autobyteus-worktrees/context-compaction-simplification-analysis/applications/brief-studio/node_modules/.bin/autobyteus-app. ENOENT: no such file or directory, open '/Users/normy/autobyteus_org/autobyteus-worktrees/context-compaction-simplification-analysis/autobyteus-application-devkit/dist/cli.js'

autobyteus-ts postinstall$ node ./scripts/fix-node-pty-permissions.mjs
autobyteus-ts postinstall: [node-pty-fix] repaired: /Users/normy/autobyteus_org/autobyteus-worktrees/context-compaction-simplification-analysis/node_modules/.pnpm/node-pty@1.1.0/node_modules/node-pty/prebuilds/darwin-arm64/spawn-helper
autobyteus-ts postinstall: Done
 WARN  Failed to create bin at /Users/normy/autobyteus_org/autobyteus-worktrees/context-compaction-simplification-analysis/applications/brief-studio/node_modules/.bin/autobyteus-app. ENOENT: no such file or directory, open '/Users/normy/autobyteus_org/autobyteus-worktrees/context-compaction-simplification-analysis/applications/brief-studio/node_modules/@autobyteus/application-devkit/dist/cli.js'
 WARN  Failed to create bin at /Users/normy/autobyteus_org/autobyteus-worktrees/context-compaction-simplification-analysis/applications/socratic-math-teacher/node_modules/.bin/autobyteus-app. ENOENT: no such file or directory, open '/Users/normy/autobyteus_org/autobyteus-worktrees/context-compaction-simplification-analysis/applications/socratic-math-teacher/node_modules/@autobyteus/application-devkit/dist/cli.js'
Done in 8.9s using pnpm v10.28.2
