
> autobyteus@1.3.41 build:electron:mac /Users/normy/autobyteus_org/autobyteus-workspace-superrepo/autobyteus-web
> cross-env NODE_ENV=production pnpm guard:web-boundary && pnpm guard:localization-boundary && pnpm audit:localization-literals && pnpm prepare-server && pnpm generate:electron && pnpm transpile-electron && tsc -p build/tsconfig.json && node build/dist/build.js --mac


> autobyteus@1.3.41 guard:web-boundary /Users/normy/autobyteus_org/autobyteus-workspace-superrepo/autobyteus-web
> node ./scripts/guard-web-boundary.mjs

[guard:web-boundary] Passed.

> autobyteus@1.3.41 guard:localization-boundary /Users/normy/autobyteus_org/autobyteus-workspace-superrepo/autobyteus-web
> node ./scripts/guard-localization-boundary.mjs

[guard:localization-boundary] Passed.

> autobyteus@1.3.41 audit:localization-literals /Users/normy/autobyteus_org/autobyteus-workspace-superrepo/autobyteus-web
> node ./scripts/audit-localization-literals.mjs

[audit:localization-literals] Passed with zero unresolved findings.
(node:38830) [MODULE_TYPELESS_PACKAGE_JSON] Warning: Module type of file:///Users/normy/autobyteus_org/autobyteus-workspace-superrepo/autobyteus-web/localization/audit/migrationScopes.ts is not specified and it doesn't parse as CommonJS.
Reparsing as ES module because module syntax was detected. This incurs a performance overhead.
To eliminate this warning, add "type": "module" to /Users/normy/autobyteus_org/autobyteus-workspace-superrepo/autobyteus-web/package.json.
(Use `node --trace-warnings ...` to show where the warning was created)

> autobyteus@1.3.41 prepare-server /Users/normy/autobyteus_org/autobyteus-workspace-superrepo/autobyteus-web
> node ./scripts/prepare-server-dispatch.mjs

[0;32m=======================================[0m
[0;32m   Preparing AutoByteus Server Files   [0m
[0;32m=======================================[0m
[0;32m✓[0m Created target directory: /Users/normy/autobyteus_org/autobyteus-workspace-superrepo/autobyteus-web/resources/server

[0;33mBuilding server and dependencies...[0m
Scope: all 11 workspace projects

../autobyteus-ts postinstall$ node ./scripts/fix-node-pty-permissions.mjs
../autobyteus-ts postinstall: [node-pty-fix] ok: /Users/normy/autobyteus_org/autobyteus-workspace-superrepo/node_modules/.pnpm/node-pty@1.1.0/node_modules/node-pty/prebuilds/darwin-arm64/spawn-helper
../autobyteus-ts postinstall: Done
╭ Warning ─────────────────────────────────────────────────────────────────────╮
│                                                                              │
│   Ignored build scripts: lzma-native@8.0.6.                                  │
│   Run "pnpm approve-builds" to pick which dependencies should be allowed     │
│   to run scripts.                                                            │
│                                                                              │
╰──────────────────────────────────────────────────────────────────────────────╯
Done in 1.4s using pnpm v10.28.1
Prisma schema loaded from prisma/schema.prisma

✔ Generated Prisma Client (v5.22.0) to ./../node_modules/.pnpm/@prisma+client@5.22.0_prisma@5.22.0/node_modules/@prisma/client in 105ms

Start by importing your Prisma Client (See: https://pris.ly/d/importing-client)

Help us improve the Prisma ORM for everyone. Share your feedback in a short 2-min survey: https://pris.ly/orm/survey/release-5-22


> autobyteus-server-ts@0.1.1 prebuild /Users/normy/autobyteus_org/autobyteus-workspace-superrepo/autobyteus-server-ts
> pnpm prepare:shared && pnpm exec prisma generate --schema ./prisma/schema.prisma


> autobyteus-server-ts@0.1.1 prepare:shared /Users/normy/autobyteus_org/autobyteus-workspace-superrepo/autobyteus-server-ts
> pnpm -C .. --filter autobyteus-ts --filter @autobyteus/application-sdk-contracts --filter @autobyteus/application-backend-sdk build

Scope: 3 of 11 workspace projects
autobyteus-ts build$ tsc -p tsconfig.build.json && node ./scripts/verify-runtime-dependencies.mjs
autobyteus-application-sdk-contracts build$ tsc -p tsconfig.build.json
autobyteus-application-sdk-contracts build: Done
autobyteus-ts build: [verify:runtime-deps] OK
autobyteus-ts build: Done
autobyteus-application-backend-sdk build$ tsc -p tsconfig.build.json
autobyteus-application-backend-sdk build: Done
Prisma schema loaded from prisma/schema.prisma

✔ Generated Prisma Client (v5.22.0) to ./../node_modules/.pnpm/@prisma+client@5.22.0_prisma@5.22.0/node_modules/@prisma/client in 100ms

Start by importing your Prisma Client (See: https://pris.ly/d/importing-client)

Tip: Easily identify and fix slow SQL queries in your app. Optimize helps you enhance your visibility: https://pris.ly/--optimize


> autobyteus-server-ts@0.1.1 build /Users/normy/autobyteus_org/autobyteus-workspace-superrepo/autobyteus-server-ts
> pnpm run build:full


> autobyteus-server-ts@0.1.1 build:full /Users/normy/autobyteus_org/autobyteus-workspace-superrepo/autobyteus-server-ts
> node ./scripts/clean-build-output.mjs && tsc -p tsconfig.build.json && node ./scripts/copy-managed-messaging-assets.mjs && node ./scripts/smoke-built-in-agents-bootstrap.mjs

Successfully registered tool definition: 'read_file'
Successfully registered tool definition: 'write_file'
Successfully registered tool definition: 'edit_file'
Successfully registered tool definition: 'replace_in_file'
Successfully registered tool definition: 'insert_in_file'
Successfully registered tool definition: 'load_skill'
Successfully registered tool definition: 'run_bash'
Successfully registered tool definition: 'start_background_process'
Successfully registered tool definition: 'get_background_processes'
Successfully registered tool definition: 'get_process_output'
Successfully registered tool definition: 'stop_background_process'
Successfully registered tool definition: 'search_web'
Successfully registered tool definition: 'read_media_file'
Successfully registered tool definition: 'download_media'
Successfully registered tool definition: 'read_url'
Successfully registered tool definition: 'send_message_to'
Successfully registered tool definition: 'add_todo'
Successfully registered tool definition: 'create_todo_list'
Successfully registered tool definition: 'get_todo_list'
Successfully registered tool definition: 'update_todo_status'
AgentFactory (Singleton) initialized.
AgentTeamFactory (Singleton) initialized.
Platform detection: Windows=false
App root directory: /Users/normy/autobyteus_org/autobyteus-workspace-superrepo/autobyteus-server-ts
App data directory: /Users/normy/autobyteus_org/autobyteus-workspace-superrepo/autobyteus-server-ts
(node:39899) ExperimentalWarning: SQLite is an experimental feature and might change at any time
(Use `node --trace-warnings ...` to show where the warning was created)
Built-in agents bootstrap smoke check passed.

[0;33mBuilding mobile web assets...[0m

> autobyteus@1.3.41 build:mobile-web /Users/normy/autobyteus_org/autobyteus-workspace-superrepo/autobyteus-web
> node ./scripts/build-mobile-web.mjs


> autobyteus@1.3.41 generate /Users/normy/autobyteus_org/autobyteus-workspace-superrepo/autobyteus-web
> nuxt generate

┌  Building Nuxt for production...
│
●  Nuxt 3.21.1 (with Nitro 2.13.1, Vite 7.3.1 and Vue 3.5.28)
isElectronBuild false
[Electron Module] Skipping electron module setup: BUILD_TARGET is not electron
│
●  Nitro preset: static
ℹ Building client...
ℹ vite v7.3.1 building client environment for production...
ℹ transforming...
ℹ ✓ 3482 modules transformed.
ℹ rendering chunks...
ℹ computing gzip size...
ℹ .nuxt/dist/client/_nuxt/KaTeX_Size3-Regular.CTq5MqoE.woff              4.42 kB
ℹ .nuxt/dist/client/_nuxt/KaTeX_Size4-Regular.Dl5lxZxV.woff2             4.93 kB
ℹ .nuxt/dist/client/_nuxt/KaTeX_Size2-Regular.Dy4dx90m.woff2             5.21 kB
ℹ .nuxt/dist/client/_nuxt/KaTeX_Size1-Regular.mCD8mA8B.woff2             5.47 kB
ℹ .nuxt/dist/client/_nuxt/KaTeX_Size4-Regular.BF-4gkZK.woff              5.98 kB
ℹ .nuxt/dist/client/_nuxt/KaTeX_Size2-Regular.oD1tc_U0.woff              6.19 kB
ℹ .nuxt/dist/client/_nuxt/KaTeX_Size1-Regular.C195tn64.woff              6.50 kB
ℹ .nuxt/dist/client/_nuxt/KaTeX_Caligraphic-Regular.Di6jR-x-.woff2       6.91 kB
ℹ .nuxt/dist/client/_nuxt/KaTeX_Caligraphic-Bold.Dq_IR9rO.woff2          6.91 kB
ℹ .nuxt/dist/client/_nuxt/KaTeX_Size3-Regular.DgpXs0kz.ttf               7.59 kB
ℹ .nuxt/dist/client/_nuxt/KaTeX_Caligraphic-Regular.CTRA-rTL.woff        7.66 kB
ℹ .nuxt/dist/client/_nuxt/KaTeX_Caligraphic-Bold.BEiXGLvX.woff           7.72 kB
ℹ .nuxt/dist/client/_nuxt/KaTeX_Script-Regular.D3wIWfF6.woff2            9.64 kB
ℹ .nuxt/dist/client/_nuxt/KaTeX_SansSerif-Regular.DDBCnlJ7.woff2        10.34 kB
ℹ .nuxt/dist/client/_nuxt/KaTeX_Size4-Regular.DWFBv043.ttf              10.36 kB
ℹ .nuxt/dist/client/_nuxt/KaTeX_Script-Regular.D5yQViql.woff            10.59 kB
ℹ .nuxt/dist/client/_nuxt/KaTeX_Fraktur-Regular.CTYiF6lA.woff2          11.32 kB
ℹ .nuxt/dist/client/_nuxt/KaTeX_Fraktur-Bold.CL6g_b3V.woff2             11.35 kB
ℹ .nuxt/dist/client/_nuxt/KaTeX_Size2-Regular.B7gKUWhC.ttf              11.51 kB
ℹ .nuxt/dist/client/_nuxt/KaTeX_SansSerif-Italic.C3H0VqGB.woff2         12.03 kB
ℹ .nuxt/dist/client/_nuxt/KaTeX_SansSerif-Bold.D1sUS0GD.woff2           12.22 kB
ℹ .nuxt/dist/client/_nuxt/KaTeX_Size1-Regular.Dbsnue_I.ttf              12.23 kB
ℹ .nuxt/dist/client/_nuxt/KaTeX_SansSerif-Regular.CS6fqUqJ.woff         12.32 kB
ℹ .nuxt/dist/client/_nuxt/KaTeX_Caligraphic-Regular.wX97UBjC.ttf        12.34 kB
ℹ .nuxt/dist/client/_nuxt/KaTeX_Caligraphic-Bold.ATXxdsX0.ttf           12.37 kB
ℹ .nuxt/dist/client/_nuxt/KaTeX_Fraktur-Regular.Dxdc4cR9.woff           13.21 kB
ℹ .nuxt/dist/client/_nuxt/KaTeX_Fraktur-Bold.BsDP51OF.woff              13.30 kB
ℹ .nuxt/dist/client/_nuxt/KaTeX_Typewriter-Regular.CO6r4hn1.woff2       13.57 kB
ℹ .nuxt/dist/client/_nuxt/KaTeX_SansSerif-Italic.DN2j7dab.woff          14.11 kB
ℹ .nuxt/dist/client/_nuxt/KaTeX_SansSerif-Bold.DbIhKOiC.woff            14.41 kB
ℹ .nuxt/dist/client/_nuxt/KaTeX_Typewriter-Regular.C0xS9mPB.woff        16.03 kB
ℹ .nuxt/dist/client/_nuxt/KaTeX_Math-BoldItalic.CZnvNsCZ.woff2          16.40 kB
ℹ .nuxt/dist/client/_nuxt/KaTeX_Math-Italic.t53AETM-.woff2              16.44 kB
ℹ .nuxt/dist/client/_nuxt/KaTeX_Script-Regular.C5JkGWo-.ttf             16.65 kB
ℹ .nuxt/dist/client/_nuxt/KaTeX_Main-BoldItalic.DxDJ3AOS.woff2          16.78 kB
ℹ .nuxt/dist/client/_nuxt/KaTeX_Main-Italic.NWA7e6Wa.woff2              16.99 kB
ℹ .nuxt/dist/client/_nuxt/KaTeX_Math-BoldItalic.iY-2wyZ7.woff           18.67 kB
ℹ .nuxt/dist/client/_nuxt/KaTeX_Math-Italic.DA0__PXp.woff               18.75 kB
ℹ .nuxt/dist/client/_nuxt/KaTeX_Main-BoldItalic.SpSLRI95.woff           19.41 kB
ℹ .nuxt/dist/client/_nuxt/KaTeX_SansSerif-Regular.BNo7hRIc.ttf          19.44 kB
ℹ .nuxt/dist/client/_nuxt/KaTeX_Fraktur-Regular.CB_wures.ttf            19.57 kB
ℹ .nuxt/dist/client/_nuxt/KaTeX_Fraktur-Bold.BdnERNNW.ttf               19.58 kB
ℹ .nuxt/dist/client/_nuxt/KaTeX_Main-Italic.BMLOBm91.woff               19.68 kB
ℹ .nuxt/dist/client/_nuxt/KaTeX_SansSerif-Italic.YYjJ1zSn.ttf           22.36 kB
ℹ .nuxt/dist/client/_nuxt/KaTeX_SansSerif-Bold.CFMepnvq.ttf             24.50 kB
ℹ .nuxt/dist/client/_nuxt/KaTeX_Main-Bold.Cx986IdX.woff2                25.32 kB
ℹ .nuxt/dist/client/_nuxt/KaTeX_Main-Regular.B22Nviop.woff2             26.27 kB
ℹ .nuxt/dist/client/_nuxt/KaTeX_Typewriter-Regular.D3Ib7_Hf.ttf         27.56 kB
ℹ .nuxt/dist/client/_nuxt/KaTeX_AMS-Regular.BQhdFMY1.woff2              28.08 kB
ℹ .nuxt/dist/client/_nuxt/KaTeX_Main-Bold.Jm3AIy58.woff                 29.91 kB
ℹ .nuxt/dist/client/_nuxt/KaTeX_Main-Regular.Dr94JaBh.woff              30.77 kB
ℹ .nuxt/dist/client/_nuxt/KaTeX_Math-BoldItalic.B3XSjfu4.ttf            31.20 kB
ℹ .nuxt/dist/client/_nuxt/KaTeX_Math-Italic.flOr_0UB.ttf                31.31 kB
ℹ .nuxt/dist/client/_nuxt/KaTeX_Main-BoldItalic.DzxPMmG6.ttf            32.97 kB
ℹ .nuxt/dist/client/_nuxt/KaTeX_AMS-Regular.DMm9YOAa.woff               33.52 kB
ℹ .nuxt/dist/client/_nuxt/KaTeX_Main-Italic.3WenGoN9.ttf                33.58 kB
ℹ .nuxt/dist/client/_nuxt/KaTeX_Main-Bold.waoOVXN0.ttf                  51.34 kB
ℹ .nuxt/dist/client/_nuxt/KaTeX_Main-Regular.ypZvNtVU.ttf               53.58 kB
ℹ .nuxt/dist/client/manifest.json                                       62.13 kB │ gzip:     5.85 kB
ℹ .nuxt/dist/client/_nuxt/KaTeX_AMS-Regular.DRggAlZN.ttf                63.63 kB
ℹ .nuxt/dist/client/_nuxt/ConfirmationModal.CJV_gWfn.css                 0.20 kB │ gzip:     0.12 kB
ℹ .nuxt/dist/client/_nuxt/media.yjOJmL4q.css                             0.23 kB │ gzip:     0.13 kB
ℹ .nuxt/dist/client/_nuxt/settings.CxTZU0Nv.css                          0.27 kB │ gzip:     0.21 kB
ℹ .nuxt/dist/client/_nuxt/AgentDefinitionForm.B4uhkLvJ.css               0.28 kB │ gzip:     0.15 kB
ℹ .nuxt/dist/client/_nuxt/FullScreenImageModal.aod6xn15.css              0.35 kB │ gzip:     0.17 kB
ℹ .nuxt/dist/client/_nuxt/default.nDS2jsD0.css                           0.86 kB │ gzip:     0.35 kB
ℹ .nuxt/dist/client/_nuxt/FileExplorerTabs.BrK5oVEn.css                  3.20 kB │ gzip:     1.02 kB
ℹ .nuxt/dist/client/_nuxt/useTeamRunRuntimeCatalogSync.BsDgdivq.css      3.51 kB │ gzip:     1.19 kB
ℹ .nuxt/dist/client/_nuxt/workspace.Bqk0KgpI.css                         6.93 kB │ gzip:     1.89 kB
ℹ .nuxt/dist/client/_nuxt/skills.DgQDsQ24.css                           21.72 kB │ gzip:     4.28 kB
ℹ .nuxt/dist/client/_nuxt/useWorkspaceFileExplorer.C_z0J9Y2.css         46.65 kB │ gzip:    12.11 kB
ℹ .nuxt/dist/client/_nuxt/entry.r8d0yB3p.css                           112.49 kB │ gzip:    17.67 kB
ℹ .nuxt/dist/client/_nuxt/Dv202ZIb.js                                    0.09 kB │ gzip:     0.10 kB
ℹ .nuxt/dist/client/_nuxt/D9iXgN7D.js                                    0.10 kB │ gzip:     0.12 kB
ℹ .nuxt/dist/client/_nuxt/Gi6I4Gst.js                                    0.15 kB │ gzip:     0.13 kB
ℹ .nuxt/dist/client/_nuxt/Cct9xpTS.js                                    0.18 kB │ gzip:     0.15 kB
ℹ .nuxt/dist/client/_nuxt/DSQoiGSJ.js                                    0.21 kB │ gzip:     0.16 kB
ℹ .nuxt/dist/client/_nuxt/Dp-SCwWs.js                                    0.22 kB │ gzip:     0.20 kB
ℹ .nuxt/dist/client/_nuxt/C_j_9X3K.js                                    0.23 kB │ gzip:     0.20 kB
ℹ .nuxt/dist/client/_nuxt/DbEeAITW.js                                    0.26 kB │ gzip:     0.21 kB
ℹ .nuxt/dist/client/_nuxt/AxjqrZff.js                                    0.34 kB │ gzip:     0.24 kB
ℹ .nuxt/dist/client/_nuxt/CljzWvRk.js                                    0.35 kB │ gzip:     0.25 kB
ℹ .nuxt/dist/client/_nuxt/DqJFclpN.js                                    0.35 kB │ gzip:     0.26 kB
ℹ .nuxt/dist/client/_nuxt/BANdipP9.js                                    0.37 kB │ gzip:     0.25 kB
ℹ .nuxt/dist/client/_nuxt/C5c5KY3s.js                                    0.37 kB │ gzip:     0.25 kB
ℹ .nuxt/dist/client/_nuxt/C8GzXhN_.js                                    0.48 kB │ gzip:     0.23 kB
ℹ .nuxt/dist/client/_nuxt/CQj_LTHe.js                                    0.49 kB │ gzip:     0.35 kB
ℹ .nuxt/dist/client/_nuxt/D5rNSdRc.js                                    0.64 kB │ gzip:     0.41 kB
ℹ .nuxt/dist/client/_nuxt/CoEdv9xH.js                                    0.90 kB │ gzip:     0.55 kB
ℹ .nuxt/dist/client/_nuxt/vX0vfb3P.js                                    0.94 kB │ gzip:     0.45 kB
ℹ .nuxt/dist/client/_nuxt/CbFx7IXF.js                                    1.04 kB │ gzip:     0.56 kB
ℹ .nuxt/dist/client/_nuxt/CmKTTxBW.js                                    1.18 kB │ gzip:     0.57 kB
ℹ .nuxt/dist/client/_nuxt/DSfx8g_D.js                                    1.42 kB │ gzip:     0.63 kB
ℹ .nuxt/dist/client/_nuxt/BfckMJqq.js                                    1.82 kB │ gzip:     0.83 kB
ℹ .nuxt/dist/client/_nuxt/BPYkaYx8.js                                    2.03 kB │ gzip:     0.97 kB
ℹ .nuxt/dist/client/_nuxt/BDsrbctx.js                                    2.56 kB │ gzip:     1.27 kB
ℹ .nuxt/dist/client/_nuxt/oFIJ8_9_.js                                    3.43 kB │ gzip:     1.47 kB
ℹ .nuxt/dist/client/_nuxt/638IXZnc.js                                    3.79 kB │ gzip:     1.47 kB
ℹ .nuxt/dist/client/_nuxt/C1K6bQ0c.js                                    3.83 kB │ gzip:     1.50 kB
ℹ .nuxt/dist/client/_nuxt/BbqO2wn3.js                                    4.24 kB │ gzip:     1.83 kB
ℹ .nuxt/dist/client/_nuxt/DC9E9qD7.js                                    4.36 kB │ gzip:     1.70 kB
ℹ .nuxt/dist/client/_nuxt/DX6XiGOO.js                                    4.69 kB │ gzip:     2.18 kB
ℹ .nuxt/dist/client/_nuxt/DT_Bs_Pq.js                                    4.74 kB │ gzip:     1.88 kB
ℹ .nuxt/dist/client/_nuxt/BMjaER1V.js                                    4.95 kB │ gzip:     2.03 kB
ℹ .nuxt/dist/client/_nuxt/DddR-ox-.js                                    5.05 kB │ gzip:     2.08 kB
ℹ .nuxt/dist/client/_nuxt/CX5qcUOn.js                                    5.16 kB │ gzip:     2.26 kB
ℹ .nuxt/dist/client/_nuxt/BTHf-iG-.js                                    5.55 kB │ gzip:     2.22 kB
ℹ .nuxt/dist/client/_nuxt/CPUzakRP.js                                    5.63 kB │ gzip:     2.29 kB
ℹ .nuxt/dist/client/_nuxt/AycBDC1W.js                                    5.85 kB │ gzip:     2.44 kB
ℹ .nuxt/dist/client/_nuxt/DjGRj8cZ.js                                    5.90 kB │ gzip:     1.85 kB
ℹ .nuxt/dist/client/_nuxt/QCY7pIXs.js                                    6.38 kB │ gzip:     1.62 kB
ℹ .nuxt/dist/client/_nuxt/CR9HTFlb.js                                    8.71 kB │ gzip:     1.83 kB
ℹ .nuxt/dist/client/_nuxt/C83BjJZj.js                                    9.02 kB │ gzip:     1.72 kB
ℹ .nuxt/dist/client/_nuxt/D1Pt5KqB.js                                   10.30 kB │ gzip:     3.57 kB
ℹ .nuxt/dist/client/_nuxt/DJcvy4PT.js                                   10.96 kB │ gzip:     4.07 kB
ℹ .nuxt/dist/client/_nuxt/DQ3mt_YQ.js                                   11.88 kB │ gzip:     4.64 kB
ℹ .nuxt/dist/client/_nuxt/kyBTt1ZH.js                                   13.22 kB │ gzip:     4.45 kB
ℹ .nuxt/dist/client/_nuxt/DJjexJ34.js                                   13.50 kB │ gzip:     4.21 kB
ℹ .nuxt/dist/client/_nuxt/DyfMgSKE.js                                   15.76 kB │ gzip:     5.59 kB
ℹ .nuxt/dist/client/_nuxt/HJ5AN2L4.js                                   17.43 kB │ gzip:     4.51 kB
ℹ .nuxt/dist/client/_nuxt/B7OykbEP.js                                   18.47 kB │ gzip:     7.20 kB
ℹ .nuxt/dist/client/_nuxt/DrLyBZ5M.js                                   20.00 kB │ gzip:     6.87 kB
ℹ .nuxt/dist/client/_nuxt/CcB0MLH3.js                                   20.18 kB │ gzip:     7.14 kB
ℹ .nuxt/dist/client/_nuxt/U2_7kkRP.js                                   21.45 kB │ gzip:     6.28 kB
ℹ .nuxt/dist/client/_nuxt/D6JjMchp.js                                   22.10 kB │ gzip:     8.11 kB
ℹ .nuxt/dist/client/_nuxt/BqoanDbz.js                                   23.50 kB │ gzip:     8.29 kB
ℹ .nuxt/dist/client/_nuxt/BCYXob0F.js                                   23.58 kB │ gzip:     8.21 kB
ℹ .nuxt/dist/client/_nuxt/DnPUe1QU.js                                   24.06 kB │ gzip:     7.37 kB
ℹ .nuxt/dist/client/_nuxt/C2hokYAV.js                                   25.20 kB │ gzip:     8.79 kB
ℹ .nuxt/dist/client/_nuxt/BKlIw_dk.js                                   27.35 kB │ gzip:     9.70 kB
ℹ .nuxt/dist/client/_nuxt/DUhRyxRB.js                                   29.95 kB │ gzip:     8.76 kB
ℹ .nuxt/dist/client/_nuxt/CfbXAeVV.js                                   30.05 kB │ gzip:     9.39 kB
ℹ .nuxt/dist/client/_nuxt/Daz-I7ZA.js                                   31.20 kB │ gzip:     9.83 kB
ℹ .nuxt/dist/client/_nuxt/DucgDMMw.js                                   32.82 kB │ gzip:     8.65 kB
ℹ .nuxt/dist/client/_nuxt/C2WsNZjV.js                                   33.81 kB │ gzip:     9.91 kB
ℹ .nuxt/dist/client/_nuxt/pjLmzvpd.js                                   35.08 kB │ gzip:     8.83 kB
ℹ .nuxt/dist/client/_nuxt/Dwnbgdu7.js                                   36.30 kB │ gzip:    11.79 kB
ℹ .nuxt/dist/client/_nuxt/BcPoUYo2.js                                   40.14 kB │ gzip:    11.32 kB
ℹ .nuxt/dist/client/_nuxt/CqMdnlx1.js                                   40.27 kB │ gzip:     8.97 kB
ℹ .nuxt/dist/client/_nuxt/5rNKqzFG.js                                   40.72 kB │ gzip:    10.57 kB
ℹ .nuxt/dist/client/_nuxt/BmDXPZxf.js                                   45.25 kB │ gzip:    14.64 kB
ℹ .nuxt/dist/client/_nuxt/Boz4VrOG.js                                   47.10 kB │ gzip:    11.78 kB
ℹ .nuxt/dist/client/_nuxt/ut7QD0I1.js                                   60.39 kB │ gzip:    19.37 kB
ℹ .nuxt/dist/client/_nuxt/CiDZ3JM8.js                                   67.24 kB │ gzip:    15.74 kB
ℹ .nuxt/dist/client/_nuxt/B_qhte6J.js                                   68.28 kB │ gzip:    23.12 kB
ℹ .nuxt/dist/client/_nuxt/CknwEwGN.js                                   70.11 kB │ gzip:    19.66 kB
ℹ .nuxt/dist/client/_nuxt/CztFar8w.js                                   71.23 kB │ gzip:    20.98 kB
ℹ .nuxt/dist/client/_nuxt/Co3Ay1CR.js                                   71.73 kB │ gzip:    20.46 kB
ℹ .nuxt/dist/client/_nuxt/BefCuI2E.js                                   73.88 kB │ gzip:    16.97 kB
ℹ .nuxt/dist/client/_nuxt/O64bEVdF.js                                   81.68 kB │ gzip:    22.46 kB
ℹ .nuxt/dist/client/_nuxt/D8dqHUR7.js                                   97.52 kB │ gzip:    25.67 kB
ℹ .nuxt/dist/client/_nuxt/C0PVXswk.js                                   97.77 kB │ gzip:    26.82 kB
ℹ .nuxt/dist/client/_nuxt/Bb5CAN7B.js                                  110.74 kB │ gzip:    29.72 kB
ℹ .nuxt/dist/client/_nuxt/Cye7atDM.js                                  128.11 kB │ gzip:    33.07 kB
ℹ .nuxt/dist/client/_nuxt/BXrVVQsv.js                                  148.56 kB │ gzip:    41.98 kB
ℹ .nuxt/dist/client/_nuxt/5J0xJHOV.js                                  441.64 kB │ gzip:   141.47 kB
ℹ .nuxt/dist/client/_nuxt/BK4J7Ogh.js                                  452.84 kB │ gzip:   107.01 kB
ℹ .nuxt/dist/client/_nuxt/BgFxo-yb.js                                  521.76 kB │ gzip:   140.40 kB
ℹ .nuxt/dist/client/_nuxt/so7zBchQ.js                                  626.95 kB │ gzip:   167.54 kB
ℹ .nuxt/dist/client/_nuxt/DNzwdXV3.js                                  923.51 kB │ gzip:   254.57 kB
ℹ .nuxt/dist/client/_nuxt/Ct6tfjPJ.js                                3,742.90 kB │ gzip: 1,204.73 kB

 WARN 
(!) Some chunks are larger than 500 kB after minification. Consider:
- Using dynamic import() to code-split the application
- Use build.rollupOptions.output.manualChunks to improve chunking: https://rollupjs.org/configuration-options/#output-manualchunks
- Adjust chunk size limit for this warning via build.chunkSizeWarningLimit.

ℹ ✓ built in 17.30s
✔ Client built in 17312ms
ℹ Building server...
ℹ vite v7.3.1 building ssr environment for production...
ℹ transforming...
ℹ ✓ 1 modules transformed.
ℹ rendering chunks...
ℹ ✓ built in 13ms
✔ Server built in 77ms
[nitro] ℹ Initializing prerenderer
[nitro] ℹ Prerendering 14 initial routes with crawler
[nitro]   ├─ /media (36ms)
[nitro]   ├─ /tools (36ms)
[nitro]   ├─ /agents (36ms)
[nitro]   ├─ /settings (37ms)
[nitro]   ├─ /memory (36ms)
[nitro]   ├─ /skills (37ms)
[nitro]   ├─ /agent-teams (38ms)
[nitro]   ├─ /workspace (38ms)
[nitro]   ├─ /applications (38ms)
[nitro]   ├─ / (36ms)
[nitro]   ├─ /mobile (36ms)
[nitro]   ├─ /index.html (38ms)
[nitro]   ├─ /200.html (38ms)
[nitro]   ├─ /404.html (38ms)
[nitro] ℹ Prerendered 14 routes in 0.707 seconds
[nitro] ✔ Generated public dist/public
[nitro] ✔ You can preview this build using npx serve dist/public
│
▲  HTML content not prerendered because ssr: false was set.
│
●  You can read more in https://nuxt.com/docs/getting-started/deployment#static-hosting.
│
└  ✨ You can now deploy dist/public to any static hosting!
Mobile web assets written to /Users/normy/autobyteus_org/autobyteus-workspace-superrepo/autobyteus-web/dist-mobile/public

[0;33mDeploying server package into Electron resources...[0m
 WARN  Shared workspace lockfile detected but configuration forces legacy deploy implementation.
Packages are cloned from the content-addressable store to the virtual store.
  Content-addressable store is at: /Users/normy/Library/pnpm/store/v10
  Virtual store is at:             autobyteus-web/resources/server/node_modules/.pnpm
Progress: resolved 1, reused 0, downloaded 0, added 0
autobyteus-web                           |  WARN  deprecated electron-rebuild@3.2.9
Progress: resolved 819, reused 0, downloaded 0, added 0
Progress: resolved 1904, reused 1, downloaded 0, added 0
 WARN  23 deprecated subdependencies found: @babel/plugin-proposal-class-properties@7.18.6, @babel/plugin-proposal-object-rest-spread@7.20.7, @graphql-tools/prisma-loader@8.0.17, @npmcli/move-file@2.0.1, are-we-there-yet@3.0.1, boolean@3.2.0, gauge@4.0.4, glob@10.5.0, glob@7.2.3, glob@8.1.0, har-validator@5.1.5, inflight@1.0.6, lodash.get@4.4.2, lodash.isequal@4.5.0, mkdirp@0.5.1, node-domexception@1.0.0, npmlog@6.0.2, phin@3.7.1, request@2.88.2, rimraf@3.0.2, tar@6.2.1, uuid@3.4.0, whatwg-encoding@3.1.1
Progress: resolved 1924, reused 1, downloaded 0, added 0, done
 WARN  Issues with peer dependencies found
autobyteus-web
└─┬ nuxt 3.21.1
  └─┬ @nuxt/cli 3.33.1
    ├── ✕ unmet peer @nuxt/schema@^4.3.0: found 3.21.1
    └─┬ @bomb.sh/tab 0.0.12
      └── ✕ unmet peer citty@^0.1.6: found 0.2.1
.                                        | +454 ++++++++++++++++++++++++++++++++
╭ Warning ─────────────────────────────────────────────────────────────────────╮
│                                                                              │
│   Ignored build scripts: autobyteus-ts@file:autobyteus-ts.                   │
│   Run "pnpm approve-builds" to pick which dependencies should be allowed     │
│   to run scripts.                                                            │
│                                                                              │
╰──────────────────────────────────────────────────────────────────────────────╯

[0;33mCleaning workspace symlinks in deployment...[0m
Removed 1 external symlinks from /Users/normy/autobyteus_org/autobyteus-workspace-superrepo/autobyteus-web/resources/server/node_modules/.pnpm/node_modules

[0;33mRemoving non-runtime test fixtures from deployed dependencies...[0m

[0;33mGenerating Prisma client (ensures engines are bundled)...[0m
Environment variables loaded from .env
Prisma schema loaded from resources/server/prisma/schema.prisma

✔ Generated Prisma Client (v5.22.0) to ./resources/server/node_modules/.pnpm/@prisma+client@5.22.0_prisma@5.22.0/node_modules/@prisma/client in 154ms

Start by importing your Prisma Client (See: https://pris.ly/d/importing-client)

Help us improve the Prisma ORM for everyone. Share your feedback in a short 2-min survey: https://pris.ly/orm/survey/release-5-22

┌─────────────────────────────────────────────────────────┐
│  Update available 5.22.0 -> 7.8.0                       │
│                                                         │
│  This is a major update - please follow the guide at    │
│  https://pris.ly/d/major-version-upgrade                │
│                                                         │
│  Run the following to update                            │
│    npm i --save-dev prisma@latest                       │
│    npm i @prisma/client@latest                          │
└─────────────────────────────────────────────────────────┘

[0;33mPruning native prebuilds for host platform...[0m

[0;33mRebuilding native modules for Electron...[0m
- Searching dependency tree
(node:41671) [DEP0060] DeprecationWarning: The `util._extend` API is deprecated. Please use Object.assign() instead.
(Use `node --trace-deprecation ...` to show where the warning was created)
  TOUCH Release/obj.target/../../../node-addon-api@7.1.1/node_modules/node-addon-api/node_addon_api_except.stamp
  CXX(target) Release/obj.target/pty/src/unix/pty.o
../src/unix/pty.cc:139:30: warning: missing field 'filter' initializer [-Wmissing-field-initializers]
  139 |     struct kevent change = {0};
      |                              ^
../src/unix/pty.cc:159:31: warning: missing field 'filter' initializer [-Wmissing-field-initializers]
  159 |       struct kevent event = {0};
      |                               ^
2 warnings generated.
  SOLINK_MODULE(target) Release/pty.node
  CXX(target) Release/obj.target/spawn-helper/src/unix/spawn-helper.o
  LINK(target) Release/spawn-helper
✔ Rebuild Complete

[0;33mRemoving symlinks that point outside the bundle...[0m
Removed 1 external symlinks from /Users/normy/autobyteus_org/autobyteus-workspace-superrepo/autobyteus-web/resources/server

[0;32m=======================================[0m
[0;32m   Server files prepared successfully!   [0m
[0;32m=======================================[0m
Target directory: [0;33m/Users/normy/autobyteus_org/autobyteus-workspace-superrepo/autobyteus-web/resources/server[0m
You can now build the Electron app with the server included

> autobyteus@1.3.41 generate:electron /Users/normy/autobyteus_org/autobyteus-workspace-superrepo/autobyteus-web
> cross-env NODE_ENV=production BUILD_TARGET=electron nuxt generate

┌  Building Nuxt for production...
│
●  Nuxt 3.21.1 (with Nitro 2.13.1, Vite 7.3.1 and Vue 3.5.28)
isElectronBuild true
[Electron Module] Initializing electron module
[Electron Module] Applying default Electron configurations
[Electron Module] Configuring for Electron build target
[Electron Module] Configuring production settings
[Electron Module] Electron module initialization completed
│
●  Nitro preset: static
[Electron Module] Extending Vite config
ℹ Building client...
[Electron Module] Vite config resolved: { mode: 'production', base: './', buildTarget: 'electron' }
ℹ vite v7.3.1 building client environment for production...
ℹ transforming...
ℹ ✓ 3482 modules transformed.
ℹ rendering chunks...
ℹ computing gzip size...
ℹ .nuxt/dist/client/_nuxt/KaTeX_Size3-Regular.CTq5MqoE.woff               4.42 kB
ℹ .nuxt/dist/client/_nuxt/KaTeX_Size4-Regular.Dl5lxZxV.woff2              4.93 kB
ℹ .nuxt/dist/client/_nuxt/KaTeX_Size2-Regular.Dy4dx90m.woff2              5.21 kB
ℹ .nuxt/dist/client/_nuxt/KaTeX_Size1-Regular.mCD8mA8B.woff2              5.47 kB
ℹ .nuxt/dist/client/_nuxt/KaTeX_Size4-Regular.BF-4gkZK.woff               5.98 kB
ℹ .nuxt/dist/client/_nuxt/KaTeX_Size2-Regular.oD1tc_U0.woff               6.19 kB
ℹ .nuxt/dist/client/_nuxt/KaTeX_Size1-Regular.C195tn64.woff               6.50 kB
ℹ .nuxt/dist/client/_nuxt/KaTeX_Caligraphic-Regular.Di6jR-x-.woff2        6.91 kB
ℹ .nuxt/dist/client/_nuxt/KaTeX_Caligraphic-Bold.Dq_IR9rO.woff2           6.91 kB
ℹ .nuxt/dist/client/_nuxt/KaTeX_Size3-Regular.DgpXs0kz.ttf                7.59 kB
ℹ .nuxt/dist/client/_nuxt/KaTeX_Caligraphic-Regular.CTRA-rTL.woff         7.66 kB
ℹ .nuxt/dist/client/_nuxt/KaTeX_Caligraphic-Bold.BEiXGLvX.woff            7.72 kB
ℹ .nuxt/dist/client/_nuxt/KaTeX_Script-Regular.D3wIWfF6.woff2             9.64 kB
ℹ .nuxt/dist/client/_nuxt/KaTeX_SansSerif-Regular.DDBCnlJ7.woff2         10.34 kB
ℹ .nuxt/dist/client/_nuxt/KaTeX_Size4-Regular.DWFBv043.ttf               10.36 kB
ℹ .nuxt/dist/client/_nuxt/KaTeX_Script-Regular.D5yQViql.woff             10.59 kB
ℹ .nuxt/dist/client/_nuxt/KaTeX_Fraktur-Regular.CTYiF6lA.woff2           11.32 kB
ℹ .nuxt/dist/client/_nuxt/KaTeX_Fraktur-Bold.CL6g_b3V.woff2              11.35 kB
ℹ .nuxt/dist/client/_nuxt/KaTeX_Size2-Regular.B7gKUWhC.ttf               11.51 kB
ℹ .nuxt/dist/client/_nuxt/KaTeX_SansSerif-Italic.C3H0VqGB.woff2          12.03 kB
ℹ .nuxt/dist/client/_nuxt/KaTeX_SansSerif-Bold.D1sUS0GD.woff2            12.22 kB
ℹ .nuxt/dist/client/_nuxt/KaTeX_Size1-Regular.Dbsnue_I.ttf               12.23 kB
ℹ .nuxt/dist/client/_nuxt/KaTeX_SansSerif-Regular.CS6fqUqJ.woff          12.32 kB
ℹ .nuxt/dist/client/_nuxt/KaTeX_Caligraphic-Regular.wX97UBjC.ttf         12.34 kB
ℹ .nuxt/dist/client/_nuxt/KaTeX_Caligraphic-Bold.ATXxdsX0.ttf            12.37 kB
ℹ .nuxt/dist/client/_nuxt/KaTeX_Fraktur-Regular.Dxdc4cR9.woff            13.21 kB
ℹ .nuxt/dist/client/_nuxt/KaTeX_Fraktur-Bold.BsDP51OF.woff               13.30 kB
ℹ .nuxt/dist/client/_nuxt/KaTeX_Typewriter-Regular.CO6r4hn1.woff2        13.57 kB
ℹ .nuxt/dist/client/_nuxt/KaTeX_SansSerif-Italic.DN2j7dab.woff           14.11 kB
ℹ .nuxt/dist/client/_nuxt/KaTeX_SansSerif-Bold.DbIhKOiC.woff             14.41 kB
ℹ .nuxt/dist/client/_nuxt/KaTeX_Typewriter-Regular.C0xS9mPB.woff         16.03 kB
ℹ .nuxt/dist/client/_nuxt/KaTeX_Math-BoldItalic.CZnvNsCZ.woff2           16.40 kB
ℹ .nuxt/dist/client/_nuxt/KaTeX_Math-Italic.t53AETM-.woff2               16.44 kB
ℹ .nuxt/dist/client/_nuxt/KaTeX_Script-Regular.C5JkGWo-.ttf              16.65 kB
ℹ .nuxt/dist/client/_nuxt/KaTeX_Main-BoldItalic.DxDJ3AOS.woff2           16.78 kB
ℹ .nuxt/dist/client/_nuxt/KaTeX_Main-Italic.NWA7e6Wa.woff2               16.99 kB
ℹ .nuxt/dist/client/_nuxt/KaTeX_Math-BoldItalic.iY-2wyZ7.woff            18.67 kB
ℹ .nuxt/dist/client/_nuxt/KaTeX_Math-Italic.DA0__PXp.woff                18.75 kB
ℹ .nuxt/dist/client/_nuxt/KaTeX_Main-BoldItalic.SpSLRI95.woff            19.41 kB
ℹ .nuxt/dist/client/_nuxt/KaTeX_SansSerif-Regular.BNo7hRIc.ttf           19.44 kB
ℹ .nuxt/dist/client/_nuxt/KaTeX_Fraktur-Regular.CB_wures.ttf             19.57 kB
ℹ .nuxt/dist/client/_nuxt/KaTeX_Fraktur-Bold.BdnERNNW.ttf                19.58 kB
ℹ .nuxt/dist/client/_nuxt/KaTeX_Main-Italic.BMLOBm91.woff                19.68 kB
ℹ .nuxt/dist/client/_nuxt/KaTeX_SansSerif-Italic.YYjJ1zSn.ttf            22.36 kB
ℹ .nuxt/dist/client/_nuxt/KaTeX_SansSerif-Bold.CFMepnvq.ttf              24.50 kB
ℹ .nuxt/dist/client/_nuxt/KaTeX_Main-Bold.Cx986IdX.woff2                 25.32 kB
ℹ .nuxt/dist/client/_nuxt/KaTeX_Main-Regular.B22Nviop.woff2              26.27 kB
ℹ .nuxt/dist/client/_nuxt/KaTeX_Typewriter-Regular.D3Ib7_Hf.ttf          27.56 kB
ℹ .nuxt/dist/client/_nuxt/KaTeX_AMS-Regular.BQhdFMY1.woff2               28.08 kB
ℹ .nuxt/dist/client/_nuxt/KaTeX_Main-Bold.Jm3AIy58.woff                  29.91 kB
ℹ .nuxt/dist/client/_nuxt/KaTeX_Main-Regular.Dr94JaBh.woff               30.77 kB
ℹ .nuxt/dist/client/_nuxt/KaTeX_Math-BoldItalic.B3XSjfu4.ttf             31.20 kB
ℹ .nuxt/dist/client/_nuxt/KaTeX_Math-Italic.flOr_0UB.ttf                 31.31 kB
ℹ .nuxt/dist/client/_nuxt/KaTeX_Main-BoldItalic.DzxPMmG6.ttf             32.97 kB
ℹ .nuxt/dist/client/_nuxt/KaTeX_AMS-Regular.DMm9YOAa.woff                33.52 kB
ℹ .nuxt/dist/client/_nuxt/KaTeX_Main-Italic.3WenGoN9.ttf                 33.58 kB
ℹ .nuxt/dist/client/_nuxt/KaTeX_Main-Bold.waoOVXN0.ttf                   51.34 kB
ℹ .nuxt/dist/client/_nuxt/KaTeX_Main-Regular.ypZvNtVU.ttf                53.58 kB
ℹ .nuxt/dist/client/_nuxt/KaTeX_AMS-Regular.DRggAlZN.ttf                 63.63 kB
ℹ .nuxt/dist/client/manifest.json                                        69.84 kB │ gzip:     6.22 kB
ℹ .nuxt/dist/client/_nuxt/ConfirmationModal.CJV_gWfn.css                  0.20 kB │ gzip:     0.12 kB
ℹ .nuxt/dist/client/_nuxt/media.yjOJmL4q.css                              0.23 kB │ gzip:     0.13 kB
ℹ .nuxt/dist/client/_nuxt/settings.CxTZU0Nv.css                           0.27 kB │ gzip:     0.21 kB
ℹ .nuxt/dist/client/_nuxt/AgentDefinitionForm.B4uhkLvJ.css                0.28 kB │ gzip:     0.15 kB
ℹ .nuxt/dist/client/_nuxt/FullScreenImageModal.aod6xn15.css               0.35 kB │ gzip:     0.17 kB
ℹ .nuxt/dist/client/_nuxt/default.nDS2jsD0.css                            0.86 kB │ gzip:     0.35 kB
ℹ .nuxt/dist/client/_nuxt/FileExplorerTabs.BrK5oVEn.css                   3.20 kB │ gzip:     1.02 kB
ℹ .nuxt/dist/client/_nuxt/useTeamRunRuntimeCatalogSync.BsDgdivq.css       3.51 kB │ gzip:     1.19 kB
ℹ .nuxt/dist/client/_nuxt/workspace.Bqk0KgpI.css                          6.93 kB │ gzip:     1.89 kB
ℹ .nuxt/dist/client/_nuxt/skills.DgQDsQ24.css                            21.72 kB │ gzip:     4.28 kB
ℹ .nuxt/dist/client/_nuxt/useWorkspaceFileExplorer.C_z0J9Y2.css          46.65 kB │ gzip:    12.11 kB
ℹ .nuxt/dist/client/_nuxt/entry.r8d0yB3p.css                            112.49 kB │ gzip:    17.67 kB
ℹ .nuxt/dist/client/_nuxt/clone.BuIAp_bw.js                               0.10 kB │ gzip:     0.11 kB
ℹ .nuxt/dist/client/_nuxt/channel.D88qv1Ai.js                             0.13 kB │ gzip:     0.14 kB
ℹ .nuxt/dist/client/_nuxt/init.Gi6I4Gst.js                                0.15 kB │ gzip:     0.13 kB
ℹ .nuxt/dist/client/_nuxt/chunk-QZHKN3VN.DG5R3g0G.js                      0.21 kB │ gzip:     0.17 kB
ℹ .nuxt/dist/client/_nuxt/settings.C_j_9X3K.js                            0.23 kB │ gzip:     0.20 kB
ℹ .nuxt/dist/client/_nuxt/chunk-4BX2VUAB.DzPuJVrb.js                      0.24 kB │ gzip:     0.18 kB
ℹ .nuxt/dist/client/_nuxt/chunk-55IACEB6.DN42X_GZ.js                      0.25 kB │ gzip:     0.22 kB
ℹ .nuxt/dist/client/_nuxt/tools.DlWe4L5P.js                               0.31 kB │ gzip:     0.24 kB
ℹ .nuxt/dist/client/_nuxt/useNativeFolderDialog.CljzWvRk.js               0.35 kB │ gzip:     0.25 kB
ℹ .nuxt/dist/client/_nuxt/chunk-FMBD7UC4.4YMjxPCe.js                      0.38 kB │ gzip:     0.28 kB
ℹ .nuxt/dist/client/_nuxt/stateDiagram-v2-4FDKWEC3.DxhBH-qC.js            0.42 kB │ gzip:     0.30 kB
ℹ .nuxt/dist/client/_nuxt/classDiagram-2ON5EDUG.CUNbcih0.js               0.46 kB │ gzip:     0.32 kB
ℹ .nuxt/dist/client/_nuxt/classDiagram-v2-WZHVMYZB.CUNbcih0.js            0.46 kB │ gzip:     0.32 kB
ℹ .nuxt/dist/client/_nuxt/appLayoutStore.C8GzXhN_.js                      0.48 kB │ gzip:     0.23 kB
ℹ .nuxt/dist/client/_nuxt/chunk-QN33PNHL.CwzNUY7M.js                      0.52 kB │ gzip:     0.37 kB
ℹ .nuxt/dist/client/_nuxt/infoDiagram-HS3SLOUP.B5bTcqYN.js                0.72 kB │ gzip:     0.47 kB
ℹ .nuxt/dist/client/_nuxt/api.vX0vfb3P.js                                 0.94 kB │ gzip:     0.45 kB
ℹ .nuxt/dist/client/_nuxt/index.DabL5sYf.js                               1.16 kB │ gzip:     0.71 kB
ℹ .nuxt/dist/client/_nuxt/ordinal.BYWQX77i.js                             1.19 kB │ gzip:     0.57 kB
ℹ .nuxt/dist/client/_nuxt/mobile.BUkUzagC.js                              1.31 kB │ gzip:     0.72 kB
ℹ .nuxt/dist/client/_nuxt/chunk-TZMSLE5B.CkkJxWA2.js                      1.45 kB │ gzip:     0.65 kB
ℹ .nuxt/dist/client/_nuxt/applicationAssetUrl.BfckMJqq.js                 1.82 kB │ gzip:     0.83 kB
ℹ .nuxt/dist/client/_nuxt/ConfirmationModal.BPYkaYx8.js                   2.03 kB │ gzip:     0.97 kB
ℹ .nuxt/dist/client/_nuxt/_basePickBy.PcucMOYl.js                         2.60 kB │ gzip:     1.30 kB
ℹ .nuxt/dist/client/_nuxt/arc.Bf0YBHSr.js                                 3.45 kB │ gzip:     1.50 kB
ℹ .nuxt/dist/client/_nuxt/agentDefinitionOptionsStore.638IXZnc.js         3.79 kB │ gzip:     1.47 kB
ℹ .nuxt/dist/client/_nuxt/applicationStore.C1K6bQ0c.js                    3.83 kB │ gzip:     1.50 kB
ℹ .nuxt/dist/client/_nuxt/diagram-S2PKOQOG.DXiGg9Ct.js                    4.34 kB │ gzip:     1.90 kB
ℹ .nuxt/dist/client/_nuxt/RuntimeModelConfigFields.vue.BySN27JB.js        4.45 kB │ gzip:     1.75 kB
ℹ .nuxt/dist/client/_nuxt/defaultLocale.DX6XiGOO.js                       4.69 kB │ gzip:     2.18 kB
ℹ .nuxt/dist/client/_nuxt/index.CdPOgxUX.js                               4.78 kB │ gzip:     1.89 kB
ℹ .nuxt/dist/client/_nuxt/FullScreenImageModal.CBiaCMFD.js                4.96 kB │ gzip:     2.03 kB
ℹ .nuxt/dist/client/_nuxt/SearchableGroupedSelect.vue.DddR-ox-.js         5.05 kB │ gzip:     2.08 kB
ℹ .nuxt/dist/client/_nuxt/pieDiagram-ADFJNKIX.hpnW0sXz.js                 5.28 kB │ gzip:     2.34 kB
ℹ .nuxt/dist/client/_nuxt/SearchableSelect.vue.BTHf-iG-.js                5.55 kB │ gzip:     2.22 kB
ℹ .nuxt/dist/client/_nuxt/linear.-ENQQqDm.js                              5.67 kB │ gzip:     2.32 kB
ℹ .nuxt/dist/client/_nuxt/graph.D0JkZxz8.js                               5.93 kB │ gzip:     1.88 kB
ℹ .nuxt/dist/client/_nuxt/diagram-QEK2KX5R.BviAd6TB.js                    5.94 kB │ gzip:     2.51 kB
ℹ .nuxt/dist/client/_nuxt/serverSettings.QCY7pIXs.js                      6.38 kB │ gzip:     1.62 kB
ℹ .nuxt/dist/client/_nuxt/toolManagementStore.CR9HTFlb.js                 8.71 kB │ gzip:     1.83 kB
ℹ .nuxt/dist/client/_nuxt/skillStore.C83BjJZj.js                          9.02 kB │ gzip:     1.72 kB
ℹ .nuxt/dist/client/_nuxt/stateDiagram-FKZM4ZOC.Drf34ZBp.js              10.42 kB │ gzip:     3.66 kB
ℹ .nuxt/dist/client/_nuxt/dagre-6UL2VRFP.C_TnR7lf.js                     11.04 kB │ gzip:     4.12 kB
ℹ .nuxt/dist/client/_nuxt/_baseUniq.yGLuC3g8.js                          11.90 kB │ gzip:     4.66 kB
ℹ .nuxt/dist/client/_nuxt/media.BRRtGgNJ.js                              13.27 kB │ gzip:     4.48 kB
ℹ .nuxt/dist/client/_nuxt/ModelConfigSection.vue.C1Sn1NvA.js             13.54 kB │ gzip:     4.23 kB
ℹ .nuxt/dist/client/_nuxt/diagram-PSM6KHXK.DmwBraFl.js                   15.90 kB │ gzip:     5.69 kB
ℹ .nuxt/dist/client/_nuxt/useRuntimeScopedModelSelection.Cj9Mgepj.js     17.44 kB │ gzip:     4.52 kB
ℹ .nuxt/dist/client/_nuxt/iconify.B7OykbEP.js                            18.47 kB │ gzip:     7.20 kB
ℹ .nuxt/dist/client/_nuxt/mindmap-definition-VGOIOE7T.bTqlyBxX.js        20.07 kB │ gzip:     6.92 kB
ℹ .nuxt/dist/client/_nuxt/kanban-definition-3W4ZIXB7.BJc6XmFl.js         20.23 kB │ gzip:     7.18 kB
ℹ .nuxt/dist/client/_nuxt/voiceInputStore.DkpaFasH.js                    21.47 kB │ gzip:     6.28 kB
ℹ .nuxt/dist/client/_nuxt/sankeyDiagram-TZEHDZUN.C53irW2P.js             22.15 kB │ gzip:     8.14 kB
ℹ .nuxt/dist/client/_nuxt/journeyDiagram-XKPGCS4Q.C1RMEXvx.js            23.57 kB │ gzip:     8.34 kB
ℹ .nuxt/dist/client/_nuxt/timeline-definition-IT6M3QCI.FaJvrRRm.js       23.62 kB │ gzip:     8.24 kB
ℹ .nuxt/dist/client/_nuxt/gitGraphDiagram-V2S2FVAM.D2czyd50.js           24.17 kB │ gzip:     7.45 kB
ℹ .nuxt/dist/client/_nuxt/erDiagram-Q2GNP2WA.BlptDJFN.js                 25.27 kB │ gzip:     8.85 kB
ℹ .nuxt/dist/client/_nuxt/layout.BGzMNzoB.js                             27.40 kB │ gzip:     9.73 kB
ℹ .nuxt/dist/client/_nuxt/requirementDiagram-UZGBJVZJ.CCkHhV-W.js        30.11 kB │ gzip:     9.44 kB
ℹ .nuxt/dist/client/_nuxt/agents.Dmo1qAMw.js                             30.18 kB │ gzip:     8.86 kB
ℹ .nuxt/dist/client/_nuxt/FileExplorerTabs.vue.CzwfO6Sn.js               31.25 kB │ gzip:     9.85 kB
ℹ .nuxt/dist/client/_nuxt/skills.DDviKCRl.js                             32.91 kB │ gzip:     8.70 kB
ℹ .nuxt/dist/client/_nuxt/quadrantDiagram-AYHSOK5B.CHbO6aFO.js           33.87 kB │ gzip:     9.96 kB
ℹ .nuxt/dist/client/_nuxt/AgentDefinitionForm.vue.Dig7yMiB.js            35.19 kB │ gzip:     8.88 kB
ℹ .nuxt/dist/client/_nuxt/chunk-DI55MBZ5.Bg8B5ep8.js                     36.36 kB │ gzip:    11.84 kB
ℹ .nuxt/dist/client/_nuxt/xychartDiagram-PRI3JC2R.CueEVgqk.js            40.21 kB │ gzip:    11.36 kB
ℹ .nuxt/dist/client/_nuxt/memory.CqMdnlx1.js                             40.27 kB │ gzip:     8.97 kB
ℹ .nuxt/dist/client/_nuxt/ToolsManagementWorkspace.vue.BvLA6X2b.js       40.74 kB │ gzip:    10.58 kB
ℹ .nuxt/dist/client/_nuxt/chunk-B4BG7PRW.C_41KHnY.js                     45.32 kB │ gzip:    14.69 kB
ℹ .nuxt/dist/client/_nuxt/default.C71msIPB.js                            47.22 kB │ gzip:    11.84 kB
ℹ .nuxt/dist/client/_nuxt/flowDiagram-NV44I4VS.DB8HJ_bg.js               60.48 kB │ gzip:    19.44 kB
ℹ .nuxt/dist/client/_nuxt/agent-teams.DO7tYP_5.js                        67.47 kB │ gzip:    15.85 kB
ℹ .nuxt/dist/client/_nuxt/ganttDiagram-JELNMOA3.M276LERB.js              68.34 kB │ gzip:    23.16 kB
ℹ .nuxt/dist/client/_nuxt/c4Diagram-YG6GDRKO.qWKd6ps7.js                 70.16 kB │ gzip:    19.69 kB
ℹ .nuxt/dist/client/_nuxt/useTeamRunRuntimeCatalogSync.CIbp9_wU.js       71.36 kB │ gzip:    21.05 kB
ℹ .nuxt/dist/client/_nuxt/blockDiagram-VD42YOAC.DGH86DTm.js              71.81 kB │ gzip:    20.52 kB
ℹ .nuxt/dist/client/_nuxt/_id_.Df1KsRZh.js                               74.05 kB │ gzip:    17.04 kB
ℹ .nuxt/dist/client/_nuxt/cose-bilkent-S5V4N54A.D4m4AYFW.js              81.73 kB │ gzip:    22.49 kB
ℹ .nuxt/dist/client/_nuxt/agentRunStore.Cw1NPacT.js                      97.57 kB │ gzip:    25.69 kB
ℹ .nuxt/dist/client/_nuxt/sequenceDiagram-WL72ISMW.CdubhjEN.js           97.83 kB │ gzip:    26.87 kB
ℹ .nuxt/dist/client/_nuxt/MobileRemoteAccessShell.vue.ChgumHJ_.js       110.87 kB │ gzip:    29.81 kB
ℹ .nuxt/dist/client/_nuxt/workspace.Cye7atDM.js                         128.11 kB │ gzip:    33.07 kB
ℹ .nuxt/dist/client/_nuxt/architectureDiagram-VXUJARFQ.CAAVg5UR.js      148.67 kB │ gzip:    42.07 kB
ℹ .nuxt/dist/client/_nuxt/cytoscape.esm.5J0xJHOV.js                     441.64 kB │ gzip:   141.47 kB
ℹ .nuxt/dist/client/_nuxt/treemap-GDKQZRPO.CsmhXvlH.js                  452.91 kB │ gzip:   107.06 kB
ℹ .nuxt/dist/client/_nuxt/settings.cADq_jjQ.js                          522.01 kB │ gzip:   140.51 kB
ℹ .nuxt/dist/client/_nuxt/workspace.OHbC14Mn.js                         627.26 kB │ gzip:   167.70 kB
ℹ .nuxt/dist/client/_nuxt/entry.DyqCz0zM.js                             924.22 kB │ gzip:   254.91 kB
ℹ .nuxt/dist/client/_nuxt/useWorkspaceFileExplorer.C7cHH5xI.js        3,744.43 kB │ gzip: 1,205.70 kB

 WARN 
(!) Some chunks are larger than 500 kB after minification. Consider:
- Using dynamic import() to code-split the application
- Use build.rollupOptions.output.manualChunks to improve chunking: https://rollupjs.org/configuration-options/#output-manualchunks
- Adjust chunk size limit for this warning via build.chunkSizeWarningLimit.

ℹ ✓ built in 17.56s
✔ Client built in 17569ms
[Electron Module] Extending Vite config
ℹ Building server...
[Electron Module] Vite config resolved: { mode: 'production', base: '/', buildTarget: 'electron' }
ℹ vite v7.3.1 building ssr environment for production...
ℹ transforming...
ℹ ✓ 1 modules transformed.
ℹ rendering chunks...
ℹ ✓ built in 9ms
[Electron Module] Processing build manifest
✔ Server built in 41ms
[Electron Module] Build process completed
[Electron Module] Running production build steps
[Electron Module] Building entry: electron/main.ts
vite v7.3.1 building client environment for production...
transforming...
✓ 405 modules transformed.
rendering chunks...
computing gzip size...
dist/electron/main.js  658.19 kB │ gzip: 188.22 kB
✓ built in 1.32s
[Electron Module] Building entry: electron/preload.ts
vite v7.3.1 building client environment for production...
transforming...
✓ 1 modules transformed.
rendering chunks...
computing gzip size...
dist/electron/preload.js  3.96 kB │ gzip: 1.06 kB
✓ built in 7ms
[Electron Module] Production build completed successfully
[nitro] ℹ Initializing prerenderer
[nitro] ℹ Prerendering 3 initial routes with crawler
[nitro]   ├─ /404.html (25ms)
[nitro]   ├─ /200.html (25ms)
[nitro]   ├─ /index.html (24ms)
[nitro] ℹ Prerendered 3 routes in 0.749 seconds
[nitro] ✔ Generated public dist/renderer
[nitro] ✔ You can preview this build using npx serve dist/renderer
│
▲  HTML content not prerendered because ssr: false was set.
│
●  You can read more in https://nuxt.com/docs/getting-started/deployment#static-hosting.
│
└  ✨ You can now deploy dist/renderer to any static hosting!

> autobyteus@1.3.41 transpile-electron /Users/normy/autobyteus_org/autobyteus-workspace-superrepo/autobyteus-web
> tsc -p electron/tsconfig.json

Building with environment: production
Using environment file: .env.production
Resolved build flavor: personal
Artifact base name: AutoByteus_personal
Requested architecture: AUTO
Updater publish config: [{"provider":"github","owner":"AutoByteus","repo":"autobyteus-workspace"}]
Generating application icons...
Generating 16x16 PNG icon...
Generating 32x32 PNG icon...
Generating 48x48 PNG icon...
Generating 64x64 PNG icon...
Generating 128x128 PNG icon...
Generating 256x256 PNG icon...
Generating 512x512 PNG icon...
Generating 1024x1024 PNG icon...
Generating Windows ICO icon...
Generating macOS ICNS icon...
Icon generation completed successfully
Starting electron-builder...
  • electron-builder  version=25.1.8 os=25.2.0
  • @electron/rebuild already used by electron-builder, please consider to remove excess dependency from devDependencies

To ensure your native dependencies are always matched electron version, simply add script `"postinstall": "electron-builder install-app-deps" to your `package.json`
  • executing @electron/rebuild  electronVersion=38.8.2 arch=arm64 buildFromSource=false appDir=./
  • installing native dependencies  arch=arm64
  • completed installing native dependencies
  • packaging       platform=darwin arch=arm64 electron=38.8.2 appOutDir=electron-dist/mac-arm64
[WARN] APPLE_SIGNING_IDENTITY not set, skipping extra resource signing
  • skipped macOS code signing  reason=identity explicitly is set to null
  • building        target=DMG arch=arm64 file=electron-dist/AutoByteus_personal_macos-arm64-1.3.41.dmg
  • building        target=macOS zip arch=arm64 file=electron-dist/AutoByteus_personal_macos-arm64-1.3.41.zip
  • Detected arm64 process, HFS+ is unavailable. Creating dmg with APFS - supports Mac OSX 10.12+
  • building block map  blockMapFile=electron-dist/AutoByteus_personal_macos-arm64-1.3.41.dmg.blockmap
  • building block map  blockMapFile=electron-dist/AutoByteus_personal_macos-arm64-1.3.41.zip.blockmap
Build completed: [
  '/Users/normy/autobyteus_org/autobyteus-workspace-superrepo/autobyteus-web/electron-dist/AutoByteus_personal_macos-arm64-1.3.41.dmg.blockmap',
  '/Users/normy/autobyteus_org/autobyteus-workspace-superrepo/autobyteus-web/electron-dist/AutoByteus_personal_macos-arm64-1.3.41.dmg',
  '/Users/normy/autobyteus_org/autobyteus-workspace-superrepo/autobyteus-web/electron-dist/AutoByteus_personal_macos-arm64-1.3.41.zip.blockmap',
  '/Users/normy/autobyteus_org/autobyteus-workspace-superrepo/autobyteus-web/electron-dist/AutoByteus_personal_macos-arm64-1.3.41.zip'
]
