
> autobyteus@1.4.14 test:e2e:workspace-responsive /Users/normy/autobyteus_org/autobyteus-worktrees/frontend-responsive-ux-audit/autobyteus-web
> node tests/e2e/workspace-responsive-probe.mjs -- --base-url http://127.0.0.1:13012 --output-dir ../tickets/frontend-responsive-ux-audit/probes/api-e2e --fail-on-console-error

{
  "result": "Pass",
  "jsonPath": "/Users/normy/autobyteus_org/autobyteus-worktrees/frontend-responsive-ux-audit/tickets/frontend-responsive-ux-audit/probes/api-e2e/workspace-responsive-probe-results.json",
  "summaryPath": "/Users/normy/autobyteus_org/autobyteus-worktrees/frontend-responsive-ux-audit/tickets/frontend-responsive-ux-audit/probes/api-e2e/workspace-responsive-probe-summary.json",
  "failures": [],
  "summary": [
    {
      "viewport": "phone-390x844",
      "route": "/workspace",
      "size": "390x844",
      "failures": [],
      "centerRect": {
        "x": 0,
        "y": 107,
        "width": 390,
        "height": 737,
        "right": 390,
        "bottom": 844
      },
      "semanticTriggers": [
        "Agents & teams",
        "Tools"
      ],
      "rightPanelControls": [],
      "rightStripControls": [],
      "screenshot": "/Users/normy/autobyteus_org/autobyteus-worktrees/frontend-responsive-ux-audit/tickets/frontend-responsive-ux-audit/probes/api-e2e/phone-390x844.png"
    },
    {
      "viewport": "phone-short-390x640",
      "route": "/workspace",
      "size": "390x640",
      "failures": [],
      "centerRect": {
        "x": 0,
        "y": 107,
        "width": 390,
        "height": 533,
        "right": 390,
        "bottom": 640
      },
      "semanticTriggers": [
        "Agents & teams",
        "Tools"
      ],
      "rightPanelControls": [],
      "rightStripControls": [],
      "screenshot": "/Users/normy/autobyteus_org/autobyteus-worktrees/frontend-responsive-ux-audit/tickets/frontend-responsive-ux-audit/probes/api-e2e/phone-short-390x640.png"
    },
    {
      "viewport": "narrow-500x700",
      "route": "/workspace",
      "size": "500x700",
      "failures": [],
      "centerRect": {
        "x": 0,
        "y": 107,
        "width": 500,
        "height": 593,
        "right": 500,
        "bottom": 700
      },
      "semanticTriggers": [
        "Agents & teams",
        "Tools"
      ],
      "rightPanelControls": [],
      "rightStripControls": [],
      "screenshot": "/Users/normy/autobyteus_org/autobyteus-worktrees/frontend-responsive-ux-audit/tickets/frontend-responsive-ux-audit/probes/api-e2e/narrow-500x700.png"
    },
    {
      "viewport": "narrow-short-500x420",
      "route": "/workspace",
      "size": "500x420",
      "failures": [],
      "centerRect": {
        "x": 0,
        "y": 107,
        "width": 500,
        "height": 313,
        "right": 500,
        "bottom": 420
      },
      "semanticTriggers": [
        "Agents & teams",
        "Tools"
      ],
      "rightPanelControls": [],
      "rightStripControls": [],
      "screenshot": "/Users/normy/autobyteus_org/autobyteus-worktrees/frontend-responsive-ux-audit/tickets/frontend-responsive-ux-audit/probes/api-e2e/narrow-short-500x420.png"
    },
    {
      "viewport": "threshold-639x700",
      "route": "/workspace",
      "size": "639x700",
      "failures": [],
      "centerRect": {
        "x": 0,
        "y": 107,
        "width": 639,
        "height": 593,
        "right": 639,
        "bottom": 700
      },
      "semanticTriggers": [
        "Agents & teams",
        "Tools"
      ],
      "rightPanelControls": [],
      "rightStripControls": [],
      "screenshot": "/Users/normy/autobyteus_org/autobyteus-worktrees/frontend-responsive-ux-audit/tickets/frontend-responsive-ux-audit/probes/api-e2e/threshold-639x700.png"
    },
    {
      "viewport": "threshold-640x700",
      "route": "/workspace",
      "size": "640x700",
      "failures": [],
      "centerRect": {
        "x": 0,
        "y": 107,
        "width": 640,
        "height": 593,
        "right": 640,
        "bottom": 700
      },
      "semanticTriggers": [
        "Agents & teams",
        "Tools"
      ],
      "rightPanelControls": [],
      "rightStripControls": [],
      "screenshot": "/Users/normy/autobyteus_org/autobyteus-worktrees/frontend-responsive-ux-audit/tickets/frontend-responsive-ux-audit/probes/api-e2e/threshold-640x700.png"
    },
    {
      "viewport": "gap-700x700",
      "route": "/workspace",
      "size": "700x700",
      "failures": [],
      "centerRect": {
        "x": 0,
        "y": 107,
        "width": 700,
        "height": 593,
        "right": 700,
        "bottom": 700
      },
      "semanticTriggers": [
        "Agents & teams",
        "Tools"
      ],
      "rightPanelControls": [],
      "rightStripControls": [],
      "screenshot": "/Users/normy/autobyteus_org/autobyteus-worktrees/frontend-responsive-ux-audit/tickets/frontend-responsive-ux-audit/probes/api-e2e/gap-700x700.png"
    },
    {
      "viewport": "gap-767x700",
      "route": "/workspace",
      "size": "767x700",
      "failures": [],
      "centerRect": {
        "x": 0,
        "y": 107,
        "width": 767,
        "height": 593,
        "right": 767,
        "bottom": 700
      },
      "semanticTriggers": [
        "Agents & teams",
        "Tools"
      ],
      "rightPanelControls": [],
      "rightStripControls": [],
      "screenshot": "/Users/normy/autobyteus_org/autobyteus-worktrees/frontend-responsive-ux-audit/tickets/frontend-responsive-ux-audit/probes/api-e2e/gap-767x700.png"
    },
    {
      "viewport": "md-768x700",
      "route": "/workspace",
      "size": "768x700",
      "failures": [],
      "centerRect": {
        "x": 50,
        "y": 51,
        "width": 718,
        "height": 649,
        "right": 768,
        "bottom": 700
      },
      "semanticTriggers": [
        "Agents & teams",
        "Tools"
      ],
      "rightPanelControls": [],
      "rightStripControls": [],
      "screenshot": "/Users/normy/autobyteus_org/autobyteus-worktrees/frontend-responsive-ux-audit/tickets/frontend-responsive-ux-audit/probes/api-e2e/md-768x700.png"
    },
    {
      "viewport": "tablet-800x700",
      "route": "/workspace",
      "size": "800x700",
      "failures": [],
      "centerRect": {
        "x": 50,
        "y": 51,
        "width": 750,
        "height": 649,
        "right": 800,
        "bottom": 700
      },
      "semanticTriggers": [
        "Agents & teams",
        "Tools"
      ],
      "rightPanelControls": [],
      "rightStripControls": [],
      "screenshot": "/Users/normy/autobyteus_org/autobyteus-worktrees/frontend-responsive-ux-audit/tickets/frontend-responsive-ux-audit/probes/api-e2e/tablet-800x700.png"
    },
    {
      "viewport": "tablet-short-800x420",
      "route": "/workspace",
      "size": "800x420",
      "failures": [],
      "centerRect": {
        "x": 50,
        "y": 51,
        "width": 750,
        "height": 369,
        "right": 800,
        "bottom": 420
      },
      "semanticTriggers": [
        "Agents & teams",
        "Tools"
      ],
      "rightPanelControls": [],
      "rightStripControls": [],
      "screenshot": "/Users/normy/autobyteus_org/autobyteus-worktrees/frontend-responsive-ux-audit/tickets/frontend-responsive-ux-audit/probes/api-e2e/tablet-short-800x420.png"
    },
    {
      "viewport": "tablet-900x700",
      "route": "/workspace",
      "size": "900x700",
      "failures": [],
      "centerRect": {
        "x": 323,
        "y": 51,
        "width": 577,
        "height": 649,
        "right": 900,
        "bottom": 700
      },
      "leftRect": {
        "x": 0,
        "y": 0,
        "width": 320,
        "height": 700,
        "right": 320,
        "bottom": 700
      },
      "semanticTriggers": [
        "Tools"
      ],
      "rightPanelControls": [],
      "rightStripControls": [],
      "screenshot": "/Users/normy/autobyteus_org/autobyteus-worktrees/frontend-responsive-ux-audit/tickets/frontend-responsive-ux-audit/probes/api-e2e/tablet-900x700.png"
    },
    {
      "viewport": "small-desktop-1024x768",
      "route": "/workspace",
      "size": "1024x768",
      "failures": [],
      "centerRect": {
        "x": 323,
        "y": 51,
        "width": 701,
        "height": 717,
        "right": 1024,
        "bottom": 768
      },
      "leftRect": {
        "x": 0,
        "y": 0,
        "width": 320,
        "height": 768,
        "right": 320,
        "bottom": 768
      },
      "semanticTriggers": [
        "Tools"
      ],
      "rightPanelControls": [],
      "rightStripControls": [],
      "screenshot": "/Users/normy/autobyteus_org/autobyteus-worktrees/frontend-responsive-ux-audit/tickets/frontend-responsive-ux-audit/probes/api-e2e/small-desktop-1024x768.png"
    },
    {
      "viewport": "small-desktop-short-1024x480",
      "route": "/workspace",
      "size": "1024x480",
      "failures": [],
      "centerRect": {
        "x": 323,
        "y": 51,
        "width": 701,
        "height": 429,
        "right": 1024,
        "bottom": 480
      },
      "leftRect": {
        "x": 0,
        "y": 0,
        "width": 320,
        "height": 480,
        "right": 320,
        "bottom": 480
      },
      "semanticTriggers": [
        "Tools"
      ],
      "rightPanelControls": [],
      "rightStripControls": [],
      "screenshot": "/Users/normy/autobyteus_org/autobyteus-worktrees/frontend-responsive-ux-audit/tickets/frontend-responsive-ux-audit/probes/api-e2e/small-desktop-short-1024x480.png"
    },
    {
      "viewport": "desktop-1180x800",
      "route": "/workspace",
      "size": "1180x800",
      "failures": [],
      "centerRect": {
        "x": 323,
        "y": 51,
        "width": 857,
        "height": 749,
        "right": 1180,
        "bottom": 800
      },
      "leftRect": {
        "x": 0,
        "y": 0,
        "width": 320,
        "height": 800,
        "right": 320,
        "bottom": 800
      },
      "semanticTriggers": [
        "Tools"
      ],
      "rightPanelControls": [],
      "rightStripControls": [],
      "screenshot": "/Users/normy/autobyteus_org/autobyteus-worktrees/frontend-responsive-ux-audit/tickets/frontend-responsive-ux-audit/probes/api-e2e/desktop-1180x800.png"
    },
    {
      "viewport": "desktop-1280x800",
      "route": "/workspace",
      "size": "1280x800",
      "failures": [],
      "centerRect": {
        "x": 323,
        "y": 0,
        "width": 505,
        "height": 800,
        "right": 828,
        "bottom": 800
      },
      "leftRect": {
        "x": 0,
        "y": 0,
        "width": 320,
        "height": 800,
        "right": 320,
        "bottom": 800
      },
      "rightRect": {
        "x": 830,
        "y": 0,
        "width": 450,
        "height": 800,
        "right": 1280,
        "bottom": 800
      },
      "semanticTriggers": [],
      "rightPanelControls": [
        "Files",
        "Terminal",
        "Activity",
        "Token",
        "Artifacts"
      ],
      "rightStripControls": [],
      "screenshot": "/Users/normy/autobyteus_org/autobyteus-worktrees/frontend-responsive-ux-audit/tickets/frontend-responsive-ux-audit/probes/api-e2e/desktop-1280x800.png"
    },
    {
      "viewport": "wide-1440x900",
      "route": "/workspace",
      "size": "1440x900",
      "failures": [],
      "centerRect": {
        "x": 323,
        "y": 0,
        "width": 665,
        "height": 900,
        "right": 988,
        "bottom": 900
      },
      "leftRect": {
        "x": 0,
        "y": 0,
        "width": 320,
        "height": 900,
        "right": 320,
        "bottom": 900
      },
      "rightRect": {
        "x": 990,
        "y": 0,
        "width": 450,
        "height": 900,
        "right": 1440,
        "bottom": 900
      },
      "semanticTriggers": [],
      "rightPanelControls": [
        "Files",
        "Terminal",
        "Activity",
        "Token",
        "Artifacts"
      ],
      "rightStripControls": [],
      "screenshot": "/Users/normy/autobyteus_org/autobyteus-worktrees/frontend-responsive-ux-audit/tickets/frontend-responsive-ux-audit/probes/api-e2e/wide-1440x900.png"
    },
    {
      "viewport": "mobile-route-390x844",
      "route": "/mobile",
      "size": "390x844",
      "failures": [],
      "semanticTriggers": [],
      "rightPanelControls": [],
      "rightStripControls": [],
      "mobileShellVisible": true,
      "screenshot": "/Users/normy/autobyteus_org/autobyteus-worktrees/frontend-responsive-ux-audit/tickets/frontend-responsive-ux-audit/probes/api-e2e/mobile-route-390x844.png"
    }
  ]
}
