$ git rev-parse HEAD origin/personal
2db854afee5f9fdac08595ebbcdef3b3b4660e33
fbd7b6764bd43751956d69ffe22b943d06188444
$ git merge-base HEAD origin/personal
fbd7b6764bd43751956d69ffe22b943d06188444
$ git diff --name-only bb3b2fe499bf2310150884eb483db39982502f01 HEAD
tickets/frontend-responsive-ux-audit/api-e2e-coverage-investigation.md
tickets/frontend-responsive-ux-audit/api-e2e-execution-coverage-report.md
tickets/frontend-responsive-ux-audit/api-e2e-test-review-report.md
tickets/frontend-responsive-ux-audit/code-review-report.md
tickets/frontend-responsive-ux-audit/evidence/api-e2e-round4-backend-retry.log
tickets/frontend-responsive-ux-audit/evidence/api-e2e-round4-backend.log
tickets/frontend-responsive-ux-audit/evidence/api-e2e-round4-cleanup-ports.log
tickets/frontend-responsive-ux-audit/evidence/api-e2e-round4-focused-nuxt-tests.log
tickets/frontend-responsive-ux-audit/evidence/api-e2e-round4-frontend-retry.log
tickets/frontend-responsive-ux-audit/evidence/api-e2e-round4-frontend.log
tickets/frontend-responsive-ux-audit/evidence/api-e2e-round4-runtime-setup.log
tickets/frontend-responsive-ux-audit/evidence/api-e2e-round4-server-build.log
tickets/frontend-responsive-ux-audit/evidence/api-e2e-round4-workspace-responsive-probe-retry.log
tickets/frontend-responsive-ux-audit/evidence/api-e2e-round4-workspace-responsive-probe.log
tickets/frontend-responsive-ux-audit/evidence/api-e2e-round5-audit-localization-literals.log
tickets/frontend-responsive-ux-audit/evidence/api-e2e-round5-backend.log
tickets/frontend-responsive-ux-audit/evidence/api-e2e-round5-cleanup-ports.log
tickets/frontend-responsive-ux-audit/evidence/api-e2e-round5-focused-nuxt-tests.log
tickets/frontend-responsive-ux-audit/evidence/api-e2e-round5-frontend.log
tickets/frontend-responsive-ux-audit/evidence/api-e2e-round5-git-diff-check.log
tickets/frontend-responsive-ux-audit/evidence/api-e2e-round5-guard-localization-boundary.log
tickets/frontend-responsive-ux-audit/evidence/api-e2e-round5-guard-web-boundary.log
tickets/frontend-responsive-ux-audit/evidence/api-e2e-round5-nuxt-build.log
tickets/frontend-responsive-ux-audit/evidence/api-e2e-round5-probe-node-check.log
tickets/frontend-responsive-ux-audit/evidence/api-e2e-round5-runtime-setup.log
tickets/frontend-responsive-ux-audit/evidence/api-e2e-round5-server-build.log
tickets/frontend-responsive-ux-audit/evidence/api-e2e-round5-workspace-responsive-probe.log
tickets/frontend-responsive-ux-audit/evidence/delivery-round3-post-integration-checks.log
tickets/frontend-responsive-ux-audit/evidence/delivery-round4-pre-refresh-state.log
tickets/frontend-responsive-ux-audit/probes/api-e2e/desktop-1180x800.png
tickets/frontend-responsive-ux-audit/probes/api-e2e/desktop-1280x800.png
tickets/frontend-responsive-ux-audit/probes/api-e2e/small-desktop-1024x768.png
tickets/frontend-responsive-ux-audit/probes/api-e2e/tablet-900x700.png
tickets/frontend-responsive-ux-audit/probes/api-e2e/wide-1440x900.png
tickets/frontend-responsive-ux-audit/probes/api-e2e/workspace-responsive-probe-results.json
tickets/frontend-responsive-ux-audit/probes/api-e2e/workspace-responsive-probe-summary.json
Result: origin/personal was already integrated; no new base commit was introduced by the Round 4 refresh.
No additional source rerun required: API/E2E Round 5 ran on source HEAD bb3b2fe499bf2310150884eb483db39982502f01 after the latest-base merge, and the delivery checkpoint changed only ticket artifacts/evidence.
Authoritative executable result: API/E2E Round 5 Pass, 18 states (17 /workspace plus /mobile), 42/42 interactions, zero failures, zero browser console-error failures, all current right-tool tabs reachable/readable; focused suite 11 files/68 tests passed.
API/E2E evidence: tickets/frontend-responsive-ux-audit/evidence/api-e2e-round5-workspace-responsive-probe.log and tickets/frontend-responsive-ux-audit/api-e2e-execution-coverage-report.md
