
 RUN  v4.0.18 /Users/normy/autobyteus_org/autobyteus-worktrees/custom-provider-model-context-metadata/autobyteus-server-ts

Prisma schema loaded from prisma/schema.prisma
Datasource "db": SQLite database "autobyteus-server-test.db" at "file:/Users/normy/autobyteus_org/autobyteus-worktrees/custom-provider-model-context-metadata/autobyteus-server-ts/tests/.tmp/autobyteus-server-test.db"

Applying migration `20260203074245_init`
Applying migration `20260208094000_add_external_channel_tables`
Applying migration `20260209174500_add_channel_message_receipt_turn_id`
Applying migration `20260209213000_remove_agent_conversation_tables`
Applying migration `20260210101500_add_agent_avatar`
Applying migration `20260210192000_add_agent_team_avatar`
Applying migration `20260211214500_add_sync_columns_and_tombstones`
Applying migration `20260212070000_remove_workflow_definition`
Applying migration `20260309103000_add_channel_binding_launch_preset`
Applying migration `20260310153000_add_channel_binding_team_definition_id`
Applying migration `20260331102000_remove_channel_bindings_table`
Applying migration `20260331130000_receipt_lifecycle_and_remove_channel_idempotency`
Applying migration `20260517090000_add_app_data_migration_records`
Applying migration `20260624090000_add_token_usage_ledger_events`
Applying migration `20260625193000_token_usage_component_pricing_explainability`
Applying migration `20260629120000_add_token_usage_display_fields`
Applying migration `20260702093000_token_usage_execution_address`
Applying migration `20260726090000_add_secret_vault`
Applying migration `20260730090000_add_token_usage_provider_name`

Database reset successful

The following migration(s) have been applied:

migrations/
  └─ 20260203074245_init/
    └─ migration.sql
  └─ 20260208094000_add_external_channel_tables/
    └─ migration.sql
  └─ 20260209174500_add_channel_message_receipt_turn_id/
    └─ migration.sql
  └─ 20260209213000_remove_agent_conversation_tables/
    └─ migration.sql
  └─ 20260210101500_add_agent_avatar/
    └─ migration.sql
  └─ 20260210192000_add_agent_team_avatar/
    └─ migration.sql
  └─ 20260211214500_add_sync_columns_and_tombstones/
    └─ migration.sql
  └─ 20260212070000_remove_workflow_definition/
    └─ migration.sql
  └─ 20260309103000_add_channel_binding_launch_preset/
    └─ migration.sql
  └─ 20260310153000_add_channel_binding_team_definition_id/
    └─ migration.sql
  └─ 20260331102000_remove_channel_bindings_table/
    └─ migration.sql
  └─ 20260331130000_receipt_lifecycle_and_remove_channel_idempotency/
    └─ migration.sql
  └─ 20260517090000_add_app_data_migration_records/
    └─ migration.sql
  └─ 20260624090000_add_token_usage_ledger_events/
    └─ migration.sql
  └─ 20260625193000_token_usage_component_pricing_explainability/
    └─ migration.sql
  └─ 20260629120000_add_token_usage_display_fields/
    └─ migration.sql
  └─ 20260702093000_token_usage_execution_address/
    └─ migration.sql
  └─ 20260726090000_add_secret_vault/
    └─ migration.sql
  └─ 20260730090000_add_token_usage_provider_name/
    └─ migration.sql

stdout | tests/unit/config/app-config.test.ts > AppConfig > throws if AUTOBYTEUS_SERVER_HOST is missing
Platform detection: Windows=false
App root directory: /Users/normy/autobyteus_org/autobyteus-worktrees/custom-provider-model-context-metadata/autobyteus-server-ts
App data directory: /Users/normy/autobyteus_org/autobyteus-worktrees/custom-provider-model-context-metadata/autobyteus-server-ts
AppConfig instance created.
Custom app data directory set to: /var/folders/7w/9r4_s1_s42z3f7c136bpjf0r0000gn/T/autobyteus-config-PAl1WS
Updated config file path to /var/folders/7w/9r4_s1_s42z3f7c136bpjf0r0000gn/T/autobyteus-config-PAl1WS/.env
Loading environment from: /var/folders/7w/9r4_s1_s42z3f7c136bpjf0r0000gn/T/autobyteus-config-PAl1WS/.env
[dotenv@17.3.1] injecting env (2) from ../../../../../../var/folders/7w/9r4_s1_s42z3f7c136bpjf0r0000gn/T/autobyteus-config-PAl1WS/.env -- tip: ⚙️  override existing env vars with { override: true }
Environment variables loaded successfully

stderr | tests/unit/config/app-config.test.ts > AppConfig > throws if AUTOBYTEUS_SERVER_HOST is missing
CRITICAL: The 'AUTOBYTEUS_SERVER_HOST' environment variable is not set. This variable is mandatory and must be provided by the environment that launches the server (e.g., Docker Compose, Electron app, or a developer's .env file) to ensure correct URL generation for clients. The server cannot start without it.

stdout | tests/unit/config/app-config.test.ts > AppConfig > initializes base URL and sqlite db path when sqlite DB config is selected
Platform detection: Windows=false
App root directory: /Users/normy/autobyteus_org/autobyteus-worktrees/custom-provider-model-context-metadata/autobyteus-server-ts
App data directory: /Users/normy/autobyteus_org/autobyteus-worktrees/custom-provider-model-context-metadata/autobyteus-server-ts
AppConfig instance created.
Custom app data directory set to: /var/folders/7w/9r4_s1_s42z3f7c136bpjf0r0000gn/T/autobyteus-config-Bsmk2g
Updated config file path to /var/folders/7w/9r4_s1_s42z3f7c136bpjf0r0000gn/T/autobyteus-config-Bsmk2g/.env
Loading environment from: /var/folders/7w/9r4_s1_s42z3f7c136bpjf0r0000gn/T/autobyteus-config-Bsmk2g/.env
[dotenv@17.3.1] injecting env (3) from ../../../../../../var/folders/7w/9r4_s1_s42z3f7c136bpjf0r0000gn/T/autobyteus-config-Bsmk2g/.env -- tip: ⚙️  suppress all logs with { quiet: true }
Environment variables loaded successfully
Server public base URL configured to: http://localhost:8000
=== Starting logging configuration ===
Logging config file is ignored in Node.js: /Users/normy/autobyteus_org/autobyteus-worktrees/custom-provider-model-context-metadata/autobyteus-server-ts/logging_config.ini
============================================================
SERVER PUBLIC URL: http://localhost:8000
APP ROOT DIRECTORY: /Users/normy/autobyteus_org/autobyteus-worktrees/custom-provider-model-context-metadata/autobyteus-server-ts
APP DATA DIRECTORY: /var/folders/7w/9r4_s1_s42z3f7c136bpjf0r0000gn/T/autobyteus-config-Bsmk2g
DB DIRECTORY: /var/folders/7w/9r4_s1_s42z3f7c136bpjf0r0000gn/T/autobyteus-config-Bsmk2g/db
LOGS DIRECTORY: /var/folders/7w/9r4_s1_s42z3f7c136bpjf0r0000gn/T/autobyteus-config-Bsmk2g/logs
DOWNLOAD DIRECTORY: /var/folders/7w/9r4_s1_s42z3f7c136bpjf0r0000gn/T/autobyteus-config-Bsmk2g/download
MEMORY DIRECTORY: /var/folders/7w/9r4_s1_s42z3f7c136bpjf0r0000gn/T/autobyteus-config-Bsmk2g/memory
============================================================
AppConfig initialization completed successfully

stdout | tests/unit/config/app-config.test.ts > AppConfig > preserves an explicit DATABASE_URL when sqlite DB config is selected
Platform detection: Windows=false
App root directory: /Users/normy/autobyteus_org/autobyteus-worktrees/custom-provider-model-context-metadata/autobyteus-server-ts
App data directory: /Users/normy/autobyteus_org/autobyteus-worktrees/custom-provider-model-context-metadata/autobyteus-server-ts
AppConfig instance created.
Custom app data directory set to: /var/folders/7w/9r4_s1_s42z3f7c136bpjf0r0000gn/T/autobyteus-config-c8GRB1
Updated config file path to /var/folders/7w/9r4_s1_s42z3f7c136bpjf0r0000gn/T/autobyteus-config-c8GRB1/.env
Loading environment from: /var/folders/7w/9r4_s1_s42z3f7c136bpjf0r0000gn/T/autobyteus-config-c8GRB1/.env
[dotenv@17.3.1] injecting env (3) from ../../../../../../var/folders/7w/9r4_s1_s42z3f7c136bpjf0r0000gn/T/autobyteus-config-c8GRB1/.env -- tip: 🛡️ auth for agents: https://vestauth.com
Environment variables loaded successfully
Server public base URL configured to: http://localhost:8000
=== Starting logging configuration ===
Logging config file is ignored in Node.js: /Users/normy/autobyteus_org/autobyteus-worktrees/custom-provider-model-context-metadata/autobyteus-server-ts/logging_config.ini
============================================================
SERVER PUBLIC URL: http://localhost:8000
APP ROOT DIRECTORY: /Users/normy/autobyteus_org/autobyteus-worktrees/custom-provider-model-context-metadata/autobyteus-server-ts
APP DATA DIRECTORY: /var/folders/7w/9r4_s1_s42z3f7c136bpjf0r0000gn/T/autobyteus-config-c8GRB1
DB DIRECTORY: /var/folders/7w/9r4_s1_s42z3f7c136bpjf0r0000gn/T/autobyteus-config-c8GRB1/db
LOGS DIRECTORY: /var/folders/7w/9r4_s1_s42z3f7c136bpjf0r0000gn/T/autobyteus-config-c8GRB1/logs
DOWNLOAD DIRECTORY: /var/folders/7w/9r4_s1_s42z3f7c136bpjf0r0000gn/T/autobyteus-config-c8GRB1/download
MEMORY DIRECTORY: /var/folders/7w/9r4_s1_s42z3f7c136bpjf0r0000gn/T/autobyteus-config-c8GRB1/memory
============================================================
AppConfig initialization completed successfully

stdout | tests/unit/config/app-config.test.ts > AppConfig > delivers and projects a persisted SQLite DATABASE_URL
Platform detection: Windows=false
App root directory: /Users/normy/autobyteus_org/autobyteus-worktrees/custom-provider-model-context-metadata/autobyteus-server-ts
App data directory: /var/folders/7w/9r4_s1_s42z3f7c136bpjf0r0000gn/T/autobyteus-config-g6Uhnc
AppConfig instance created.
Config file path: /var/folders/7w/9r4_s1_s42z3f7c136bpjf0r0000gn/T/autobyteus-config-g6Uhnc/.env
Loading environment from: /var/folders/7w/9r4_s1_s42z3f7c136bpjf0r0000gn/T/autobyteus-config-g6Uhnc/.env
[dotenv@17.3.1] injecting env (4) from ../../../../../../var/folders/7w/9r4_s1_s42z3f7c136bpjf0r0000gn/T/autobyteus-config-g6Uhnc/.env -- tip: ⚙️  suppress all logs with { quiet: true }
Environment variables loaded successfully
Server public base URL configured to: http://localhost:8000
=== Starting logging configuration ===
Logging config file is ignored in Node.js: /Users/normy/autobyteus_org/autobyteus-worktrees/custom-provider-model-context-metadata/autobyteus-server-ts/logging_config.ini
============================================================
SERVER PUBLIC URL: http://localhost:8000
APP ROOT DIRECTORY: /Users/normy/autobyteus_org/autobyteus-worktrees/custom-provider-model-context-metadata/autobyteus-server-ts
APP DATA DIRECTORY: /var/folders/7w/9r4_s1_s42z3f7c136bpjf0r0000gn/T/autobyteus-config-g6Uhnc
DB DIRECTORY: /var/folders/7w/9r4_s1_s42z3f7c136bpjf0r0000gn/T/autobyteus-config-g6Uhnc/db
LOGS DIRECTORY: /var/folders/7w/9r4_s1_s42z3f7c136bpjf0r0000gn/T/autobyteus-config-g6Uhnc/logs
DOWNLOAD DIRECTORY: /var/folders/7w/9r4_s1_s42z3f7c136bpjf0r0000gn/T/autobyteus-config-g6Uhnc/download
MEMORY DIRECTORY: /var/folders/7w/9r4_s1_s42z3f7c136bpjf0r0000gn/T/autobyteus-config-g6Uhnc/memory
============================================================
AppConfig initialization completed successfully

stdout | tests/unit/config/app-config.test.ts > AppConfig > rejects a persisted non-SQLite DATABASE_URL
Platform detection: Windows=false
App root directory: /Users/normy/autobyteus_org/autobyteus-worktrees/custom-provider-model-context-metadata/autobyteus-server-ts
App data directory: /var/folders/7w/9r4_s1_s42z3f7c136bpjf0r0000gn/T/autobyteus-config-hapC6k
AppConfig instance created.
Config file path: /var/folders/7w/9r4_s1_s42z3f7c136bpjf0r0000gn/T/autobyteus-config-hapC6k/.env
Loading environment from: /var/folders/7w/9r4_s1_s42z3f7c136bpjf0r0000gn/T/autobyteus-config-hapC6k/.env
[dotenv@17.3.1] injecting env (4) from ../../../../../../var/folders/7w/9r4_s1_s42z3f7c136bpjf0r0000gn/T/autobyteus-config-hapC6k/.env -- tip: ⚙️  suppress all logs with { quiet: true }
Environment variables loaded successfully
Server public base URL configured to: http://localhost:8000

stderr | tests/unit/config/app-config.test.ts > AppConfig > rejects a persisted non-SQLite DATABASE_URL
ERROR: Failed to initialize SQLite path: AppConfigError: DATABASE_URL must be a non-empty SQLite file URL.

stdout | tests/unit/config/app-config.test.ts > AppConfig > resolves AUTOBYTEUS_LOG_DIR relative to app data dir
Platform detection: Windows=false
App root directory: /Users/normy/autobyteus_org/autobyteus-worktrees/custom-provider-model-context-metadata/autobyteus-server-ts
App data directory: /Users/normy/autobyteus_org/autobyteus-worktrees/custom-provider-model-context-metadata/autobyteus-server-ts
AppConfig instance created.
Custom app data directory set to: /var/folders/7w/9r4_s1_s42z3f7c136bpjf0r0000gn/T/autobyteus-config-hgDmJV
Updated config file path to /var/folders/7w/9r4_s1_s42z3f7c136bpjf0r0000gn/T/autobyteus-config-hgDmJV/.env
Loading environment from: /var/folders/7w/9r4_s1_s42z3f7c136bpjf0r0000gn/T/autobyteus-config-hgDmJV/.env
[dotenv@17.3.1] injecting env (2) from ../../../../../../var/folders/7w/9r4_s1_s42z3f7c136bpjf0r0000gn/T/autobyteus-config-hgDmJV/.env -- tip: ⚙️  enable debug logging with { debug: true }
Environment variables loaded successfully
Server public base URL configured to: http://localhost:8000
=== Starting logging configuration ===
Logging config file is ignored in Node.js: /Users/normy/autobyteus_org/autobyteus-worktrees/custom-provider-model-context-metadata/autobyteus-server-ts/logging_config.ini
============================================================
SERVER PUBLIC URL: http://localhost:8000
APP ROOT DIRECTORY: /Users/normy/autobyteus_org/autobyteus-worktrees/custom-provider-model-context-metadata/autobyteus-server-ts
APP DATA DIRECTORY: /var/folders/7w/9r4_s1_s42z3f7c136bpjf0r0000gn/T/autobyteus-config-hgDmJV
DB DIRECTORY: /var/folders/7w/9r4_s1_s42z3f7c136bpjf0r0000gn/T/autobyteus-config-hgDmJV/db
LOGS DIRECTORY: /var/folders/7w/9r4_s1_s42z3f7c136bpjf0r0000gn/T/autobyteus-config-hgDmJV/custom-logs
DOWNLOAD DIRECTORY: /var/folders/7w/9r4_s1_s42z3f7c136bpjf0r0000gn/T/autobyteus-config-hgDmJV/download
MEMORY DIRECTORY: /var/folders/7w/9r4_s1_s42z3f7c136bpjf0r0000gn/T/autobyteus-config-hgDmJV/memory
============================================================
AppConfig initialization completed successfully

stdout | tests/unit/config/app-config.test.ts > AppConfig > throws if getBaseUrl is called before initialize
Platform detection: Windows=false
App root directory: /Users/normy/autobyteus_org/autobyteus-worktrees/custom-provider-model-context-metadata/autobyteus-server-ts
App data directory: /Users/normy/autobyteus_org/autobyteus-worktrees/custom-provider-model-context-metadata/autobyteus-server-ts
AppConfig instance created.

stdout | tests/unit/config/app-config.test.ts > AppConfig > sets custom app data dir when valid
Platform detection: Windows=false
App root directory: /Users/normy/autobyteus_org/autobyteus-worktrees/custom-provider-model-context-metadata/autobyteus-server-ts
App data directory: /Users/normy/autobyteus_org/autobyteus-worktrees/custom-provider-model-context-metadata/autobyteus-server-ts
AppConfig instance created.
Custom app data directory set to: /var/folders/7w/9r4_s1_s42z3f7c136bpjf0r0000gn/T/autobyteus-config-gfsUdk
Updated config file path to /var/folders/7w/9r4_s1_s42z3f7c136bpjf0r0000gn/T/autobyteus-config-gfsUdk/.env

stdout | tests/unit/config/app-config.test.ts > AppConfig > accepts an initial app data dir in the constructor
Platform detection: Windows=false
App root directory: /Users/normy/autobyteus_org/autobyteus-worktrees/custom-provider-model-context-metadata/autobyteus-server-ts
App data directory: /var/folders/7w/9r4_s1_s42z3f7c136bpjf0r0000gn/T/autobyteus-config-H3DpcX
AppConfig instance created.

stdout | tests/unit/config/app-config.test.ts > AppConfig > clears stale AUTOBYTEUS_MEMORY_DIR when switching to a custom app data dir
Platform detection: Windows=false
App root directory: /Users/normy/autobyteus_org/autobyteus-worktrees/custom-provider-model-context-metadata/autobyteus-server-ts
App data directory: /Users/normy/autobyteus_org/autobyteus-worktrees/custom-provider-model-context-metadata/autobyteus-server-ts
AppConfig instance created.
Custom app data directory set to: /var/folders/7w/9r4_s1_s42z3f7c136bpjf0r0000gn/T/autobyteus-config-EvxuSU
Updated config file path to /var/folders/7w/9r4_s1_s42z3f7c136bpjf0r0000gn/T/autobyteus-config-EvxuSU/.env
Loading environment from: /var/folders/7w/9r4_s1_s42z3f7c136bpjf0r0000gn/T/autobyteus-config-EvxuSU/.env
[dotenv@17.3.1] injecting env (1) from ../../../../../../var/folders/7w/9r4_s1_s42z3f7c136bpjf0r0000gn/T/autobyteus-config-EvxuSU/.env -- tip: ⚙️  enable debug logging with { debug: true }
Environment variables loaded successfully
Server public base URL configured to: http://localhost:8000
=== Starting logging configuration ===
Logging config file is ignored in Node.js: /Users/normy/autobyteus_org/autobyteus-worktrees/custom-provider-model-context-metadata/autobyteus-server-ts/logging_config.ini
============================================================
SERVER PUBLIC URL: http://localhost:8000
APP ROOT DIRECTORY: /Users/normy/autobyteus_org/autobyteus-worktrees/custom-provider-model-context-metadata/autobyteus-server-ts
APP DATA DIRECTORY: /var/folders/7w/9r4_s1_s42z3f7c136bpjf0r0000gn/T/autobyteus-config-EvxuSU
DB DIRECTORY: /var/folders/7w/9r4_s1_s42z3f7c136bpjf0r0000gn/T/autobyteus-config-EvxuSU/db
LOGS DIRECTORY: /var/folders/7w/9r4_s1_s42z3f7c136bpjf0r0000gn/T/autobyteus-config-EvxuSU/logs
DOWNLOAD DIRECTORY: /var/folders/7w/9r4_s1_s42z3f7c136bpjf0r0000gn/T/autobyteus-config-EvxuSU/download
MEMORY DIRECTORY: /var/folders/7w/9r4_s1_s42z3f7c136bpjf0r0000gn/T/autobyteus-config-EvxuSU/memory
============================================================
AppConfig initialization completed successfully

stdout | tests/unit/config/app-config.test.ts > AppConfig > throws when setting custom app data dir after initialize
Platform detection: Windows=false
App root directory: /Users/normy/autobyteus_org/autobyteus-worktrees/custom-provider-model-context-metadata/autobyteus-server-ts
App data directory: /Users/normy/autobyteus_org/autobyteus-worktrees/custom-provider-model-context-metadata/autobyteus-server-ts
AppConfig instance created.
Custom app data directory set to: /var/folders/7w/9r4_s1_s42z3f7c136bpjf0r0000gn/T/autobyteus-config-6MKCZW
Updated config file path to /var/folders/7w/9r4_s1_s42z3f7c136bpjf0r0000gn/T/autobyteus-config-6MKCZW/.env
Loading environment from: /var/folders/7w/9r4_s1_s42z3f7c136bpjf0r0000gn/T/autobyteus-config-6MKCZW/.env
[dotenv@17.3.1] injecting env (1) from ../../../../../../var/folders/7w/9r4_s1_s42z3f7c136bpjf0r0000gn/T/autobyteus-config-6MKCZW/.env -- tip: 🤖 agentic secret storage: https://dotenvx.com/as2
Environment variables loaded successfully
Server public base URL configured to: http://localhost:8000
=== Starting logging configuration ===
Logging config file is ignored in Node.js: /Users/normy/autobyteus_org/autobyteus-worktrees/custom-provider-model-context-metadata/autobyteus-server-ts/logging_config.ini
============================================================
SERVER PUBLIC URL: http://localhost:8000
APP ROOT DIRECTORY: /Users/normy/autobyteus_org/autobyteus-worktrees/custom-provider-model-context-metadata/autobyteus-server-ts
APP DATA DIRECTORY: /var/folders/7w/9r4_s1_s42z3f7c136bpjf0r0000gn/T/autobyteus-config-6MKCZW
DB DIRECTORY: /var/folders/7w/9r4_s1_s42z3f7c136bpjf0r0000gn/T/autobyteus-config-6MKCZW/db
LOGS DIRECTORY: /var/folders/7w/9r4_s1_s42z3f7c136bpjf0r0000gn/T/autobyteus-config-6MKCZW/logs
DOWNLOAD DIRECTORY: /var/folders/7w/9r4_s1_s42z3f7c136bpjf0r0000gn/T/autobyteus-config-6MKCZW/download
MEMORY DIRECTORY: /var/folders/7w/9r4_s1_s42z3f7c136bpjf0r0000gn/T/autobyteus-config-6MKCZW/memory
============================================================
AppConfig initialization completed successfully

stdout | tests/unit/config/app-config.test.ts > AppConfig > throws when setting custom app data dir for non-existent path
Platform detection: Windows=false
App root directory: /Users/normy/autobyteus_org/autobyteus-worktrees/custom-provider-model-context-metadata/autobyteus-server-ts
App data directory: /Users/normy/autobyteus_org/autobyteus-worktrees/custom-provider-model-context-metadata/autobyteus-server-ts
AppConfig instance created.

stdout | tests/unit/config/app-config.test.ts > AppConfig > returns additional skills dirs that exist
Platform detection: Windows=false
App root directory: /Users/normy/autobyteus_org/autobyteus-worktrees/custom-provider-model-context-metadata/autobyteus-server-ts
App data directory: /Users/normy/autobyteus_org/autobyteus-worktrees/custom-provider-model-context-metadata/autobyteus-server-ts
AppConfig instance created.

stderr | tests/unit/config/app-config.test.ts > AppConfig > returns additional skills dirs that exist
Skill path does not exist or is not a directory: /nope

stdout | tests/unit/config/app-config.test.ts > AppConfig > returns additional agent package roots that are absolute and exist
Platform detection: Windows=false
App root directory: /Users/normy/autobyteus_org/autobyteus-worktrees/custom-provider-model-context-metadata/autobyteus-server-ts
App data directory: /Users/normy/autobyteus_org/autobyteus-worktrees/custom-provider-model-context-metadata/autobyteus-server-ts
AppConfig instance created.

stderr | tests/unit/config/app-config.test.ts > AppConfig > returns additional agent package roots that are absolute and exist
Agent package root path must be absolute and will be ignored: relative-source
Agent package root path does not exist or is not a directory: /nope

stdout | tests/unit/config/app-config.test.ts > AppConfig > returns additional application package roots that are absolute, existing, and deduplicated
Platform detection: Windows=false
App root directory: /Users/normy/autobyteus_org/autobyteus-worktrees/custom-provider-model-context-metadata/autobyteus-server-ts
App data directory: /Users/normy/autobyteus_org/autobyteus-worktrees/custom-provider-model-context-metadata/autobyteus-server-ts
AppConfig instance created.

stderr | tests/unit/config/app-config.test.ts > AppConfig > returns additional application package roots that are absolute, existing, and deduplicated
Application package root path must be absolute and will be ignored: relative-root
Application package root path does not exist or is not a directory: /nope

stdout | tests/unit/config/app-config.test.ts > AppConfig > exposes md-centric agent/team path helpers
Platform detection: Windows=false
App root directory: /Users/normy/autobyteus_org/autobyteus-worktrees/custom-provider-model-context-metadata/autobyteus-server-ts
App data directory: /Users/normy/autobyteus_org/autobyteus-worktrees/custom-provider-model-context-metadata/autobyteus-server-ts
AppConfig instance created.
Custom app data directory set to: /var/folders/7w/9r4_s1_s42z3f7c136bpjf0r0000gn/T/autobyteus-config-fKN54S
Updated config file path to /var/folders/7w/9r4_s1_s42z3f7c136bpjf0r0000gn/T/autobyteus-config-fKN54S/.env
Loading environment from: /var/folders/7w/9r4_s1_s42z3f7c136bpjf0r0000gn/T/autobyteus-config-fKN54S/.env
[dotenv@17.3.1] injecting env (1) from ../../../../../../var/folders/7w/9r4_s1_s42z3f7c136bpjf0r0000gn/T/autobyteus-config-fKN54S/.env -- tip: 🔐 encrypt with Dotenvx: https://dotenvx.com
Environment variables loaded successfully
Server public base URL configured to: http://localhost:8000
=== Starting logging configuration ===
Logging config file is ignored in Node.js: /Users/normy/autobyteus_org/autobyteus-worktrees/custom-provider-model-context-metadata/autobyteus-server-ts/logging_config.ini
============================================================
SERVER PUBLIC URL: http://localhost:8000
APP ROOT DIRECTORY: /Users/normy/autobyteus_org/autobyteus-worktrees/custom-provider-model-context-metadata/autobyteus-server-ts
APP DATA DIRECTORY: /var/folders/7w/9r4_s1_s42z3f7c136bpjf0r0000gn/T/autobyteus-config-fKN54S
DB DIRECTORY: /var/folders/7w/9r4_s1_s42z3f7c136bpjf0r0000gn/T/autobyteus-config-fKN54S/db
LOGS DIRECTORY: /var/folders/7w/9r4_s1_s42z3f7c136bpjf0r0000gn/T/autobyteus-config-fKN54S/logs
DOWNLOAD DIRECTORY: /var/folders/7w/9r4_s1_s42z3f7c136bpjf0r0000gn/T/autobyteus-config-fKN54S/download
MEMORY DIRECTORY: /var/folders/7w/9r4_s1_s42z3f7c136bpjf0r0000gn/T/autobyteus-config-fKN54S/memory
============================================================
AppConfig initialization completed successfully

stdout | tests/unit/config/app-config.test.ts > AppConfig > sets and gets config values and updates the env file
Platform detection: Windows=false
App root directory: /Users/normy/autobyteus_org/autobyteus-worktrees/custom-provider-model-context-metadata/autobyteus-server-ts
App data directory: /Users/normy/autobyteus_org/autobyteus-worktrees/custom-provider-model-context-metadata/autobyteus-server-ts
AppConfig instance created.
Custom app data directory set to: /var/folders/7w/9r4_s1_s42z3f7c136bpjf0r0000gn/T/autobyteus-config-vSJnLI
Updated config file path to /var/folders/7w/9r4_s1_s42z3f7c136bpjf0r0000gn/T/autobyteus-config-vSJnLI/.env

stdout | tests/unit/config/app-config.test.ts > AppConfig > discards the exact retired stream-parser key while preserving unrelated settings
Platform detection: Windows=false
App root directory: /Users/normy/autobyteus_org/autobyteus-worktrees/custom-provider-model-context-metadata/autobyteus-server-ts
App data directory: /var/folders/7w/9r4_s1_s42z3f7c136bpjf0r0000gn/T/autobyteus-config-tyQtPu
AppConfig instance created.
Config file path: /var/folders/7w/9r4_s1_s42z3f7c136bpjf0r0000gn/T/autobyteus-config-tyQtPu/.env
Loading environment from: /var/folders/7w/9r4_s1_s42z3f7c136bpjf0r0000gn/T/autobyteus-config-tyQtPu/.env
[dotenv@17.3.1] injecting env (3) from ../../../../../../var/folders/7w/9r4_s1_s42z3f7c136bpjf0r0000gn/T/autobyteus-config-tyQtPu/.env -- tip: ⚙️  override existing env vars with { override: true }
Environment variables loaded successfully
Server public base URL configured to: http://localhost:8000
=== Starting logging configuration ===
Logging config file is ignored in Node.js: /Users/normy/autobyteus_org/autobyteus-worktrees/custom-provider-model-context-metadata/autobyteus-server-ts/logging_config.ini
============================================================
SERVER PUBLIC URL: http://localhost:8000
APP ROOT DIRECTORY: /Users/normy/autobyteus_org/autobyteus-worktrees/custom-provider-model-context-metadata/autobyteus-server-ts
APP DATA DIRECTORY: /var/folders/7w/9r4_s1_s42z3f7c136bpjf0r0000gn/T/autobyteus-config-tyQtPu
DB DIRECTORY: /var/folders/7w/9r4_s1_s42z3f7c136bpjf0r0000gn/T/autobyteus-config-tyQtPu/db
LOGS DIRECTORY: /var/folders/7w/9r4_s1_s42z3f7c136bpjf0r0000gn/T/autobyteus-config-tyQtPu/logs
DOWNLOAD DIRECTORY: /var/folders/7w/9r4_s1_s42z3f7c136bpjf0r0000gn/T/autobyteus-config-tyQtPu/download
MEMORY DIRECTORY: /var/folders/7w/9r4_s1_s42z3f7c136bpjf0r0000gn/T/autobyteus-config-tyQtPu/memory
============================================================
AppConfig initialization completed successfully
initialize() called more than once. Ignoring.

stdout | tests/unit/config/app-config.test.ts > AppConfig > rejects the exact retired key through normal and durable writes
Platform detection: Windows=false
App root directory: /Users/normy/autobyteus_org/autobyteus-worktrees/custom-provider-model-context-metadata/autobyteus-server-ts
App data directory: /var/folders/7w/9r4_s1_s42z3f7c136bpjf0r0000gn/T/autobyteus-config-09Z3Zc
AppConfig instance created.

stdout | tests/unit/config/app-config.test.ts > AppConfig > keeps the retired key inert in-session when its persisted file is read-only
Platform detection: Windows=false
App root directory: /Users/normy/autobyteus_org/autobyteus-worktrees/custom-provider-model-context-metadata/autobyteus-server-ts
App data directory: /var/folders/7w/9r4_s1_s42z3f7c136bpjf0r0000gn/T/autobyteus-config-22aadA
AppConfig instance created.
Config file path: /var/folders/7w/9r4_s1_s42z3f7c136bpjf0r0000gn/T/autobyteus-config-22aadA/.env
Loading environment from: /var/folders/7w/9r4_s1_s42z3f7c136bpjf0r0000gn/T/autobyteus-config-22aadA/.env
[dotenv@17.3.1] injecting env (3) from ../../../../../../var/folders/7w/9r4_s1_s42z3f7c136bpjf0r0000gn/T/autobyteus-config-22aadA/.env -- tip: 🔐 prevent building .env in docker: https://dotenvx.com/prebuild
Environment variables loaded successfully
Could not update config file /var/folders/7w/9r4_s1_s42z3f7c136bpjf0r0000gn/T/autobyteus-config-22aadA/.env: Error: EACCES: permission denied, open '/var/folders/7w/9r4_s1_s42z3f7c136bpjf0r0000gn/T/autobyteus-config-22aadA/.env'. Changes will only be valid for the current session.
Server public base URL configured to: http://localhost:8000
=== Starting logging configuration ===
Logging config file is ignored in Node.js: /Users/normy/autobyteus_org/autobyteus-worktrees/custom-provider-model-context-metadata/autobyteus-server-ts/logging_config.ini
============================================================
SERVER PUBLIC URL: http://localhost:8000
APP ROOT DIRECTORY: /Users/normy/autobyteus_org/autobyteus-worktrees/custom-provider-model-context-metadata/autobyteus-server-ts
APP DATA DIRECTORY: /var/folders/7w/9r4_s1_s42z3f7c136bpjf0r0000gn/T/autobyteus-config-22aadA
DB DIRECTORY: /var/folders/7w/9r4_s1_s42z3f7c136bpjf0r0000gn/T/autobyteus-config-22aadA/db
LOGS DIRECTORY: /var/folders/7w/9r4_s1_s42z3f7c136bpjf0r0000gn/T/autobyteus-config-22aadA/logs
DOWNLOAD DIRECTORY: /var/folders/7w/9r4_s1_s42z3f7c136bpjf0r0000gn/T/autobyteus-config-22aadA/download
MEMORY DIRECTORY: /var/folders/7w/9r4_s1_s42z3f7c136bpjf0r0000gn/T/autobyteus-config-22aadA/memory
============================================================
AppConfig initialization completed successfully

stdout | tests/unit/config/app-config.test.ts > AppConfig > durably replaces the env file before publishing runtime state
Platform detection: Windows=false
App root directory: /Users/normy/autobyteus_org/autobyteus-worktrees/custom-provider-model-context-metadata/autobyteus-server-ts
App data directory: /var/folders/7w/9r4_s1_s42z3f7c136bpjf0r0000gn/T/autobyteus-config-3iuFHw
AppConfig instance created.
Config file path: /var/folders/7w/9r4_s1_s42z3f7c136bpjf0r0000gn/T/autobyteus-config-3iuFHw/.env
Loading environment from: /var/folders/7w/9r4_s1_s42z3f7c136bpjf0r0000gn/T/autobyteus-config-3iuFHw/.env
[dotenv@17.3.1] injecting env (2) from ../../../../../../var/folders/7w/9r4_s1_s42z3f7c136bpjf0r0000gn/T/autobyteus-config-3iuFHw/.env -- tip: 🔐 prevent building .env in docker: https://dotenvx.com/prebuild
Environment variables loaded successfully
Server public base URL configured to: http://localhost:8000
=== Starting logging configuration ===
Logging config file is ignored in Node.js: /Users/normy/autobyteus_org/autobyteus-worktrees/custom-provider-model-context-metadata/autobyteus-server-ts/logging_config.ini
============================================================
SERVER PUBLIC URL: http://localhost:8000
APP ROOT DIRECTORY: /Users/normy/autobyteus_org/autobyteus-worktrees/custom-provider-model-context-metadata/autobyteus-server-ts
APP DATA DIRECTORY: /var/folders/7w/9r4_s1_s42z3f7c136bpjf0r0000gn/T/autobyteus-config-3iuFHw
DB DIRECTORY: /var/folders/7w/9r4_s1_s42z3f7c136bpjf0r0000gn/T/autobyteus-config-3iuFHw/db
LOGS DIRECTORY: /var/folders/7w/9r4_s1_s42z3f7c136bpjf0r0000gn/T/autobyteus-config-3iuFHw/logs
DOWNLOAD DIRECTORY: /var/folders/7w/9r4_s1_s42z3f7c136bpjf0r0000gn/T/autobyteus-config-3iuFHw/download
MEMORY DIRECTORY: /var/folders/7w/9r4_s1_s42z3f7c136bpjf0r0000gn/T/autobyteus-config-3iuFHw/memory
============================================================
AppConfig initialization completed successfully

stdout | tests/unit/config/app-config.test.ts > AppConfig > preserves the exact env file mode under a restrictive process umask
Platform detection: Windows=false
App root directory: /Users/normy/autobyteus_org/autobyteus-worktrees/custom-provider-model-context-metadata/autobyteus-server-ts
App data directory: /var/folders/7w/9r4_s1_s42z3f7c136bpjf0r0000gn/T/autobyteus-config-FHS26F
AppConfig instance created.
Config file path: /var/folders/7w/9r4_s1_s42z3f7c136bpjf0r0000gn/T/autobyteus-config-FHS26F/.env
Loading environment from: /var/folders/7w/9r4_s1_s42z3f7c136bpjf0r0000gn/T/autobyteus-config-FHS26F/.env
[dotenv@17.3.1] injecting env (2) from ../../../../../../var/folders/7w/9r4_s1_s42z3f7c136bpjf0r0000gn/T/autobyteus-config-FHS26F/.env -- tip: ⚙️  load multiple .env files with { path: ['.env.local', '.env'] }
Environment variables loaded successfully
Server public base URL configured to: http://localhost:8000
=== Starting logging configuration ===
Logging config file is ignored in Node.js: /Users/normy/autobyteus_org/autobyteus-worktrees/custom-provider-model-context-metadata/autobyteus-server-ts/logging_config.ini
============================================================
SERVER PUBLIC URL: http://localhost:8000
APP ROOT DIRECTORY: /Users/normy/autobyteus_org/autobyteus-worktrees/custom-provider-model-context-metadata/autobyteus-server-ts
APP DATA DIRECTORY: /var/folders/7w/9r4_s1_s42z3f7c136bpjf0r0000gn/T/autobyteus-config-FHS26F
DB DIRECTORY: /var/folders/7w/9r4_s1_s42z3f7c136bpjf0r0000gn/T/autobyteus-config-FHS26F/db
LOGS DIRECTORY: /var/folders/7w/9r4_s1_s42z3f7c136bpjf0r0000gn/T/autobyteus-config-FHS26F/logs
DOWNLOAD DIRECTORY: /var/folders/7w/9r4_s1_s42z3f7c136bpjf0r0000gn/T/autobyteus-config-FHS26F/download
MEMORY DIRECTORY: /var/folders/7w/9r4_s1_s42z3f7c136bpjf0r0000gn/T/autobyteus-config-FHS26F/memory
============================================================
AppConfig initialization completed successfully

stdout | tests/unit/config/app-config.test.ts > AppConfig > keeps file and runtime state unchanged when durable replacement fails before commit
Platform detection: Windows=false
App root directory: /Users/normy/autobyteus_org/autobyteus-worktrees/custom-provider-model-context-metadata/autobyteus-server-ts
App data directory: /var/folders/7w/9r4_s1_s42z3f7c136bpjf0r0000gn/T/autobyteus-config-JiqO10
AppConfig instance created.
Config file path: /var/folders/7w/9r4_s1_s42z3f7c136bpjf0r0000gn/T/autobyteus-config-JiqO10/.env
Loading environment from: /var/folders/7w/9r4_s1_s42z3f7c136bpjf0r0000gn/T/autobyteus-config-JiqO10/.env
[dotenv@17.3.1] injecting env (2) from ../../../../../../var/folders/7w/9r4_s1_s42z3f7c136bpjf0r0000gn/T/autobyteus-config-JiqO10/.env -- tip: 🔐 encrypt with Dotenvx: https://dotenvx.com
Environment variables loaded successfully
Server public base URL configured to: http://localhost:8000
=== Starting logging configuration ===
Logging config file is ignored in Node.js: /Users/normy/autobyteus_org/autobyteus-worktrees/custom-provider-model-context-metadata/autobyteus-server-ts/logging_config.ini
============================================================
SERVER PUBLIC URL: http://localhost:8000
APP ROOT DIRECTORY: /Users/normy/autobyteus_org/autobyteus-worktrees/custom-provider-model-context-metadata/autobyteus-server-ts
APP DATA DIRECTORY: /var/folders/7w/9r4_s1_s42z3f7c136bpjf0r0000gn/T/autobyteus-config-JiqO10
DB DIRECTORY: /var/folders/7w/9r4_s1_s42z3f7c136bpjf0r0000gn/T/autobyteus-config-JiqO10/db
LOGS DIRECTORY: /var/folders/7w/9r4_s1_s42z3f7c136bpjf0r0000gn/T/autobyteus-config-JiqO10/logs
DOWNLOAD DIRECTORY: /var/folders/7w/9r4_s1_s42z3f7c136bpjf0r0000gn/T/autobyteus-config-JiqO10/download
MEMORY DIRECTORY: /var/folders/7w/9r4_s1_s42z3f7c136bpjf0r0000gn/T/autobyteus-config-JiqO10/memory
============================================================
AppConfig initialization completed successfully

stdout | tests/unit/config/app-config.test.ts > AppConfig > requires initialization and retains the sensitive-setting guard for durable writes
Platform detection: Windows=false
App root directory: /Users/normy/autobyteus_org/autobyteus-worktrees/custom-provider-model-context-metadata/autobyteus-server-ts
App data directory: /var/folders/7w/9r4_s1_s42z3f7c136bpjf0r0000gn/T/autobyteus-config-mL9iw2
AppConfig instance created.
Config file path: /var/folders/7w/9r4_s1_s42z3f7c136bpjf0r0000gn/T/autobyteus-config-mL9iw2/.env
Loading environment from: /var/folders/7w/9r4_s1_s42z3f7c136bpjf0r0000gn/T/autobyteus-config-mL9iw2/.env
[dotenv@17.3.1] injecting env (1) from ../../../../../../var/folders/7w/9r4_s1_s42z3f7c136bpjf0r0000gn/T/autobyteus-config-mL9iw2/.env -- tip: ⚡️ secrets for agents: https://dotenvx.com/as2
Environment variables loaded successfully
Server public base URL configured to: http://localhost:8000
=== Starting logging configuration ===
Logging config file is ignored in Node.js: /Users/normy/autobyteus_org/autobyteus-worktrees/custom-provider-model-context-metadata/autobyteus-server-ts/logging_config.ini
============================================================
SERVER PUBLIC URL: http://localhost:8000
APP ROOT DIRECTORY: /Users/normy/autobyteus_org/autobyteus-worktrees/custom-provider-model-context-metadata/autobyteus-server-ts
APP DATA DIRECTORY: /var/folders/7w/9r4_s1_s42z3f7c136bpjf0r0000gn/T/autobyteus-config-mL9iw2
DB DIRECTORY: /var/folders/7w/9r4_s1_s42z3f7c136bpjf0r0000gn/T/autobyteus-config-mL9iw2/db
LOGS DIRECTORY: /var/folders/7w/9r4_s1_s42z3f7c136bpjf0r0000gn/T/autobyteus-config-mL9iw2/logs
DOWNLOAD DIRECTORY: /var/folders/7w/9r4_s1_s42z3f7c136bpjf0r0000gn/T/autobyteus-config-mL9iw2/download
MEMORY DIRECTORY: /var/folders/7w/9r4_s1_s42z3f7c136bpjf0r0000gn/T/autobyteus-config-mL9iw2/memory
============================================================
AppConfig initialization completed successfully

stdout | tests/unit/config/app-config.test.ts > AppConfig > creates temp workspace directory under the app data dir by default
Platform detection: Windows=false
App root directory: /Users/normy/autobyteus_org/autobyteus-worktrees/custom-provider-model-context-metadata/autobyteus-server-ts
App data directory: /Users/normy/autobyteus_org/autobyteus-worktrees/custom-provider-model-context-metadata/autobyteus-server-ts
AppConfig instance created.
Custom app data directory set to: /var/folders/7w/9r4_s1_s42z3f7c136bpjf0r0000gn/T/autobyteus-config-JDQCT4
Updated config file path to /var/folders/7w/9r4_s1_s42z3f7c136bpjf0r0000gn/T/autobyteus-config-JDQCT4/.env

stdout | tests/unit/config/app-config.test.ts > AppConfig > resolves AUTOBYTEUS_TEMP_WORKSPACE_DIR relative to app data dir
Platform detection: Windows=false
App root directory: /Users/normy/autobyteus_org/autobyteus-worktrees/custom-provider-model-context-metadata/autobyteus-server-ts
App data directory: /Users/normy/autobyteus_org/autobyteus-worktrees/custom-provider-model-context-metadata/autobyteus-server-ts
AppConfig instance created.
Custom app data directory set to: /var/folders/7w/9r4_s1_s42z3f7c136bpjf0r0000gn/T/autobyteus-config-BnRzPT
Updated config file path to /var/folders/7w/9r4_s1_s42z3f7c136bpjf0r0000gn/T/autobyteus-config-BnRzPT/.env

stdout | tests/unit/config/app-config.test.ts > AppConfig > loadEnvironment returns false when .env is missing
Platform detection: Windows=false
App root directory: /Users/normy/autobyteus_org/autobyteus-worktrees/custom-provider-model-context-metadata/autobyteus-server-ts
App data directory: /Users/normy/autobyteus_org/autobyteus-worktrees/custom-provider-model-context-metadata/autobyteus-server-ts
AppConfig instance created.
Custom app data directory set to: /var/folders/7w/9r4_s1_s42z3f7c136bpjf0r0000gn/T/autobyteus-config-empty-wPK0XH
Config file not found in new data directory: Error: Configuration file not found: /var/folders/7w/9r4_s1_s42z3f7c136bpjf0r0000gn/T/autobyteus-config-empty-wPK0XH/.env
loadEnvironment() is deprecated. Use initialize() instead.

stderr | tests/unit/config/app-config.test.ts > AppConfig > loadEnvironment returns false when .env is missing
Failed to load environment: Error: Configuration file not found: /var/folders/7w/9r4_s1_s42z3f7c136bpjf0r0000gn/T/autobyteus-config-empty-wPK0XH/.env

 ✓ tests/unit/config/app-config.test.ts (27 tests) 184ms

 Test Files  1 passed (1)
      Tests  27 passed (27)
   Start at  18:01:22
   Duration  1.75s (transform 168ms, setup 33ms, import 196ms, tests 184ms, environment 0ms)

