│
▲  Changing NODE_ENV from production to development, to avoid unintended behavior.
│
●  Nuxt 3.21.1 (with Nitro 2.13.1, Vite 7.3.1 and Vue 3.5.28)

  ➜ Local:    http://127.0.0.1:33843/
  ➜ Network:  use --host to expose

isElectronBuild false
[Electron Module] Skipping electron module setup: BUILD_TARGET is not electron
ℹ Re-optimizing dependencies because lockfile has changed
✔ Vite client built in 188ms
✔ Vite server built in 297ms

 WARN  Browserslist: browsers data (caniuse-lite) is 6 months old. Please run:
  npx update-browserslist-db@latest
  Why you should do it regularly: https://github.com/browserslist/update-db#readme

[nitro] ✔ Nuxt Nitro server built in 4520ms
ℹ Vite client warmed up in 1ms
ℹ ✨ new dependencies optimized: @iconify/vue
ℹ ✨ optimized dependencies changed. reloading
ℹ ✨ new dependencies optimized: zod, crypto-js/sha256
ℹ ✨ optimized dependencies changed. reloading
