TAP version 13
# Subtest: collaborator entries carry their single instance's run identities
ok 1 - collaborator entries carry their single instance's run identities
  ---
  duration_ms: 2.200917
  type: 'test'
  ...
# Subtest: an Agent root view correlates host, children, messages and statuses
ok 2 - an Agent root view correlates host, children, messages and statuses
  ---
  duration_ms: 1.788958
  type: 'test'
  ...
# Subtest: Agent root events, lifecycle and commands use root kind 'agent'; SEND_MESSAGE takes mentions
ok 3 - Agent root events, lifecycle and commands use root kind 'agent'; SEND_MESSAGE takes mentions
  ---
  duration_ms: 0.858917
  type: 'test'
  ...
# Subtest: Org trees require the collaborators list
ok 4 - Org trees require the collaborators list
  ---
  duration_ms: 0.356709
  type: 'test'
  ...
# Subtest: Agent-root live input projection is required and carries held/queued recovery facts
ok 5 - Agent-root live input projection is required and carries held/queued recovery facts
  ---
  duration_ms: 0.959125
  type: 'test'
  ...
# Subtest: current versionless Org snapshot carries exact live held/queued state
ok 6 - current versionless Org snapshot carries exact live held/queued state
  ---
  duration_ms: 4.395166
  type: 'test'
  ...
# Subtest: rejects duplicate/unowned input projections and missing live input field
ok 7 - rejects duplicate/unowned input projections and missing live input field
  ---
  duration_ms: 1.162375
  type: 'test'
  ...
# Subtest: live projection is strict and has no durable outbox or retired child fields
ok 8 - live projection is strict and has no durable outbox or retired child fields
  ---
  duration_ms: 0.854042
  type: 'test'
  ...
1..8
# tests 8
# suites 0
# pass 8
# fail 0
# cancelled 0
# skipped 0
# todo 0
# duration_ms 126.6505
