
> autobyteus@1.4.58 test:nuxt /home/autobyteus/workspace/autobyteus-workspace-token-statistics-ui-requirements/autobyteus-web
> cross-env NUXT_TEST=true vitest --run components/settings/__tests__/TokenUsageRunDetailsView.spec.ts components/settings/__tests__/TokenUsageStatistics.spec.ts components/settings/token-usage/__tests__/TokenUsageModelStatisticsTable.spec.ts components/settings/token-usage/__tests__/TokenUsageTaskStatisticsTable.spec.ts components/settings/token-usage/analytics/__tests__/TokenUsageAnalyticsStates.spec.ts components/settings/token-usage/analytics/__tests__/TokenUsageAnalyticsSummaryCards.spec.ts components/settings/token-usage/analytics/__tests__/TokenUsageBreakdown.spec.ts components/settings/token-usage/analytics/__tests__/TokenUsageTrendChart.spec.ts

isElectronBuild false
[Electron Module] Skipping electron module setup: BUILD_TARGET is not electron
Browserslist: browsers data (caniuse-lite) is 6 months old. Please run:
  npx update-browserslist-db@latest
  Why you should do it regularly: https://github.com/browserslist/update-db#readme

 RUN  v3.2.4 /home/autobyteus/workspace/autobyteus-workspace-token-statistics-ui-requirements/autobyteus-web

stderr | components/settings/token-usage/__tests__/TokenUsageTaskStatisticsTable.spec.ts
Warning: KaTeX doesn't work in quirks mode. Make sure your website has a suitable doctype.

stderr | components/settings/__tests__/TokenUsageRunDetailsView.spec.ts
Warning: KaTeX doesn't work in quirks mode. Make sure your website has a suitable doctype.

stderr | components/settings/token-usage/analytics/__tests__/TokenUsageBreakdown.spec.ts
Warning: KaTeX doesn't work in quirks mode. Make sure your website has a suitable doctype.

stderr | components/settings/token-usage/analytics/__tests__/TokenUsageTrendChart.spec.ts
Warning: KaTeX doesn't work in quirks mode. Make sure your website has a suitable doctype.

stderr | components/settings/token-usage/analytics/__tests__/TokenUsageAnalyticsStates.spec.ts
Warning: KaTeX doesn't work in quirks mode. Make sure your website has a suitable doctype.

stderr | components/settings/token-usage/__tests__/TokenUsageModelStatisticsTable.spec.ts
Warning: KaTeX doesn't work in quirks mode. Make sure your website has a suitable doctype.

stderr | components/settings/token-usage/analytics/__tests__/TokenUsageAnalyticsSummaryCards.spec.ts
Warning: KaTeX doesn't work in quirks mode. Make sure your website has a suitable doctype.

stderr | components/settings/__tests__/TokenUsageStatistics.spec.ts
Warning: KaTeX doesn't work in quirks mode. Make sure your website has a suitable doctype.

stdout | components/settings/token-usage/analytics/__tests__/TokenUsageAnalyticsStates.spec.ts
serverStore: Initializing server config
serverStore: Not in Electron environment. Skipping server initialization.

stdout | components/settings/token-usage/analytics/__tests__/TokenUsageAnalyticsSummaryCards.spec.ts
serverStore: Initializing server config
serverStore: Not in Electron environment. Skipping server initialization.

stdout | components/settings/token-usage/analytics/__tests__/TokenUsageTrendChart.spec.ts
serverStore: Initializing server config
serverStore: Not in Electron environment. Skipping server initialization.

stdout | components/settings/__tests__/TokenUsageRunDetailsView.spec.ts
serverStore: Initializing server config
serverStore: Not in Electron environment. Skipping server initialization.

stdout | components/settings/token-usage/analytics/__tests__/TokenUsageBreakdown.spec.ts
serverStore: Initializing server config
serverStore: Not in Electron environment. Skipping server initialization.

stdout | components/settings/token-usage/__tests__/TokenUsageModelStatisticsTable.spec.ts
serverStore: Initializing server config
serverStore: Not in Electron environment. Skipping server initialization.

stdout | components/settings/token-usage/__tests__/TokenUsageTaskStatisticsTable.spec.ts
serverStore: Initializing server config
serverStore: Not in Electron environment. Skipping server initialization.

stdout | components/settings/__tests__/TokenUsageStatistics.spec.ts
serverStore: Initializing server config
serverStore: Not in Electron environment. Skipping server initialization.

 ✓ components/settings/token-usage/__tests__/TokenUsageModelStatisticsTable.spec.ts (1 test) 56ms
 ✓ components/settings/token-usage/__tests__/TokenUsageTaskStatisticsTable.spec.ts (3 tests) 155ms
 ✓ components/settings/__tests__/TokenUsageRunDetailsView.spec.ts (5 tests) 103ms
 ✓ components/settings/token-usage/analytics/__tests__/TokenUsageBreakdown.spec.ts (3 tests) 119ms
 ✓ components/settings/token-usage/analytics/__tests__/TokenUsageTrendChart.spec.ts (3 tests) 88ms
 ✓ components/settings/token-usage/analytics/__tests__/TokenUsageAnalyticsSummaryCards.spec.ts (5 tests) 131ms
 ✓ components/settings/token-usage/analytics/__tests__/TokenUsageAnalyticsStates.spec.ts (4 tests) 172ms
 ✓ components/settings/__tests__/TokenUsageStatistics.spec.ts (1 test) 18ms

 Test Files  8 passed (8)
      Tests  25 passed (25)
   Start at  20:07:41
   Duration  20.55s (transform 9.67s, setup 117.81s, collect 4.58s, tests 842ms, environment 25.74s, prepare 7.56s)
