Scope: all 13 workspace projects
Lockfile is up to date, resolution step is skipped
Progress: resolved 1, reused 0, downloaded 0, added 0
Packages: +1688
++++++++++++++++++++++++++++++++++++++++++++++++++++++++++++++++++++++++++++++++
Progress: resolved 1688, reused 1686, downloaded 0, added 37
Progress: resolved 1688, reused 1686, downloaded 0, added 403
Progress: resolved 1688, reused 1686, downloaded 0, added 631
Progress: resolved 1688, reused 1686, downloaded 0, added 804
Progress: resolved 1688, reused 1686, downloaded 0, added 1021
Progress: resolved 1688, reused 1686, downloaded 0, added 1387
Progress: resolved 1688, reused 1686, downloaded 0, added 1688, done
 WARN  Failed to create bin at /Users/normy/autobyteus_org/autobyteus-worktrees/team-reload-stale-member-instructions/applications/brief-studio/node_modules/.bin/autobyteus-app. ENOENT: no such file or directory, open '/Users/normy/autobyteus_org/autobyteus-worktrees/team-reload-stale-member-instructions/autobyteus-application-devkit/dist/cli.js'
 WARN  Failed to create bin at /Users/normy/autobyteus_org/autobyteus-worktrees/team-reload-stale-member-instructions/applications/socratic-math-teacher/node_modules/.bin/autobyteus-app. ENOENT: no such file or directory, open '/Users/normy/autobyteus_org/autobyteus-worktrees/team-reload-stale-member-instructions/autobyteus-application-devkit/dist/cli.js'

autobyteus-ts postinstall$ node ./scripts/fix-node-pty-permissions.mjs
autobyteus-ts postinstall: [node-pty-fix] repaired: /Users/normy/autobyteus_org/autobyteus-worktrees/team-reload-stale-member-instructions/node_modules/.pnpm/node-pty@1.1.0/node_modules/node-pty/prebuilds/darwin-arm64/spawn-helper
autobyteus-ts postinstall: Done
 WARN  Failed to create bin at /Users/normy/autobyteus_org/autobyteus-worktrees/team-reload-stale-member-instructions/applications/socratic-math-teacher/node_modules/.bin/autobyteus-app. ENOENT: no such file or directory, open '/Users/normy/autobyteus_org/autobyteus-worktrees/team-reload-stale-member-instructions/applications/socratic-math-teacher/node_modules/@autobyteus/application-devkit/dist/cli.js'
 WARN  Failed to create bin at /Users/normy/autobyteus_org/autobyteus-worktrees/team-reload-stale-member-instructions/applications/brief-studio/node_modules/.bin/autobyteus-app. ENOENT: no such file or directory, open '/Users/normy/autobyteus_org/autobyteus-worktrees/team-reload-stale-member-instructions/applications/brief-studio/node_modules/@autobyteus/application-devkit/dist/cli.js'
╭ Warning ─────────────────────────────────────────────────────────────────────╮
│                                                                              │
│   Ignored build scripts: @google/genai@2.24.0.                               │
│   Run "pnpm approve-builds" to pick which dependencies should be allowed     │
│   to run scripts.                                                            │
│                                                                              │
╰──────────────────────────────────────────────────────────────────────────────╯
Done in 8.5s using pnpm v10.28.2
