SCENARIO=SCSP-DELIVERY-ROUND17-FINAL-HANDOFF-CHECK
DATE=2026-07-27
HEAD=3877b39bdcad2e8c88bb9f86d190308aaf034829
REVIEWED_IMPLEMENTATION_HEAD=dd1d37f90d00331d427bad1b36e4401a3a733038
TRACKED_BASE=d6983612c5a77fb94d9266df85a9d03fe2d1c68b
LATEST_BASE_CURRENT=PASS
TRACKED_DELIVERY_DIFF_CHECK=PASS
UPSTREAM_PASS_PACKAGE=PASS
DELIVERY_EXECUTABLE_CHECK=PASS
ELECTRON_ARTIFACT_IDENTITY=PASS
DURABLE_DOCS_ROUND17=PASS
STALE_DELIVERY_CLAIMS=ABSENT
PRESERVED_BOUNDARIES=PASS
DELIVERY_TEXT_FILES_SCANNED=11
DELIVERY_SECRET_PREFIX_MATCHES=0
PORT_29695_USER_INSTALLED_APP_PRESENT=YES
USER_PROCESS_TOUCHED=NO
USER_VERIFICATION=REQUIRED
REPOSITORY_FINALIZATION=HELD
RESULT=PASS
