Round 8 Docker cleanup and evidence checks
 Container scsp-round8-autobyteus-server-1  Stopping
 Container scsp-round8-autobyteus-server-1  Stopped
 Container scsp-round8-autobyteus-server-1  Removing
 Container scsp-round8-autobyteus-server-1  Removed
 Volume scsp-round8_autobyteus-server-chromium-profile  Removing
 Volume scsp-round8_autobyteus-server-data  Removing
 Volume scsp-round8_autobyteus-server-root-home  Removing
 Volume scsp-round8_autobyteus-server-workspace  Removing
 Network scsp-round8_default  Removing
 Volume scsp-round8_autobyteus-server-chromium-profile  Removed
 Volume scsp-round8_autobyteus-server-data  Removed
 Volume scsp-round8_autobyteus-server-workspace  Removed
 Volume scsp-round8_autobyteus-server-root-home  Removed
 Network scsp-round8_default  Removed
[2026-07-22 16:21:12] Deleted state: /Users/normy/autobyteus_org/autobyteus-worktrees/secure-centralized-secret-provisioning/autobyteus-server-ts/docker/.runtime/scsp-round8.env
Remaining scsp-round8 containers: 0
Remaining scsp-round8 networks: 0
Remaining scsp-round8 volumes: 0
Runtime state file: absent
Temporary lifecycle script: absent
Docker-source diff from reviewed base: none
Uncommitted Docker-source diff: none
git diff --check: PASS
Derived local image alias: retained because it pre-existed and is shared local state
