HEAD 4c9f01776347d18bac78805800363f8a92a096af
COMMAND pnpm --filter autobyteus-server-ts exec vitest run <14 focused files> --silent=true --no-watch

 RUN  v4.0.18 /Users/normy/autobyteus_org/autobyteus-worktrees/secure-centralized-secret-provisioning/autobyteus-server-ts

Prisma schema loaded from prisma/schema.prisma
Datasource "db": SQLite database "autobyteus-server-test.db" at "file:/Users/normy/autobyteus_org/autobyteus-worktrees/secure-centralized-secret-provisioning/autobyteus-server-ts/tests/.tmp/autobyteus-server-test.db"

Applying migration `20260203074245_init`
Applying migration `20260208094000_add_external_channel_tables`
Applying migration `20260209174500_add_channel_message_receipt_turn_id`
Applying migration `20260209213000_remove_agent_conversation_tables`
Applying migration `20260210101500_add_agent_avatar`
Applying migration `20260210192000_add_agent_team_avatar`
Applying migration `20260211214500_add_sync_columns_and_tombstones`
Applying migration `20260212070000_remove_workflow_definition`
Applying migration `20260309103000_add_channel_binding_launch_preset`
Applying migration `20260310153000_add_channel_binding_team_definition_id`
Applying migration `20260331102000_remove_channel_bindings_table`
Applying migration `20260331130000_receipt_lifecycle_and_remove_channel_idempotency`
Applying migration `20260517090000_add_app_data_migration_records`
Applying migration `20260624090000_add_token_usage_ledger_events`
Applying migration `20260625193000_token_usage_component_pricing_explainability`
Applying migration `20260629120000_add_token_usage_display_fields`
Applying migration `20260702093000_token_usage_execution_address`

Database reset successful

The following migration(s) have been applied:

migrations/
  └─ 20260203074245_init/
    └─ migration.sql
  └─ 20260208094000_add_external_channel_tables/
    └─ migration.sql
  └─ 20260209174500_add_channel_message_receipt_turn_id/
    └─ migration.sql
  └─ 20260209213000_remove_agent_conversation_tables/
    └─ migration.sql
  └─ 20260210101500_add_agent_avatar/
    └─ migration.sql
  └─ 20260210192000_add_agent_team_avatar/
    └─ migration.sql
  └─ 20260211214500_add_sync_columns_and_tombstones/
    └─ migration.sql
  └─ 20260212070000_remove_workflow_definition/
    └─ migration.sql
  └─ 20260309103000_add_channel_binding_launch_preset/
    └─ migration.sql
  └─ 20260310153000_add_channel_binding_team_definition_id/
    └─ migration.sql
  └─ 20260331102000_remove_channel_bindings_table/
    └─ migration.sql
  └─ 20260331130000_receipt_lifecycle_and_remove_channel_idempotency/
    └─ migration.sql
  └─ 20260517090000_add_app_data_migration_records/
    └─ migration.sql
  └─ 20260624090000_add_token_usage_ledger_events/
    └─ migration.sql
  └─ 20260625193000_token_usage_component_pricing_explainability/
    └─ migration.sql
  └─ 20260629120000_add_token_usage_display_fields/
    └─ migration.sql
  └─ 20260702093000_token_usage_execution_address/
    └─ migration.sql

 ✓ tests/unit/logging/prisma-query-log-policy.test.ts (11 tests) 624ms
(node:38135) ExperimentalWarning: SQLite is an experimental feature and might change at any time
(Use `node --trace-warnings ...` to show where the warning was created)
 ✓ tests/unit/secret-management/local-environment-secret-import-service.test.ts (12 tests) 307ms
(node:38136) ExperimentalWarning: SQLite is an experimental feature and might change at any time
(Use `node --trace-warnings ...` to show where the warning was created)
 ✓ tests/unit/secret-management/local-secret-storage-backend.test.ts (11 tests) 333ms
(node:38441) ExperimentalWarning: SQLite is an experimental feature and might change at any time
(Use `node --trace-warnings ...` to show where the warning was created)
 ✓ tests/unit/built-in-agents/built-in-agent-bootstrapper.test.ts (8 tests) 84ms
(node:38446) ExperimentalWarning: SQLite is an experimental feature and might change at any time
(Use `node --trace-warnings ...` to show where the warning was created)
 ✓ tests/unit/secret-management/live-e2e-harness.test.ts (11 tests) 120ms
(node:38450) ExperimentalWarning: SQLite is an experimental feature and might change at any time
(Use `node --trace-warnings ...` to show where the warning was created)
 ✓ tests/e2e/secret-management/provider-secret-lifecycle-graphql.e2e.test.ts (2 tests) 110ms
(node:38623) ExperimentalWarning: SQLite is an experimental feature and might change at any time
(Use `node --trace-warnings ...` to show where the warning was created)
 ✓ tests/e2e/media/server-owned-media-tools.e2e.test.ts (5 tests) 67ms
 ✓ tests/unit/secret-management/legacy-source-non-authority.test.ts (31 tests) 54ms
 ✓ tests/unit/config/app-config.test.ts (20 tests) 29ms
 ✓ tests/unit/services/server-settings-service.test.ts (48 tests) 22ms
 ✓ tests/unit/secret-management/local-environment-source-reader.test.ts (16 tests) 26ms
(node:38765) ExperimentalWarning: SQLite is an experimental feature and might change at any time
(Use `node --trace-warnings ...` to show where the warning was created)
 ✓ tests/unit/secret-management/import-local-environment-secrets-cli.test.ts (18 tests) 6ms
 ✓ tests/unit/api/graphql/types/server-settings.test.ts (7 tests) 4ms
 ✓ tests/unit/built-in-agents/built-in-agent-templates.test.ts (1 test) 2ms

 Test Files  14 passed (14)
      Tests  201 passed (201)
   Start at  18:12:48
   Duration  10.90s (transform 3.19s, setup 45ms, import 7.62s, tests 1.79s, environment 1ms)

FOCUSED_TEST_EXIT 0
COMMAND pnpm install --frozen-lockfile --offline
Scope: all 11 workspace projects
Lockfile is up to date, resolution step is skipped
Already up to date

autobyteus-ts postinstall$ node ./scripts/fix-node-pty-permissions.mjs
autobyteus-ts postinstall: [node-pty-fix] ok: /Users/normy/autobyteus_org/autobyteus-worktrees/secure-centralized-secret-provisioning/node_modules/.pnpm/node-pty@1.1.0/node_modules/node-pty/prebuilds/darwin-arm64/spawn-helper
autobyteus-ts postinstall: Done
Done in 1.1s using pnpm v10.28.2
FROZEN_INSTALL_EXIT 0
node:internal/modules/cjs/loader:1433
  throw err;
  ^

Error: Cannot find module './node_modules/.pnpm/repository_prisma@1.0.8_@prisma+client@5.22.0_prisma@5.22.0/node_modules/repository_prisma/package.json'
Require stack:
- /Users/normy/autobyteus_org/autobyteus-worktrees/secure-centralized-secret-provisioning/[stdin]
    at Function._resolveFilename (node:internal/modules/cjs/loader:1430:15)
    at defaultResolveImpl (node:internal/modules/cjs/loader:1040:19)
    at resolveForCJSWithHooks (node:internal/modules/cjs/loader:1045:22)
    at Function._load (node:internal/modules/cjs/loader:1216:25)
    at wrapModuleLoad (node:internal/modules/cjs/loader:254:19)
    at Module.require (node:internal/modules/cjs/loader:1527:12)
    at require (node:internal/modules/helpers:147:16)
    at [stdin]:5:18
    at runScriptInThisContext (node:internal/vm:209:10)
    at node:internal/process/execution:446:12 {
  code: 'MODULE_NOT_FOUND',
  requireStack: [
    '/Users/normy/autobyteus_org/autobyteus-worktrees/secure-centralized-secret-provisioning/[stdin]'
  ]
}

Node.js v22.23.1
PACKAGE_POLICY_EXIT 1
GIT_DIFF_CHECK_EXIT 0
