SCENARIO scsp-round10 owned Docker cleanup
 Container scsp-round10-autobyteus-server-1  Stopping
 Container scsp-round10-autobyteus-server-1  Stopped
 Container scsp-round10-autobyteus-server-1  Removing
 Container scsp-round10-autobyteus-server-1  Removed
 Volume scsp-round10_autobyteus-server-data  Removing
 Volume scsp-round10_autobyteus-server-chromium-profile  Removing
 Volume scsp-round10_autobyteus-server-workspace  Removing
 Volume scsp-round10_autobyteus-server-root-home  Removing
 Network scsp-round10_default  Removing
 Volume scsp-round10_autobyteus-server-data  Removed
 Volume scsp-round10_autobyteus-server-chromium-profile  Removed
 Volume scsp-round10_autobyteus-server-workspace  Removed
 Volume scsp-round10_autobyteus-server-root-home  Removed
 Network scsp-round10_default  Removed
[2026-07-22 19:44:59] Deleted state: /Users/normy/autobyteus_org/autobyteus-worktrees/secure-centralized-secret-provisioning/autobyteus-server-ts/docker/.runtime/scsp-round10.env
DOWN_EXIT 0
REMAINING_CONTAINERS 0
REMAINING_NETWORKS 0
REMAINING_VOLUMES 0
RUNTIME_STATE ABSENT
TEMP_SCRIPT ABSENT
TRACKED_DOCKER_DELTA NONE
UNCOMMITTED_DOCKER_DELTA NONE
GIT_DIFF_CHECK_EXIT 0
