{
  "checkedAt": "2026-10-03T15:00:29.423496+00:00",
  "tag": "v1.4.93",
  "releaseCommit": "1b976216da0cbd0cc84fef3fe22a2739325b8ad3",
  "githubReleaseUrl": "https://github.com/AutoByteus/autobyteus-workspace/releases/tag/v1.4.93",
  "draft": false,
  "prerelease": false,
  "stableLatestTag": "v1.4.93",
  "curatedNotesExactMatch": true,
  "expectedAssets": [
    "AutoByteus_personal_macos-arm64-1.4.93.dmg",
    "AutoByteus_personal_macos-arm64-1.4.93.dmg.blockmap",
    "AutoByteus_personal_macos-arm64-1.4.93.zip",
    "AutoByteus_personal_macos-arm64-1.4.93.zip.blockmap",
    "AutoByteus_personal_macos-x64-1.4.93.dmg",
    "AutoByteus_personal_macos-x64-1.4.93.dmg.blockmap",
    "AutoByteus_personal_macos-x64-1.4.93.zip",
    "AutoByteus_personal_macos-x64-1.4.93.zip.blockmap",
    "AutoByteus_personal_linux-arm64-1.4.93.AppImage",
    "AutoByteus_personal_linux-x64-1.4.93.AppImage",
    "AutoByteus_personal_windows-1.4.93.exe",
    "AutoByteus_personal_android-1.4.93-release.apk",
    "AutoByteus_personal_android-1.4.93-release.apk.sha256",
    "latest-mac.yml",
    "latest-linux.yml",
    "latest-linux-arm64.yml",
    "latest.yml"
  ],
  "uploadedAssetCount": 17,
  "assetSizesAndStatesValid": true,
  "androidSha256SidecarMatchesGithubAssetDigest": true,
  "updaterMetadataVersionAndAssetReferencesValid": true,
  "linuxMetadataChecks": [
    {
      "command": "python3 /Users/normy/autobyteus_org/autobyteus-worktrees/antigravity-runtime-error-stable-release/scripts/validate_linux_updater_metadata.py --metadata /Users/normy/autobyteus_org/autobyteus-worktrees/antigravity-marketing-turn-failure/tickets/done/antigravity-marketing-turn-failure/evidence/delivery/release/updater-metadata/latest-linux.yml --arch-token linux-x64",
      "exitCode": 0,
      "output": "Validated /Users/normy/autobyteus_org/autobyteus-worktrees/antigravity-marketing-turn-failure/tickets/done/antigravity-marketing-turn-failure/evidence/delivery/release/updater-metadata/latest-linux.yml: linux-x64 AppImage metadata includes embedded blockMapSize"
    },
    {
      "command": "python3 /Users/normy/autobyteus_org/autobyteus-worktrees/antigravity-runtime-error-stable-release/scripts/validate_linux_updater_metadata.py --metadata /Users/normy/autobyteus_org/autobyteus-worktrees/antigravity-marketing-turn-failure/tickets/done/antigravity-marketing-turn-failure/evidence/delivery/release/updater-metadata/latest-linux-arm64.yml --arch-token linux-arm64",
      "exitCode": 0,
      "output": "Validated /Users/normy/autobyteus_org/autobyteus-worktrees/antigravity-marketing-turn-failure/tickets/done/antigravity-marketing-turn-failure/evidence/delivery/release/updater-metadata/latest-linux-arm64.yml: linux-arm64 AppImage metadata includes embedded blockMapSize"
    }
  ],
  "dockerVersionLatestBetaDigest": "sha256:6bd413de476de077c0af39cf5a0bcaeab224389d1e349e6efc3b6e00fbe448c0",
  "dockerLinuxArchitectures": [
    "amd64",
    "arm64"
  ],
  "allFourPushWorkflowsSuccessful": true,
  "iosTestFlightUploadStep": "success",
  "iosPublishArtifactPresent": true,
  "publicAppStoreReviewOrAvailability": "External \u2014 not claimed",
  "localInstalledAppOrUserNodeMutated": false,
  "binaryRuntimeOrLiveProviderRecoveryValidation": "Not claimed; CI packaging and owned earlier runtime scope remain distinct"
}
