TAP version 13
# Subtest: composes the note after the user's text and parses it back
ok 1 - composes the note after the user's text and parses it back
  ---
  duration_ms: 1.394459
  type: 'test'
  ...
# Subtest: a mention-only message is the note alone
ok 2 - a mention-only message is the note alone
  ---
  duration_ms: 0.285125
  type: 'test'
  ...
# Subtest: no collaborators leaves the text unchanged; foreign text is not parsed
ok 3 - no collaborators leaves the text unchanged; foreign text is not parsed
  ---
  duration_ms: 0.155625
  type: 'test'
  ...
# Subtest: mentions are at most 8 and unique by kind and definition
ok 4 - mentions are at most 8 and unique by kind and definition
  ---
  duration_ms: 1.459084
  type: 'test'
  ...
# Subtest: collaborator entries carry their single instance's run identities
ok 5 - collaborator entries carry their single instance's run identities
  ---
  duration_ms: 2.432458
  type: 'test'
  ...
# Subtest: an Agent root view correlates host, children, messages and statuses
ok 6 - an Agent root view correlates host, children, messages and statuses
  ---
  duration_ms: 1.940125
  type: 'test'
  ...
# Subtest: Agent root events, lifecycle and commands use root kind 'agent'; SEND_MESSAGE takes mentions
ok 7 - Agent root events, lifecycle and commands use root kind 'agent'; SEND_MESSAGE takes mentions
  ---
  duration_ms: 0.976458
  type: 'test'
  ...
# Subtest: Org trees require the collaborators list
ok 8 - Org trees require the collaborators list
  ---
  duration_ms: 0.412625
  type: 'test'
  ...
# Subtest: Agent-root live input projection is required and carries held/queued recovery facts
ok 9 - Agent-root live input projection is required and carries held/queued recovery facts
  ---
  duration_ms: 1.363084
  type: 'test'
  ...
# Subtest: current versionless Org snapshot carries exact live held/queued state
ok 10 - current versionless Org snapshot carries exact live held/queued state
  ---
  duration_ms: 4.098042
  type: 'test'
  ...
# Subtest: rejects duplicate/unowned input projections and missing live input field
ok 11 - rejects duplicate/unowned input projections and missing live input field
  ---
  duration_ms: 1.1485
  type: 'test'
  ...
# Subtest: live projection is strict and has no durable outbox or retired child fields
ok 12 - live projection is strict and has no durable outbox or retired child fields
  ---
  duration_ms: 0.954333
  type: 'test'
  ...
# Subtest: SEND_MESSAGE accepts optional mentions
ok 13 - SEND_MESSAGE accepts optional mentions
  ---
  duration_ms: 2.167083
  type: 'test'
  ...
# Subtest: the Team tree carries collaborators and COLLABORATOR_ADDED carries one entry
ok 14 - the Team tree carries collaborators and COLLABORATOR_ADDED carries one entry
  ---
  duration_ms: 3.378792
  type: 'test'
  ...
1..14
# tests 14
# suites 0
# pass 14
# fail 0
# cancelled 0
# skipped 0
# todo 0
# duration_ms 108.803625
