timestamp=2026-05-21T19:27:32Z
== clear app data for deterministic first-run ==
Success
== launch ==
Starting: Intent { cmp=org.autobyteus.mobile/.MainActivity }
Status: ok
LaunchState: COLD
Activity: org.autobyteus.mobile/.MainActivity
TotalTime: 767
WaitTime: 782
Complete
== resumed activity ==
    mResumedActivity: ActivityRecord{755b269 u0 org.autobyteus.mobile/.MainActivity t17613}
== uiautomator dump ==
java.io.FileNotFoundException: /data/system/theme_config/theme_compatibility.xml: open failed: ENOENT (No such file or directory)
	at libcore.io.IoBridge.open(IoBridge.java:574)
	at java.io.FileInputStream.<init>(FileInputStream.java:179)
	at java.io.FileInputStream.<init>(FileInputStream.java:133)
	at java.io.FileReader.<init>(FileReader.java:60)
	at miui.content.res.ThemeCompatibilityLoader.getVersion(ThemeCompatibilityLoader.java:108)
	at miui.content.res.ThemeCompatibilityLoader.getConfigDocumentTree(ThemeCompatibilityLoader.java:126)
	at miui.content.res.ThemeCompatibilityLoader.loadConfig(ThemeCompatibilityLoader.java:59)
	at miui.content.res.ThemeCompatibility.<clinit>(ThemeCompatibility.java:31)
	at android.content.res.MiuiResourcesImpl.<clinit>(MiuiResourcesImpl.java:41)
	at android.content.res.MiuiResources.<init>(MiuiResources.java:58)
	at android.content.res.IMiuiResourceImpl.createResources(IMiuiResourceImpl.java:13)
	at android.content.res.ThemeManagerStub.createMiuiResources(ThemeManagerStub.java:56)
	at android.content.res.Resources.getSystem(Resources.java:235)
	at android.util.MiuiMultiWindowAdapter.<clinit>(MiuiMultiWindowAdapter.java:81)
	at com.xiaomi.freeform.MiuiFreeformImpl.getSize(MiuiFreeformImpl.java:53)
	at android.util.MiuiFreeformUtils.getSize(MiuiFreeformUtils.java:49)
	at android.view.Display.getSize(Display.java:796)
	at com.android.commands.uiautomator.DumpCommand.run(DumpCommand.java:110)
	at com.android.commands.uiautomator.Launcher.main(Launcher.java:83)
	at com.android.internal.os.RuntimeInit.nativeFinishInit(Native Method)
	at com.android.internal.os.RuntimeInit.main(RuntimeInit.java:363)
Caused by: android.system.ErrnoException: open failed: ENOENT (No such file or directory)
	at libcore.io.Linux.open(Native Method)
	at libcore.io.ForwardingOs.open(ForwardingOs.java:574)
	at libcore.io.BlockGuardOs.open(BlockGuardOs.java:274)
	at libcore.io.IoBridge.open(IoBridge.java:560)
	... 20 more
/sdcard/api-e2e-launch.xml: 1 file pulled, 0 skipped. 1.7 MB/s (7651 bytes in 0.004s)
== visible text excerpt ==
AutoByteus mobile
Open the existing /mobile shell from a saved desktop node. Pair with the same stable Tailscale URL you expect to use while traveling.
PAIR OR ENTER NODE URL
https://desktop.tailnet-name.ts.net/mobile
I understand HTTP should only be used on a trusted private LAN/tailnet. Prefer Tailscale Serve HTTPS for travel.
SAVE AND OPEN
PASTE
SCAN QR
OPEN TAILSCALE
Recommended setup
Use Tailscale Serve HTTPS, for example https://desktop.tailnet-name.ts.net/mobile. If you pair with a LAN IP and later switch to a Tailscale hostname, WebView localStorage is a different origin and you may need to pair again.
