
> Task :app:dependencies

------------------------------------------------------------
Project ':app'
------------------------------------------------------------

debugRuntimeClasspath - Runtime classpath of '/debug'.
+--- org.jetbrains.kotlin:kotlin-stdlib:2.0.21
|    +--- org.jetbrains:annotations:13.0
|    \--- org.jetbrains.kotlin:kotlin-stdlib-common:2.0.21 (c)
+--- androidx.core:core:1.13.1
|    +--- androidx.annotation:annotation:1.6.0
|    |    \--- androidx.annotation:annotation-jvm:1.6.0
|    |         \--- org.jetbrains.kotlin:kotlin-stdlib:1.8.0 -> 2.0.21 (*)
|    +--- androidx.annotation:annotation-experimental:1.4.0
|    |    \--- org.jetbrains.kotlin:kotlin-stdlib:1.7.10 -> 2.0.21 (*)
|    +--- androidx.collection:collection:1.0.0
|    |    \--- androidx.annotation:annotation:1.0.0 -> 1.6.0 (*)
|    +--- androidx.concurrent:concurrent-futures:1.0.0 -> 1.1.0
|    |    +--- androidx.annotation:annotation:1.1.0 -> 1.6.0 (*)
|    |    \--- com.google.guava:listenablefuture:1.0
|    +--- androidx.interpolator:interpolator:1.0.0
|    |    \--- androidx.annotation:annotation:1.0.0 -> 1.6.0 (*)
|    +--- androidx.lifecycle:lifecycle-runtime:2.6.2
|    |    +--- androidx.annotation:annotation:1.1.0 -> 1.6.0 (*)
|    |    +--- androidx.arch.core:core-common:2.2.0
|    |    |    \--- androidx.annotation:annotation:1.1.0 -> 1.6.0 (*)
|    |    +--- androidx.arch.core:core-runtime:2.2.0
|    |    |    +--- androidx.annotation:annotation:1.1.0 -> 1.6.0 (*)
|    |    |    \--- androidx.arch.core:core-common:2.2.0 (*)
|    |    +--- androidx.lifecycle:lifecycle-common:2.6.2
|    |    |    +--- androidx.annotation:annotation:1.1.0 -> 1.6.0 (*)
|    |    |    +--- org.jetbrains.kotlin:kotlin-stdlib:1.8.10 -> 2.0.21 (*)
|    |    |    +--- org.jetbrains.kotlinx:kotlinx-coroutines-android:1.6.4
|    |    |    |    +--- org.jetbrains.kotlinx:kotlinx-coroutines-core:1.6.4
|    |    |    |    |    \--- org.jetbrains.kotlinx:kotlinx-coroutines-core-jvm:1.6.4
|    |    |    |    |         +--- org.jetbrains.kotlinx:kotlinx-coroutines-bom:1.6.4
|    |    |    |    |         |    +--- org.jetbrains.kotlinx:kotlinx-coroutines-android:1.6.4 (c)
|    |    |    |    |         |    +--- org.jetbrains.kotlinx:kotlinx-coroutines-core-jvm:1.6.4 (c)
|    |    |    |    |         |    \--- org.jetbrains.kotlinx:kotlinx-coroutines-core:1.6.4 (c)
|    |    |    |    |         \--- org.jetbrains.kotlin:kotlin-stdlib-common:1.6.21 -> 2.0.21
|    |    |    |    |              \--- org.jetbrains.kotlin:kotlin-stdlib:2.0.21 (*)
|    |    |    |    \--- org.jetbrains.kotlinx:kotlinx-coroutines-bom:1.6.4 (*)
|    |    |    \--- androidx.lifecycle:lifecycle-runtime:2.6.2 (c)
|    |    +--- androidx.profileinstaller:profileinstaller:1.3.0
|    |    |    +--- androidx.annotation:annotation:1.2.0 -> 1.6.0 (*)
|    |    |    +--- androidx.concurrent:concurrent-futures:1.1.0 (*)
|    |    |    +--- androidx.startup:startup-runtime:1.1.1
|    |    |    |    +--- androidx.annotation:annotation:1.1.0 -> 1.6.0 (*)
|    |    |    |    \--- androidx.tracing:tracing:1.0.0
|    |    |    |         \--- androidx.annotation:annotation:1.1.0 -> 1.6.0 (*)
|    |    |    \--- com.google.guava:listenablefuture:1.0
|    |    +--- org.jetbrains.kotlin:kotlin-stdlib:1.8.10 -> 2.0.21 (*)
|    |    \--- androidx.lifecycle:lifecycle-common:2.6.2 (c)
|    +--- androidx.versionedparcelable:versionedparcelable:1.1.1
|    |    +--- androidx.annotation:annotation:1.1.0 -> 1.6.0 (*)
|    |    \--- androidx.collection:collection:1.0.0 (*)
|    \--- org.jetbrains.kotlin:kotlin-stdlib:1.8.22 -> 2.0.21 (*)
\--- com.journeyapps:zxing-android-embedded:4.3.0
     \--- com.google.zxing:core:3.4.1

(c) - A dependency constraint, not a dependency. The dependency affected by the constraint occurs elsewhere in the tree.
(*) - Indicates repeated occurrences of a transitive dependency subtree. Gradle expands transitive dependency subtrees only once per project; repeat occurrences only display the root of the subtree, followed by this annotation.

A web-based, searchable dependency report is available by adding the --scan option.

> Task :app:checkKotlinGradlePluginConfigurationErrors SKIPPED
> Task :app:preBuild UP-TO-DATE
> Task :app:preDebugBuild UP-TO-DATE
> Task :app:checkDebugAarMetadata
> Task :app:processDebugNavigationResources UP-TO-DATE
> Task :app:compileDebugNavigationResources UP-TO-DATE
> Task :app:generateDebugResValues UP-TO-DATE
> Task :app:mapDebugSourceSetPaths
> Task :app:generateDebugResources UP-TO-DATE
> Task :app:packageDebugResources UP-TO-DATE
> Task :app:parseDebugLocalResources UP-TO-DATE
> Task :app:createDebugCompatibleScreenManifests UP-TO-DATE
> Task :app:extractDeepLinksDebug UP-TO-DATE
> Task :app:processDebugMainManifest
> Task :app:processDebugManifest
> Task :app:javaPreCompileDebug UP-TO-DATE
> Task :app:preDebugUnitTestBuild UP-TO-DATE
> Task :app:javaPreCompileDebugUnitTest UP-TO-DATE
> Task :app:mergeDebugNativeDebugMetadata NO-SOURCE
> Task :app:mergeDebugShaders UP-TO-DATE
> Task :app:compileDebugShaders NO-SOURCE
> Task :app:generateDebugAssets UP-TO-DATE
> Task :app:mergeDebugAssets UP-TO-DATE
> Task :app:compressDebugAssets UP-TO-DATE
> Task :app:desugarDebugFileDependencies UP-TO-DATE
> Task :app:mergeDebugResources
> Task :app:mergeDebugJniLibFolders UP-TO-DATE
> Task :app:checkDebugDuplicateClasses
> Task :app:mergeDebugNativeLibs NO-SOURCE
> Task :app:processDebugManifestForPackage
> Task :app:mergeLibDexDebug UP-TO-DATE
> Task :app:stripDebugDebugSymbols NO-SOURCE
> Task :app:validateSigningDebug UP-TO-DATE
> Task :app:writeDebugAppMetadata UP-TO-DATE
> Task :app:writeDebugSigningConfigVersions UP-TO-DATE
> Task :app:preDebugAndroidTestBuild SKIPPED
> Task :app:processDebugResources
> Task :app:checkDebugAndroidTestAarMetadata
> Task :app:mergeExtDexDebug
> Task :app:processDebugAndroidTestNavigationResources UP-TO-DATE
> Task :app:compileDebugAndroidTestNavigationResources UP-TO-DATE
> Task :app:generateDebugAndroidTestResValues UP-TO-DATE
> Task :app:mapDebugAndroidTestSourceSetPaths
> Task :app:generateDebugAndroidTestResources UP-TO-DATE
> Task :app:mergeDebugAndroidTestResources
> Task :app:processDebugAndroidTestManifest
> Task :app:compileDebugKotlin
> Task :app:compileDebugJavaWithJavac NO-SOURCE
> Task :app:processDebugJavaRes UP-TO-DATE
> Task :app:bundleDebugClassesToRuntimeJar
> Task :app:bundleDebugClassesToCompileJar
> Task :app:dexBuilderDebug
> Task :app:mergeDebugGlobalSynthetics UP-TO-DATE
> Task :app:processDebugAndroidTestResources
> Task :app:compileDebugUnitTestKotlin
> Task :app:compileDebugUnitTestJavaWithJavac NO-SOURCE
> Task :app:processDebugUnitTestJavaRes UP-TO-DATE
> Task :app:mergeDebugJavaResource
> Task :app:testDebugUnitTest
> Task :app:mergeProjectDexDebug
> Task :app:compileDebugAndroidTestKotlin
> Task :app:packageDebug
> Task :app:createDebugApkListingFileRedirect UP-TO-DATE
> Task :app:assembleDebug

[Incubating] Problems report is available at: file:///Users/normy/autobyteus_org/autobyteus-worktrees/android-mobile-pairing-qr-error/autobyteus-android/build/reports/problems/problems-report.html

Deprecated Gradle features were used in this build, making it incompatible with Gradle 10.

You can use '--warning-mode all' to show the individual deprecation warnings and determine if they come from your own scripts or plugins.

For more on this, please refer to https://docs.gradle.org/9.3.1/userguide/command_line_interface.html#sec:command_line_warnings in the Gradle documentation.

BUILD SUCCESSFUL in 5s
52 actionable tasks: 25 executed, 27 up-to-date
Consider enabling configuration cache to speed up this build: https://docs.gradle.org/9.3.1/userguide/configuration_cache_enabling.html

--- fixed APK artifact summary ---
-rw-r--r--@ 1 normy  staff  3406020 May 21 21:33 autobyteus-android/app/build/outputs/apk/debug/app-debug.apk
cf77a63a86fcf8fce3100666722368ad107b14451d35c9a37137448acfd4a7ff  autobyteus-android/app/build/outputs/apk/debug/app-debug.apk
