
 RUN  v4.0.18 /Users/normy/autobyteus_org/autobyteus-worktrees/token-statistics-int-overflow/autobyteus-server-ts

Prisma schema loaded from prisma/schema.prisma
Datasource "db": SQLite database "autobyteus-server-test.db" at "file:/Users/normy/autobyteus_org/autobyteus-worktrees/token-statistics-int-overflow/autobyteus-server-ts/tests/.tmp/autobyteus-server-test.db"

Applying migration `20260203074245_init`
Applying migration `20260208094000_add_external_channel_tables`
Applying migration `20260209174500_add_channel_message_receipt_turn_id`
Applying migration `20260209213000_remove_agent_conversation_tables`
Applying migration `20260210101500_add_agent_avatar`
Applying migration `20260210192000_add_agent_team_avatar`
Applying migration `20260211214500_add_sync_columns_and_tombstones`
Applying migration `20260212070000_remove_workflow_definition`
Applying migration `20260309103000_add_channel_binding_launch_preset`
Applying migration `20260310153000_add_channel_binding_team_definition_id`
Applying migration `20260331102000_remove_channel_bindings_table`
Applying migration `20260331130000_receipt_lifecycle_and_remove_channel_idempotency`
Applying migration `20260517090000_add_app_data_migration_records`
Applying migration `20260624090000_add_token_usage_ledger_events`
Applying migration `20260625193000_token_usage_component_pricing_explainability`
Applying migration `20260629120000_add_token_usage_display_fields`
Applying migration `20260702093000_token_usage_execution_address`
Applying migration `20260726090000_add_secret_vault`

Database reset successful

The following migration(s) have been applied:

migrations/
  └─ 20260203074245_init/
    └─ migration.sql
  └─ 20260208094000_add_external_channel_tables/
    └─ migration.sql
  └─ 20260209174500_add_channel_message_receipt_turn_id/
    └─ migration.sql
  └─ 20260209213000_remove_agent_conversation_tables/
    └─ migration.sql
  └─ 20260210101500_add_agent_avatar/
    └─ migration.sql
  └─ 20260210192000_add_agent_team_avatar/
    └─ migration.sql
  └─ 20260211214500_add_sync_columns_and_tombstones/
    └─ migration.sql
  └─ 20260212070000_remove_workflow_definition/
    └─ migration.sql
  └─ 20260309103000_add_channel_binding_launch_preset/
    └─ migration.sql
  └─ 20260310153000_add_channel_binding_team_definition_id/
    └─ migration.sql
  └─ 20260331102000_remove_channel_bindings_table/
    └─ migration.sql
  └─ 20260331130000_receipt_lifecycle_and_remove_channel_idempotency/
    └─ migration.sql
  └─ 20260517090000_add_app_data_migration_records/
    └─ migration.sql
  └─ 20260624090000_add_token_usage_ledger_events/
    └─ migration.sql
  └─ 20260625193000_token_usage_component_pricing_explainability/
    └─ migration.sql
  └─ 20260629120000_add_token_usage_display_fields/
    └─ migration.sql
  └─ 20260702093000_token_usage_execution_address/
    └─ migration.sql
  └─ 20260726090000_add_secret_vault/
    └─ migration.sql

stdout | tests/e2e/token-usage/token-usage-ledger-graphql.e2e.test.ts
Platform detection: Windows=false
App root directory: /Users/normy/autobyteus_org/autobyteus-worktrees/token-statistics-int-overflow/autobyteus-server-ts
App data directory: /var/folders/7w/9r4_s1_s42z3f7c136bpjf0r0000gn/T/autobyteus-token-usage-regression-MaCO0w
AppConfig instance created.
Config file path: /var/folders/7w/9r4_s1_s42z3f7c136bpjf0r0000gn/T/autobyteus-token-usage-regression-MaCO0w/.env
Loading environment from: /var/folders/7w/9r4_s1_s42z3f7c136bpjf0r0000gn/T/autobyteus-token-usage-regression-MaCO0w/.env
[dotenv@17.3.1] injecting env (0) from ../../../../../../var/folders/7w/9r4_s1_s42z3f7c136bpjf0r0000gn/T/autobyteus-token-usage-regression-MaCO0w/.env -- tip: 🔐 encrypt with Dotenvx: https://dotenvx.com
Environment variables loaded successfully
Server public base URL configured to: http://127.0.0.1:29695
=== Starting logging configuration ===
Logging config file is ignored in Node.js: /Users/normy/autobyteus_org/autobyteus-worktrees/token-statistics-int-overflow/autobyteus-server-ts/logging_config.ini
============================================================
SERVER PUBLIC URL: http://127.0.0.1:29695
APP ROOT DIRECTORY: /Users/normy/autobyteus_org/autobyteus-worktrees/token-statistics-int-overflow/autobyteus-server-ts
APP DATA DIRECTORY: /var/folders/7w/9r4_s1_s42z3f7c136bpjf0r0000gn/T/autobyteus-token-usage-regression-MaCO0w
DB DIRECTORY: /var/folders/7w/9r4_s1_s42z3f7c136bpjf0r0000gn/T/autobyteus-token-usage-regression-MaCO0w/db
LOGS DIRECTORY: /var/folders/7w/9r4_s1_s42z3f7c136bpjf0r0000gn/T/autobyteus-token-usage-regression-MaCO0w/logs
DOWNLOAD DIRECTORY: /var/folders/7w/9r4_s1_s42z3f7c136bpjf0r0000gn/T/autobyteus-token-usage-regression-MaCO0w/download
MEMORY DIRECTORY: /var/folders/7w/9r4_s1_s42z3f7c136bpjf0r0000gn/T/autobyteus-token-usage-regression-MaCO0w/memory
============================================================
AppConfig initialization completed successfully

stdout | tests/e2e/token-usage/token-usage-ledger-graphql.e2e.test.ts
Successfully registered tool definition: 'read_file'
Successfully registered tool definition: 'write_file'
Successfully registered tool definition: 'edit_file'
Successfully registered tool definition: 'replace_in_file'
Successfully registered tool definition: 'insert_in_file'
Successfully registered tool definition: 'run_bash'
Successfully registered tool definition: 'start_background_process'
Successfully registered tool definition: 'get_background_processes'
Successfully registered tool definition: 'get_process_output'
Successfully registered tool definition: 'stop_background_process'
Successfully registered tool definition: 'search_web'
Successfully registered tool definition: 'read_media_file'
Successfully registered tool definition: 'download_media'
Successfully registered tool definition: 'read_url'
Successfully registered tool definition: 'add_todo'
Successfully registered tool definition: 'create_todo_list'
Successfully registered tool definition: 'get_todo_list'
Successfully registered tool definition: 'update_todo_status'
AgentFactory (Singleton) initialized.

(node:92419) ExperimentalWarning: SQLite is an experimental feature and might change at any time
(Use `node --trace-warnings ...` to show where the warning was created)
stdout | tests/e2e/token-usage/token-usage-ledger-graphql.e2e.test.ts > token usage ledger GraphQL projections > returns expanded run/team/member summaries and settings statistics from ledger accounting fields
AgentTeamRunManager initialized with MixedTeamManager-only team execution.

 ✓ tests/e2e/token-usage/token-usage-ledger-graphql.e2e.test.ts (3 tests) 130ms
stdout | tests/e2e/token-usage/token-usage-unit-prices-graphql.e2e.test.ts
Platform detection: Windows=false
App root directory: /Users/normy/autobyteus_org/autobyteus-worktrees/token-statistics-int-overflow/autobyteus-server-ts
App data directory: /var/folders/7w/9r4_s1_s42z3f7c136bpjf0r0000gn/T/autobyteus-token-usage-regression-VkIKLV
AppConfig instance created.
Config file path: /var/folders/7w/9r4_s1_s42z3f7c136bpjf0r0000gn/T/autobyteus-token-usage-regression-VkIKLV/.env
Loading environment from: /var/folders/7w/9r4_s1_s42z3f7c136bpjf0r0000gn/T/autobyteus-token-usage-regression-VkIKLV/.env
[dotenv@17.3.1] injecting env (0) from ../../../../../../var/folders/7w/9r4_s1_s42z3f7c136bpjf0r0000gn/T/autobyteus-token-usage-regression-VkIKLV/.env -- tip: 🔐 encrypt with Dotenvx: https://dotenvx.com
Environment variables loaded successfully
Server public base URL configured to: http://127.0.0.1:29695
=== Starting logging configuration ===
Logging config file is ignored in Node.js: /Users/normy/autobyteus_org/autobyteus-worktrees/token-statistics-int-overflow/autobyteus-server-ts/logging_config.ini
============================================================
SERVER PUBLIC URL: http://127.0.0.1:29695
APP ROOT DIRECTORY: /Users/normy/autobyteus_org/autobyteus-worktrees/token-statistics-int-overflow/autobyteus-server-ts
APP DATA DIRECTORY: /var/folders/7w/9r4_s1_s42z3f7c136bpjf0r0000gn/T/autobyteus-token-usage-regression-VkIKLV
DB DIRECTORY: /var/folders/7w/9r4_s1_s42z3f7c136bpjf0r0000gn/T/autobyteus-token-usage-regression-VkIKLV/db
LOGS DIRECTORY: /var/folders/7w/9r4_s1_s42z3f7c136bpjf0r0000gn/T/autobyteus-token-usage-regression-VkIKLV/logs
DOWNLOAD DIRECTORY: /var/folders/7w/9r4_s1_s42z3f7c136bpjf0r0000gn/T/autobyteus-token-usage-regression-VkIKLV/download
MEMORY DIRECTORY: /var/folders/7w/9r4_s1_s42z3f7c136bpjf0r0000gn/T/autobyteus-token-usage-regression-VkIKLV/memory
============================================================
AppConfig initialization completed successfully

stdout | tests/e2e/token-usage/token-usage-unit-prices-graphql.e2e.test.ts
Successfully registered tool definition: 'read_file'
Successfully registered tool definition: 'write_file'
Successfully registered tool definition: 'edit_file'
Successfully registered tool definition: 'replace_in_file'
Successfully registered tool definition: 'insert_in_file'
Successfully registered tool definition: 'run_bash'
Successfully registered tool definition: 'start_background_process'
Successfully registered tool definition: 'get_background_processes'
Successfully registered tool definition: 'get_process_output'
Successfully registered tool definition: 'stop_background_process'
Successfully registered tool definition: 'search_web'
Successfully registered tool definition: 'read_media_file'
Successfully registered tool definition: 'download_media'
Successfully registered tool definition: 'read_url'
Successfully registered tool definition: 'add_todo'
Successfully registered tool definition: 'create_todo_list'
Successfully registered tool definition: 'get_todo_list'
Successfully registered tool definition: 'update_todo_status'
AgentFactory (Singleton) initialized.

(node:92435) ExperimentalWarning: SQLite is an experimental feature and might change at any time
(Use `node --trace-warnings ...` to show where the warning was created)
stdout | tests/e2e/token-usage/token-usage-unit-prices-graphql.e2e.test.ts > token usage unit-price GraphQL hydration > exposes display-safe unit prices on hydrated run, team, member, and aggregate statistics summaries
AgentTeamRunManager initialized with MixedTeamManager-only team execution.

 ✓ tests/e2e/token-usage/token-usage-unit-prices-graphql.e2e.test.ts (1 test) 96ms

 Test Files  2 passed (2)
      Tests  4 passed (4)
   Start at  09:42:54
   Duration  7.27s (transform 3.80s, setup 116ms, import 6.30s, tests 226ms, environment 0ms)
