
> autobyteus@1.4.52 build:electron:mac /Users/normy/autobyteus_org/autobyteus-worktrees/app-data-migration-summary-log-redesign/autobyteus-web
> cross-env NODE_ENV=production pnpm guard:web-boundary && pnpm guard:localization-boundary && pnpm audit:localization-literals && pnpm prepare-server && pnpm generate:electron && pnpm transpile-electron && tsc -p build/tsconfig.json && node build/dist/build.js --mac


> autobyteus@1.4.52 guard:web-boundary /Users/normy/autobyteus_org/autobyteus-worktrees/app-data-migration-summary-log-redesign/autobyteus-web
> node ./scripts/guard-web-boundary.mjs

[guard:web-boundary] Passed.

> autobyteus@1.4.52 guard:localization-boundary /Users/normy/autobyteus_org/autobyteus-worktrees/app-data-migration-summary-log-redesign/autobyteus-web
> node ./scripts/guard-localization-boundary.mjs

[guard:localization-boundary] Passed.

> autobyteus@1.4.52 audit:localization-literals /Users/normy/autobyteus_org/autobyteus-worktrees/app-data-migration-summary-log-redesign/autobyteus-web
> node ./scripts/audit-localization-literals.mjs

[audit:localization-literals] Passed with zero unresolved findings.
(node:92222) [MODULE_TYPELESS_PACKAGE_JSON] Warning: Module type of file:///Users/normy/autobyteus_org/autobyteus-worktrees/app-data-migration-summary-log-redesign/autobyteus-web/localization/audit/migrationScopes.ts is not specified and it doesn't parse as CommonJS.
Reparsing as ES module because module syntax was detected. This incurs a performance overhead.
To eliminate this warning, add "type": "module" to /Users/normy/autobyteus_org/autobyteus-worktrees/app-data-migration-summary-log-redesign/autobyteus-web/package.json.
(Use `node --trace-warnings ...` to show where the warning was created)

> autobyteus@1.4.52 prepare-server /Users/normy/autobyteus_org/autobyteus-worktrees/app-data-migration-summary-log-redesign/autobyteus-web
> node ./scripts/prepare-server-dispatch.mjs

[0;32m=======================================[0m
[0;32m   Preparing AutoByteus Server Files   [0m
[0;32m=======================================[0m
[0;32m✓[0m Created target directory: /Users/normy/autobyteus_org/autobyteus-worktrees/app-data-migration-summary-log-redesign/autobyteus-web/resources/server

[0;33mBuilding server and dependencies...[0m
Scope: all 12 workspace projects

../autobyteus-ts postinstall$ node ./scripts/fix-node-pty-permissions.mjs
../autobyteus-ts postinstall: [node-pty-fix] ok: /Users/normy/autobyteus_org/autobyteus-worktrees/app-data-migration-summary-log-redesign/node_modules/.pnpm/node-pty@1.1.0/node_modules/node-pty/build/Release/spawn-helper
../autobyteus-ts postinstall: Done
Done in 1.5s using pnpm v10.28.1
Prisma schema loaded from prisma/schema.prisma

✔ Generated Prisma Client (v5.22.0) to ./../node_modules/.pnpm/@prisma+client@5.22.0_prisma@5.22.0/node_modules/@prisma/client in 93ms

Start by importing your Prisma Client (See: https://pris.ly/d/importing-client)

Tip: Easily identify and fix slow SQL queries in your app. Optimize helps you enhance your visibility: https://pris.ly/--optimize


> autobyteus-server-ts@0.1.1 prebuild /Users/normy/autobyteus_org/autobyteus-worktrees/app-data-migration-summary-log-redesign/autobyteus-server-ts
> pnpm prepare:shared && pnpm exec prisma generate --schema ./prisma/schema.prisma


> autobyteus-server-ts@0.1.1 prepare:shared /Users/normy/autobyteus_org/autobyteus-worktrees/app-data-migration-summary-log-redesign/autobyteus-server-ts
> pnpm -C .. --filter autobyteus-ts --filter @autobyteus/application-sdk-contracts --filter @autobyteus/application-backend-sdk build

Scope: 3 of 12 workspace projects
autobyteus-ts build$ node ./scripts/clean-dist.mjs && tsc -p tsconfig.build.json && node ./scripts/verify-runtime-dependencies.mjs
autobyteus-application-sdk-contracts build$ tsc -p tsconfig.build.json
autobyteus-application-sdk-contracts build: Done
autobyteus-ts build: [verify:runtime-deps] OK
autobyteus-ts build: Done
autobyteus-application-backend-sdk build$ tsc -p tsconfig.build.json
autobyteus-application-backend-sdk build: Done
Prisma schema loaded from prisma/schema.prisma

✔ Generated Prisma Client (v5.22.0) to ./../node_modules/.pnpm/@prisma+client@5.22.0_prisma@5.22.0/node_modules/@prisma/client in 111ms

Start by importing your Prisma Client (See: https://pris.ly/d/importing-client)

Tip: Easily identify and fix slow SQL queries in your app. Optimize helps you enhance your visibility: https://pris.ly/--optimize


> autobyteus-server-ts@0.1.1 build /Users/normy/autobyteus_org/autobyteus-worktrees/app-data-migration-summary-log-redesign/autobyteus-server-ts
> pnpm run build:full


> autobyteus-server-ts@0.1.1 build:full /Users/normy/autobyteus_org/autobyteus-worktrees/app-data-migration-summary-log-redesign/autobyteus-server-ts
> node ./scripts/clean-build-output.mjs && tsc -p tsconfig.build.json && node ./scripts/copy-managed-messaging-assets.mjs && node ./scripts/run-sanitized-built-in-agents-bootstrap-smoke.mjs

Successfully registered tool definition: 'read_file'
Successfully registered tool definition: 'write_file'
Successfully registered tool definition: 'edit_file'
Successfully registered tool definition: 'run_bash'
Successfully registered tool definition: 'start_background_process'
Successfully registered tool definition: 'get_background_processes'
Successfully registered tool definition: 'get_process_output'
Successfully registered tool definition: 'stop_background_process'
Successfully registered tool definition: 'search_web'
Successfully registered tool definition: 'read_media_file'
Successfully registered tool definition: 'download_media'
Successfully registered tool definition: 'read_url'
AgentFactory (Singleton) initialized.
(node:92539) ExperimentalWarning: SQLite is an experimental feature and might change at any time
(Use `node --trace-warnings ...` to show where the warning was created)
Built-in agents bootstrap smoke check passed.
Sanitized built-module/bootstrap smoke passed without DATABASE_URL.

[0;33mBuilding mobile web assets...[0m

> autobyteus@1.4.52 build:mobile-web /Users/normy/autobyteus_org/autobyteus-worktrees/app-data-migration-summary-log-redesign/autobyteus-web
> node ./scripts/build-mobile-web.mjs


> autobyteus@1.4.52 generate /Users/normy/autobyteus_org/autobyteus-worktrees/app-data-migration-summary-log-redesign/autobyteus-web
> nuxt generate

┌  Building Nuxt for production...
│
●  Nuxt 3.21.1 (with Nitro 2.13.1, Vite 7.3.1 and Vue 3.5.28)
isElectronBuild false
[Electron Module] Skipping electron module setup: BUILD_TARGET is not electron
│
●  Nitro preset: static

 WARN  Browserslist: browsers data (caniuse-lite) is 6 months old. Please run:
  npx update-browserslist-db@latest
  Why you should do it regularly: https://github.com/browserslist/update-db#readme

ℹ Building client...
ℹ vite v7.3.1 building client environment for production...
ℹ transforming...
ℹ ✓ 3683 modules transformed.
ℹ rendering chunks...
ℹ computing gzip size...
ℹ .nuxt/dist/client/_nuxt/KaTeX_Size3-Regular.CTq5MqoE.woff              4.42 kB
ℹ .nuxt/dist/client/_nuxt/KaTeX_Size4-Regular.Dl5lxZxV.woff2             4.93 kB
ℹ .nuxt/dist/client/_nuxt/KaTeX_Size2-Regular.Dy4dx90m.woff2             5.21 kB
ℹ .nuxt/dist/client/_nuxt/KaTeX_Size1-Regular.mCD8mA8B.woff2             5.47 kB
ℹ .nuxt/dist/client/_nuxt/KaTeX_Size4-Regular.BF-4gkZK.woff              5.98 kB
ℹ .nuxt/dist/client/_nuxt/KaTeX_Size2-Regular.oD1tc_U0.woff              6.19 kB
ℹ .nuxt/dist/client/_nuxt/KaTeX_Size1-Regular.C195tn64.woff              6.50 kB
ℹ .nuxt/dist/client/_nuxt/KaTeX_Caligraphic-Regular.Di6jR-x-.woff2       6.91 kB
ℹ .nuxt/dist/client/_nuxt/KaTeX_Caligraphic-Bold.Dq_IR9rO.woff2          6.91 kB
ℹ .nuxt/dist/client/_nuxt/KaTeX_Size3-Regular.DgpXs0kz.ttf               7.59 kB
ℹ .nuxt/dist/client/_nuxt/KaTeX_Caligraphic-Regular.CTRA-rTL.woff        7.66 kB
ℹ .nuxt/dist/client/_nuxt/KaTeX_Caligraphic-Bold.BEiXGLvX.woff           7.72 kB
ℹ .nuxt/dist/client/_nuxt/KaTeX_Script-Regular.D3wIWfF6.woff2            9.64 kB
ℹ .nuxt/dist/client/_nuxt/KaTeX_SansSerif-Regular.DDBCnlJ7.woff2        10.34 kB
ℹ .nuxt/dist/client/_nuxt/KaTeX_Size4-Regular.DWFBv043.ttf              10.36 kB
ℹ .nuxt/dist/client/_nuxt/KaTeX_Script-Regular.D5yQViql.woff            10.59 kB
ℹ .nuxt/dist/client/_nuxt/KaTeX_Fraktur-Regular.CTYiF6lA.woff2          11.32 kB
ℹ .nuxt/dist/client/_nuxt/KaTeX_Fraktur-Bold.CL6g_b3V.woff2             11.35 kB
ℹ .nuxt/dist/client/_nuxt/KaTeX_Size2-Regular.B7gKUWhC.ttf              11.51 kB
ℹ .nuxt/dist/client/_nuxt/KaTeX_SansSerif-Italic.C3H0VqGB.woff2         12.03 kB
ℹ .nuxt/dist/client/_nuxt/KaTeX_SansSerif-Bold.D1sUS0GD.woff2           12.22 kB
ℹ .nuxt/dist/client/_nuxt/KaTeX_Size1-Regular.Dbsnue_I.ttf              12.23 kB
ℹ .nuxt/dist/client/_nuxt/KaTeX_SansSerif-Regular.CS6fqUqJ.woff         12.32 kB
ℹ .nuxt/dist/client/_nuxt/KaTeX_Caligraphic-Regular.wX97UBjC.ttf        12.34 kB
ℹ .nuxt/dist/client/_nuxt/KaTeX_Caligraphic-Bold.ATXxdsX0.ttf           12.37 kB
ℹ .nuxt/dist/client/_nuxt/KaTeX_Fraktur-Regular.Dxdc4cR9.woff           13.21 kB
ℹ .nuxt/dist/client/_nuxt/KaTeX_Fraktur-Bold.BsDP51OF.woff              13.30 kB
ℹ .nuxt/dist/client/_nuxt/KaTeX_Typewriter-Regular.CO6r4hn1.woff2       13.57 kB
ℹ .nuxt/dist/client/_nuxt/KaTeX_SansSerif-Italic.DN2j7dab.woff          14.11 kB
ℹ .nuxt/dist/client/_nuxt/KaTeX_SansSerif-Bold.DbIhKOiC.woff            14.41 kB
ℹ .nuxt/dist/client/_nuxt/KaTeX_Typewriter-Regular.C0xS9mPB.woff        16.03 kB
ℹ .nuxt/dist/client/_nuxt/KaTeX_Math-BoldItalic.CZnvNsCZ.woff2          16.40 kB
ℹ .nuxt/dist/client/_nuxt/KaTeX_Math-Italic.t53AETM-.woff2              16.44 kB
ℹ .nuxt/dist/client/_nuxt/KaTeX_Script-Regular.C5JkGWo-.ttf             16.65 kB
ℹ .nuxt/dist/client/_nuxt/KaTeX_Main-BoldItalic.DxDJ3AOS.woff2          16.78 kB
ℹ .nuxt/dist/client/_nuxt/KaTeX_Main-Italic.NWA7e6Wa.woff2              16.99 kB
ℹ .nuxt/dist/client/_nuxt/KaTeX_Math-BoldItalic.iY-2wyZ7.woff           18.67 kB
ℹ .nuxt/dist/client/_nuxt/KaTeX_Math-Italic.DA0__PXp.woff               18.75 kB
ℹ .nuxt/dist/client/_nuxt/KaTeX_Main-BoldItalic.SpSLRI95.woff           19.41 kB
ℹ .nuxt/dist/client/_nuxt/KaTeX_SansSerif-Regular.BNo7hRIc.ttf          19.44 kB
ℹ .nuxt/dist/client/_nuxt/KaTeX_Fraktur-Regular.CB_wures.ttf            19.57 kB
ℹ .nuxt/dist/client/_nuxt/KaTeX_Fraktur-Bold.BdnERNNW.ttf               19.58 kB
ℹ .nuxt/dist/client/_nuxt/KaTeX_Main-Italic.BMLOBm91.woff               19.68 kB
ℹ .nuxt/dist/client/_nuxt/KaTeX_SansSerif-Italic.YYjJ1zSn.ttf           22.36 kB
ℹ .nuxt/dist/client/_nuxt/KaTeX_SansSerif-Bold.CFMepnvq.ttf             24.50 kB
ℹ .nuxt/dist/client/_nuxt/KaTeX_Main-Bold.Cx986IdX.woff2                25.32 kB
ℹ .nuxt/dist/client/_nuxt/KaTeX_Main-Regular.B22Nviop.woff2             26.27 kB
ℹ .nuxt/dist/client/_nuxt/KaTeX_Typewriter-Regular.D3Ib7_Hf.ttf         27.56 kB
ℹ .nuxt/dist/client/_nuxt/KaTeX_AMS-Regular.BQhdFMY1.woff2              28.08 kB
ℹ .nuxt/dist/client/_nuxt/KaTeX_Main-Bold.Jm3AIy58.woff                 29.91 kB
ℹ .nuxt/dist/client/_nuxt/KaTeX_Main-Regular.Dr94JaBh.woff              30.77 kB
ℹ .nuxt/dist/client/_nuxt/KaTeX_Math-BoldItalic.B3XSjfu4.ttf            31.20 kB
ℹ .nuxt/dist/client/_nuxt/KaTeX_Math-Italic.flOr_0UB.ttf                31.31 kB
ℹ .nuxt/dist/client/_nuxt/KaTeX_Main-BoldItalic.DzxPMmG6.ttf            32.97 kB
ℹ .nuxt/dist/client/_nuxt/KaTeX_AMS-Regular.DMm9YOAa.woff               33.52 kB
ℹ .nuxt/dist/client/_nuxt/KaTeX_Main-Italic.3WenGoN9.ttf                33.58 kB
ℹ .nuxt/dist/client/_nuxt/KaTeX_Main-Bold.waoOVXN0.ttf                  51.34 kB
ℹ .nuxt/dist/client/_nuxt/KaTeX_Main-Regular.ypZvNtVU.ttf               53.58 kB
ℹ .nuxt/dist/client/_nuxt/KaTeX_AMS-Regular.DRggAlZN.ttf                63.63 kB
ℹ .nuxt/dist/client/manifest.json                                       66.03 kB │ gzip:     6.20 kB
ℹ .nuxt/dist/client/_nuxt/ConfirmationModal.CJV_gWfn.css                 0.20 kB │ gzip:     0.12 kB
ℹ .nuxt/dist/client/_nuxt/media.yjOJmL4q.css                             0.23 kB │ gzip:     0.13 kB
ℹ .nuxt/dist/client/_nuxt/AgentDefinitionForm.B4uhkLvJ.css               0.28 kB │ gzip:     0.15 kB
ℹ .nuxt/dist/client/_nuxt/FullScreenImageModal.aod6xn15.css              0.35 kB │ gzip:     0.17 kB
ℹ .nuxt/dist/client/_nuxt/default.DkOS1umL.css                           0.86 kB │ gzip:     0.35 kB
ℹ .nuxt/dist/client/_nuxt/settings.7rOgClEA.css                          1.61 kB │ gzip:     0.67 kB
ℹ .nuxt/dist/client/_nuxt/FileExplorerTabs.BrK5oVEn.css                  3.20 kB │ gzip:     1.02 kB
ℹ .nuxt/dist/client/_nuxt/useTeamRunRuntimeCatalogSync.C9NoDJ4R.css      3.51 kB │ gzip:     1.19 kB
ℹ .nuxt/dist/client/_nuxt/workspace.D17PsvOA.css                        10.19 kB │ gzip:     2.56 kB
ℹ .nuxt/dist/client/_nuxt/skills.hZg4z6X7.css                           14.02 kB │ gzip:     3.04 kB
ℹ .nuxt/dist/client/_nuxt/useWorkspaceFileExplorer.Kr8OOoy4.css         50.71 kB │ gzip:    13.07 kB
ℹ .nuxt/dist/client/_nuxt/entry.ArKSJWkn.css                           119.31 kB │ gzip:    18.76 kB
ℹ .nuxt/dist/client/_nuxt/P18vtm3-.js                                    0.09 kB │ gzip:     0.10 kB
ℹ .nuxt/dist/client/_nuxt/Bglhcffe.js                                    0.10 kB │ gzip:     0.11 kB
ℹ .nuxt/dist/client/_nuxt/Gi6I4Gst.js                                    0.15 kB │ gzip:     0.13 kB
ℹ .nuxt/dist/client/_nuxt/CQkVH5uC.js                                    0.18 kB │ gzip:     0.15 kB
ℹ .nuxt/dist/client/_nuxt/C9iHPzdO.js                                    0.21 kB │ gzip:     0.16 kB
ℹ .nuxt/dist/client/_nuxt/CXvDOtSo.js                                    0.22 kB │ gzip:     0.20 kB
ℹ .nuxt/dist/client/_nuxt/BAlQFy0v.js                                    0.23 kB │ gzip:     0.20 kB
ℹ .nuxt/dist/client/_nuxt/BPVgMBDW.js                                    0.26 kB │ gzip:     0.21 kB
ℹ .nuxt/dist/client/_nuxt/CD73PQNi.js                                    0.35 kB │ gzip:     0.26 kB
ℹ .nuxt/dist/client/_nuxt/dVmCOVqy.js                                    0.41 kB │ gzip:     0.27 kB
ℹ .nuxt/dist/client/_nuxt/CElxCPQN.js                                    0.43 kB │ gzip:     0.28 kB
ℹ .nuxt/dist/client/_nuxt/dwxuFfmG.js                                    0.43 kB │ gzip:     0.28 kB
ℹ .nuxt/dist/client/_nuxt/C_0uj_bS.js                                    0.49 kB │ gzip:     0.35 kB
ℹ .nuxt/dist/client/_nuxt/BKelmWJu.js                                    0.71 kB │ gzip:     0.45 kB
ℹ .nuxt/dist/client/_nuxt/CE1G-McA.js                                    0.76 kB │ gzip:     0.40 kB
ℹ .nuxt/dist/client/_nuxt/DtyE8uQ1.js                                    0.80 kB │ gzip:     0.41 kB
ℹ .nuxt/dist/client/_nuxt/B4iQ0T_F.js                                    0.92 kB │ gzip:     0.55 kB
ℹ .nuxt/dist/client/_nuxt/CfNMPy8q.js                                    0.94 kB │ gzip:     0.45 kB
ℹ .nuxt/dist/client/_nuxt/D4eZm5Rq.js                                    1.06 kB │ gzip:     0.57 kB
ℹ .nuxt/dist/client/_nuxt/CmKTTxBW.js                                    1.18 kB │ gzip:     0.57 kB
ℹ .nuxt/dist/client/_nuxt/DY8yiH7m.js                                    1.42 kB │ gzip:     0.63 kB
ℹ .nuxt/dist/client/_nuxt/ISd2u543.js                                    1.82 kB │ gzip:     0.83 kB
ℹ .nuxt/dist/client/_nuxt/Cx9PAHto.js                                    2.03 kB │ gzip:     0.96 kB
ℹ .nuxt/dist/client/_nuxt/Bv4L8bhO.js                                    2.39 kB │ gzip:     1.01 kB
ℹ .nuxt/dist/client/_nuxt/Bs8Osb-U.js                                    2.41 kB │ gzip:     1.11 kB
ℹ .nuxt/dist/client/_nuxt/BDbujbL1.js                                    2.56 kB │ gzip:     1.27 kB
ℹ .nuxt/dist/client/_nuxt/DS-tiIdv.js                                    3.43 kB │ gzip:     1.47 kB
ℹ .nuxt/dist/client/_nuxt/CnIfqZx_.js                                    3.48 kB │ gzip:     1.40 kB
ℹ .nuxt/dist/client/_nuxt/Bw-n3zU4.js                                    3.56 kB │ gzip:     1.28 kB
ℹ .nuxt/dist/client/_nuxt/Cc11fYOU.js                                    3.83 kB │ gzip:     1.50 kB
ℹ .nuxt/dist/client/_nuxt/DnHlh4wH.js                                    4.31 kB │ gzip:     1.86 kB
ℹ .nuxt/dist/client/_nuxt/DX6XiGOO.js                                    4.69 kB │ gzip:     2.18 kB
ℹ .nuxt/dist/client/_nuxt/DMEwUv1Q.js                                    4.74 kB │ gzip:     1.85 kB
ℹ .nuxt/dist/client/_nuxt/nqcYciij.js                                    4.74 kB │ gzip:     1.88 kB
ℹ .nuxt/dist/client/_nuxt/BfPfYHxj.js                                    4.85 kB │ gzip:     1.46 kB
ℹ .nuxt/dist/client/_nuxt/DyH_b7uR.js                                    4.95 kB │ gzip:     2.03 kB
ℹ .nuxt/dist/client/_nuxt/CJ0u63a9.js                                    4.98 kB │ gzip:     1.87 kB
ℹ .nuxt/dist/client/_nuxt/DW1INxsB.js                                    5.23 kB │ gzip:     2.29 kB
ℹ .nuxt/dist/client/_nuxt/hpfWx6xI.js                                    5.27 kB │ gzip:     2.11 kB
ℹ .nuxt/dist/client/_nuxt/D6nZtSFq.js                                    5.63 kB │ gzip:     2.29 kB
ℹ .nuxt/dist/client/_nuxt/ZTRlnGoz.js                                    5.84 kB │ gzip:     2.33 kB
ℹ .nuxt/dist/client/_nuxt/CpdtJOBS.js                                    5.90 kB │ gzip:     1.85 kB
ℹ .nuxt/dist/client/_nuxt/CvIiJGlM.js                                    5.91 kB │ gzip:     2.47 kB
ℹ .nuxt/dist/client/_nuxt/jAiB96_O.js                                    7.00 kB │ gzip:     2.90 kB
ℹ .nuxt/dist/client/_nuxt/CPjEl8GW.js                                    7.72 kB │ gzip:     1.93 kB
ℹ .nuxt/dist/client/_nuxt/CTIKcfzx.js                                    8.63 kB │ gzip:     1.79 kB
ℹ .nuxt/dist/client/_nuxt/Dich9YIJ.js                                    9.24 kB │ gzip:     1.90 kB
ℹ .nuxt/dist/client/_nuxt/Cn3CscWc.js                                   10.37 kB │ gzip:     3.60 kB
ℹ .nuxt/dist/client/_nuxt/CSeg1riv.js                                   11.03 kB │ gzip:     4.10 kB
ℹ .nuxt/dist/client/_nuxt/vy9M9qLD.js                                   11.88 kB │ gzip:     4.64 kB
ℹ .nuxt/dist/client/_nuxt/BUQKqGjO.js                                   13.22 kB │ gzip:     4.45 kB
ℹ .nuxt/dist/client/_nuxt/BPiRR6co.js                                   14.16 kB │ gzip:     4.43 kB
ℹ .nuxt/dist/client/_nuxt/9Xrytgjx.js                                   15.83 kB │ gzip:     5.62 kB
ℹ .nuxt/dist/client/_nuxt/CZh3B9HQ.js                                   17.65 kB │ gzip:     5.17 kB
ℹ .nuxt/dist/client/_nuxt/BA6dQRAZ.js                                   18.47 kB │ gzip:     7.21 kB
ℹ .nuxt/dist/client/_nuxt/C2Zx4_wx.js                                   20.07 kB │ gzip:     6.90 kB
ℹ .nuxt/dist/client/_nuxt/DPBvH25Z.js                                   20.25 kB │ gzip:     7.18 kB
ℹ .nuxt/dist/client/_nuxt/CPAWm7zP.js                                   22.17 kB │ gzip:     8.14 kB
ℹ .nuxt/dist/client/_nuxt/BOEilGrc.js                                   22.97 kB │ gzip:     6.72 kB
ℹ .nuxt/dist/client/_nuxt/J-YD1Auw.js                                   23.57 kB │ gzip:     8.32 kB
ℹ .nuxt/dist/client/_nuxt/C7b9nKMi.js                                   23.65 kB │ gzip:     8.25 kB
ℹ .nuxt/dist/client/_nuxt/C7i1D6Sn.js                                   24.12 kB │ gzip:     7.40 kB
ℹ .nuxt/dist/client/_nuxt/CL1G4zbx.js                                   25.26 kB │ gzip:     8.82 kB
ℹ .nuxt/dist/client/_nuxt/DgsB4xDJ.js                                   25.61 kB │ gzip:    10.06 kB
ℹ .nuxt/dist/client/_nuxt/CvQQixmy.js                                   27.35 kB │ gzip:     9.70 kB
ℹ .nuxt/dist/client/_nuxt/B49vRBf3.js                                   28.19 kB │ gzip:     8.21 kB
ℹ .nuxt/dist/client/_nuxt/CIyC1MFl.js                                   30.12 kB │ gzip:     9.42 kB
ℹ .nuxt/dist/client/_nuxt/B9_b3AxU.js                                   32.10 kB │ gzip:    10.09 kB
ℹ .nuxt/dist/client/_nuxt/C54FDMWU.js                                   33.88 kB │ gzip:     9.94 kB
ℹ .nuxt/dist/client/_nuxt/I85Piq8R.js                                   35.67 kB │ gzip:     9.09 kB
ℹ .nuxt/dist/client/_nuxt/DYpRzbjg.js                                   36.30 kB │ gzip:    11.79 kB
ℹ .nuxt/dist/client/_nuxt/e2SeJ_mS.js                                   40.21 kB │ gzip:    11.34 kB
ℹ .nuxt/dist/client/_nuxt/BpuX9lzY.js                                   45.25 kB │ gzip:    14.64 kB
ℹ .nuxt/dist/client/_nuxt/DdxVU2eW.js                                   46.37 kB │ gzip:    10.14 kB
ℹ .nuxt/dist/client/_nuxt/BvB9_Het.js                                   50.62 kB │ gzip:    13.51 kB
ℹ .nuxt/dist/client/_nuxt/KmX9JAcX.js                                   58.37 kB │ gzip:    15.14 kB
ℹ .nuxt/dist/client/_nuxt/Ch_mc6GD.js                                   60.46 kB │ gzip:    19.40 kB
ℹ .nuxt/dist/client/_nuxt/CmY6nUaF.js                                   67.26 kB │ gzip:    15.75 kB
ℹ .nuxt/dist/client/_nuxt/BJDT8SRF.js                                   68.35 kB │ gzip:    23.15 kB
ℹ .nuxt/dist/client/_nuxt/D7X64zPu.js                                   70.18 kB │ gzip:    19.68 kB
ℹ .nuxt/dist/client/_nuxt/CkQM5Tgf.js                                   71.80 kB │ gzip:    20.49 kB
ℹ .nuxt/dist/client/_nuxt/DEV8cANC.js                                   74.35 kB │ gzip:    17.04 kB
ℹ .nuxt/dist/client/_nuxt/cGtiBRky.js                                   74.80 kB │ gzip:    17.32 kB
ℹ .nuxt/dist/client/_nuxt/hn13cdre.js                                   81.75 kB │ gzip:    22.49 kB
ℹ .nuxt/dist/client/_nuxt/dnAOLqPE.js                                   85.99 kB │ gzip:    25.21 kB
ℹ .nuxt/dist/client/_nuxt/qlbaSE3R.js                                   97.84 kB │ gzip:    26.85 kB
ℹ .nuxt/dist/client/_nuxt/BwujYPAM.js                                  108.39 kB │ gzip:    29.24 kB
ℹ .nuxt/dist/client/_nuxt/CwLsG6KE.js                                  148.62 kB │ gzip:    42.01 kB
ℹ .nuxt/dist/client/_nuxt/CFw_0S64.js                                  395.76 kB │ gzip:   102.81 kB
ℹ .nuxt/dist/client/_nuxt/5J0xJHOV.js                                  441.64 kB │ gzip:   141.47 kB
ℹ .nuxt/dist/client/_nuxt/DvoAkX1k.js                                  452.84 kB │ gzip:   107.02 kB
ℹ .nuxt/dist/client/_nuxt/x-gZ2iWn.js                                  503.66 kB │ gzip:   131.77 kB
ℹ .nuxt/dist/client/_nuxt/wFdxnLv6.js                                  665.77 kB │ gzip:   177.93 kB
ℹ .nuxt/dist/client/_nuxt/8toO7KRX.js                                  971.64 kB │ gzip:   265.32 kB
ℹ .nuxt/dist/client/_nuxt/DclrCz30.js                                3,764.27 kB │ gzip: 1,211.53 kB

 WARN 
(!) Some chunks are larger than 500 kB after minification. Consider:
- Using dynamic import() to code-split the application
- Use build.rollupOptions.output.manualChunks to improve chunking: https://rollupjs.org/configuration-options/#output-manualchunks
- Adjust chunk size limit for this warning via build.chunkSizeWarningLimit.

ℹ ✓ built in 15.15s
✔ Client built in 15160ms
ℹ Building server...
ℹ vite v7.3.1 building ssr environment for production...
ℹ transforming...
ℹ ✓ 1 modules transformed.
ℹ rendering chunks...
ℹ ✓ built in 10ms
✔ Server built in 64ms
[nitro] ℹ Initializing prerenderer
[nitro] ℹ Prerendering 15 initial routes with crawler
[nitro]   ├─ /memory (32ms)
[nitro]   ├─ /tools (31ms)
[nitro]   ├─ /skills (32ms)
[nitro]   ├─ /nodes (31ms)
[nitro]   ├─ /agent-teams (33ms)
[nitro]   ├─ /settings (33ms)
[nitro]   ├─ /workspace (33ms)
[nitro]   ├─ /agents (32ms)
[nitro]   ├─ /media (32ms)
[nitro]   ├─ /applications (33ms)
[nitro]   ├─ / (31ms)
[nitro]   ├─ /mobile (32ms)
[nitro]   ├─ /index.html (33ms)
[nitro]   ├─ /404.html (33ms)
[nitro]   ├─ /200.html (33ms)
[nitro] ℹ Prerendered 15 routes in 0.639 seconds
[nitro] ✔ Generated public dist/public
[nitro] ✔ You can preview this build using npx serve dist/public
│
▲  HTML content not prerendered because ssr: false was set.
│
●  You can read more in https://nuxt.com/docs/getting-started/deployment#static-hosting.
│
└  ✨ You can now deploy dist/public to any static hosting!
Mobile web assets written to /Users/normy/autobyteus_org/autobyteus-worktrees/app-data-migration-summary-log-redesign/autobyteus-web/dist-mobile/public

[0;33mDeploying server package into Electron resources...[0m
 WARN  Shared workspace lockfile detected but configuration forces legacy deploy implementation.
Packages are cloned from the content-addressable store to the virtual store.
  Content-addressable store is at: /Users/normy/Library/pnpm/store/v10
  Virtual store is at:             autobyteus-web/resources/server/node_modules/.pnpm
Progress: resolved 1, reused 0, downloaded 0, added 0
Progress: resolved 1554, reused 0, downloaded 0, added 0
Progress: resolved 1837, reused 0, downloaded 0, added 0
Progress: resolved 1865, reused 1, downloaded 0, added 0
 WARN  22 deprecated subdependencies found: @babel/plugin-proposal-class-properties@7.18.6, @babel/plugin-proposal-object-rest-spread@7.20.7, @graphql-tools/prisma-loader@8.0.17, @npmcli/move-file@2.0.1, are-we-there-yet@3.0.1, gauge@4.0.4, glob@10.5.0, glob@7.2.3, glob@8.1.0, har-validator@5.1.5, inflight@1.0.6, lodash.get@4.4.2, lodash.isequal@4.5.0, mkdirp@0.5.1, node-domexception@1.0.0, npmlog@6.0.2, phin@3.7.1, request@2.88.2, rimraf@3.0.2, tar@6.2.1, uuid@3.4.0, whatwg-encoding@3.1.1
Progress: resolved 1879, reused 1, downloaded 0, added 0, done
 WARN  Issues with peer dependencies found
autobyteus-web
└─┬ nuxt 3.21.1
  └─┬ @nuxt/cli 3.33.1
    ├── ✕ unmet peer @nuxt/schema@^4.3.0: found 3.21.1
    └─┬ @bomb.sh/tab 0.0.12
      └── ✕ unmet peer citty@^0.1.6: found 0.2.1
.                                        | +419 ++++++++++++++++++++++++++++++++
╭ Warning ─────────────────────────────────────────────────────────────────────╮
│                                                                              │
│   Ignored build scripts: autobyteus-ts@file:autobyteus-ts.                   │
│   Run "pnpm approve-builds" to pick which dependencies should be allowed     │
│   to run scripts.                                                            │
│                                                                              │
╰──────────────────────────────────────────────────────────────────────────────╯

[0;33mCleaning workspace symlinks in deployment...[0m
Removed 1 external symlinks from /Users/normy/autobyteus_org/autobyteus-worktrees/app-data-migration-summary-log-redesign/autobyteus-web/resources/server/node_modules/.pnpm/node_modules

[0;33mRemoving non-runtime test fixtures from deployed dependencies...[0m

[0;33mGenerating Prisma client (ensures engines are bundled)...[0m
Environment variables loaded from .env
Prisma schema loaded from resources/server/prisma/schema.prisma

✔ Generated Prisma Client (v5.22.0) to ./resources/server/node_modules/.pnpm/@prisma+client@5.22.0_prisma@5.22.0/node_modules/@prisma/client in 169ms

Start by importing your Prisma Client (See: https://pris.ly/d/importing-client)

Help us improve the Prisma ORM for everyone. Share your feedback in a short 2-min survey: https://pris.ly/orm/survey/release-5-22

┌─────────────────────────────────────────────────────────┐
│  Update available 5.22.0 -> 7.9.1                       │
│                                                         │
│  This is a major update - please follow the guide at    │
│  https://pris.ly/d/major-version-upgrade                │
│                                                         │
│  Run the following to update                            │
│    npm i --save-dev prisma@latest                       │
│    npm i @prisma/client@latest                          │
└─────────────────────────────────────────────────────────┘

[0;33mPruning native prebuilds for host platform...[0m

[0;33mRebuilding native modules for Electron...[0m
Searching dependency tree
Building modules: node-pty, node-pty
✔ Rebuild Complete

[0;33mNormalizing node-pty spawn-helper execute bits...[0m
[0;32m✓[0m Normalized execute bits on 3 node-pty spawn-helper file(s)

[0;33mRemoving symlinks that point outside the bundle...[0m
Removed 0 external symlinks from /Users/normy/autobyteus_org/autobyteus-worktrees/app-data-migration-summary-log-redesign/autobyteus-web/resources/server

[0;32m=======================================[0m
[0;32m   Server files prepared successfully!   [0m
[0;32m=======================================[0m
Target directory: [0;33m/Users/normy/autobyteus_org/autobyteus-worktrees/app-data-migration-summary-log-redesign/autobyteus-web/resources/server[0m
You can now build the Electron app with the server included

> autobyteus@1.4.52 generate:electron /Users/normy/autobyteus_org/autobyteus-worktrees/app-data-migration-summary-log-redesign/autobyteus-web
> cross-env NODE_ENV=production BUILD_TARGET=electron nuxt generate

┌  Building Nuxt for production...
│
●  Nuxt 3.21.1 (with Nitro 2.13.1, Vite 7.3.1 and Vue 3.5.28)
isElectronBuild true
[Electron Module] Initializing electron module
[Electron Module] Applying default Electron configurations
[Electron Module] Configuring for Electron build target
[Electron Module] Configuring production settings
[Electron Module] Electron module initialization completed
│
●  Nitro preset: static

 WARN  Browserslist: browsers data (caniuse-lite) is 6 months old. Please run:
  npx update-browserslist-db@latest
  Why you should do it regularly: https://github.com/browserslist/update-db#readme

[Electron Module] Extending Vite config
ℹ Building client...
[Electron Module] Vite config resolved: { mode: 'production', base: './', buildTarget: 'electron' }
ℹ vite v7.3.1 building client environment for production...
ℹ transforming...
ℹ ✓ 3683 modules transformed.
ℹ rendering chunks...
ℹ computing gzip size...
ℹ .nuxt/dist/client/_nuxt/KaTeX_Size3-Regular.CTq5MqoE.woff                4.42 kB
ℹ .nuxt/dist/client/_nuxt/KaTeX_Size4-Regular.Dl5lxZxV.woff2               4.93 kB
ℹ .nuxt/dist/client/_nuxt/KaTeX_Size2-Regular.Dy4dx90m.woff2               5.21 kB
ℹ .nuxt/dist/client/_nuxt/KaTeX_Size1-Regular.mCD8mA8B.woff2               5.47 kB
ℹ .nuxt/dist/client/_nuxt/KaTeX_Size4-Regular.BF-4gkZK.woff                5.98 kB
ℹ .nuxt/dist/client/_nuxt/KaTeX_Size2-Regular.oD1tc_U0.woff                6.19 kB
ℹ .nuxt/dist/client/_nuxt/KaTeX_Size1-Regular.C195tn64.woff                6.50 kB
ℹ .nuxt/dist/client/_nuxt/KaTeX_Caligraphic-Regular.Di6jR-x-.woff2         6.91 kB
ℹ .nuxt/dist/client/_nuxt/KaTeX_Caligraphic-Bold.Dq_IR9rO.woff2            6.91 kB
ℹ .nuxt/dist/client/_nuxt/KaTeX_Size3-Regular.DgpXs0kz.ttf                 7.59 kB
ℹ .nuxt/dist/client/_nuxt/KaTeX_Caligraphic-Regular.CTRA-rTL.woff          7.66 kB
ℹ .nuxt/dist/client/_nuxt/KaTeX_Caligraphic-Bold.BEiXGLvX.woff             7.72 kB
ℹ .nuxt/dist/client/_nuxt/KaTeX_Script-Regular.D3wIWfF6.woff2              9.64 kB
ℹ .nuxt/dist/client/_nuxt/KaTeX_SansSerif-Regular.DDBCnlJ7.woff2          10.34 kB
ℹ .nuxt/dist/client/_nuxt/KaTeX_Size4-Regular.DWFBv043.ttf                10.36 kB
ℹ .nuxt/dist/client/_nuxt/KaTeX_Script-Regular.D5yQViql.woff              10.59 kB
ℹ .nuxt/dist/client/_nuxt/KaTeX_Fraktur-Regular.CTYiF6lA.woff2            11.32 kB
ℹ .nuxt/dist/client/_nuxt/KaTeX_Fraktur-Bold.CL6g_b3V.woff2               11.35 kB
ℹ .nuxt/dist/client/_nuxt/KaTeX_Size2-Regular.B7gKUWhC.ttf                11.51 kB
ℹ .nuxt/dist/client/_nuxt/KaTeX_SansSerif-Italic.C3H0VqGB.woff2           12.03 kB
ℹ .nuxt/dist/client/_nuxt/KaTeX_SansSerif-Bold.D1sUS0GD.woff2             12.22 kB
ℹ .nuxt/dist/client/_nuxt/KaTeX_Size1-Regular.Dbsnue_I.ttf                12.23 kB
ℹ .nuxt/dist/client/_nuxt/KaTeX_SansSerif-Regular.CS6fqUqJ.woff           12.32 kB
ℹ .nuxt/dist/client/_nuxt/KaTeX_Caligraphic-Regular.wX97UBjC.ttf          12.34 kB
ℹ .nuxt/dist/client/_nuxt/KaTeX_Caligraphic-Bold.ATXxdsX0.ttf             12.37 kB
ℹ .nuxt/dist/client/_nuxt/KaTeX_Fraktur-Regular.Dxdc4cR9.woff             13.21 kB
ℹ .nuxt/dist/client/_nuxt/KaTeX_Fraktur-Bold.BsDP51OF.woff                13.30 kB
ℹ .nuxt/dist/client/_nuxt/KaTeX_Typewriter-Regular.CO6r4hn1.woff2         13.57 kB
ℹ .nuxt/dist/client/_nuxt/KaTeX_SansSerif-Italic.DN2j7dab.woff            14.11 kB
ℹ .nuxt/dist/client/_nuxt/KaTeX_SansSerif-Bold.DbIhKOiC.woff              14.41 kB
ℹ .nuxt/dist/client/_nuxt/KaTeX_Typewriter-Regular.C0xS9mPB.woff          16.03 kB
ℹ .nuxt/dist/client/_nuxt/KaTeX_Math-BoldItalic.CZnvNsCZ.woff2            16.40 kB
ℹ .nuxt/dist/client/_nuxt/KaTeX_Math-Italic.t53AETM-.woff2                16.44 kB
ℹ .nuxt/dist/client/_nuxt/KaTeX_Script-Regular.C5JkGWo-.ttf               16.65 kB
ℹ .nuxt/dist/client/_nuxt/KaTeX_Main-BoldItalic.DxDJ3AOS.woff2            16.78 kB
ℹ .nuxt/dist/client/_nuxt/KaTeX_Main-Italic.NWA7e6Wa.woff2                16.99 kB
ℹ .nuxt/dist/client/_nuxt/KaTeX_Math-BoldItalic.iY-2wyZ7.woff             18.67 kB
ℹ .nuxt/dist/client/_nuxt/KaTeX_Math-Italic.DA0__PXp.woff                 18.75 kB
ℹ .nuxt/dist/client/_nuxt/KaTeX_Main-BoldItalic.SpSLRI95.woff             19.41 kB
ℹ .nuxt/dist/client/_nuxt/KaTeX_SansSerif-Regular.BNo7hRIc.ttf            19.44 kB
ℹ .nuxt/dist/client/_nuxt/KaTeX_Fraktur-Regular.CB_wures.ttf              19.57 kB
ℹ .nuxt/dist/client/_nuxt/KaTeX_Fraktur-Bold.BdnERNNW.ttf                 19.58 kB
ℹ .nuxt/dist/client/_nuxt/KaTeX_Main-Italic.BMLOBm91.woff                 19.68 kB
ℹ .nuxt/dist/client/_nuxt/KaTeX_SansSerif-Italic.YYjJ1zSn.ttf             22.36 kB
ℹ .nuxt/dist/client/_nuxt/KaTeX_SansSerif-Bold.CFMepnvq.ttf               24.50 kB
ℹ .nuxt/dist/client/_nuxt/KaTeX_Main-Bold.Cx986IdX.woff2                  25.32 kB
ℹ .nuxt/dist/client/_nuxt/KaTeX_Main-Regular.B22Nviop.woff2               26.27 kB
ℹ .nuxt/dist/client/_nuxt/KaTeX_Typewriter-Regular.D3Ib7_Hf.ttf           27.56 kB
ℹ .nuxt/dist/client/_nuxt/KaTeX_AMS-Regular.BQhdFMY1.woff2                28.08 kB
ℹ .nuxt/dist/client/_nuxt/KaTeX_Main-Bold.Jm3AIy58.woff                   29.91 kB
ℹ .nuxt/dist/client/_nuxt/KaTeX_Main-Regular.Dr94JaBh.woff                30.77 kB
ℹ .nuxt/dist/client/_nuxt/KaTeX_Math-BoldItalic.B3XSjfu4.ttf              31.20 kB
ℹ .nuxt/dist/client/_nuxt/KaTeX_Math-Italic.flOr_0UB.ttf                  31.31 kB
ℹ .nuxt/dist/client/_nuxt/KaTeX_Main-BoldItalic.DzxPMmG6.ttf              32.97 kB
ℹ .nuxt/dist/client/_nuxt/KaTeX_AMS-Regular.DMm9YOAa.woff                 33.52 kB
ℹ .nuxt/dist/client/_nuxt/KaTeX_Main-Italic.3WenGoN9.ttf                  33.58 kB
ℹ .nuxt/dist/client/_nuxt/KaTeX_Main-Bold.waoOVXN0.ttf                    51.34 kB
ℹ .nuxt/dist/client/_nuxt/KaTeX_Main-Regular.ypZvNtVU.ttf                 53.58 kB
ℹ .nuxt/dist/client/_nuxt/KaTeX_AMS-Regular.DRggAlZN.ttf                  63.63 kB
ℹ .nuxt/dist/client/manifest.json                                         75.61 kB │ gzip:     6.60 kB
ℹ .nuxt/dist/client/_nuxt/ConfirmationModal.CJV_gWfn.css                   0.20 kB │ gzip:     0.12 kB
ℹ .nuxt/dist/client/_nuxt/media.yjOJmL4q.css                               0.23 kB │ gzip:     0.13 kB
ℹ .nuxt/dist/client/_nuxt/AgentDefinitionForm.B4uhkLvJ.css                 0.28 kB │ gzip:     0.15 kB
ℹ .nuxt/dist/client/_nuxt/FullScreenImageModal.aod6xn15.css                0.35 kB │ gzip:     0.17 kB
ℹ .nuxt/dist/client/_nuxt/default.DkOS1umL.css                             0.86 kB │ gzip:     0.35 kB
ℹ .nuxt/dist/client/_nuxt/settings.7rOgClEA.css                            1.61 kB │ gzip:     0.67 kB
ℹ .nuxt/dist/client/_nuxt/FileExplorerTabs.BrK5oVEn.css                    3.20 kB │ gzip:     1.02 kB
ℹ .nuxt/dist/client/_nuxt/useTeamRunRuntimeCatalogSync.C9NoDJ4R.css        3.51 kB │ gzip:     1.19 kB
ℹ .nuxt/dist/client/_nuxt/workspace.D17PsvOA.css                          10.19 kB │ gzip:     2.56 kB
ℹ .nuxt/dist/client/_nuxt/skills.hZg4z6X7.css                             14.02 kB │ gzip:     3.04 kB
ℹ .nuxt/dist/client/_nuxt/useWorkspaceFileExplorer.Kr8OOoy4.css           50.71 kB │ gzip:    13.07 kB
ℹ .nuxt/dist/client/_nuxt/entry.ArKSJWkn.css                             119.31 kB │ gzip:    18.76 kB
ℹ .nuxt/dist/client/_nuxt/clone.CnmVfHPf.js                                0.10 kB │ gzip:     0.11 kB
ℹ .nuxt/dist/client/_nuxt/channel.DxDhrJAY.js                              0.13 kB │ gzip:     0.14 kB
ℹ .nuxt/dist/client/_nuxt/init.Gi6I4Gst.js                                 0.15 kB │ gzip:     0.13 kB
ℹ .nuxt/dist/client/_nuxt/chunk-QZHKN3VN.B9Be4f7H.js                       0.21 kB │ gzip:     0.17 kB
ℹ .nuxt/dist/client/_nuxt/settings.BAlQFy0v.js                             0.23 kB │ gzip:     0.20 kB
ℹ .nuxt/dist/client/_nuxt/chunk-4BX2VUAB.D8E80jPO.js                       0.24 kB │ gzip:     0.18 kB
ℹ .nuxt/dist/client/_nuxt/chunk-55IACEB6.DKD-IV7P.js                       0.25 kB │ gzip:     0.22 kB
ℹ .nuxt/dist/client/_nuxt/tools.NnMqg6j8.js                                0.31 kB │ gzip:     0.24 kB
ℹ .nuxt/dist/client/_nuxt/chunk-FMBD7UC4.Bb2UYf7g.js                       0.38 kB │ gzip:     0.28 kB
ℹ .nuxt/dist/client/_nuxt/chunk-QN33PNHL.Q0wmROBo.js                       0.52 kB │ gzip:     0.37 kB
ℹ .nuxt/dist/client/_nuxt/stateDiagram-v2-4FDKWEC3.BjbBxOhy.js             0.53 kB │ gzip:     0.36 kB
ℹ .nuxt/dist/client/_nuxt/classDiagram-2ON5EDUG.gw36aq-d.js                0.57 kB │ gzip:     0.38 kB
ℹ .nuxt/dist/client/_nuxt/classDiagram-v2-WZHVMYZB.gw36aq-d.js             0.57 kB │ gzip:     0.38 kB
ℹ .nuxt/dist/client/_nuxt/_commonjsHelpers.CE1G-McA.js                     0.76 kB │ gzip:     0.40 kB
ℹ .nuxt/dist/client/_nuxt/useNativeFolderDialog.DtyE8uQ1.js                0.80 kB │ gzip:     0.41 kB
ℹ .nuxt/dist/client/_nuxt/infoDiagram-HS3SLOUP.Di3FA9N0.js                 0.83 kB │ gzip:     0.53 kB
ℹ .nuxt/dist/client/_nuxt/api.CfNMPy8q.js                                  0.94 kB │ gzip:     0.45 kB
ℹ .nuxt/dist/client/_nuxt/ordinal.BYWQX77i.js                              1.19 kB │ gzip:     0.57 kB
ℹ .nuxt/dist/client/_nuxt/index.DfKCy3rb.js                                1.21 kB │ gzip:     0.73 kB
ℹ .nuxt/dist/client/_nuxt/mobile.mOQnm4ra.js                               1.35 kB │ gzip:     0.74 kB
ℹ .nuxt/dist/client/_nuxt/chunk-TZMSLE5B.DiXlnjn2.js                       1.45 kB │ gzip:     0.65 kB
ℹ .nuxt/dist/client/_nuxt/applicationAssetUrl.ISd2u543.js                  1.82 kB │ gzip:     0.83 kB
ℹ .nuxt/dist/client/_nuxt/ConfirmationModal.Cx9PAHto.js                    2.03 kB │ gzip:     0.96 kB
ℹ .nuxt/dist/client/_nuxt/featuredCatalogItems.Bv4L8bhO.js                 2.39 kB │ gzip:     1.01 kB
ℹ .nuxt/dist/client/_nuxt/useRuntimeScopedModelSelection.CN5FJvxJ.js       2.45 kB │ gzip:     1.13 kB
ℹ .nuxt/dist/client/_nuxt/_basePickBy.BHoVBeZC.js                          2.60 kB │ gzip:     1.30 kB
ℹ .nuxt/dist/client/_nuxt/arc.HVnclaCm.js                                  3.45 kB │ gzip:     1.49 kB
ℹ .nuxt/dist/client/_nuxt/mobileWorkStore.Bw-n3zU4.js                      3.56 kB │ gzip:     1.28 kB
ℹ .nuxt/dist/client/_nuxt/useEventMonitorFilePreview.DdYDIExP.js           3.68 kB │ gzip:     1.46 kB
ℹ .nuxt/dist/client/_nuxt/applicationStore.Cc11fYOU.js                     3.83 kB │ gzip:     1.50 kB
ℹ .nuxt/dist/client/_nuxt/diagram-S2PKOQOG.DAt-vL4H.js                     4.45 kB │ gzip:     1.97 kB
ℹ .nuxt/dist/client/_nuxt/defaultLocale.DX6XiGOO.js                        4.69 kB │ gzip:     2.18 kB
ℹ .nuxt/dist/client/_nuxt/index.BW59UkVV.js                                4.78 kB │ gzip:     1.89 kB
ℹ .nuxt/dist/client/_nuxt/RuntimeModelConfigFields.vue.hJ_5r5V2.js         4.84 kB │ gzip:     1.90 kB
ℹ .nuxt/dist/client/_nuxt/skillImprovementCapabilityStore.BfPfYHxj.js      4.85 kB │ gzip:     1.46 kB
ℹ .nuxt/dist/client/_nuxt/FullScreenImageModal.BDTgoxhD.js                 4.96 kB │ gzip:     2.03 kB
ℹ .nuxt/dist/client/_nuxt/useRightPanel.CJ0u63a9.js                        4.98 kB │ gzip:     1.87 kB
ℹ .nuxt/dist/client/_nuxt/useShellPrimaryNavigation.5mvVGBjM.js            5.28 kB │ gzip:     2.12 kB
ℹ .nuxt/dist/client/_nuxt/pieDiagram-ADFJNKIX.BHbZHVJ4.js                  5.38 kB │ gzip:     2.41 kB
ℹ .nuxt/dist/client/_nuxt/linear.CnE-61hR.js                               5.67 kB │ gzip:     2.32 kB
ℹ .nuxt/dist/client/_nuxt/SearchableSelect.vue.ZTRlnGoz.js                 5.84 kB │ gzip:     2.33 kB
ℹ .nuxt/dist/client/_nuxt/graph.CH_ZunF9.js                                5.93 kB │ gzip:     1.88 kB
ℹ .nuxt/dist/client/_nuxt/diagram-QEK2KX5R.BqWCSd-W.js                     6.05 kB │ gzip:     2.58 kB
ℹ .nuxt/dist/client/_nuxt/modelSelectionLabel.CO7Xoyyn.js                  7.02 kB │ gzip:     2.92 kB
ℹ .nuxt/dist/client/_nuxt/serverSettings.CPjEl8GW.js                       7.72 kB │ gzip:     1.93 kB
ℹ .nuxt/dist/client/_nuxt/skillStore.CTIKcfzx.js                           8.63 kB │ gzip:     1.79 kB
ℹ .nuxt/dist/client/_nuxt/toolManagementStore.Dich9YIJ.js                  9.24 kB │ gzip:     1.90 kB
ℹ .nuxt/dist/client/_nuxt/stateDiagram-FKZM4ZOC.BcAF9vR0.js               10.53 kB │ gzip:     3.72 kB
ℹ .nuxt/dist/client/_nuxt/dagre-6UL2VRFP.hlZj_L3u.js                      11.14 kB │ gzip:     4.19 kB
ℹ .nuxt/dist/client/_nuxt/_baseUniq.C18eVFmj.js                           11.90 kB │ gzip:     4.66 kB
ℹ .nuxt/dist/client/_nuxt/media.BUQPnFnN.js                               13.27 kB │ gzip:     4.48 kB
ℹ .nuxt/dist/client/_nuxt/ModelConfigSection.vue.Dl3TpGvb.js              14.19 kB │ gzip:     4.45 kB
ℹ .nuxt/dist/client/_nuxt/diagram-PSM6KHXK.vrZDi_WH.js                    16.01 kB │ gzip:     5.76 kB
ℹ .nuxt/dist/client/_nuxt/skills.P1bs_tjc.js                              17.77 kB │ gzip:     5.25 kB
ℹ .nuxt/dist/client/_nuxt/iconify.BA6dQRAZ.js                             18.47 kB │ gzip:     7.21 kB
ℹ .nuxt/dist/client/_nuxt/mindmap-definition-VGOIOE7T.C7YUWCQr.js         20.18 kB │ gzip:     6.99 kB
ℹ .nuxt/dist/client/_nuxt/kanban-definition-3W4ZIXB7.kva3LjPL.js          20.34 kB │ gzip:     7.25 kB
ℹ .nuxt/dist/client/_nuxt/sankeyDiagram-TZEHDZUN.Blcr5vj7.js              22.26 kB │ gzip:     8.21 kB
ℹ .nuxt/dist/client/_nuxt/voiceInputStore.BnsnjeDW.js                     22.99 kB │ gzip:     6.73 kB
ℹ .nuxt/dist/client/_nuxt/journeyDiagram-XKPGCS4Q.BrPpJYFR.js             23.68 kB │ gzip:     8.41 kB
ℹ .nuxt/dist/client/_nuxt/timeline-definition-IT6M3QCI.CnKz-gAp.js        23.73 kB │ gzip:     8.31 kB
ℹ .nuxt/dist/client/_nuxt/gitGraphDiagram-V2S2FVAM.BYBTDrD6.js            24.27 kB │ gzip:     7.52 kB
ℹ .nuxt/dist/client/_nuxt/erDiagram-Q2GNP2WA.D-EzgJ70.js                  25.38 kB │ gzip:     8.92 kB
ℹ .nuxt/dist/client/_nuxt/qrCodeDataUrlService.BInqJ4D7.js                25.63 kB │ gzip:    10.07 kB
ℹ .nuxt/dist/client/_nuxt/layout.zL2aBmzT.js                              27.40 kB │ gzip:     9.73 kB
ℹ .nuxt/dist/client/_nuxt/agents.BYCWX6xp.js                              28.44 kB │ gzip:     8.35 kB
ℹ .nuxt/dist/client/_nuxt/requirementDiagram-UZGBJVZJ.zN_DVTol.js         30.22 kB │ gzip:     9.51 kB
ℹ .nuxt/dist/client/_nuxt/FileExplorerTabs.vue.Cfrruc3V.js                32.16 kB │ gzip:    10.12 kB
ℹ .nuxt/dist/client/_nuxt/quadrantDiagram-AYHSOK5B.D0w3WLGz.js            33.98 kB │ gzip:    10.02 kB
ℹ .nuxt/dist/client/_nuxt/AgentDefinitionForm.vue.B6jd0RUG.js             35.76 kB │ gzip:     9.14 kB
ℹ .nuxt/dist/client/_nuxt/chunk-DI55MBZ5.Dxwf0F-S.js                      36.36 kB │ gzip:    11.84 kB
ℹ .nuxt/dist/client/_nuxt/xychartDiagram-PRI3JC2R.BiLRmziq.js             40.32 kB │ gzip:    11.43 kB
ℹ .nuxt/dist/client/_nuxt/chunk-B4BG7PRW.CWDernPV.js                      45.32 kB │ gzip:    14.69 kB
ℹ .nuxt/dist/client/_nuxt/memory.DdxVU2eW.js                              46.37 kB │ gzip:    10.14 kB
ℹ .nuxt/dist/client/_nuxt/ToolsManagementWorkspace.vue.DvJp2o7m.js        50.64 kB │ gzip:    13.52 kB
ℹ .nuxt/dist/client/_nuxt/default.EfNW4eJS.js                             58.50 kB │ gzip:    15.24 kB
ℹ .nuxt/dist/client/_nuxt/flowDiagram-NV44I4VS.BxJzmaml.js                60.59 kB │ gzip:    19.51 kB
ℹ .nuxt/dist/client/_nuxt/agent-teams.VFTXb_-B.js                         67.51 kB │ gzip:    15.88 kB
ℹ .nuxt/dist/client/_nuxt/ganttDiagram-JELNMOA3.CzyipjXR.js               68.45 kB │ gzip:    23.23 kB
ℹ .nuxt/dist/client/_nuxt/c4Diagram-YG6GDRKO.B-hLgLjE.js                  70.27 kB │ gzip:    19.76 kB
ℹ .nuxt/dist/client/_nuxt/blockDiagram-VD42YOAC.CLGzkcSs.js               71.92 kB │ gzip:    20.59 kB
ℹ .nuxt/dist/client/_nuxt/_id_.XJT79Xee.js                                74.53 kB │ gzip:    17.13 kB
ℹ .nuxt/dist/client/_nuxt/nodes.AbuuZon2.js                               74.85 kB │ gzip:    17.35 kB
ℹ .nuxt/dist/client/_nuxt/cose-bilkent-S5V4N54A.CcIQjshk.js               81.84 kB │ gzip:    22.57 kB
ℹ .nuxt/dist/client/_nuxt/useTeamRunRuntimeCatalogSync.BoOSFFn_.js        86.27 kB │ gzip:    25.31 kB
ℹ .nuxt/dist/client/_nuxt/sequenceDiagram-WL72ISMW.BsVdH5Ga.js            97.94 kB │ gzip:    26.94 kB
ℹ .nuxt/dist/client/_nuxt/MobileRemoteAccessShell.vue.Dlin4Li4.js        108.54 kB │ gzip:    29.33 kB
ℹ .nuxt/dist/client/_nuxt/architectureDiagram-VXUJARFQ.BKtNA5yb.js       148.77 kB │ gzip:    42.14 kB
ℹ .nuxt/dist/client/_nuxt/agentTeamContextsStore.BJTZ20_8.js             395.78 kB │ gzip:   102.82 kB
ℹ .nuxt/dist/client/_nuxt/cytoscape.esm.5J0xJHOV.js                      441.64 kB │ gzip:   141.47 kB
ℹ .nuxt/dist/client/_nuxt/treemap-GDKQZRPO.Dx2Lv5nG.js                   452.91 kB │ gzip:   107.07 kB
ℹ .nuxt/dist/client/_nuxt/settings.CIWM-SH9.js                           503.92 kB │ gzip:   131.93 kB
ℹ .nuxt/dist/client/_nuxt/workspace.DPz-Ak-L.js                          666.17 kB │ gzip:   178.13 kB
ℹ .nuxt/dist/client/_nuxt/entry.d74p-mxk.js                              972.46 kB │ gzip:   265.64 kB
ℹ .nuxt/dist/client/_nuxt/useWorkspaceFileExplorer.j4cJP40w.js         3,765.89 kB │ gzip: 1,212.55 kB

 WARN 
(!) Some chunks are larger than 500 kB after minification. Consider:
- Using dynamic import() to code-split the application
- Use build.rollupOptions.output.manualChunks to improve chunking: https://rollupjs.org/configuration-options/#output-manualchunks
- Adjust chunk size limit for this warning via build.chunkSizeWarningLimit.

ℹ ✓ built in 15.17s
✔ Client built in 15184ms
[Electron Module] Extending Vite config
ℹ Building server...
[Electron Module] Vite config resolved: { mode: 'production', base: '/', buildTarget: 'electron' }
ℹ vite v7.3.1 building ssr environment for production...
ℹ transforming...
ℹ ✓ 1 modules transformed.
ℹ rendering chunks...
ℹ ✓ built in 9ms
[Electron Module] Processing build manifest
✔ Server built in 48ms
[Electron Module] Build process completed
[Electron Module] Running production build steps
[Electron Module] Building entry: electron/main.ts
vite v7.3.1 building client environment for production...
transforming...
✓ 421 modules transformed.
rendering chunks...
computing gzip size...
dist/electron/main.js                            0.06 kB │ gzip:   0.08 kB
dist/electron/main-B0I3v6Xc.js                  12.35 kB │ gzip:   4.65 kB
dist/electron/electronApplication-qrWmflfH.js  807.01 kB │ gzip: 211.85 kB
✓ built in 1.38s
[Electron Module] Building entry: electron/preload.ts
vite v7.3.1 building client environment for production...
transforming...
✓ 1 modules transformed.
rendering chunks...
computing gzip size...
dist/electron/preload.js  3.46 kB │ gzip: 0.96 kB
✓ built in 7ms
[Electron Module] Production build completed successfully
[nitro] ℹ Initializing prerenderer
[nitro] ℹ Prerendering 3 initial routes with crawler
[nitro]   ├─ /index.html (21ms)
[nitro]   ├─ /404.html (21ms)
[nitro]   ├─ /200.html (21ms)
[nitro] ℹ Prerendered 3 routes in 0.562 seconds
[nitro] ✔ Generated public dist/renderer
[nitro] ✔ You can preview this build using npx serve dist/renderer
│
▲  HTML content not prerendered because ssr: false was set.
│
●  You can read more in https://nuxt.com/docs/getting-started/deployment#static-hosting.
│
└  ✨ You can now deploy dist/renderer to any static hosting!

> autobyteus@1.4.52 transpile-electron /Users/normy/autobyteus_org/autobyteus-worktrees/app-data-migration-summary-log-redesign/autobyteus-web
> tsc -p electron/tsconfig.json

Building with environment: production
Using environment file: .env.production
Resolved build flavor: enterprise
Artifact base name: AutoByteus_enterprise
Requested architecture: AUTO
Updater publish config: [{"provider":"github","owner":"AutoByteus","repo":"autobyteus-workspace"}]
Generating application icons...
Generating 16x16 PNG icon...
Generating 32x32 PNG icon...
Generating 48x48 PNG icon...
Generating 64x64 PNG icon...
Generating 128x128 PNG icon...
Generating 256x256 PNG icon...
Generating 512x512 PNG icon...
Generating 1024x1024 PNG icon...
Generating Windows ICO icon...
Generating macOS ICNS icon...
Icon generation completed successfully
Starting electron-builder...
  • electron-builder  version=25.1.8 os=25.5.0
  • @electron/rebuild already used by electron-builder, please consider to remove excess dependency from devDependencies

To ensure your native dependencies are always matched electron version, simply add script `"postinstall": "electron-builder install-app-deps" to your `package.json`
  • executing @electron/rebuild  electronVersion=42.4.1 arch=arm64 buildFromSource=false appDir=./
  • installing native dependencies  arch=arm64
  • completed installing native dependencies
  • packaging       platform=darwin arch=arm64 electron=42.4.1 appOutDir=electron-dist/mac-arm64

Normalizing packaged terminal native resources...
  Normalized execute bits on 3 node-pty spawn-helper file(s)
  • skipped macOS code signing  reason=identity explicitly is set to null
  • building        target=DMG arch=arm64 file=electron-dist/AutoByteus_enterprise_macos-arm64-1.4.52.dmg
  • building        target=macOS zip arch=arm64 file=electron-dist/AutoByteus_enterprise_macos-arm64-1.4.52.zip
  • Detected arm64 process, HFS+ is unavailable. Creating dmg with APFS - supports Mac OSX 10.12+
  • building block map  blockMapFile=electron-dist/AutoByteus_enterprise_macos-arm64-1.4.52.dmg.blockmap
  • building block map  blockMapFile=electron-dist/AutoByteus_enterprise_macos-arm64-1.4.52.zip.blockmap
Build completed: [
  '/Users/normy/autobyteus_org/autobyteus-worktrees/app-data-migration-summary-log-redesign/autobyteus-web/electron-dist/AutoByteus_enterprise_macos-arm64-1.4.52.dmg.blockmap',
  '/Users/normy/autobyteus_org/autobyteus-worktrees/app-data-migration-summary-log-redesign/autobyteus-web/electron-dist/AutoByteus_enterprise_macos-arm64-1.4.52.dmg',
  '/Users/normy/autobyteus_org/autobyteus-worktrees/app-data-migration-summary-log-redesign/autobyteus-web/electron-dist/AutoByteus_enterprise_macos-arm64-1.4.52.zip.blockmap',
  '/Users/normy/autobyteus_org/autobyteus-worktrees/app-data-migration-summary-log-redesign/autobyteus-web/electron-dist/AutoByteus_enterprise_macos-arm64-1.4.52.zip'
]
