Updating autobyteus-web/package.json: 1.4.95-beta.4 -> 1.4.95-beta.5
[personal 0dd5722d7] chore(release): bump workspace release version to 1.4.95-beta.5
 Committer: normy <normy@macbookpro.speedport.ip>
Your name and email address were configured automatically based
on your username and hostname. Please check that they are accurate.
You can suppress this message by setting them explicitly. Run the
following command and follow the instructions in your editor to edit
your configuration file:

    git config --global --edit

After doing this, you may fix the identity used for this commit with:

    git commit --amend --reset-author

 1 file changed, 1 insertion(+), 1 deletion(-)
remote: 
remote: GitHub found 939 vulnerabilities on AutoByteus/autobyteus-workspace's default branch (20 critical, 421 high, 428 moderate, 70 low). To find out more, visit:        
remote:      https://github.com/AutoByteus/autobyteus-workspace/security/dependabot        
remote: 
To github.com-ryan:AutoByteus/autobyteus-workspace.git
   3ecf51008..0dd5722d7  personal -> personal
To github.com-ryan:AutoByteus/autobyteus-workspace.git
 * [new tag]             v1.4.95-beta.5 -> v1.4.95-beta.5
Release complete and pushed: branch 'personal', tag 'v1.4.95-beta.5'.
