case=API-018
cwd=/Users/normy/autobyteus_org/autobyteus-worktrees/project-task-manager-linked-delegation
command=pnpm -C autobyteus-web test:nuxt components/workspace/history/__tests__/WorkspaceAgentRunsTreePanel.regressions.spec.ts --run

> autobyteus@1.4.92-beta.12 test:nuxt /Users/normy/autobyteus_org/autobyteus-worktrees/project-task-manager-linked-delegation/autobyteus-web
> cross-env NUXT_TEST=true vitest components/workspace/history/__tests__/WorkspaceAgentRunsTreePanel.regressions.spec.ts --run

isElectronBuild false
[Electron Module] Skipping electron module setup: BUILD_TARGET is not electron
Browserslist: browsers data (caniuse-lite) is 8 months old. Please run:
  npx update-browserslist-db@latest
  Why you should do it regularly: https://github.com/browserslist/update-db#readme

 RUN  v3.2.4 /Users/normy/autobyteus_org/autobyteus-worktrees/project-task-manager-linked-delegation/autobyteus-web

stderr | components/workspace/history/__tests__/WorkspaceAgentRunsTreePanel.regressions.spec.ts
Warning: KaTeX doesn't work in quirks mode. Make sure your website has a suitable doctype.

stdout | components/workspace/history/__tests__/WorkspaceAgentRunsTreePanel.regressions.spec.ts
serverStore: Initializing server config
serverStore: Not in Electron environment. Skipping server initialization.

stderr | components/workspace/history/__tests__/WorkspaceAgentRunsTreePanel.regressions.spec.ts > WorkspaceAgentRunsTreePanel regressions > routes team top-row clicks through persisted member hydration instead of blind team selection
[Vue warn]: injection "Symbol(route location)" not found. 
  at <WorkspaceAgentRunsTreePanel ref="VTU_COMPONENT" > 
  at <VTUROOT>
[Vue warn]: injection "Symbol(router)" not found. 
  at <WorkspaceAgentRunsTreePanel ref="VTU_COMPONENT" > 
  at <VTUROOT>
[Vue warn]: injection "Symbol(route location)" not found. 
  at <WorkspaceAgentRunsTreePanel ref="VTU_COMPONENT" > 
  at <VTUROOT>
[Vue warn]: injection "Symbol(router)" not found. 
  at <WorkspaceAgentRunsTreePanel ref="VTU_COMPONENT" > 
  at <VTUROOT>

stderr | components/workspace/history/__tests__/WorkspaceAgentRunsTreePanel.regressions.spec.ts > WorkspaceAgentRunsTreePanel regressions > keeps a previously selected team expanded when another team row is opened
[Vue warn]: injection "Symbol(route location)" not found. 
  at <WorkspaceAgentRunsTreePanel ref="VTU_COMPONENT" > 
  at <VTUROOT>
[Vue warn]: injection "Symbol(router)" not found. 
  at <WorkspaceAgentRunsTreePanel ref="VTU_COMPONENT" > 
  at <VTUROOT>
[Vue warn]: injection "Symbol(route location)" not found. 
  at <WorkspaceAgentRunsTreePanel ref="VTU_COMPONENT" > 
  at <VTUROOT>
[Vue warn]: injection "Symbol(router)" not found. 
  at <WorkspaceAgentRunsTreePanel ref="VTU_COMPONENT" > 
  at <VTUROOT>

stderr | components/workspace/history/__tests__/WorkspaceAgentRunsTreePanel.regressions.spec.ts > WorkspaceAgentRunsTreePanel regressions > removes a draft agent row through the local close path
[Vue warn]: injection "Symbol(route location)" not found. 
  at <WorkspaceAgentRunsTreePanel ref="VTU_COMPONENT" > 
  at <VTUROOT>
[Vue warn]: injection "Symbol(router)" not found. 
  at <WorkspaceAgentRunsTreePanel ref="VTU_COMPONENT" > 
  at <VTUROOT>
[Vue warn]: injection "Symbol(route location)" not found. 
  at <WorkspaceAgentRunsTreePanel ref="VTU_COMPONENT" > 
  at <VTUROOT>
[Vue warn]: injection "Symbol(router)" not found. 
  at <WorkspaceAgentRunsTreePanel ref="VTU_COMPONENT" > 
  at <VTUROOT>

 ✓ components/workspace/history/__tests__/WorkspaceAgentRunsTreePanel.regressions.spec.ts (3 tests) 68ms

 Test Files  1 passed (1)
      Tests  3 passed (3)
   Start at  22:12:03
   Duration  5.09s (transform 3.10s, setup 4.27s, collect 334ms, tests 68ms, environment 120ms, prepare 108ms)


PROCESS_EXIT_CODE=0
