2026-10-04T06:06:09.240781+00:00
CWD /Users/normy/autobyteus_org/autobyteus-worktrees/project-task-manager-linked-delegation
COMMAND ["python3", "tickets/in-progress/project-task-manager-linked-delegation/api-e2e-evidence/round13-own-lifecycle.py", "restart"]
{
  "schemaVersion": 1,
  "ok": true,
  "command": "restart",
  "result": {
    "instanceId": "iso-63229-72f4",
    "pid": 43665,
    "executablePath": "/Users/normy/autobyteus_org/autobyteus-worktrees/project-task-manager-linked-delegation/autobyteus-web/electron-dist/mac-arm64/AutoByteus.app/Contents/MacOS/AutoByteus",
    "backendUrl": "http://127.0.0.1:63230",
    "graphqlUrl": "http://127.0.0.1:63230/graphql",
    "controlEndpoint": "http://127.0.0.1:63229",
    "controlPort": 63229,
    "serverPort": 63230,
    "dataRoot": "/private/var/folders/7w/9r4_s1_s42z3f7c136bpjf0r0000gn/T/autobyteus-isolated-root-XerRkK",
    "ownsDataRoot": true,
    "keepDataRoot": false,
    "databaseUrl": "file:/private/var/folders/7w/9r4_s1_s42z3f7c136bpjf0r0000gn/T/autobyteus-isolated-root-XerRkK/server-data/db/production.db",
    "logPath": "/var/folders/7w/9r4_s1_s42z3f7c136bpjf0r0000gn/T/autobyteus-isolated-app/iso-63229-72f4.log"
  }
}



INNER_EXIT=0
ELAPSED=3.85
