2026-10-04T06:37:07.232130+00:00
CWD /Users/normy/autobyteus_org/autobyteus-worktrees/project-task-manager-linked-delegation
COMMAND ["python3", "tickets/in-progress/project-task-manager-linked-delegation/api-e2e-evidence/round14-own-lifecycle.py", "stop"]
{
  "schemaVersion": 1,
  "ok": true,
  "command": "stop",
  "result": {
    "instanceId": "iso-65469-85e7",
    "wasRunning": true,
    "forced": false,
    "dataRoot": "/private/var/folders/7w/9r4_s1_s42z3f7c136bpjf0r0000gn/T/autobyteus-isolated-root-oPTvSU",
    "dataRootRemoved": true,
    "controlPortReleased": true,
    "serverPortReleased": true,
    "logPath": null
  }
}



INNER_EXIT=0
ELAPSED=0.92
