case=API-014
cwd=/Users/normy/autobyteus_org/autobyteus-worktrees/project-task-manager-linked-delegation
command=pnpm -C autobyteus-web test:nuxt stores/__tests__/agentRunCollaborationStore.spec.ts services/agentCollaboration/__tests__/agentRunCollaborationContext.spec.ts services/agentCollaboration/__tests__/agentRunCollaborationStreamingService.spec.ts composables/agentCollaboration/__tests__/useAgentRunCollaborationSync.spec.ts components/workspace/history/__tests__/WorkspaceAgentRunsTreePanel.spec.ts components/workspace/history/__tests__/WorkspaceAgentRunsTreePanel.regressions.spec.ts stores/__tests__/runHistoryStore.spec.ts --run

> autobyteus@1.4.92-beta.12 test:nuxt /Users/normy/autobyteus_org/autobyteus-worktrees/project-task-manager-linked-delegation/autobyteus-web
> cross-env NUXT_TEST=true vitest stores/__tests__/agentRunCollaborationStore.spec.ts services/agentCollaboration/__tests__/agentRunCollaborationContext.spec.ts services/agentCollaboration/__tests__/agentRunCollaborationStreamingService.spec.ts composables/agentCollaboration/__tests__/useAgentRunCollaborationSync.spec.ts components/workspace/history/__tests__/WorkspaceAgentRunsTreePanel.spec.ts components/workspace/history/__tests__/WorkspaceAgentRunsTreePanel.regressions.spec.ts stores/__tests__/runHistoryStore.spec.ts --run

isElectronBuild false
[Electron Module] Skipping electron module setup: BUILD_TARGET is not electron
Browserslist: browsers data (caniuse-lite) is 8 months old. Please run:
  npx update-browserslist-db@latest
  Why you should do it regularly: https://github.com/browserslist/update-db#readme

 RUN  v3.2.4 /Users/normy/autobyteus_org/autobyteus-worktrees/project-task-manager-linked-delegation/autobyteus-web

stderr | components/workspace/history/__tests__/WorkspaceAgentRunsTreePanel.spec.ts
Warning: KaTeX doesn't work in quirks mode. Make sure your website has a suitable doctype.

stderr | components/workspace/history/__tests__/WorkspaceAgentRunsTreePanel.regressions.spec.ts
Warning: KaTeX doesn't work in quirks mode. Make sure your website has a suitable doctype.

stderr | services/agentCollaboration/__tests__/agentRunCollaborationContext.spec.ts
Warning: KaTeX doesn't work in quirks mode. Make sure your website has a suitable doctype.

stderr | stores/__tests__/runHistoryStore.spec.ts
Warning: KaTeX doesn't work in quirks mode. Make sure your website has a suitable doctype.

stderr | services/agentCollaboration/__tests__/agentRunCollaborationStreamingService.spec.ts
Warning: KaTeX doesn't work in quirks mode. Make sure your website has a suitable doctype.

stderr | stores/__tests__/agentRunCollaborationStore.spec.ts
Warning: KaTeX doesn't work in quirks mode. Make sure your website has a suitable doctype.

stderr | composables/agentCollaboration/__tests__/useAgentRunCollaborationSync.spec.ts
Warning: KaTeX doesn't work in quirks mode. Make sure your website has a suitable doctype.

stdout | services/agentCollaboration/__tests__/agentRunCollaborationStreamingService.spec.ts
serverStore: Initializing server config
serverStore: Not in Electron environment. Skipping server initialization.

stdout | components/workspace/history/__tests__/WorkspaceAgentRunsTreePanel.regressions.spec.ts
serverStore: Initializing server config
serverStore: Not in Electron environment. Skipping server initialization.

stdout | stores/__tests__/runHistoryStore.spec.ts
serverStore: Initializing server config
serverStore: Not in Electron environment. Skipping server initialization.

stdout | stores/__tests__/agentRunCollaborationStore.spec.ts
serverStore: Initializing server config
serverStore: Not in Electron environment. Skipping server initialization.

stdout | composables/agentCollaboration/__tests__/useAgentRunCollaborationSync.spec.ts
serverStore: Initializing server config
serverStore: Not in Electron environment. Skipping server initialization.

stdout | services/agentCollaboration/__tests__/agentRunCollaborationContext.spec.ts
serverStore: Initializing server config
serverStore: Not in Electron environment. Skipping server initialization.

stdout | components/workspace/history/__tests__/WorkspaceAgentRunsTreePanel.spec.ts
serverStore: Initializing server config
serverStore: Not in Electron environment. Skipping server initialization.

 ✓ composables/agentCollaboration/__tests__/useAgentRunCollaborationSync.spec.ts (1 test) 3ms
 ✓ stores/__tests__/agentRunCollaborationStore.spec.ts (3 tests) 12ms
 ✓ services/agentCollaboration/__tests__/agentRunCollaborationStreamingService.spec.ts (3 tests) 14ms
 ✓ services/agentCollaboration/__tests__/agentRunCollaborationContext.spec.ts (12 tests) 17ms
stderr | components/workspace/history/__tests__/WorkspaceAgentRunsTreePanel.regressions.spec.ts > WorkspaceAgentRunsTreePanel regressions > routes team top-row clicks through persisted member hydration instead of blind team selection
[Vue warn]: injection "Symbol(route location)" not found. 
  at <WorkspaceAgentRunsTreePanel ref="VTU_COMPONENT" > 
  at <VTUROOT>
[Vue warn]: injection "Symbol(router)" not found. 
  at <WorkspaceAgentRunsTreePanel ref="VTU_COMPONENT" > 
  at <VTUROOT>
[Vue warn]: injection "Symbol(route location)" not found. 
  at <WorkspaceAgentRunsTreePanel ref="VTU_COMPONENT" > 
  at <VTUROOT>
[Vue warn]: injection "Symbol(router)" not found. 
  at <WorkspaceAgentRunsTreePanel ref="VTU_COMPONENT" > 
  at <VTUROOT>

stderr | components/workspace/history/__tests__/WorkspaceAgentRunsTreePanel.regressions.spec.ts > WorkspaceAgentRunsTreePanel regressions > routes team top-row clicks through persisted member hydration instead of blind team selection
[Vue warn]: Unhandled error during execution of native event handler 
  at <WorkspaceHistoryWorkspaceSection key="workspace:/ws/a" workspace-node= {
  workspaceRootPath: '/ws/a',
  workspaceName: 'autobyteus_org',
  agents: [
    {
      agentDefinitionId: 'agent-def-1',
      agentName: 'SuperAgent',
      agentAvatarUrl: 'https://example.com/superagent.png',
      runs: [Array]
    }
  ],
  workspaceId: 'workspace:/ws/a',
  stableKey: 'workspace:/ws/a'
} workspace-teams= [
  {
    teamRunId: 'team-1',
    teamDefinitionId: 'team-def-1',
    teamDefinitionName: 'Team Alpha',
    workspaceRootPath: '/ws/a',
    summary: 'Team summary',
    lastActivityAt: '2026-01-01T02:00:00.000Z',
    lastKnownStatus: 'IDLE',
    isActive: false,
    currentStatus: 'idle',
    deleteLifecycle: 'READY',
    focusedAddress: '/super_agent',
    members: [ [Object] ],
    focusedAgentRunId: 'member-run-1',
    rootTeam: {
      teamRunId: 'team-1',
      kind: 'agent_team',
      memberAddress: '/',
      displayName: 'Team Alpha',
      teamDefinitionId: 'team-def-1',
      teamRunIdForNode: 'team-1',
      coordinatorAddress: '/super_agent',
      workspaceRootPath: '/ws/a',
      summary: 'Team summary',
      lastActivityAt: '2026-01-01T02:00:00.000Z',
      currentStatus: null,
      isActive: false,
      deleteLifecycle: 'READY',
      children: [Array]
    },
    executionRows: [ [Object] ]
  }
]  ... > 
  at <WorkspaceAgentRunsTreePanel ref="VTU_COMPONENT" > 
  at <VTUROOT>

stderr | components/workspace/history/__tests__/WorkspaceAgentRunsTreePanel.regressions.spec.ts > WorkspaceAgentRunsTreePanel regressions > keeps a previously selected team expanded when another team row is opened
[Vue warn]: injection "Symbol(route location)" not found. 
  at <WorkspaceAgentRunsTreePanel ref="VTU_COMPONENT" > 
  at <VTUROOT>
[Vue warn]: injection "Symbol(router)" not found. 
  at <WorkspaceAgentRunsTreePanel ref="VTU_COMPONENT" > 
  at <VTUROOT>
[Vue warn]: injection "Symbol(route location)" not found. 
  at <WorkspaceAgentRunsTreePanel ref="VTU_COMPONENT" > 
  at <VTUROOT>
[Vue warn]: injection "Symbol(router)" not found. 
  at <WorkspaceAgentRunsTreePanel ref="VTU_COMPONENT" > 
  at <VTUROOT>

stderr | components/workspace/history/__tests__/WorkspaceAgentRunsTreePanel.regressions.spec.ts > WorkspaceAgentRunsTreePanel regressions > keeps a previously selected team expanded when another team row is opened
[Vue warn]: Unhandled error during execution of native event handler 
  at <WorkspaceHistoryWorkspaceSection key="workspace:/ws/a" workspace-node= {
  workspaceRootPath: '/ws/a',
  workspaceName: 'autobyteus_org',
  agents: [
    {
      agentDefinitionId: 'agent-def-1',
      agentName: 'SuperAgent',
      agentAvatarUrl: 'https://example.com/superagent.png',
      runs: [Array]
    }
  ],
  workspaceId: 'workspace:/ws/a',
  stableKey: 'workspace:/ws/a'
} workspace-teams= [
  {
    teamRunId: 'team-live',
    teamDefinitionId: 'team-def-1',
    teamDefinitionName: 'Live Team',
    workspaceRootPath: '/ws/a',
    summary: 'Live team summary',
    lastActivityAt: '2026-01-01T02:00:00.000Z',
    lastKnownStatus: 'ACTIVE',
    isActive: true,
    currentStatus: 'processing',
    deleteLifecycle: 'CLEANUP_PENDING',
    focusedAddress: '/live_member',
    members: [ [Object] ],
    focusedAgentRunId: 'member-live-1',
    rootTeam: {
      teamRunId: 'team-live',
      kind: 'agent_team',
      memberAddress: '/',
      displayName: 'Live Team',
      teamDefinitionId: 'team-def-1',
      teamRunIdForNode: 'team-live',
      coordinatorAddress: '/live_member',
      workspaceRootPath: '/ws/a',
      summary: 'Live team summary',
      lastActivityAt: '2026-01-01T02:00:00.000Z',
      currentStatus: null,
      isActive: true,
      deleteLifecycle: 'CLEANUP_PENDING',
      children: [Array]
    },
    executionRows: [ [Object] ]
  },
  {
    teamRunId: 'team-history',
    teamDefinitionId: 'team-def-1',
    teamDefinitionName: 'History Team',
    workspaceRootPath: '/ws/a',
    summary: 'History team summary',
    lastActivityAt: '2026-01-01T03:00:00.000Z',
    lastKnownStatus: 'IDLE',
    isActive: false,
    currentStatus: 'idle',
    deleteLifecycle: 'READY',
    focusedAddress: '/history_member',
    members: [ [Object] ],
    focusedAgentRunId: 'member-history-1',
    rootTeam: {
      teamRunId: 'team-history',
      kind: 'agent_team',
      memberAddress: '/',
      displayName: 'History Team',
      teamDefinitionId: 'team-def-1',
      teamRunIdForNode: 'team-history',
      coordinatorAddress: '/history_member',
      workspaceRootPath: '/ws/a',
      summary: 'History team summary',
      lastActivityAt: '2026-01-01T03:00:00.000Z',
      currentStatus: null,
      isActive: false,
      deleteLifecycle: 'READY',
      children: [Array]
    },
    executionRows: [ [Object] ]
  }
]  ... > 
  at <WorkspaceAgentRunsTreePanel ref="VTU_COMPONENT" > 
  at <VTUROOT>

stderr | components/workspace/history/__tests__/WorkspaceAgentRunsTreePanel.regressions.spec.ts > WorkspaceAgentRunsTreePanel regressions > removes a draft agent row through the local close path
[Vue warn]: injection "Symbol(route location)" not found. 
  at <WorkspaceAgentRunsTreePanel ref="VTU_COMPONENT" > 
  at <VTUROOT>
[Vue warn]: injection "Symbol(router)" not found. 
  at <WorkspaceAgentRunsTreePanel ref="VTU_COMPONENT" > 
  at <VTUROOT>
[Vue warn]: injection "Symbol(route location)" not found. 
  at <WorkspaceAgentRunsTreePanel ref="VTU_COMPONENT" > 
  at <VTUROOT>
[Vue warn]: injection "Symbol(router)" not found. 
  at <WorkspaceAgentRunsTreePanel ref="VTU_COMPONENT" > 
  at <VTUROOT>

 ❯ components/workspace/history/__tests__/WorkspaceAgentRunsTreePanel.regressions.spec.ts (3 tests | 2 failed) 100ms
   × WorkspaceAgentRunsTreePanel regressions > routes team top-row clicks through persisted member hydration instead of blind team selection 64ms
     → expected "spy" to be called with arguments: [ ObjectContaining{…} ]

Number of calls: 0

   × WorkspaceAgentRunsTreePanel regressions > keeps a previously selected team expanded when another team row is opened 19ms
     → expected false to be true // Object.is equality
   ✓ WorkspaceAgentRunsTreePanel regressions > removes a draft agent row through the local close path 16ms
 ✓ stores/__tests__/runHistoryStore.spec.ts (43 tests) 488ms
stderr | components/workspace/history/__tests__/WorkspaceAgentRunsTreePanel.spec.ts > WorkspaceAgentRunsTreePanel > preserves the error row and restores Stop when termination throws
Failed to terminate run: Error: network unavailable
    at /Users/normy/autobyteus_org/autobyteus-worktrees/project-task-manager-linked-delegation/autobyteus-web/components/workspace/history/__tests__/WorkspaceAgentRunsTreePanel.spec.ts:2134:58
    at file:///Users/normy/autobyteus_org/autobyteus-worktrees/project-task-manager-linked-delegation/node_modules/.pnpm/@vitest+runner@3.2.4/node_modules/@vitest/runner/dist/chunk-hooks.js:155:11
    at file:///Users/normy/autobyteus_org/autobyteus-worktrees/project-task-manager-linked-delegation/node_modules/.pnpm/@vitest+runner@3.2.4/node_modules/@vitest/runner/dist/chunk-hooks.js:752:26
    at file:///Users/normy/autobyteus_org/autobyteus-worktrees/project-task-manager-linked-delegation/node_modules/.pnpm/@vitest+runner@3.2.4/node_modules/@vitest/runner/dist/chunk-hooks.js:1897:20
    at new Promise (<anonymous>)
    at runWithTimeout (file:///Users/normy/autobyteus_org/autobyteus-worktrees/project-task-manager-linked-delegation/node_modules/.pnpm/@vitest+runner@3.2.4/node_modules/@vitest/runner/dist/chunk-hooks.js:1863:10)
    at runTest (file:///Users/normy/autobyteus_org/autobyteus-worktrees/project-task-manager-linked-delegation/node_modules/.pnpm/@vitest+runner@3.2.4/node_modules/@vitest/runner/dist/chunk-hooks.js:1574:12)
    at runSuite (file:///Users/normy/autobyteus_org/autobyteus-worktrees/project-task-manager-linked-delegation/node_modules/.pnpm/@vitest+runner@3.2.4/node_modules/@vitest/runner/dist/chunk-hooks.js:1729:8)
    at runSuite (file:///Users/normy/autobyteus_org/autobyteus-worktrees/project-task-manager-linked-delegation/node_modules/.pnpm/@vitest+runner@3.2.4/node_modules/@vitest/runner/dist/chunk-hooks.js:1729:8)
    at runFiles (file:///Users/normy/autobyteus_org/autobyteus-worktrees/project-task-manager-linked-delegation/node_modules/.pnpm/@vitest+runner@3.2.4/node_modules/@vitest/runner/dist/chunk-hooks.js:1787:3)

 ✓ components/workspace/history/__tests__/WorkspaceAgentRunsTreePanel.spec.ts (66 tests) 1031ms

⎯⎯⎯⎯⎯⎯⎯ Failed Tests 2 ⎯⎯⎯⎯⎯⎯⎯

 FAIL  components/workspace/history/__tests__/WorkspaceAgentRunsTreePanel.regressions.spec.ts > WorkspaceAgentRunsTreePanel regressions > routes team top-row clicks through persisted member hydration instead of blind team selection
AssertionError: expected "spy" to be called with arguments: [ ObjectContaining{…} ]

Number of calls: 0

 ❯ components/workspace/history/__tests__/WorkspaceAgentRunsTreePanel.regressions.spec.ts:428:47
    426|     await flushPromises();
    427| 
    428|     expect(runHistoryStoreMock.selectTreeRun).toHaveBeenCalledWith(
       |                                               ^
    429|       expect.objectContaining({
    430|         teamRunId: 'team-1',

⎯⎯⎯⎯⎯⎯⎯⎯⎯⎯⎯⎯⎯⎯⎯⎯⎯⎯⎯⎯⎯⎯⎯⎯[1/2]⎯

 FAIL  components/workspace/history/__tests__/WorkspaceAgentRunsTreePanel.regressions.spec.ts > WorkspaceAgentRunsTreePanel regressions > keeps a previously selected team expanded when another team row is opened
AssertionError: expected false to be true // Object.is equality

- Expected
+ Received

- true
+ false

 ❯ components/workspace/history/__tests__/WorkspaceAgentRunsTreePanel.regressions.spec.ts:506:103
    504| 
    505|     expect(wrapper.find('[data-test="workspace-team-member-team-live-/…
    506|     expect(wrapper.find('[data-test="workspace-team-member-team-histor…
       |                                                                                                       ^
    507|   });
    508| 

⎯⎯⎯⎯⎯⎯⎯⎯⎯⎯⎯⎯⎯⎯⎯⎯⎯⎯⎯⎯⎯⎯⎯⎯[2/2]⎯

⎯⎯⎯⎯⎯⎯ Unhandled Errors ⎯⎯⎯⎯⎯⎯

Vitest caught 2 unhandled errors during the test run.
This might cause false positive tests. Resolve unhandled errors to make sure your tests are not affected.

⎯⎯⎯⎯ Unhandled Rejection ⎯⎯⎯⎯⎯
TypeError: params.selectionStore.beginSelectionIntent is not a function
 ❯ Object.onSelectTeam composables/useWorkspaceHistorySelectionActions.ts:70:42
     68| 
     69|   const onSelectTeam = async (team: TeamTreeNode, workspaceId = ''): P…
     70|     const intent = params.selectionStore.beginSelectionIntent();
       |                                          ^
     71|     const isAlreadySelectedTeam =
     72|       params.selectionStore.selectedType === 'team'
 ❯ onClick components/workspace/history/WorkspaceHistoryWorkspaceSection.vue:245:35
 ❯ callWithErrorHandling ../node_modules/.pnpm/@vue+runtime-core@3.5.28/node_modules/@vue/runtime-core/dist/runtime-core.cjs.js:200:19
 ❯ Object.callWithAsyncErrorHandling ../node_modules/.pnpm/@vue+runtime-core@3.5.28/node_modules/@vue/runtime-core/dist/runtime-core.cjs.js:207:17
 ❯ HTMLButtonElement.invoker ../node_modules/.pnpm/@vue+runtime-dom@3.5.28/node_modules/@vue/runtime-dom/dist/runtime-dom.cjs.js:665:17
 ❯ Function.captureError ../node_modules/.pnpm/happy-dom@15.11.7/node_modules/happy-dom/src/window/WindowErrorUtility.ts:29:13
 ❯ HTMLButtonElement.#callDispatchEventListeners ../node_modules/.pnpm/happy-dom@15.11.7/node_modules/happy-dom/src/event/EventTarget.ts:277:25
 ❯ HTMLButtonElement.dispatchEvent ../node_modules/.pnpm/happy-dom@15.11.7/node_modules/happy-dom/src/event/EventTarget.ts:121:35
 ❯ HTMLButtonElement.dispatchEvent ../node_modules/.pnpm/happy-dom@15.11.7/node_modules/happy-dom/src/nodes/element/Element.ts:1252:29
 ❯ HTMLButtonElement.dispatchEvent ../node_modules/.pnpm/happy-dom@15.11.7/node_modules/happy-dom/src/nodes/html-button-element/HTMLButtonElement.ts:351:29

This error originated in "components/workspace/history/__tests__/WorkspaceAgentRunsTreePanel.regressions.spec.ts" test file. It doesn't mean the error was thrown inside the file itself, but while it was running.
The latest test that might've caused the error is "routes team top-row clicks through persisted member hydration instead of blind team selection". It might mean one of the following:
- The error was thrown, while Vitest was running this test.
- If the error occurred after the test had been completed, this was the last documented test before it was thrown.

⎯⎯⎯⎯ Unhandled Rejection ⎯⎯⎯⎯⎯
TypeError: params.selectionStore.beginSelectionIntent is not a function
 ❯ Object.onSelectTeam composables/useWorkspaceHistorySelectionActions.ts:70:42
     68| 
     69|   const onSelectTeam = async (team: TeamTreeNode, workspaceId = ''): P…
     70|     const intent = params.selectionStore.beginSelectionIntent();
       |                                          ^
     71|     const isAlreadySelectedTeam =
     72|       params.selectionStore.selectedType === 'team'
 ❯ onClick components/workspace/history/WorkspaceHistoryWorkspaceSection.vue:245:35
 ❯ callWithErrorHandling ../node_modules/.pnpm/@vue+runtime-core@3.5.28/node_modules/@vue/runtime-core/dist/runtime-core.cjs.js:200:19
 ❯ Object.callWithAsyncErrorHandling ../node_modules/.pnpm/@vue+runtime-core@3.5.28/node_modules/@vue/runtime-core/dist/runtime-core.cjs.js:207:17
 ❯ HTMLButtonElement.invoker ../node_modules/.pnpm/@vue+runtime-dom@3.5.28/node_modules/@vue/runtime-dom/dist/runtime-dom.cjs.js:665:17
 ❯ Function.captureError ../node_modules/.pnpm/happy-dom@15.11.7/node_modules/happy-dom/src/window/WindowErrorUtility.ts:29:13
 ❯ HTMLButtonElement.#callDispatchEventListeners ../node_modules/.pnpm/happy-dom@15.11.7/node_modules/happy-dom/src/event/EventTarget.ts:277:25
 ❯ HTMLButtonElement.dispatchEvent ../node_modules/.pnpm/happy-dom@15.11.7/node_modules/happy-dom/src/event/EventTarget.ts:121:35
 ❯ HTMLButtonElement.dispatchEvent ../node_modules/.pnpm/happy-dom@15.11.7/node_modules/happy-dom/src/nodes/element/Element.ts:1252:29
 ❯ HTMLButtonElement.dispatchEvent ../node_modules/.pnpm/happy-dom@15.11.7/node_modules/happy-dom/src/nodes/html-button-element/HTMLButtonElement.ts:351:29

This error originated in "components/workspace/history/__tests__/WorkspaceAgentRunsTreePanel.regressions.spec.ts" test file. It doesn't mean the error was thrown inside the file itself, but while it was running.
The latest test that might've caused the error is "keeps a previously selected team expanded when another team row is opened". It might mean one of the following:
- The error was thrown, while Vitest was running this test.
- If the error occurred after the test had been completed, this was the last documented test before it was thrown.
⎯⎯⎯⎯⎯⎯⎯⎯⎯⎯⎯⎯⎯⎯⎯⎯⎯⎯⎯⎯⎯⎯⎯⎯⎯⎯⎯⎯⎯⎯


 Test Files  1 failed | 6 passed (7)
      Tests  2 failed | 129 passed (131)
     Errors  2 errors
   Start at  21:18:27
   Duration  9.65s (transform 4.82s, setup 49.34s, collect 3.34s, tests 1.66s, environment 2.35s, prepare 1.56s)

 ELIFECYCLE  Command failed with exit code 1.

PROCESS_EXIT_CODE=1
