
> autobyteus@1.4.97 build /Users/normy/autobyteus_org/autobyteus-worktrees/restore-team-group-icon/autobyteus-web
> nuxt build

┌  Building Nuxt for production...
│
●  Nuxt 3.21.1 (with Nitro 2.13.1, Vite 7.3.1 and Vue 3.5.28)
isElectronBuild false
[Electron Module] Skipping electron module setup: BUILD_TARGET is not electron
│
●  Nitro preset: static

 WARN  Browserslist: browsers data (caniuse-lite) is 8 months old. Please run:
  npx update-browserslist-db@latest
  Why you should do it regularly: https://github.com/browserslist/update-db#readme

ℹ Building client...
ℹ vite v7.3.1 building client environment for production...
ℹ transforming...
ℹ ✓ 4021 modules transformed.
ℹ rendering chunks...
ℹ computing gzip size...
ℹ .nuxt/dist/client/_nuxt/KaTeX_Size3-Regular.CTq5MqoE.woff                    4.42 kB
ℹ .nuxt/dist/client/_nuxt/KaTeX_Size4-Regular.Dl5lxZxV.woff2                   4.93 kB
ℹ .nuxt/dist/client/_nuxt/KaTeX_Size2-Regular.Dy4dx90m.woff2                   5.21 kB
ℹ .nuxt/dist/client/_nuxt/KaTeX_Size1-Regular.mCD8mA8B.woff2                   5.47 kB
ℹ .nuxt/dist/client/_nuxt/KaTeX_Size4-Regular.BF-4gkZK.woff                    5.98 kB
ℹ .nuxt/dist/client/_nuxt/KaTeX_Size2-Regular.oD1tc_U0.woff                    6.19 kB
ℹ .nuxt/dist/client/_nuxt/KaTeX_Size1-Regular.C195tn64.woff                    6.50 kB
ℹ .nuxt/dist/client/_nuxt/KaTeX_Caligraphic-Regular.Di6jR-x-.woff2             6.91 kB
ℹ .nuxt/dist/client/_nuxt/KaTeX_Caligraphic-Bold.Dq_IR9rO.woff2                6.91 kB
ℹ .nuxt/dist/client/_nuxt/KaTeX_Size3-Regular.DgpXs0kz.ttf                     7.59 kB
ℹ .nuxt/dist/client/_nuxt/KaTeX_Caligraphic-Regular.CTRA-rTL.woff              7.66 kB
ℹ .nuxt/dist/client/_nuxt/KaTeX_Caligraphic-Bold.BEiXGLvX.woff                 7.72 kB
ℹ .nuxt/dist/client/_nuxt/KaTeX_Script-Regular.D3wIWfF6.woff2                  9.64 kB
ℹ .nuxt/dist/client/_nuxt/KaTeX_SansSerif-Regular.DDBCnlJ7.woff2              10.34 kB
ℹ .nuxt/dist/client/_nuxt/KaTeX_Size4-Regular.DWFBv043.ttf                    10.36 kB
ℹ .nuxt/dist/client/_nuxt/KaTeX_Script-Regular.D5yQViql.woff                  10.59 kB
ℹ .nuxt/dist/client/_nuxt/KaTeX_Fraktur-Regular.CTYiF6lA.woff2                11.32 kB
ℹ .nuxt/dist/client/_nuxt/KaTeX_Fraktur-Bold.CL6g_b3V.woff2                   11.35 kB
ℹ .nuxt/dist/client/_nuxt/KaTeX_Size2-Regular.B7gKUWhC.ttf                    11.51 kB
ℹ .nuxt/dist/client/_nuxt/KaTeX_SansSerif-Italic.C3H0VqGB.woff2               12.03 kB
ℹ .nuxt/dist/client/_nuxt/KaTeX_SansSerif-Bold.D1sUS0GD.woff2                 12.22 kB
ℹ .nuxt/dist/client/_nuxt/KaTeX_Size1-Regular.Dbsnue_I.ttf                    12.23 kB
ℹ .nuxt/dist/client/_nuxt/KaTeX_SansSerif-Regular.CS6fqUqJ.woff               12.32 kB
ℹ .nuxt/dist/client/_nuxt/KaTeX_Caligraphic-Regular.wX97UBjC.ttf              12.34 kB
ℹ .nuxt/dist/client/_nuxt/KaTeX_Caligraphic-Bold.ATXxdsX0.ttf                 12.37 kB
ℹ .nuxt/dist/client/_nuxt/KaTeX_Fraktur-Regular.Dxdc4cR9.woff                 13.21 kB
ℹ .nuxt/dist/client/_nuxt/KaTeX_Fraktur-Bold.BsDP51OF.woff                    13.30 kB
ℹ .nuxt/dist/client/_nuxt/KaTeX_Typewriter-Regular.CO6r4hn1.woff2             13.57 kB
ℹ .nuxt/dist/client/_nuxt/KaTeX_SansSerif-Italic.DN2j7dab.woff                14.11 kB
ℹ .nuxt/dist/client/_nuxt/KaTeX_SansSerif-Bold.DbIhKOiC.woff                  14.41 kB
ℹ .nuxt/dist/client/_nuxt/KaTeX_Typewriter-Regular.C0xS9mPB.woff              16.03 kB
ℹ .nuxt/dist/client/_nuxt/KaTeX_Math-BoldItalic.CZnvNsCZ.woff2                16.40 kB
ℹ .nuxt/dist/client/_nuxt/KaTeX_Math-Italic.t53AETM-.woff2                    16.44 kB
ℹ .nuxt/dist/client/_nuxt/KaTeX_Script-Regular.C5JkGWo-.ttf                   16.65 kB
ℹ .nuxt/dist/client/_nuxt/KaTeX_Main-BoldItalic.DxDJ3AOS.woff2                16.78 kB
ℹ .nuxt/dist/client/_nuxt/KaTeX_Main-Italic.NWA7e6Wa.woff2                    16.99 kB
ℹ .nuxt/dist/client/_nuxt/KaTeX_Math-BoldItalic.iY-2wyZ7.woff                 18.67 kB
ℹ .nuxt/dist/client/_nuxt/KaTeX_Math-Italic.DA0__PXp.woff                     18.75 kB
ℹ .nuxt/dist/client/_nuxt/KaTeX_Main-BoldItalic.SpSLRI95.woff                 19.41 kB
ℹ .nuxt/dist/client/_nuxt/KaTeX_SansSerif-Regular.BNo7hRIc.ttf                19.44 kB
ℹ .nuxt/dist/client/_nuxt/KaTeX_Fraktur-Regular.CB_wures.ttf                  19.57 kB
ℹ .nuxt/dist/client/_nuxt/KaTeX_Fraktur-Bold.BdnERNNW.ttf                     19.58 kB
ℹ .nuxt/dist/client/_nuxt/KaTeX_Main-Italic.BMLOBm91.woff                     19.68 kB
ℹ .nuxt/dist/client/_nuxt/KaTeX_SansSerif-Italic.YYjJ1zSn.ttf                 22.36 kB
ℹ .nuxt/dist/client/_nuxt/KaTeX_SansSerif-Bold.CFMepnvq.ttf                   24.50 kB
ℹ .nuxt/dist/client/_nuxt/KaTeX_Main-Bold.Cx986IdX.woff2                      25.32 kB
ℹ .nuxt/dist/client/_nuxt/KaTeX_Main-Regular.B22Nviop.woff2                   26.27 kB
ℹ .nuxt/dist/client/_nuxt/KaTeX_Typewriter-Regular.D3Ib7_Hf.ttf               27.56 kB
ℹ .nuxt/dist/client/_nuxt/KaTeX_AMS-Regular.BQhdFMY1.woff2                    28.08 kB
ℹ .nuxt/dist/client/_nuxt/KaTeX_Main-Bold.Jm3AIy58.woff                       29.91 kB
ℹ .nuxt/dist/client/_nuxt/KaTeX_Main-Regular.Dr94JaBh.woff                    30.77 kB
ℹ .nuxt/dist/client/_nuxt/KaTeX_Math-BoldItalic.B3XSjfu4.ttf                  31.20 kB
ℹ .nuxt/dist/client/_nuxt/KaTeX_Math-Italic.flOr_0UB.ttf                      31.31 kB
ℹ .nuxt/dist/client/_nuxt/KaTeX_Main-BoldItalic.DzxPMmG6.ttf                  32.97 kB
ℹ .nuxt/dist/client/_nuxt/KaTeX_AMS-Regular.DMm9YOAa.woff                     33.52 kB
ℹ .nuxt/dist/client/_nuxt/KaTeX_Main-Italic.3WenGoN9.ttf                      33.58 kB
ℹ .nuxt/dist/client/_nuxt/KaTeX_Main-Bold.waoOVXN0.ttf                        51.34 kB
ℹ .nuxt/dist/client/_nuxt/KaTeX_Main-Regular.ypZvNtVU.ttf                     53.58 kB
ℹ .nuxt/dist/client/_nuxt/KaTeX_AMS-Regular.DRggAlZN.ttf                      63.63 kB
ℹ .nuxt/dist/client/manifest.json                                             85.99 kB │ gzip:     8.04 kB
ℹ .nuxt/dist/client/_nuxt/ConfirmationModal.DtxxR2Ew.css                       0.20 kB │ gzip:     0.12 kB
ℹ .nuxt/dist/client/_nuxt/media.yjOJmL4q.css                                   0.23 kB │ gzip:     0.13 kB
ℹ .nuxt/dist/client/_nuxt/DefinitionLaunchPreferencesSection.B4uhkLvJ.css      0.28 kB │ gzip:     0.15 kB
ℹ .nuxt/dist/client/_nuxt/FullScreenImageModal.aod6xn15.css                    0.35 kB │ gzip:     0.17 kB
ℹ .nuxt/dist/client/_nuxt/TempTaskBoard.Br3K3dGv.css                           0.55 kB │ gzip:     0.26 kB
ℹ .nuxt/dist/client/_nuxt/ProjectTaskBoard.BcsCITZm.css                        0.63 kB │ gzip:     0.27 kB
ℹ .nuxt/dist/client/_nuxt/ProjectTaskRow.DGDwUoDm.css                          0.85 kB │ gzip:     0.29 kB
ℹ .nuxt/dist/client/_nuxt/useWorkspaceHistoryTreeState.-V9Oz3Le.css            1.93 kB │ gzip:     0.60 kB
ℹ .nuxt/dist/client/_nuxt/FileExplorerTabs.DydjJNvi.css                        3.20 kB │ gzip:     1.02 kB
ℹ .nuxt/dist/client/_nuxt/default.KOlg-Sk9.css                                 4.17 kB │ gzip:     0.98 kB
ℹ .nuxt/dist/client/_nuxt/settings.2Cam2DY4.css                                4.33 kB │ gzip:     1.32 kB
ℹ .nuxt/dist/client/_nuxt/SystemInstructionActivityItem.DsySlBVI.css           4.59 kB │ gzip:     1.45 kB
ℹ .nuxt/dist/client/_nuxt/useWorkspaceFileContentVisible.DgBe6zb2.css         10.34 kB │ gzip:     2.60 kB
ℹ .nuxt/dist/client/_nuxt/skills.OWLc2dxt.css                                 14.84 kB │ gzip:     3.18 kB
ℹ .nuxt/dist/client/_nuxt/useWorkspaceFileExplorer.Bc32qPDk.css               50.71 kB │ gzip:    13.09 kB
ℹ .nuxt/dist/client/_nuxt/entry.DSSVulEn.css                                 128.48 kB │ gzip:    20.22 kB
ℹ .nuxt/dist/client/_nuxt/HgLYe54l.js                                          0.09 kB │ gzip:     0.10 kB
ℹ .nuxt/dist/client/_nuxt/CwCoTSU0.js                                          0.10 kB │ gzip:     0.11 kB
ℹ .nuxt/dist/client/_nuxt/B7NS5HV2.js                                          0.14 kB │ gzip:     0.10 kB
ℹ .nuxt/dist/client/_nuxt/Gi6I4Gst.js                                          0.15 kB │ gzip:     0.13 kB
ℹ .nuxt/dist/client/_nuxt/BIG7ansb.js                                          0.18 kB │ gzip:     0.15 kB
ℹ .nuxt/dist/client/_nuxt/BLTcRFMn.js                                          0.21 kB │ gzip:     0.16 kB
ℹ .nuxt/dist/client/_nuxt/DmSIrg2r.js                                          0.22 kB │ gzip:     0.20 kB
ℹ .nuxt/dist/client/_nuxt/BAlQFy0v.js                                          0.23 kB │ gzip:     0.20 kB
ℹ .nuxt/dist/client/_nuxt/BdqAQ-jK.js                                          0.26 kB │ gzip:     0.21 kB
ℹ .nuxt/dist/client/_nuxt/D1brgFel.js                                          0.35 kB │ gzip:     0.25 kB
ℹ .nuxt/dist/client/_nuxt/6jXHElXq.js                                          0.35 kB │ gzip:     0.26 kB
ℹ .nuxt/dist/client/_nuxt/CDXyprK7.js                                          0.43 kB │ gzip:     0.28 kB
ℹ .nuxt/dist/client/_nuxt/K5t43vfn.js                                          0.43 kB │ gzip:     0.27 kB
ℹ .nuxt/dist/client/_nuxt/h6T1bEo7.js                                          0.45 kB │ gzip:     0.31 kB
ℹ .nuxt/dist/client/_nuxt/CRsDylw8.js                                          0.45 kB │ gzip:     0.29 kB
ℹ .nuxt/dist/client/_nuxt/T1gxAqoi.js                                          0.45 kB │ gzip:     0.29 kB
ℹ .nuxt/dist/client/_nuxt/uRJ5AyZH.js                                          0.46 kB │ gzip:     0.27 kB
ℹ .nuxt/dist/client/_nuxt/Eh2wLunb.js                                          0.48 kB │ gzip:     0.23 kB
ℹ .nuxt/dist/client/_nuxt/DXun4btf.js                                          0.48 kB │ gzip:     0.33 kB
ℹ .nuxt/dist/client/_nuxt/sfo2G1c_.js                                          0.49 kB │ gzip:     0.35 kB
ℹ .nuxt/dist/client/_nuxt/-k1JFLnS.js                                          0.50 kB │ gzip:     0.33 kB
ℹ .nuxt/dist/client/_nuxt/DZtqTp4Y.js                                          0.51 kB │ gzip:     0.34 kB
ℹ .nuxt/dist/client/_nuxt/YFW-6SAD.js                                          0.52 kB │ gzip:     0.33 kB
ℹ .nuxt/dist/client/_nuxt/DE5oSZHr.js                                          0.56 kB │ gzip:     0.36 kB
ℹ .nuxt/dist/client/_nuxt/DHhchgLo.js                                          0.57 kB │ gzip:     0.31 kB
ℹ .nuxt/dist/client/_nuxt/WMA1wKN6.js                                          0.57 kB │ gzip:     0.36 kB
ℹ .nuxt/dist/client/_nuxt/DseshnIg.js                                          0.71 kB │ gzip:     0.47 kB
ℹ .nuxt/dist/client/_nuxt/CVXRfb7-.js                                          0.73 kB │ gzip:     0.45 kB
ℹ .nuxt/dist/client/_nuxt/CE1G-McA.js                                          0.76 kB │ gzip:     0.40 kB
ℹ .nuxt/dist/client/_nuxt/DtzRI_Va.js                                          0.94 kB │ gzip:     0.45 kB
ℹ .nuxt/dist/client/_nuxt/DVSWu_o_.js                                          0.99 kB │ gzip:     0.57 kB
ℹ .nuxt/dist/client/_nuxt/LSzKNBzP.js                                          1.01 kB │ gzip:     0.59 kB
ℹ .nuxt/dist/client/_nuxt/-NdWc_3M.js                                          1.05 kB │ gzip:     0.57 kB
ℹ .nuxt/dist/client/_nuxt/BnlUbewY.js                                          1.18 kB │ gzip:     0.62 kB
ℹ .nuxt/dist/client/_nuxt/CmKTTxBW.js                                          1.18 kB │ gzip:     0.57 kB
ℹ .nuxt/dist/client/_nuxt/fAPaycom.js                                          1.26 kB │ gzip:     0.68 kB
ℹ .nuxt/dist/client/_nuxt/DZk7_UOa.js                                          1.39 kB │ gzip:     0.74 kB
ℹ .nuxt/dist/client/_nuxt/CphRyhQ3.js                                          1.42 kB │ gzip:     0.63 kB
ℹ .nuxt/dist/client/_nuxt/BEdhfGo8.js                                          1.76 kB │ gzip:     0.78 kB
ℹ .nuxt/dist/client/_nuxt/BxcXMT3m.js                                          1.82 kB │ gzip:     0.83 kB
ℹ .nuxt/dist/client/_nuxt/DcuTKxS_.js                                          1.91 kB │ gzip:     0.88 kB
ℹ .nuxt/dist/client/_nuxt/DWyf4--a.js                                          1.97 kB │ gzip:     0.93 kB
ℹ .nuxt/dist/client/_nuxt/BbeztO9X.js                                          1.98 kB │ gzip:     0.98 kB
ℹ .nuxt/dist/client/_nuxt/CcTMxbCn.js                                          2.30 kB │ gzip:     1.12 kB
ℹ .nuxt/dist/client/_nuxt/Dod12C98.js                                          2.31 kB │ gzip:     1.07 kB
ℹ .nuxt/dist/client/_nuxt/Bv4L8bhO.js                                          2.39 kB │ gzip:     1.01 kB
ℹ .nuxt/dist/client/_nuxt/fBpHCCMf.js                                          2.56 kB │ gzip:     1.27 kB
ℹ .nuxt/dist/client/_nuxt/CM-zGN8G.js                                          2.80 kB │ gzip:     0.69 kB
ℹ .nuxt/dist/client/_nuxt/_4Mzbzil.js                                          3.23 kB │ gzip:     1.24 kB
ℹ .nuxt/dist/client/_nuxt/CsGhvpKr.js                                          3.41 kB │ gzip:     1.46 kB
ℹ .nuxt/dist/client/_nuxt/Ciz7KWxc.js                                          3.49 kB │ gzip:     1.49 kB
ℹ .nuxt/dist/client/_nuxt/CjnYW9ap.js                                          3.56 kB │ gzip:     1.28 kB
ℹ .nuxt/dist/client/_nuxt/Ciri6Gd4.js                                          3.83 kB │ gzip:     1.50 kB
ℹ .nuxt/dist/client/_nuxt/BjFWaZvU.js                                          3.86 kB │ gzip:     1.44 kB
ℹ .nuxt/dist/client/_nuxt/DQniBlUI.js                                          4.33 kB │ gzip:     1.87 kB
ℹ .nuxt/dist/client/_nuxt/DLsW5lKG.js                                          4.55 kB │ gzip:     1.85 kB
ℹ .nuxt/dist/client/_nuxt/DX6XiGOO.js                                          4.69 kB │ gzip:     2.18 kB
ℹ .nuxt/dist/client/_nuxt/IUXelMAf.js                                          4.74 kB │ gzip:     1.88 kB
ℹ .nuxt/dist/client/_nuxt/DpoFcxx2.js                                          4.92 kB │ gzip:     2.01 kB
ℹ .nuxt/dist/client/_nuxt/BCxd7yXG.js                                          5.02 kB │ gzip:     2.09 kB
ℹ .nuxt/dist/client/_nuxt/BhpnOP83.js                                          5.25 kB │ gzip:     2.30 kB
ℹ .nuxt/dist/client/_nuxt/k9T-xkGq.js                                          5.35 kB │ gzip:     1.93 kB
ℹ .nuxt/dist/client/_nuxt/DGF9gMiN.js                                          5.63 kB │ gzip:     2.29 kB
ℹ .nuxt/dist/client/_nuxt/DRGVM0J1.js                                          5.71 kB │ gzip:     2.47 kB
ℹ .nuxt/dist/client/_nuxt/CYm4EWGp.js                                          5.90 kB │ gzip:     1.85 kB
ℹ .nuxt/dist/client/_nuxt/B2VKGbBY.js                                          5.91 kB │ gzip:     2.38 kB
ℹ .nuxt/dist/client/_nuxt/mf5l4QX4.js                                          5.94 kB │ gzip:     2.48 kB
ℹ .nuxt/dist/client/_nuxt/CzilD7fE.js                                          6.48 kB │ gzip:     2.39 kB
ℹ .nuxt/dist/client/_nuxt/CC5AUVDU.js                                          7.32 kB │ gzip:     2.67 kB
ℹ .nuxt/dist/client/_nuxt/G4QwD5za.js                                          7.35 kB │ gzip:     2.81 kB
ℹ .nuxt/dist/client/_nuxt/DyF2NVhv.js                                          7.38 kB │ gzip:     2.04 kB
ℹ .nuxt/dist/client/_nuxt/CD0AzPfo.js                                          7.84 kB │ gzip:     3.33 kB
ℹ .nuxt/dist/client/_nuxt/Bghgv7tL.js                                          8.06 kB │ gzip:     2.77 kB
ℹ .nuxt/dist/client/_nuxt/CJOjjTA0.js                                          8.10 kB │ gzip:     2.70 kB
ℹ .nuxt/dist/client/_nuxt/BR0dDsOm.js                                          8.39 kB │ gzip:     2.71 kB
ℹ .nuxt/dist/client/_nuxt/CCGeB87D.js                                          8.66 kB │ gzip:     3.01 kB
ℹ .nuxt/dist/client/_nuxt/ClOolKpW.js                                          9.24 kB │ gzip:     1.90 kB
ℹ .nuxt/dist/client/_nuxt/DeQHszfD.js                                          9.57 kB │ gzip:     2.45 kB
ℹ .nuxt/dist/client/_nuxt/B0om69rt.js                                         10.14 kB │ gzip:     3.98 kB
ℹ .nuxt/dist/client/_nuxt/Cz8y406q.js                                         10.39 kB │ gzip:     3.62 kB
ℹ .nuxt/dist/client/_nuxt/V52M8zby.js                                         10.57 kB │ gzip:     3.71 kB
ℹ .nuxt/dist/client/_nuxt/BLpJBJFB.js                                         11.05 kB │ gzip:     4.11 kB
ℹ .nuxt/dist/client/_nuxt/wslkm0fx.js                                         11.59 kB │ gzip:     3.61 kB
ℹ .nuxt/dist/client/_nuxt/CHt12psN.js                                         11.88 kB │ gzip:     4.64 kB
ℹ .nuxt/dist/client/_nuxt/Dtb8SIvE.js                                         12.55 kB │ gzip:     4.52 kB
ℹ .nuxt/dist/client/_nuxt/DRRSjn8m.js                                         13.19 kB │ gzip:     4.43 kB
ℹ .nuxt/dist/client/_nuxt/BlkFHiqP.js                                         14.51 kB │ gzip:     4.62 kB
ℹ .nuxt/dist/client/_nuxt/DPwaCwWb.js                                         15.71 kB │ gzip:     4.74 kB
ℹ .nuxt/dist/client/_nuxt/DOGrHZdI.js                                         15.85 kB │ gzip:     5.63 kB
ℹ .nuxt/dist/client/_nuxt/DbHFD_na.js                                         16.78 kB │ gzip:     4.59 kB
ℹ .nuxt/dist/client/_nuxt/Df5cyOd2.js                                         17.04 kB │ gzip:     5.29 kB
ℹ .nuxt/dist/client/_nuxt/DmV21Kxt.js                                         19.79 kB │ gzip:     5.63 kB
ℹ .nuxt/dist/client/_nuxt/DEGnd2iI.js                                         20.09 kB │ gzip:     6.92 kB
ℹ .nuxt/dist/client/_nuxt/C0I4wKcp.js                                         20.27 kB │ gzip:     7.19 kB
ℹ .nuxt/dist/client/_nuxt/D6J3KUvO.js                                         22.19 kB │ gzip:     8.15 kB
ℹ .nuxt/dist/client/_nuxt/CTYG0VNY.js                                         22.82 kB │ gzip:     8.20 kB
ℹ .nuxt/dist/client/_nuxt/Bh-T1G4z.js                                         23.59 kB │ gzip:     8.33 kB
ℹ .nuxt/dist/client/_nuxt/Bhm0xUvu.js                                         23.62 kB │ gzip:     7.06 kB
ℹ .nuxt/dist/client/_nuxt/C9A4efce.js                                         23.67 kB │ gzip:     8.26 kB
ℹ .nuxt/dist/client/_nuxt/DZSmYi6Q.js                                         24.14 kB │ gzip:     7.41 kB
ℹ .nuxt/dist/client/_nuxt/DIUB-QcY.js                                         25.29 kB │ gzip:     8.83 kB
ℹ .nuxt/dist/client/_nuxt/C8ZIwXF1.js                                         27.35 kB │ gzip:     9.69 kB
ℹ .nuxt/dist/client/_nuxt/BoefqB8N.js                                         30.14 kB │ gzip:     9.43 kB
ℹ .nuxt/dist/client/_nuxt/Ddd3Kd6B.js                                         30.88 kB │ gzip:     8.64 kB
ℹ .nuxt/dist/client/_nuxt/Bx2MHKTs.js                                         32.19 kB │ gzip:    10.10 kB
ℹ .nuxt/dist/client/_nuxt/D9-TfM51.js                                         33.90 kB │ gzip:     9.95 kB
ℹ .nuxt/dist/client/_nuxt/DYEPb65J.js                                         36.30 kB │ gzip:     9.24 kB
ℹ .nuxt/dist/client/_nuxt/cDjOlzgi.js                                         36.30 kB │ gzip:    11.79 kB
ℹ .nuxt/dist/client/_nuxt/YJ0qRIOp.js                                         38.35 kB │ gzip:     9.55 kB
ℹ .nuxt/dist/client/_nuxt/CmUNm4Z7.js                                         39.34 kB │ gzip:    12.09 kB
ℹ .nuxt/dist/client/_nuxt/BHAh91d8.js                                         40.23 kB │ gzip:    11.36 kB
ℹ .nuxt/dist/client/_nuxt/cIPatmnA.js                                         45.25 kB │ gzip:    14.64 kB
ℹ .nuxt/dist/client/_nuxt/BjPDlJOY.js                                         48.53 kB │ gzip:    10.77 kB
ℹ .nuxt/dist/client/_nuxt/CSpfmZvE.js                                         50.62 kB │ gzip:    13.50 kB
ℹ .nuxt/dist/client/_nuxt/D8pJnKAm.js                                         50.69 kB │ gzip:    12.92 kB
ℹ .nuxt/dist/client/_nuxt/Dz2ekfxe.js                                         56.68 kB │ gzip:    14.44 kB
ℹ .nuxt/dist/client/_nuxt/h5zuEKrv.js                                         60.48 kB │ gzip:    19.42 kB
ℹ .nuxt/dist/client/_nuxt/B93pVwvv.js                                         68.37 kB │ gzip:    23.16 kB
ℹ .nuxt/dist/client/_nuxt/B5XmkR2K.js                                         69.26 kB │ gzip:    18.27 kB
ℹ .nuxt/dist/client/_nuxt/D2-dn3L2.js                                         70.20 kB │ gzip:    19.70 kB
ℹ .nuxt/dist/client/_nuxt/BcKf6sGl.js                                         71.83 kB │ gzip:    20.50 kB
ℹ .nuxt/dist/client/_nuxt/C28Iy4cO.js                                         81.77 kB │ gzip:    22.50 kB
ℹ .nuxt/dist/client/_nuxt/C718bloT.js                                         97.86 kB │ gzip:    26.86 kB
ℹ .nuxt/dist/client/_nuxt/DKd-f8PX.js                                         99.04 kB │ gzip:    23.07 kB
ℹ .nuxt/dist/client/_nuxt/EF4b_x7M.js                                        100.47 kB │ gzip:    27.99 kB
ℹ .nuxt/dist/client/_nuxt/BPjbtUWl.js                                        108.89 kB │ gzip:    31.82 kB
ℹ .nuxt/dist/client/_nuxt/CFTX4n_0.js                                        115.54 kB │ gzip:    31.13 kB
ℹ .nuxt/dist/client/_nuxt/wjxRrofX.js                                        148.65 kB │ gzip:    42.02 kB
ℹ .nuxt/dist/client/_nuxt/BjCMMI5S.js                                        289.80 kB │ gzip:    64.18 kB
ℹ .nuxt/dist/client/_nuxt/5J0xJHOV.js                                        441.64 kB │ gzip:   141.47 kB
ℹ .nuxt/dist/client/_nuxt/DcIy1p4p.js                                        452.84 kB │ gzip:   107.01 kB
ℹ .nuxt/dist/client/_nuxt/F-YHGPTv.js                                        550.12 kB │ gzip:   143.63 kB
ℹ .nuxt/dist/client/_nuxt/1JFLL55Z.js                                        734.11 kB │ gzip:   195.22 kB
ℹ .nuxt/dist/client/_nuxt/BFgkV_5t.js                                      1,070.41 kB │ gzip:   292.46 kB
ℹ .nuxt/dist/client/_nuxt/DCDe05fz.js                                      3,764.32 kB │ gzip: 1,210.26 kB

 WARN
(!) Some chunks are larger than 500 kB after minification. Consider:
- Using dynamic import() to code-split the application
- Use build.rollupOptions.output.manualChunks to improve chunking: https://rollupjs.org/configuration-options/#output-manualchunks
- Adjust chunk size limit for this warning via build.chunkSizeWarningLimit.

ℹ ✓ built in 17.31s
✔ Client built in 17318ms
ℹ Building server...
ℹ vite v7.3.1 building ssr environment for production...
ℹ transforming...
ℹ ✓ 1 modules transformed.
ℹ rendering chunks...
ℹ ✓ built in 9ms
✔ Server built in 50ms
[nitro] ℹ Initializing prerenderer
[nitro] ℹ Prerendering 21 initial routes with crawler
[nitro]   ├─ /media (30ms)
[nitro]   ├─ /agents (31ms)
[nitro]   ├─ /nodes (30ms)
[nitro]   ├─ /tools (30ms)
[nitro]   ├─ /memory (31ms)
[nitro]   ├─ /workspace (32ms)
[nitro]   ├─ /skills (31ms)
[nitro]   ├─ /chat (30ms)
[nitro]   ├─ /agent-orgs (32ms)
[nitro]   ├─ /mobile (31ms)
[nitro]   ├─ /agent-teams (32ms)
[nitro]   ├─ /applications (32ms)
[nitro]   ├─ /implementation-team-icons (32ms)
[nitro]   ├─ /settings (32ms)
[nitro]   ├─ / (30ms)
[nitro]   ├─ /projects/temp-tasks (32ms)
[nitro]   ├─ /projects (32ms)
[nitro]   ├─ /404.html (32ms)
[nitro]   ├─ /200.html (32ms)
[nitro]   ├─ /index.html (33ms)
[nitro]   ├─ /projects/new (32ms)
[nitro] ℹ Prerendered 21 routes in 0.664 seconds
[nitro] ✔ Generated public dist/public
[nitro] ✔ You can preview this build using npx serve dist/public
│
└  ✨ Build complete!
