# v1.4.23 release workflow verification
started_at=2026-07-21T12:27:31Z
head_sha=54acfa29294d922f921c674c12ce7298da9b87e8
expected_workflows=Android APK Release|Desktop Release|iOS App Store Connect Release|Release Messaging Gateway|Server Docker Release
poll=2026-07-21T12:27:33Z attempt=1 count=5
  Android APK Release: status=in_progress conclusion=pending run=29830117535 url=https://github.com/AutoByteus/autobyteus-workspace/actions/runs/29830117535
  Desktop Release: status=in_progress conclusion=pending run=29830117657 url=https://github.com/AutoByteus/autobyteus-workspace/actions/runs/29830117657
  Release Messaging Gateway: status=in_progress conclusion=pending run=29830117558 url=https://github.com/AutoByteus/autobyteus-workspace/actions/runs/29830117558
  Server Docker Release: status=in_progress conclusion=pending run=29830117599 url=https://github.com/AutoByteus/autobyteus-workspace/actions/runs/29830117599
  iOS App Store Connect Release: status=in_progress conclusion=pending run=29830117687 url=https://github.com/AutoByteus/autobyteus-workspace/actions/runs/29830117687
poll=2026-07-21T12:28:05Z attempt=2 count=5
  Android APK Release: status=in_progress conclusion=pending run=29830117535 url=https://github.com/AutoByteus/autobyteus-workspace/actions/runs/29830117535
  Desktop Release: status=in_progress conclusion=pending run=29830117657 url=https://github.com/AutoByteus/autobyteus-workspace/actions/runs/29830117657
  Release Messaging Gateway: status=in_progress conclusion=pending run=29830117558 url=https://github.com/AutoByteus/autobyteus-workspace/actions/runs/29830117558
  Server Docker Release: status=in_progress conclusion=pending run=29830117599 url=https://github.com/AutoByteus/autobyteus-workspace/actions/runs/29830117599
  iOS App Store Connect Release: status=in_progress conclusion=pending run=29830117687 url=https://github.com/AutoByteus/autobyteus-workspace/actions/runs/29830117687
poll=2026-07-21T12:28:37Z attempt=3 count=5
  Android APK Release: status=in_progress conclusion=pending run=29830117535 url=https://github.com/AutoByteus/autobyteus-workspace/actions/runs/29830117535
  Desktop Release: status=in_progress conclusion=pending run=29830117657 url=https://github.com/AutoByteus/autobyteus-workspace/actions/runs/29830117657
  Release Messaging Gateway: status=in_progress conclusion=pending run=29830117558 url=https://github.com/AutoByteus/autobyteus-workspace/actions/runs/29830117558
  Server Docker Release: status=in_progress conclusion=pending run=29830117599 url=https://github.com/AutoByteus/autobyteus-workspace/actions/runs/29830117599
  iOS App Store Connect Release: status=in_progress conclusion=pending run=29830117687 url=https://github.com/AutoByteus/autobyteus-workspace/actions/runs/29830117687
poll=2026-07-21T12:29:09Z attempt=4 count=5
  Android APK Release: status=in_progress conclusion=pending run=29830117535 url=https://github.com/AutoByteus/autobyteus-workspace/actions/runs/29830117535
  Desktop Release: status=in_progress conclusion=pending run=29830117657 url=https://github.com/AutoByteus/autobyteus-workspace/actions/runs/29830117657
  Release Messaging Gateway: status=in_progress conclusion=pending run=29830117558 url=https://github.com/AutoByteus/autobyteus-workspace/actions/runs/29830117558
  Server Docker Release: status=in_progress conclusion=pending run=29830117599 url=https://github.com/AutoByteus/autobyteus-workspace/actions/runs/29830117599
  iOS App Store Connect Release: status=in_progress conclusion=pending run=29830117687 url=https://github.com/AutoByteus/autobyteus-workspace/actions/runs/29830117687
poll=2026-07-21T12:29:41Z attempt=5 count=5
  Android APK Release: status=in_progress conclusion=pending run=29830117535 url=https://github.com/AutoByteus/autobyteus-workspace/actions/runs/29830117535
  Desktop Release: status=in_progress conclusion=pending run=29830117657 url=https://github.com/AutoByteus/autobyteus-workspace/actions/runs/29830117657
  Release Messaging Gateway: status=completed conclusion=success run=29830117558 url=https://github.com/AutoByteus/autobyteus-workspace/actions/runs/29830117558
  Server Docker Release: status=in_progress conclusion=pending run=29830117599 url=https://github.com/AutoByteus/autobyteus-workspace/actions/runs/29830117599
  iOS App Store Connect Release: status=in_progress conclusion=pending run=29830117687 url=https://github.com/AutoByteus/autobyteus-workspace/actions/runs/29830117687
poll=2026-07-21T12:30:13Z attempt=6 count=5
  Android APK Release: status=completed conclusion=success run=29830117535 url=https://github.com/AutoByteus/autobyteus-workspace/actions/runs/29830117535
  Desktop Release: status=in_progress conclusion=pending run=29830117657 url=https://github.com/AutoByteus/autobyteus-workspace/actions/runs/29830117657
  Release Messaging Gateway: status=completed conclusion=success run=29830117558 url=https://github.com/AutoByteus/autobyteus-workspace/actions/runs/29830117558
  Server Docker Release: status=in_progress conclusion=pending run=29830117599 url=https://github.com/AutoByteus/autobyteus-workspace/actions/runs/29830117599
  iOS App Store Connect Release: status=in_progress conclusion=pending run=29830117687 url=https://github.com/AutoByteus/autobyteus-workspace/actions/runs/29830117687
poll=2026-07-21T12:30:45Z attempt=7 count=5
  Android APK Release: status=completed conclusion=success run=29830117535 url=https://github.com/AutoByteus/autobyteus-workspace/actions/runs/29830117535
  Desktop Release: status=in_progress conclusion=pending run=29830117657 url=https://github.com/AutoByteus/autobyteus-workspace/actions/runs/29830117657
  Release Messaging Gateway: status=completed conclusion=success run=29830117558 url=https://github.com/AutoByteus/autobyteus-workspace/actions/runs/29830117558
  Server Docker Release: status=in_progress conclusion=pending run=29830117599 url=https://github.com/AutoByteus/autobyteus-workspace/actions/runs/29830117599
  iOS App Store Connect Release: status=in_progress conclusion=pending run=29830117687 url=https://github.com/AutoByteus/autobyteus-workspace/actions/runs/29830117687
poll=2026-07-21T12:31:17Z attempt=8 count=5
  Android APK Release: status=completed conclusion=success run=29830117535 url=https://github.com/AutoByteus/autobyteus-workspace/actions/runs/29830117535
  Desktop Release: status=in_progress conclusion=pending run=29830117657 url=https://github.com/AutoByteus/autobyteus-workspace/actions/runs/29830117657
  Release Messaging Gateway: status=completed conclusion=success run=29830117558 url=https://github.com/AutoByteus/autobyteus-workspace/actions/runs/29830117558
  Server Docker Release: status=in_progress conclusion=pending run=29830117599 url=https://github.com/AutoByteus/autobyteus-workspace/actions/runs/29830117599
  iOS App Store Connect Release: status=in_progress conclusion=pending run=29830117687 url=https://github.com/AutoByteus/autobyteus-workspace/actions/runs/29830117687
poll=2026-07-21T12:31:48Z attempt=9 count=5
  Android APK Release: status=completed conclusion=success run=29830117535 url=https://github.com/AutoByteus/autobyteus-workspace/actions/runs/29830117535
  Desktop Release: status=in_progress conclusion=pending run=29830117657 url=https://github.com/AutoByteus/autobyteus-workspace/actions/runs/29830117657
  Release Messaging Gateway: status=completed conclusion=success run=29830117558 url=https://github.com/AutoByteus/autobyteus-workspace/actions/runs/29830117558
  Server Docker Release: status=in_progress conclusion=pending run=29830117599 url=https://github.com/AutoByteus/autobyteus-workspace/actions/runs/29830117599
  iOS App Store Connect Release: status=in_progress conclusion=pending run=29830117687 url=https://github.com/AutoByteus/autobyteus-workspace/actions/runs/29830117687
poll=2026-07-21T12:32:21Z attempt=10 count=5
  Android APK Release: status=completed conclusion=success run=29830117535 url=https://github.com/AutoByteus/autobyteus-workspace/actions/runs/29830117535
  Desktop Release: status=in_progress conclusion=pending run=29830117657 url=https://github.com/AutoByteus/autobyteus-workspace/actions/runs/29830117657
  Release Messaging Gateway: status=completed conclusion=success run=29830117558 url=https://github.com/AutoByteus/autobyteus-workspace/actions/runs/29830117558
  Server Docker Release: status=in_progress conclusion=pending run=29830117599 url=https://github.com/AutoByteus/autobyteus-workspace/actions/runs/29830117599
  iOS App Store Connect Release: status=in_progress conclusion=pending run=29830117687 url=https://github.com/AutoByteus/autobyteus-workspace/actions/runs/29830117687
poll=2026-07-21T12:32:52Z attempt=11 count=5
  Android APK Release: status=completed conclusion=success run=29830117535 url=https://github.com/AutoByteus/autobyteus-workspace/actions/runs/29830117535
  Desktop Release: status=in_progress conclusion=pending run=29830117657 url=https://github.com/AutoByteus/autobyteus-workspace/actions/runs/29830117657
  Release Messaging Gateway: status=completed conclusion=success run=29830117558 url=https://github.com/AutoByteus/autobyteus-workspace/actions/runs/29830117558
  Server Docker Release: status=in_progress conclusion=pending run=29830117599 url=https://github.com/AutoByteus/autobyteus-workspace/actions/runs/29830117599
  iOS App Store Connect Release: status=in_progress conclusion=pending run=29830117687 url=https://github.com/AutoByteus/autobyteus-workspace/actions/runs/29830117687
poll=2026-07-21T12:33:24Z attempt=12 count=5
  Android APK Release: status=completed conclusion=success run=29830117535 url=https://github.com/AutoByteus/autobyteus-workspace/actions/runs/29830117535
  Desktop Release: status=in_progress conclusion=pending run=29830117657 url=https://github.com/AutoByteus/autobyteus-workspace/actions/runs/29830117657
  Release Messaging Gateway: status=completed conclusion=success run=29830117558 url=https://github.com/AutoByteus/autobyteus-workspace/actions/runs/29830117558
  Server Docker Release: status=in_progress conclusion=pending run=29830117599 url=https://github.com/AutoByteus/autobyteus-workspace/actions/runs/29830117599
  iOS App Store Connect Release: status=in_progress conclusion=pending run=29830117687 url=https://github.com/AutoByteus/autobyteus-workspace/actions/runs/29830117687
poll=2026-07-21T12:33:56Z attempt=13 count=5
  Android APK Release: status=completed conclusion=success run=29830117535 url=https://github.com/AutoByteus/autobyteus-workspace/actions/runs/29830117535
  Desktop Release: status=in_progress conclusion=pending run=29830117657 url=https://github.com/AutoByteus/autobyteus-workspace/actions/runs/29830117657
  Release Messaging Gateway: status=completed conclusion=success run=29830117558 url=https://github.com/AutoByteus/autobyteus-workspace/actions/runs/29830117558
  Server Docker Release: status=in_progress conclusion=pending run=29830117599 url=https://github.com/AutoByteus/autobyteus-workspace/actions/runs/29830117599
  iOS App Store Connect Release: status=in_progress conclusion=pending run=29830117687 url=https://github.com/AutoByteus/autobyteus-workspace/actions/runs/29830117687
poll=2026-07-21T12:34:28Z attempt=14 count=5
  Android APK Release: status=completed conclusion=success run=29830117535 url=https://github.com/AutoByteus/autobyteus-workspace/actions/runs/29830117535
  Desktop Release: status=in_progress conclusion=pending run=29830117657 url=https://github.com/AutoByteus/autobyteus-workspace/actions/runs/29830117657
  Release Messaging Gateway: status=completed conclusion=success run=29830117558 url=https://github.com/AutoByteus/autobyteus-workspace/actions/runs/29830117558
  Server Docker Release: status=in_progress conclusion=pending run=29830117599 url=https://github.com/AutoByteus/autobyteus-workspace/actions/runs/29830117599
  iOS App Store Connect Release: status=in_progress conclusion=pending run=29830117687 url=https://github.com/AutoByteus/autobyteus-workspace/actions/runs/29830117687
poll=2026-07-21T12:34:59Z attempt=15 count=5
  Android APK Release: status=completed conclusion=success run=29830117535 url=https://github.com/AutoByteus/autobyteus-workspace/actions/runs/29830117535
  Desktop Release: status=in_progress conclusion=pending run=29830117657 url=https://github.com/AutoByteus/autobyteus-workspace/actions/runs/29830117657
  Release Messaging Gateway: status=completed conclusion=success run=29830117558 url=https://github.com/AutoByteus/autobyteus-workspace/actions/runs/29830117558
  Server Docker Release: status=in_progress conclusion=pending run=29830117599 url=https://github.com/AutoByteus/autobyteus-workspace/actions/runs/29830117599
  iOS App Store Connect Release: status=in_progress conclusion=pending run=29830117687 url=https://github.com/AutoByteus/autobyteus-workspace/actions/runs/29830117687
poll=2026-07-21T12:35:31Z attempt=16 count=5
  Android APK Release: status=completed conclusion=success run=29830117535 url=https://github.com/AutoByteus/autobyteus-workspace/actions/runs/29830117535
  Desktop Release: status=in_progress conclusion=pending run=29830117657 url=https://github.com/AutoByteus/autobyteus-workspace/actions/runs/29830117657
  Release Messaging Gateway: status=completed conclusion=success run=29830117558 url=https://github.com/AutoByteus/autobyteus-workspace/actions/runs/29830117558
  Server Docker Release: status=in_progress conclusion=pending run=29830117599 url=https://github.com/AutoByteus/autobyteus-workspace/actions/runs/29830117599
  iOS App Store Connect Release: status=in_progress conclusion=pending run=29830117687 url=https://github.com/AutoByteus/autobyteus-workspace/actions/runs/29830117687
poll=2026-07-21T12:36:03Z attempt=17 count=5
  Android APK Release: status=completed conclusion=success run=29830117535 url=https://github.com/AutoByteus/autobyteus-workspace/actions/runs/29830117535
  Desktop Release: status=in_progress conclusion=pending run=29830117657 url=https://github.com/AutoByteus/autobyteus-workspace/actions/runs/29830117657
  Release Messaging Gateway: status=completed conclusion=success run=29830117558 url=https://github.com/AutoByteus/autobyteus-workspace/actions/runs/29830117558
  Server Docker Release: status=in_progress conclusion=pending run=29830117599 url=https://github.com/AutoByteus/autobyteus-workspace/actions/runs/29830117599
  iOS App Store Connect Release: status=in_progress conclusion=pending run=29830117687 url=https://github.com/AutoByteus/autobyteus-workspace/actions/runs/29830117687
poll=2026-07-21T12:36:35Z attempt=18 count=5
  Android APK Release: status=completed conclusion=success run=29830117535 url=https://github.com/AutoByteus/autobyteus-workspace/actions/runs/29830117535
  Desktop Release: status=in_progress conclusion=pending run=29830117657 url=https://github.com/AutoByteus/autobyteus-workspace/actions/runs/29830117657
  Release Messaging Gateway: status=completed conclusion=success run=29830117558 url=https://github.com/AutoByteus/autobyteus-workspace/actions/runs/29830117558
  Server Docker Release: status=in_progress conclusion=pending run=29830117599 url=https://github.com/AutoByteus/autobyteus-workspace/actions/runs/29830117599
  iOS App Store Connect Release: status=in_progress conclusion=pending run=29830117687 url=https://github.com/AutoByteus/autobyteus-workspace/actions/runs/29830117687
poll=2026-07-21T12:37:07Z attempt=19 count=5
  Android APK Release: status=completed conclusion=success run=29830117535 url=https://github.com/AutoByteus/autobyteus-workspace/actions/runs/29830117535
  Desktop Release: status=in_progress conclusion=pending run=29830117657 url=https://github.com/AutoByteus/autobyteus-workspace/actions/runs/29830117657
  Release Messaging Gateway: status=completed conclusion=success run=29830117558 url=https://github.com/AutoByteus/autobyteus-workspace/actions/runs/29830117558
  Server Docker Release: status=in_progress conclusion=pending run=29830117599 url=https://github.com/AutoByteus/autobyteus-workspace/actions/runs/29830117599
  iOS App Store Connect Release: status=in_progress conclusion=pending run=29830117687 url=https://github.com/AutoByteus/autobyteus-workspace/actions/runs/29830117687
poll=2026-07-21T12:37:38Z attempt=20 count=5
  Android APK Release: status=completed conclusion=success run=29830117535 url=https://github.com/AutoByteus/autobyteus-workspace/actions/runs/29830117535
  Desktop Release: status=in_progress conclusion=pending run=29830117657 url=https://github.com/AutoByteus/autobyteus-workspace/actions/runs/29830117657
  Release Messaging Gateway: status=completed conclusion=success run=29830117558 url=https://github.com/AutoByteus/autobyteus-workspace/actions/runs/29830117558
  Server Docker Release: status=in_progress conclusion=pending run=29830117599 url=https://github.com/AutoByteus/autobyteus-workspace/actions/runs/29830117599
  iOS App Store Connect Release: status=in_progress conclusion=pending run=29830117687 url=https://github.com/AutoByteus/autobyteus-workspace/actions/runs/29830117687
poll=2026-07-21T12:38:10Z attempt=21 count=5
  Android APK Release: status=completed conclusion=success run=29830117535 url=https://github.com/AutoByteus/autobyteus-workspace/actions/runs/29830117535
  Desktop Release: status=in_progress conclusion=pending run=29830117657 url=https://github.com/AutoByteus/autobyteus-workspace/actions/runs/29830117657
  Release Messaging Gateway: status=completed conclusion=success run=29830117558 url=https://github.com/AutoByteus/autobyteus-workspace/actions/runs/29830117558
  Server Docker Release: status=in_progress conclusion=pending run=29830117599 url=https://github.com/AutoByteus/autobyteus-workspace/actions/runs/29830117599
  iOS App Store Connect Release: status=in_progress conclusion=pending run=29830117687 url=https://github.com/AutoByteus/autobyteus-workspace/actions/runs/29830117687
poll=2026-07-21T12:38:42Z attempt=22 count=5
  Android APK Release: status=completed conclusion=success run=29830117535 url=https://github.com/AutoByteus/autobyteus-workspace/actions/runs/29830117535
  Desktop Release: status=in_progress conclusion=pending run=29830117657 url=https://github.com/AutoByteus/autobyteus-workspace/actions/runs/29830117657
  Release Messaging Gateway: status=completed conclusion=success run=29830117558 url=https://github.com/AutoByteus/autobyteus-workspace/actions/runs/29830117558
  Server Docker Release: status=in_progress conclusion=pending run=29830117599 url=https://github.com/AutoByteus/autobyteus-workspace/actions/runs/29830117599
  iOS App Store Connect Release: status=in_progress conclusion=pending run=29830117687 url=https://github.com/AutoByteus/autobyteus-workspace/actions/runs/29830117687
poll=2026-07-21T12:39:14Z attempt=23 count=5
  Android APK Release: status=completed conclusion=success run=29830117535 url=https://github.com/AutoByteus/autobyteus-workspace/actions/runs/29830117535
  Desktop Release: status=in_progress conclusion=pending run=29830117657 url=https://github.com/AutoByteus/autobyteus-workspace/actions/runs/29830117657
  Release Messaging Gateway: status=completed conclusion=success run=29830117558 url=https://github.com/AutoByteus/autobyteus-workspace/actions/runs/29830117558
  Server Docker Release: status=in_progress conclusion=pending run=29830117599 url=https://github.com/AutoByteus/autobyteus-workspace/actions/runs/29830117599
  iOS App Store Connect Release: status=in_progress conclusion=pending run=29830117687 url=https://github.com/AutoByteus/autobyteus-workspace/actions/runs/29830117687
poll=2026-07-21T12:39:46Z attempt=24 count=5
  Android APK Release: status=completed conclusion=success run=29830117535 url=https://github.com/AutoByteus/autobyteus-workspace/actions/runs/29830117535
  Desktop Release: status=in_progress conclusion=pending run=29830117657 url=https://github.com/AutoByteus/autobyteus-workspace/actions/runs/29830117657
  Release Messaging Gateway: status=completed conclusion=success run=29830117558 url=https://github.com/AutoByteus/autobyteus-workspace/actions/runs/29830117558
  Server Docker Release: status=in_progress conclusion=pending run=29830117599 url=https://github.com/AutoByteus/autobyteus-workspace/actions/runs/29830117599
  iOS App Store Connect Release: status=in_progress conclusion=pending run=29830117687 url=https://github.com/AutoByteus/autobyteus-workspace/actions/runs/29830117687
poll=2026-07-21T12:40:18Z attempt=25 count=5
  Android APK Release: status=completed conclusion=success run=29830117535 url=https://github.com/AutoByteus/autobyteus-workspace/actions/runs/29830117535
  Desktop Release: status=in_progress conclusion=pending run=29830117657 url=https://github.com/AutoByteus/autobyteus-workspace/actions/runs/29830117657
  Release Messaging Gateway: status=completed conclusion=success run=29830117558 url=https://github.com/AutoByteus/autobyteus-workspace/actions/runs/29830117558
  Server Docker Release: status=in_progress conclusion=pending run=29830117599 url=https://github.com/AutoByteus/autobyteus-workspace/actions/runs/29830117599
  iOS App Store Connect Release: status=in_progress conclusion=pending run=29830117687 url=https://github.com/AutoByteus/autobyteus-workspace/actions/runs/29830117687
poll=2026-07-21T12:40:50Z attempt=26 count=5
  Android APK Release: status=completed conclusion=success run=29830117535 url=https://github.com/AutoByteus/autobyteus-workspace/actions/runs/29830117535
  Desktop Release: status=in_progress conclusion=pending run=29830117657 url=https://github.com/AutoByteus/autobyteus-workspace/actions/runs/29830117657
  Release Messaging Gateway: status=completed conclusion=success run=29830117558 url=https://github.com/AutoByteus/autobyteus-workspace/actions/runs/29830117558
  Server Docker Release: status=in_progress conclusion=pending run=29830117599 url=https://github.com/AutoByteus/autobyteus-workspace/actions/runs/29830117599
  iOS App Store Connect Release: status=in_progress conclusion=pending run=29830117687 url=https://github.com/AutoByteus/autobyteus-workspace/actions/runs/29830117687
poll=2026-07-21T12:41:21Z attempt=27 count=5
  Android APK Release: status=completed conclusion=success run=29830117535 url=https://github.com/AutoByteus/autobyteus-workspace/actions/runs/29830117535
  Desktop Release: status=in_progress conclusion=pending run=29830117657 url=https://github.com/AutoByteus/autobyteus-workspace/actions/runs/29830117657
  Release Messaging Gateway: status=completed conclusion=success run=29830117558 url=https://github.com/AutoByteus/autobyteus-workspace/actions/runs/29830117558
  Server Docker Release: status=in_progress conclusion=pending run=29830117599 url=https://github.com/AutoByteus/autobyteus-workspace/actions/runs/29830117599
  iOS App Store Connect Release: status=completed conclusion=success run=29830117687 url=https://github.com/AutoByteus/autobyteus-workspace/actions/runs/29830117687
poll=2026-07-21T12:41:53Z attempt=28 count=5
  Android APK Release: status=completed conclusion=success run=29830117535 url=https://github.com/AutoByteus/autobyteus-workspace/actions/runs/29830117535
  Desktop Release: status=in_progress conclusion=pending run=29830117657 url=https://github.com/AutoByteus/autobyteus-workspace/actions/runs/29830117657
  Release Messaging Gateway: status=completed conclusion=success run=29830117558 url=https://github.com/AutoByteus/autobyteus-workspace/actions/runs/29830117558
  Server Docker Release: status=in_progress conclusion=pending run=29830117599 url=https://github.com/AutoByteus/autobyteus-workspace/actions/runs/29830117599
  iOS App Store Connect Release: status=completed conclusion=success run=29830117687 url=https://github.com/AutoByteus/autobyteus-workspace/actions/runs/29830117687
poll=2026-07-21T12:42:25Z attempt=29 count=5
  Android APK Release: status=completed conclusion=success run=29830117535 url=https://github.com/AutoByteus/autobyteus-workspace/actions/runs/29830117535
  Desktop Release: status=in_progress conclusion=pending run=29830117657 url=https://github.com/AutoByteus/autobyteus-workspace/actions/runs/29830117657
  Release Messaging Gateway: status=completed conclusion=success run=29830117558 url=https://github.com/AutoByteus/autobyteus-workspace/actions/runs/29830117558
  Server Docker Release: status=in_progress conclusion=pending run=29830117599 url=https://github.com/AutoByteus/autobyteus-workspace/actions/runs/29830117599
  iOS App Store Connect Release: status=completed conclusion=success run=29830117687 url=https://github.com/AutoByteus/autobyteus-workspace/actions/runs/29830117687
poll=2026-07-21T12:42:56Z attempt=30 count=5
  Android APK Release: status=completed conclusion=success run=29830117535 url=https://github.com/AutoByteus/autobyteus-workspace/actions/runs/29830117535
  Desktop Release: status=completed conclusion=success run=29830117657 url=https://github.com/AutoByteus/autobyteus-workspace/actions/runs/29830117657
  Release Messaging Gateway: status=completed conclusion=success run=29830117558 url=https://github.com/AutoByteus/autobyteus-workspace/actions/runs/29830117558
  Server Docker Release: status=in_progress conclusion=pending run=29830117599 url=https://github.com/AutoByteus/autobyteus-workspace/actions/runs/29830117599
  iOS App Store Connect Release: status=completed conclusion=success run=29830117687 url=https://github.com/AutoByteus/autobyteus-workspace/actions/runs/29830117687
poll=2026-07-21T12:43:28Z attempt=31 count=5
  Android APK Release: status=completed conclusion=success run=29830117535 url=https://github.com/AutoByteus/autobyteus-workspace/actions/runs/29830117535
  Desktop Release: status=completed conclusion=success run=29830117657 url=https://github.com/AutoByteus/autobyteus-workspace/actions/runs/29830117657
  Release Messaging Gateway: status=completed conclusion=success run=29830117558 url=https://github.com/AutoByteus/autobyteus-workspace/actions/runs/29830117558
  Server Docker Release: status=in_progress conclusion=pending run=29830117599 url=https://github.com/AutoByteus/autobyteus-workspace/actions/runs/29830117599
  iOS App Store Connect Release: status=completed conclusion=success run=29830117687 url=https://github.com/AutoByteus/autobyteus-workspace/actions/runs/29830117687
poll=2026-07-21T12:44:00Z attempt=32 count=5
  Android APK Release: status=completed conclusion=success run=29830117535 url=https://github.com/AutoByteus/autobyteus-workspace/actions/runs/29830117535
  Desktop Release: status=completed conclusion=success run=29830117657 url=https://github.com/AutoByteus/autobyteus-workspace/actions/runs/29830117657
  Release Messaging Gateway: status=completed conclusion=success run=29830117558 url=https://github.com/AutoByteus/autobyteus-workspace/actions/runs/29830117558
  Server Docker Release: status=in_progress conclusion=pending run=29830117599 url=https://github.com/AutoByteus/autobyteus-workspace/actions/runs/29830117599
  iOS App Store Connect Release: status=completed conclusion=success run=29830117687 url=https://github.com/AutoByteus/autobyteus-workspace/actions/runs/29830117687
poll=2026-07-21T12:44:32Z attempt=33 count=5
  Android APK Release: status=completed conclusion=success run=29830117535 url=https://github.com/AutoByteus/autobyteus-workspace/actions/runs/29830117535
  Desktop Release: status=completed conclusion=success run=29830117657 url=https://github.com/AutoByteus/autobyteus-workspace/actions/runs/29830117657
  Release Messaging Gateway: status=completed conclusion=success run=29830117558 url=https://github.com/AutoByteus/autobyteus-workspace/actions/runs/29830117558
  Server Docker Release: status=in_progress conclusion=pending run=29830117599 url=https://github.com/AutoByteus/autobyteus-workspace/actions/runs/29830117599
  iOS App Store Connect Release: status=completed conclusion=success run=29830117687 url=https://github.com/AutoByteus/autobyteus-workspace/actions/runs/29830117687
poll=2026-07-21T12:45:04Z attempt=34 count=5
  Android APK Release: status=completed conclusion=success run=29830117535 url=https://github.com/AutoByteus/autobyteus-workspace/actions/runs/29830117535
  Desktop Release: status=completed conclusion=success run=29830117657 url=https://github.com/AutoByteus/autobyteus-workspace/actions/runs/29830117657
  Release Messaging Gateway: status=completed conclusion=success run=29830117558 url=https://github.com/AutoByteus/autobyteus-workspace/actions/runs/29830117558
  Server Docker Release: status=in_progress conclusion=pending run=29830117599 url=https://github.com/AutoByteus/autobyteus-workspace/actions/runs/29830117599
  iOS App Store Connect Release: status=completed conclusion=success run=29830117687 url=https://github.com/AutoByteus/autobyteus-workspace/actions/runs/29830117687
poll=2026-07-21T12:45:36Z attempt=35 count=5
  Android APK Release: status=completed conclusion=success run=29830117535 url=https://github.com/AutoByteus/autobyteus-workspace/actions/runs/29830117535
  Desktop Release: status=completed conclusion=success run=29830117657 url=https://github.com/AutoByteus/autobyteus-workspace/actions/runs/29830117657
  Release Messaging Gateway: status=completed conclusion=success run=29830117558 url=https://github.com/AutoByteus/autobyteus-workspace/actions/runs/29830117558
  Server Docker Release: status=in_progress conclusion=pending run=29830117599 url=https://github.com/AutoByteus/autobyteus-workspace/actions/runs/29830117599
  iOS App Store Connect Release: status=completed conclusion=success run=29830117687 url=https://github.com/AutoByteus/autobyteus-workspace/actions/runs/29830117687
poll=2026-07-21T12:46:08Z attempt=36 count=5
  Android APK Release: status=completed conclusion=success run=29830117535 url=https://github.com/AutoByteus/autobyteus-workspace/actions/runs/29830117535
  Desktop Release: status=completed conclusion=success run=29830117657 url=https://github.com/AutoByteus/autobyteus-workspace/actions/runs/29830117657
  Release Messaging Gateway: status=completed conclusion=success run=29830117558 url=https://github.com/AutoByteus/autobyteus-workspace/actions/runs/29830117558
  Server Docker Release: status=in_progress conclusion=pending run=29830117599 url=https://github.com/AutoByteus/autobyteus-workspace/actions/runs/29830117599
  iOS App Store Connect Release: status=completed conclusion=success run=29830117687 url=https://github.com/AutoByteus/autobyteus-workspace/actions/runs/29830117687
poll=2026-07-21T12:46:40Z attempt=37 count=5
  Android APK Release: status=completed conclusion=success run=29830117535 url=https://github.com/AutoByteus/autobyteus-workspace/actions/runs/29830117535
  Desktop Release: status=completed conclusion=success run=29830117657 url=https://github.com/AutoByteus/autobyteus-workspace/actions/runs/29830117657
  Release Messaging Gateway: status=completed conclusion=success run=29830117558 url=https://github.com/AutoByteus/autobyteus-workspace/actions/runs/29830117558
  Server Docker Release: status=in_progress conclusion=pending run=29830117599 url=https://github.com/AutoByteus/autobyteus-workspace/actions/runs/29830117599
  iOS App Store Connect Release: status=completed conclusion=success run=29830117687 url=https://github.com/AutoByteus/autobyteus-workspace/actions/runs/29830117687
poll=2026-07-21T12:47:12Z attempt=38 count=5
  Android APK Release: status=completed conclusion=success run=29830117535 url=https://github.com/AutoByteus/autobyteus-workspace/actions/runs/29830117535
  Desktop Release: status=completed conclusion=success run=29830117657 url=https://github.com/AutoByteus/autobyteus-workspace/actions/runs/29830117657
  Release Messaging Gateway: status=completed conclusion=success run=29830117558 url=https://github.com/AutoByteus/autobyteus-workspace/actions/runs/29830117558
  Server Docker Release: status=in_progress conclusion=pending run=29830117599 url=https://github.com/AutoByteus/autobyteus-workspace/actions/runs/29830117599
  iOS App Store Connect Release: status=completed conclusion=success run=29830117687 url=https://github.com/AutoByteus/autobyteus-workspace/actions/runs/29830117687
poll=2026-07-21T12:47:44Z attempt=39 count=5
  Android APK Release: status=completed conclusion=success run=29830117535 url=https://github.com/AutoByteus/autobyteus-workspace/actions/runs/29830117535
  Desktop Release: status=completed conclusion=success run=29830117657 url=https://github.com/AutoByteus/autobyteus-workspace/actions/runs/29830117657
  Release Messaging Gateway: status=completed conclusion=success run=29830117558 url=https://github.com/AutoByteus/autobyteus-workspace/actions/runs/29830117558
  Server Docker Release: status=in_progress conclusion=pending run=29830117599 url=https://github.com/AutoByteus/autobyteus-workspace/actions/runs/29830117599
  iOS App Store Connect Release: status=completed conclusion=success run=29830117687 url=https://github.com/AutoByteus/autobyteus-workspace/actions/runs/29830117687
poll=2026-07-21T12:48:16Z attempt=40 count=5
  Android APK Release: status=completed conclusion=success run=29830117535 url=https://github.com/AutoByteus/autobyteus-workspace/actions/runs/29830117535
  Desktop Release: status=completed conclusion=success run=29830117657 url=https://github.com/AutoByteus/autobyteus-workspace/actions/runs/29830117657
  Release Messaging Gateway: status=completed conclusion=success run=29830117558 url=https://github.com/AutoByteus/autobyteus-workspace/actions/runs/29830117558
  Server Docker Release: status=in_progress conclusion=pending run=29830117599 url=https://github.com/AutoByteus/autobyteus-workspace/actions/runs/29830117599
  iOS App Store Connect Release: status=completed conclusion=success run=29830117687 url=https://github.com/AutoByteus/autobyteus-workspace/actions/runs/29830117687
poll=2026-07-21T12:48:47Z attempt=41 count=5
  Android APK Release: status=completed conclusion=success run=29830117535 url=https://github.com/AutoByteus/autobyteus-workspace/actions/runs/29830117535
  Desktop Release: status=completed conclusion=success run=29830117657 url=https://github.com/AutoByteus/autobyteus-workspace/actions/runs/29830117657
  Release Messaging Gateway: status=completed conclusion=success run=29830117558 url=https://github.com/AutoByteus/autobyteus-workspace/actions/runs/29830117558
  Server Docker Release: status=in_progress conclusion=pending run=29830117599 url=https://github.com/AutoByteus/autobyteus-workspace/actions/runs/29830117599
  iOS App Store Connect Release: status=completed conclusion=success run=29830117687 url=https://github.com/AutoByteus/autobyteus-workspace/actions/runs/29830117687
poll=2026-07-21T12:49:19Z attempt=42 count=5
  Android APK Release: status=completed conclusion=success run=29830117535 url=https://github.com/AutoByteus/autobyteus-workspace/actions/runs/29830117535
  Desktop Release: status=completed conclusion=success run=29830117657 url=https://github.com/AutoByteus/autobyteus-workspace/actions/runs/29830117657
  Release Messaging Gateway: status=completed conclusion=success run=29830117558 url=https://github.com/AutoByteus/autobyteus-workspace/actions/runs/29830117558
  Server Docker Release: status=in_progress conclusion=pending run=29830117599 url=https://github.com/AutoByteus/autobyteus-workspace/actions/runs/29830117599
  iOS App Store Connect Release: status=completed conclusion=success run=29830117687 url=https://github.com/AutoByteus/autobyteus-workspace/actions/runs/29830117687
poll=2026-07-21T12:49:51Z attempt=43 count=5
  Android APK Release: status=completed conclusion=success run=29830117535 url=https://github.com/AutoByteus/autobyteus-workspace/actions/runs/29830117535
  Desktop Release: status=completed conclusion=success run=29830117657 url=https://github.com/AutoByteus/autobyteus-workspace/actions/runs/29830117657
  Release Messaging Gateway: status=completed conclusion=success run=29830117558 url=https://github.com/AutoByteus/autobyteus-workspace/actions/runs/29830117558
  Server Docker Release: status=in_progress conclusion=pending run=29830117599 url=https://github.com/AutoByteus/autobyteus-workspace/actions/runs/29830117599
  iOS App Store Connect Release: status=completed conclusion=success run=29830117687 url=https://github.com/AutoByteus/autobyteus-workspace/actions/runs/29830117687
poll=2026-07-21T12:50:23Z attempt=44 count=5
  Android APK Release: status=completed conclusion=success run=29830117535 url=https://github.com/AutoByteus/autobyteus-workspace/actions/runs/29830117535
  Desktop Release: status=completed conclusion=success run=29830117657 url=https://github.com/AutoByteus/autobyteus-workspace/actions/runs/29830117657
  Release Messaging Gateway: status=completed conclusion=success run=29830117558 url=https://github.com/AutoByteus/autobyteus-workspace/actions/runs/29830117558
  Server Docker Release: status=in_progress conclusion=pending run=29830117599 url=https://github.com/AutoByteus/autobyteus-workspace/actions/runs/29830117599
  iOS App Store Connect Release: status=completed conclusion=success run=29830117687 url=https://github.com/AutoByteus/autobyteus-workspace/actions/runs/29830117687
poll=2026-07-21T12:50:55Z attempt=45 count=5
  Android APK Release: status=completed conclusion=success run=29830117535 url=https://github.com/AutoByteus/autobyteus-workspace/actions/runs/29830117535
  Desktop Release: status=completed conclusion=success run=29830117657 url=https://github.com/AutoByteus/autobyteus-workspace/actions/runs/29830117657
  Release Messaging Gateway: status=completed conclusion=success run=29830117558 url=https://github.com/AutoByteus/autobyteus-workspace/actions/runs/29830117558
  Server Docker Release: status=in_progress conclusion=pending run=29830117599 url=https://github.com/AutoByteus/autobyteus-workspace/actions/runs/29830117599
  iOS App Store Connect Release: status=completed conclusion=success run=29830117687 url=https://github.com/AutoByteus/autobyteus-workspace/actions/runs/29830117687
poll=2026-07-21T12:51:27Z attempt=46 count=5
  Android APK Release: status=completed conclusion=success run=29830117535 url=https://github.com/AutoByteus/autobyteus-workspace/actions/runs/29830117535
  Desktop Release: status=completed conclusion=success run=29830117657 url=https://github.com/AutoByteus/autobyteus-workspace/actions/runs/29830117657
  Release Messaging Gateway: status=completed conclusion=success run=29830117558 url=https://github.com/AutoByteus/autobyteus-workspace/actions/runs/29830117558
  Server Docker Release: status=completed conclusion=success run=29830117599 url=https://github.com/AutoByteus/autobyteus-workspace/actions/runs/29830117599
  iOS App Store Connect Release: status=completed conclusion=success run=29830117687 url=https://github.com/AutoByteus/autobyteus-workspace/actions/runs/29830117687
completed_at=2026-07-21T12:51:27Z
[
  {
    "conclusion": "success",
    "createdAt": "2026-07-21T12:26:47Z",
    "databaseId": 29830117535,
    "event": "push",
    "headBranch": "v1.4.23",
    "headSha": "54acfa29294d922f921c674c12ce7298da9b87e8",
    "status": "completed",
    "updatedAt": "2026-07-21T12:29:50Z",
    "url": "https://github.com/AutoByteus/autobyteus-workspace/actions/runs/29830117535",
    "workflowName": "Android APK Release"
  },
  {
    "conclusion": "success",
    "createdAt": "2026-07-21T12:26:47Z",
    "databaseId": 29830117657,
    "event": "push",
    "headBranch": "v1.4.23",
    "headSha": "54acfa29294d922f921c674c12ce7298da9b87e8",
    "status": "completed",
    "updatedAt": "2026-07-21T12:42:55Z",
    "url": "https://github.com/AutoByteus/autobyteus-workspace/actions/runs/29830117657",
    "workflowName": "Desktop Release"
  },
  {
    "conclusion": "success",
    "createdAt": "2026-07-21T12:26:47Z",
    "databaseId": 29830117558,
    "event": "push",
    "headBranch": "v1.4.23",
    "headSha": "54acfa29294d922f921c674c12ce7298da9b87e8",
    "status": "completed",
    "updatedAt": "2026-07-21T12:29:12Z",
    "url": "https://github.com/AutoByteus/autobyteus-workspace/actions/runs/29830117558",
    "workflowName": "Release Messaging Gateway"
  },
  {
    "conclusion": "success",
    "createdAt": "2026-07-21T12:26:47Z",
    "databaseId": 29830117599,
    "event": "push",
    "headBranch": "v1.4.23",
    "headSha": "54acfa29294d922f921c674c12ce7298da9b87e8",
    "status": "completed",
    "updatedAt": "2026-07-21T12:51:19Z",
    "url": "https://github.com/AutoByteus/autobyteus-workspace/actions/runs/29830117599",
    "workflowName": "Server Docker Release"
  },
  {
    "conclusion": "success",
    "createdAt": "2026-07-21T12:26:47Z",
    "databaseId": 29830117687,
    "event": "push",
    "headBranch": "v1.4.23",
    "headSha": "54acfa29294d922f921c674c12ce7298da9b87e8",
    "status": "completed",
    "updatedAt": "2026-07-21T12:41:11Z",
    "url": "https://github.com/AutoByteus/autobyteus-workspace/actions/runs/29830117687",
    "workflowName": "iOS App Store Connect Release"
  }
]
overall=PASS
