
> autobyteus@1.4.35 test:nuxt /Users/normy/autobyteus_org/autobyteus-worktrees/autobyteus-runtime-streaming-ui-performance/autobyteus-web
> cross-env NUXT_TEST=true vitest --run services/agentStreaming/__tests__/AgentStreamingService.spec.ts services/agentStreaming/__tests__/TeamStreamingService.spec.ts stores/__tests__/voiceInputStore.spec.ts

isElectronBuild false
[Electron Module] Skipping electron module setup: BUILD_TARGET is not electron
Browserslist: browsers data (caniuse-lite) is 6 months old. Please run:
  npx update-browserslist-db@latest
  Why you should do it regularly: https://github.com/browserslist/update-db#readme

 RUN  v3.2.4 /Users/normy/autobyteus_org/autobyteus-worktrees/autobyteus-runtime-streaming-ui-performance/autobyteus-web

stderr | services/agentStreaming/__tests__/AgentStreamingService.spec.ts
Warning: KaTeX doesn't work in quirks mode. Make sure your website has a suitable doctype.

stderr | services/agentStreaming/__tests__/TeamStreamingService.spec.ts
Warning: KaTeX doesn't work in quirks mode. Make sure your website has a suitable doctype.

stderr | stores/__tests__/voiceInputStore.spec.ts
Warning: KaTeX doesn't work in quirks mode. Make sure your website has a suitable doctype.

stdout | services/agentStreaming/__tests__/TeamStreamingService.spec.ts
serverStore: Initializing server config
serverStore: Not in Electron environment. Skipping server initialization.

stdout | services/agentStreaming/__tests__/AgentStreamingService.spec.ts
serverStore: Initializing server config
serverStore: Not in Electron environment. Skipping server initialization.

stdout | stores/__tests__/voiceInputStore.spec.ts
serverStore: Initializing server config
serverStore: Not in Electron environment. Skipping server initialization.

stdout | services/agentStreaming/__tests__/AgentStreamingService.spec.ts > AgentStreamingService > tracks subscription state on connect and disconnect
Agent WebSocket connected
Agent WebSocket disconnected: bye

stderr | services/agentStreaming/__tests__/AgentStreamingService.spec.ts > AgentStreamingService > keeps canonical error for ordinary INTER_AGENT_MESSAGE activity
Unhandled message type: INTER_AGENT_MESSAGE

stdout | services/agentStreaming/__tests__/AgentStreamingService.spec.ts > AgentStreamingService > does not convert transport errors into lifecycle errors
Agent WebSocket disconnected: network reset

stderr | services/agentStreaming/__tests__/AgentStreamingService.spec.ts > AgentStreamingService > does not convert transport errors into lifecycle errors
Agent WebSocket error: Error: socket failed
    at /Users/normy/autobyteus_org/autobyteus-worktrees/autobyteus-runtime-streaming-ui-performance/autobyteus-web/services/agentStreaming/__tests__/AgentStreamingService.spec.ts:228:38
    at file:///Users/normy/autobyteus_org/autobyteus-worktrees/autobyteus-runtime-streaming-ui-performance/node_modules/.pnpm/@vitest+runner@3.2.4/node_modules/@vitest/runner/dist/chunk-hooks.js:155:11
    at file:///Users/normy/autobyteus_org/autobyteus-worktrees/autobyteus-runtime-streaming-ui-performance/node_modules/.pnpm/@vitest+runner@3.2.4/node_modules/@vitest/runner/dist/chunk-hooks.js:752:26
    at file:///Users/normy/autobyteus_org/autobyteus-worktrees/autobyteus-runtime-streaming-ui-performance/node_modules/.pnpm/@vitest+runner@3.2.4/node_modules/@vitest/runner/dist/chunk-hooks.js:1897:20
    at new Promise (<anonymous>)
    at runWithTimeout (file:///Users/normy/autobyteus_org/autobyteus-worktrees/autobyteus-runtime-streaming-ui-performance/node_modules/.pnpm/@vitest+runner@3.2.4/node_modules/@vitest/runner/dist/chunk-hooks.js:1863:10)
    at runTest (file:///Users/normy/autobyteus_org/autobyteus-worktrees/autobyteus-runtime-streaming-ui-performance/node_modules/.pnpm/@vitest+runner@3.2.4/node_modules/@vitest/runner/dist/chunk-hooks.js:1574:12)
    at processTicksAndRejections (node:internal/process/task_queues:103:5)
    at runSuite (file:///Users/normy/autobyteus_org/autobyteus-worktrees/autobyteus-runtime-streaming-ui-performance/node_modules/.pnpm/@vitest+runner@3.2.4/node_modules/@vitest/runner/dist/chunk-hooks.js:1729:8)
    at runSuite (file:///Users/normy/autobyteus_org/autobyteus-worktrees/autobyteus-runtime-streaming-ui-performance/node_modules/.pnpm/@vitest+runner@3.2.4/node_modules/@vitest/runner/dist/chunk-hooks.js:1729:8)

stdout | services/agentStreaming/__tests__/TeamStreamingService.spec.ts > TeamStreamingService > marks team subscription state on connect and disconnect callbacks
Team WebSocket connected
Team WebSocket disconnected: closed

stdout | services/agentStreaming/__tests__/TeamStreamingService.spec.ts > TeamStreamingService > flushes interleaved member content before a semantic event with per-context receipt recency
Team WebSocket disconnected: remote closed

stdout | services/agentStreaming/__tests__/TeamStreamingService.spec.ts > TeamStreamingService > reattaches lifecycle callbacks to the latest team context
Team WebSocket connected
Team WebSocket disconnected: closed

stdout | services/agentStreaming/__tests__/AgentStreamingService.spec.ts > AgentStreamingService > flushes the previous context before replacement and the current context on remote disconnect
Agent WebSocket disconnected: remote closed

stderr | services/agentStreaming/__tests__/TeamStreamingService.spec.ts > TeamStreamingService > does not repair stale member error from focused-member fallback without explicit identity
No member context found for message, skipping

 ✓ services/agentStreaming/__tests__/AgentStreamingService.spec.ts (29 tests) 20ms
stdout | services/agentStreaming/__tests__/TeamStreamingService.spec.ts > TeamStreamingService > does not convert team transport errors into lifecycle errors
Team WebSocket connected
Team WebSocket disconnected: network reset

stderr | services/agentStreaming/__tests__/TeamStreamingService.spec.ts > TeamStreamingService > does not convert team transport errors into lifecycle errors
Team WebSocket error: Error: socket failed
    at /Users/normy/autobyteus_org/autobyteus-worktrees/autobyteus-runtime-streaming-ui-performance/autobyteus-web/services/agentStreaming/__tests__/TeamStreamingService.spec.ts:1078:32
    at file:///Users/normy/autobyteus_org/autobyteus-worktrees/autobyteus-runtime-streaming-ui-performance/node_modules/.pnpm/@vitest+runner@3.2.4/node_modules/@vitest/runner/dist/chunk-hooks.js:155:11
    at file:///Users/normy/autobyteus_org/autobyteus-worktrees/autobyteus-runtime-streaming-ui-performance/node_modules/.pnpm/@vitest+runner@3.2.4/node_modules/@vitest/runner/dist/chunk-hooks.js:752:26
    at file:///Users/normy/autobyteus_org/autobyteus-worktrees/autobyteus-runtime-streaming-ui-performance/node_modules/.pnpm/@vitest+runner@3.2.4/node_modules/@vitest/runner/dist/chunk-hooks.js:1897:20
    at new Promise (<anonymous>)
    at runWithTimeout (file:///Users/normy/autobyteus_org/autobyteus-worktrees/autobyteus-runtime-streaming-ui-performance/node_modules/.pnpm/@vitest+runner@3.2.4/node_modules/@vitest/runner/dist/chunk-hooks.js:1863:10)
    at runTest (file:///Users/normy/autobyteus_org/autobyteus-worktrees/autobyteus-runtime-streaming-ui-performance/node_modules/.pnpm/@vitest+runner@3.2.4/node_modules/@vitest/runner/dist/chunk-hooks.js:1574:12)
    at processTicksAndRejections (node:internal/process/task_queues:103:5)
    at runSuite (file:///Users/normy/autobyteus_org/autobyteus-worktrees/autobyteus-runtime-streaming-ui-performance/node_modules/.pnpm/@vitest+runner@3.2.4/node_modules/@vitest/runner/dist/chunk-hooks.js:1729:8)
    at runSuite (file:///Users/normy/autobyteus_org/autobyteus-worktrees/autobyteus-runtime-streaming-ui-performance/node_modules/.pnpm/@vitest+runner@3.2.4/node_modules/@vitest/runner/dist/chunk-hooks.js:1729:8)

 ✓ services/agentStreaming/__tests__/TeamStreamingService.spec.ts (39 tests) 39ms
 ✓ stores/__tests__/voiceInputStore.spec.ts (16 tests) 67ms

 Test Files  3 passed (3)
      Tests  84 passed (84)
   Start at  11:06:50
   Duration  5.41s (transform 2.77s, setup 13.99s, collect 316ms, tests 126ms, environment 699ms, prepare 427ms)
