
> autobyteus@1.4.92-beta.9 test:nuxt /Users/normy/autobyteus_org/autobyteus-worktrees/composer-mention-discoverability/autobyteus-web
> cross-env NUXT_TEST=true vitest components/agentInput services/runSubmission services/agentStreaming/__tests__/AgentStreamingService.spec.ts services/agentStreaming/__tests__/TeamStreamingService.spec.ts services/agentOrgExecution/__tests__/agentOrgStreamingService.spec.ts services/agentCollaboration/__tests__/agentRunCollaborationStreamingService.spec.ts stores/__tests__/agentRunStore.spec.ts stores/__tests__/agentTeamRunStore.spec.ts stores/__tests__/agentOrgContextsStore.spec.ts stores/__tests__/agentRunCollaborationStore.spec.ts stores/__tests__/activeContextStore.spec.ts stores/__tests__/contextFileUploadStore.spec.ts --run

isElectronBuild false
[Electron Module] Skipping electron module setup: BUILD_TARGET is not electron
Browserslist: browsers data (caniuse-lite) is 8 months old. Please run:
  npx update-browserslist-db@latest
  Why you should do it regularly: https://github.com/browserslist/update-db#readme

 RUN  v3.2.4 /Users/normy/autobyteus_org/autobyteus-worktrees/composer-mention-discoverability/autobyteus-web

stderr | stores/__tests__/activeContextStore.spec.ts
Warning: KaTeX doesn't work in quirks mode. Make sure your website has a suitable doctype.

stderr | components/agentInput/__tests__/AgentUserInputTextArea.spec.ts
Warning: KaTeX doesn't work in quirks mode. Make sure your website has a suitable doctype.

stderr | services/agentStreaming/__tests__/TeamStreamingService.spec.ts
Warning: KaTeX doesn't work in quirks mode. Make sure your website has a suitable doctype.

stderr | services/agentStreaming/__tests__/AgentStreamingService.spec.ts
Warning: KaTeX doesn't work in quirks mode. Make sure your website has a suitable doctype.

stderr | components/agentInput/__tests__/AgentUserInputForm.skillTagging.spec.ts
Warning: KaTeX doesn't work in quirks mode. Make sure your website has a suitable doctype.

stderr | components/agentInput/__tests__/AgentUserInputTextArea.runMentions.spec.ts
Warning: KaTeX doesn't work in quirks mode. Make sure your website has a suitable doctype.

stderr | stores/__tests__/agentRunStore.spec.ts
Warning: KaTeX doesn't work in quirks mode. Make sure your website has a suitable doctype.

stderr | services/agentOrgExecution/__tests__/agentOrgStreamingService.spec.ts
Warning: KaTeX doesn't work in quirks mode. Make sure your website has a suitable doctype.

stderr | stores/__tests__/agentTeamRunStore.spec.ts
Warning: KaTeX doesn't work in quirks mode. Make sure your website has a suitable doctype.

stdout | services/agentStreaming/__tests__/TeamStreamingService.spec.ts
serverStore: Initializing server config
serverStore: Not in Electron environment. Skipping server initialization.

stdout | components/agentInput/__tests__/AgentUserInputForm.skillTagging.spec.ts
serverStore: Initializing server config
serverStore: Not in Electron environment. Skipping server initialization.

stdout | stores/__tests__/activeContextStore.spec.ts
serverStore: Initializing server config
serverStore: Not in Electron environment. Skipping server initialization.

stdout | components/agentInput/__tests__/AgentUserInputTextArea.runMentions.spec.ts
serverStore: Initializing server config
serverStore: Not in Electron environment. Skipping server initialization.

stdout | services/agentStreaming/__tests__/AgentStreamingService.spec.ts
serverStore: Initializing server config
serverStore: Not in Electron environment. Skipping server initialization.

stdout | stores/__tests__/agentRunStore.spec.ts
serverStore: Initializing server config
serverStore: Not in Electron environment. Skipping server initialization.

stdout | stores/__tests__/agentTeamRunStore.spec.ts
serverStore: Initializing server config
serverStore: Not in Electron environment. Skipping server initialization.

stdout | components/agentInput/__tests__/AgentUserInputTextArea.spec.ts
serverStore: Initializing server config
serverStore: Not in Electron environment. Skipping server initialization.

stdout | services/agentOrgExecution/__tests__/agentOrgStreamingService.spec.ts
serverStore: Initializing server config
serverStore: Not in Electron environment. Skipping server initialization.

 ✓ components/agentInput/__tests__/AgentUserInputTextArea.runMentions.spec.ts (11 tests) 97ms
stderr | stores/__tests__/agentRunStore.spec.ts > agentRunStore > publishes the authoritative Error status with exact navigation when preparation fails
Error sending user input: Error: preparation failed
    at Proxy.sendUserInputAndSubscribe (/Users/normy/autobyteus_org/autobyteus-worktrees/composer-mention-discoverability/autobyteus-web/stores/agentRunStore.ts:216:19)
    at processTicksAndRejections (node:internal/process/task_queues:103:5)
    at /Users/normy/autobyteus_org/autobyteus-worktrees/composer-mention-discoverability/autobyteus-web/stores/__tests__/agentRunStore.spec.ts:299:9
    at file:///Users/normy/autobyteus_org/autobyteus-worktrees/composer-mention-discoverability/node_modules/.pnpm/@vitest+runner@3.2.4/node_modules/@vitest/runner/dist/chunk-hooks.js:752:20

stderr | stores/__tests__/agentRunStore.spec.ts > agentRunStore > terminateRun should not teardown local runtime when persisted termination fails
Error terminating run 'run-1': Error: failure
    at Proxy.terminateRun (/Users/normy/autobyteus_org/autobyteus-worktrees/composer-mention-discoverability/autobyteus-web/stores/agentRunStore.ts:474:17)
    at processTicksAndRejections (node:internal/process/task_queues:103:5)
    at /Users/normy/autobyteus_org/autobyteus-worktrees/composer-mention-discoverability/autobyteus-web/stores/__tests__/agentRunStore.spec.ts:492:24
    at file:///Users/normy/autobyteus_org/autobyteus-worktrees/composer-mention-discoverability/node_modules/.pnpm/@vitest+runner@3.2.4/node_modules/@vitest/runner/dist/chunk-hooks.js:752:20

stderr | stores/__tests__/agentRunStore.spec.ts > agentRunStore > closeAgent should keep context when backend termination fails
Error terminating run 'run-1': Error: failure
    at Proxy.terminateRun (/Users/normy/autobyteus_org/autobyteus-worktrees/composer-mention-discoverability/autobyteus-web/stores/agentRunStore.ts:474:17)
    at processTicksAndRejections (node:internal/process/task_queues:103:5)
    at Proxy.closeAgent (/Users/normy/autobyteus_org/autobyteus-worktrees/composer-mention-discoverability/autobyteus-web/stores/agentRunStore.ts:506:28)
    at /Users/normy/autobyteus_org/autobyteus-worktrees/composer-mention-discoverability/autobyteus-web/stores/__tests__/agentRunStore.spec.ts:549:9
    at file:///Users/normy/autobyteus_org/autobyteus-worktrees/composer-mention-discoverability/node_modules/.pnpm/@vitest+runner@3.2.4/node_modules/@vitest/runner/dist/chunk-hooks.js:752:20

stderr | stores/__tests__/agentRunStore.spec.ts > agentRunStore > activation pending marker (D-14) > clears the marker on a handled failure after promotion
Error sending user input: Error: finalize failed
    at /Users/normy/autobyteus_org/autobyteus-worktrees/composer-mention-discoverability/autobyteus-web/stores/__tests__/agentRunStore.spec.ts:638:87
    at file:///Users/normy/autobyteus_org/autobyteus-worktrees/composer-mention-discoverability/node_modules/.pnpm/@vitest+runner@3.2.4/node_modules/@vitest/runner/dist/chunk-hooks.js:155:11
    at file:///Users/normy/autobyteus_org/autobyteus-worktrees/composer-mention-discoverability/node_modules/.pnpm/@vitest+runner@3.2.4/node_modules/@vitest/runner/dist/chunk-hooks.js:752:26
    at file:///Users/normy/autobyteus_org/autobyteus-worktrees/composer-mention-discoverability/node_modules/.pnpm/@vitest+runner@3.2.4/node_modules/@vitest/runner/dist/chunk-hooks.js:1897:20
    at new Promise (<anonymous>)
    at runWithTimeout (file:///Users/normy/autobyteus_org/autobyteus-worktrees/composer-mention-discoverability/node_modules/.pnpm/@vitest+runner@3.2.4/node_modules/@vitest/runner/dist/chunk-hooks.js:1863:10)
    at runTest (file:///Users/normy/autobyteus_org/autobyteus-worktrees/composer-mention-discoverability/node_modules/.pnpm/@vitest+runner@3.2.4/node_modules/@vitest/runner/dist/chunk-hooks.js:1574:12)
    at processTicksAndRejections (node:internal/process/task_queues:103:5)
    at runSuite (file:///Users/normy/autobyteus_org/autobyteus-worktrees/composer-mention-discoverability/node_modules/.pnpm/@vitest+runner@3.2.4/node_modules/@vitest/runner/dist/chunk-hooks.js:1729:8)
    at runSuite (file:///Users/normy/autobyteus_org/autobyteus-worktrees/composer-mention-discoverability/node_modules/.pnpm/@vitest+runner@3.2.4/node_modules/@vitest/runner/dist/chunk-hooks.js:1729:8)

stderr | stores/__tests__/agentRunStore.spec.ts > agentRunStore > activation pending marker (D-14) > clears the marker when the stream connection times out
Error sending user input: Error: Timed out waiting for agent stream connection for run 'perm-agent-id'.
    at Proxy.ensureAgentStreamConnected (/Users/normy/autobyteus_org/autobyteus-worktrees/composer-mention-discoverability/autobyteus-web/stores/agentRunStore.ts:364:13)
    at Proxy.sendUserInputAndSubscribe (/Users/normy/autobyteus_org/autobyteus-worktrees/composer-mention-discoverability/autobyteus-web/stores/agentRunStore.ts:252:25)

stdout | services/agentStreaming/__tests__/TeamStreamingService.spec.ts > TeamStreamingService current AgentRun event dispatch > becomes ready only after the exact connected root and complete authoritative snapshot
Team WebSocket transport connected

 ✓ stores/__tests__/agentRunStore.spec.ts (27 tests) 52ms
stdout | services/agentStreaming/__tests__/AgentStreamingService.spec.ts > AgentStreamingService > does not convert transport errors into lifecycle errors
Agent WebSocket disconnected: network reset

stderr | services/agentStreaming/__tests__/AgentStreamingService.spec.ts > AgentStreamingService > does not convert transport errors into lifecycle errors
Agent WebSocket error: Error: socket failed
    at /Users/normy/autobyteus_org/autobyteus-worktrees/composer-mention-discoverability/autobyteus-web/services/agentStreaming/__tests__/AgentStreamingService.spec.ts:239:38
    at file:///Users/normy/autobyteus_org/autobyteus-worktrees/composer-mention-discoverability/node_modules/.pnpm/@vitest+runner@3.2.4/node_modules/@vitest/runner/dist/chunk-hooks.js:155:11
    at file:///Users/normy/autobyteus_org/autobyteus-worktrees/composer-mention-discoverability/node_modules/.pnpm/@vitest+runner@3.2.4/node_modules/@vitest/runner/dist/chunk-hooks.js:752:26
    at file:///Users/normy/autobyteus_org/autobyteus-worktrees/composer-mention-discoverability/node_modules/.pnpm/@vitest+runner@3.2.4/node_modules/@vitest/runner/dist/chunk-hooks.js:1897:20
    at new Promise (<anonymous>)
    at runWithTimeout (file:///Users/normy/autobyteus_org/autobyteus-worktrees/composer-mention-discoverability/node_modules/.pnpm/@vitest+runner@3.2.4/node_modules/@vitest/runner/dist/chunk-hooks.js:1863:10)
    at runTest (file:///Users/normy/autobyteus_org/autobyteus-worktrees/composer-mention-discoverability/node_modules/.pnpm/@vitest+runner@3.2.4/node_modules/@vitest/runner/dist/chunk-hooks.js:1574:12)
    at processTicksAndRejections (node:internal/process/task_queues:103:5)
    at runSuite (file:///Users/normy/autobyteus_org/autobyteus-worktrees/composer-mention-discoverability/node_modules/.pnpm/@vitest+runner@3.2.4/node_modules/@vitest/runner/dist/chunk-hooks.js:1729:8)
    at runSuite (file:///Users/normy/autobyteus_org/autobyteus-worktrees/composer-mention-discoverability/node_modules/.pnpm/@vitest+runner@3.2.4/node_modules/@vitest/runner/dist/chunk-hooks.js:1729:8)

stderr | services/agentStreaming/__tests__/AgentStreamingService.spec.ts > AgentStreamingService > serializes and exactly matches an admitted standalone interrupt
Ignoring unmatched interrupt command acknowledgement. {
  command_type: 'INTERRUPT_GENERATION',
  command_id: 'client_interrupt_1',
  state: 'accepted',
  target: { target_kind: 'standalone_run', run_id: 'wrong-run' }
}

stdout | services/agentStreaming/__tests__/AgentStreamingService.spec.ts > AgentStreamingService > completes reentrant disconnect-plus-send-throw exactly once
Agent WebSocket disconnected: socket closed
Agent WebSocket disconnected: again

 ✓ components/agentInput/__tests__/AgentUserInputTextArea.spec.ts (17 tests) 175ms
stdout | services/agentStreaming/__tests__/AgentStreamingService.spec.ts > AgentStreamingService > keeps immediately projected content on each context across replacement and remote disconnect
Agent WebSocket disconnected: remote closed

 ✓ services/agentStreaming/__tests__/AgentStreamingService.spec.ts (35 tests) 28ms
stderr | stores/__tests__/activeContextStore.spec.ts > activeContextStore interrupt routing > targets the focused team member route key at click time
[Vue warn]: inject() can only be used inside setup() or functional components.

stderr | stores/__tests__/activeContextStore.spec.ts > activeContextStore interrupt routing > preserves single-agent interrupt routing
[Vue warn]: inject() can only be used inside setup() or functional components.

stderr | services/agentStreaming/__tests__/TeamStreamingService.spec.ts > TeamStreamingService current AgentRun event dispatch > acts on the first rejected gap effect once and cannot revive the failed instance
Rejected Team execution message (TEAM_EXECUTION_CHANGE_SEQUENCE_GAP): Expected change sequence 1, received 2.

stderr | stores/__tests__/activeContextStore.spec.ts > activeContextStore interrupt routing > routes only the exact focused AgentRun through the team target
[Vue warn]: inject() can only be used inside setup() or functional components.

stderr | stores/__tests__/activeContextStore.spec.ts > activeContextStore interrupt routing > keeps composer context on the visible focused member even when active-execution display falls back
[Vue warn]: inject() can only be used inside setup() or functional components.

stderr | services/agentStreaming/__tests__/TeamStreamingService.spec.ts > TeamStreamingService current AgentRun event dispatch > rejects and stops a candidate whose snapshot base does not match
Rejected invalid Team WebSocket message: Error: TEAM_STREAM_SNAPSHOT_BASE_MISMATCH: Expected 7, received 8.
    at TeamStreamingService.dispatchMessage (/Users/normy/autobyteus_org/autobyteus-worktrees/composer-mention-discoverability/autobyteus-web/services/agentStreaming/TeamStreamingService.ts:331:15)
    at handleMessage (/Users/normy/autobyteus_org/autobyteus-worktrees/composer-mention-discoverability/autobyteus-web/services/agentStreaming/TeamStreamingService.ts:261:16)
    at emit (/Users/normy/autobyteus_org/autobyteus-worktrees/composer-mention-discoverability/autobyteus-web/services/agentStreaming/__tests__/TeamStreamingService.spec.ts:69:31)
    at /Users/normy/autobyteus_org/autobyteus-worktrees/composer-mention-discoverability/autobyteus-web/services/agentStreaming/__tests__/TeamStreamingService.spec.ts:412:5
    at file:///Users/normy/autobyteus_org/autobyteus-worktrees/composer-mention-discoverability/node_modules/.pnpm/@vitest+runner@3.2.4/node_modules/@vitest/runner/dist/chunk-hooks.js:155:11
    at file:///Users/normy/autobyteus_org/autobyteus-worktrees/composer-mention-discoverability/node_modules/.pnpm/@vitest+runner@3.2.4/node_modules/@vitest/runner/dist/chunk-hooks.js:752:26
    at file:///Users/normy/autobyteus_org/autobyteus-worktrees/composer-mention-discoverability/node_modules/.pnpm/@vitest+runner@3.2.4/node_modules/@vitest/runner/dist/chunk-hooks.js:1897:20
    at new Promise (<anonymous>)
    at runWithTimeout (file:///Users/normy/autobyteus_org/autobyteus-worktrees/composer-mention-discoverability/node_modules/.pnpm/@vitest+runner@3.2.4/node_modules/@vitest/runner/dist/chunk-hooks.js:1863:10)
    at runTest (file:///Users/normy/autobyteus_org/autobyteus-worktrees/composer-mention-discoverability/node_modules/.pnpm/@vitest+runner@3.2.4/node_modules/@vitest/runner/dist/chunk-hooks.js:1574:12)

 ✓ services/agentStreaming/__tests__/TeamStreamingService.spec.ts (13 tests) 38ms
stderr | stores/__tests__/activeContextStore.spec.ts > activeContextStore interrupt routing > observes exact-member Team composer mutations and keeps a captured voice target isolated across focus changes
[Vue warn]: inject() can only be used inside setup() or functional components.

stderr | stores/__tests__/activeContextStore.spec.ts > activeContextStore interrupt routing > preserves observable standalone Agent draft clearing and transcript insertion
[Vue warn]: inject() can only be used inside setup() or functional components.

stderr | stores/__tests__/activeContextStore.spec.ts > activeContextStore interrupt routing > retains isolated standalone Agent drafts across new and existing run selection
[Vue warn]: inject() can only be used inside setup() or functional components.

stderr | stores/__tests__/activeContextStore.spec.ts > activeContextStore interrupt routing > retains isolated Team member drafts across new and existing root selection
[Vue warn]: inject() can only be used inside setup() or functional components.

 ✓ stores/__tests__/activeContextStore.spec.ts (8 tests) 34ms
 ✓ components/agentInput/__tests__/AgentUserInputForm.skillTagging.spec.ts (3 tests) 76ms
stderr | stores/__tests__/agentTeamRunStore.spec.ts > agentTeamRunStore current rooted execution contract > does not mutate local lifecycle when backend termination rejects
Error terminating Team 'team-terminate-reject': Error: not found
    at Proxy.terminateTeamRun (/Users/normy/autobyteus_org/autobyteus-worktrees/composer-mention-discoverability/autobyteus-web/stores/agentTeamRunStore.ts:222:58)
    at processTicksAndRejections (node:internal/process/task_queues:103:5)
    at /Users/normy/autobyteus_org/autobyteus-worktrees/composer-mention-discoverability/autobyteus-web/stores/__tests__/agentTeamRunStore.spec.ts:452:12
    at file:///Users/normy/autobyteus_org/autobyteus-worktrees/composer-mention-discoverability/node_modules/.pnpm/@vitest+runner@3.2.4/node_modules/@vitest/runner/dist/chunk-hooks.js:752:20

 ✓ stores/__tests__/agentTeamRunStore.spec.ts (28 tests) 124ms
 ✓ services/agentOrgExecution/__tests__/agentOrgStreamingService.spec.ts (15 tests) 1337ms
stderr | components/agentInput/__tests__/ContextFilePathInputArea.spec.ts
Warning: KaTeX doesn't work in quirks mode. Make sure your website has a suitable doctype.

stderr | components/agentInput/__tests__/AgentUserInputTextArea.focusedInterrupt.e2e.spec.ts
Warning: KaTeX doesn't work in quirks mode. Make sure your website has a suitable doctype.

stderr | components/agentInput/__tests__/TeamComposerPublication.spec.ts
Warning: KaTeX doesn't work in quirks mode. Make sure your website has a suitable doctype.

stderr | stores/__tests__/agentRunCollaborationStore.spec.ts
Warning: KaTeX doesn't work in quirks mode. Make sure your website has a suitable doctype.

stderr | stores/__tests__/agentOrgContextsStore.spec.ts
Warning: KaTeX doesn't work in quirks mode. Make sure your website has a suitable doctype.

stderr | services/runSubmission/__tests__/localUserSubmission.spec.ts
Warning: KaTeX doesn't work in quirks mode. Make sure your website has a suitable doctype.

stderr | services/agentCollaboration/__tests__/agentRunCollaborationStreamingService.spec.ts
Warning: KaTeX doesn't work in quirks mode. Make sure your website has a suitable doctype.

stdout | components/agentInput/__tests__/ContextFilePathInputArea.spec.ts
serverStore: Initializing server config
serverStore: Not in Electron environment. Skipping server initialization.

stderr | stores/__tests__/contextFileUploadStore.spec.ts
Warning: KaTeX doesn't work in quirks mode. Make sure your website has a suitable doctype.

stdout | components/agentInput/__tests__/AgentUserInputTextArea.focusedInterrupt.e2e.spec.ts
serverStore: Initializing server config
serverStore: Not in Electron environment. Skipping server initialization.

 ✓ components/agentInput/__tests__/ContextFilePathInputArea.spec.ts (5 tests) 49ms
stdout | stores/__tests__/agentRunCollaborationStore.spec.ts
serverStore: Initializing server config
serverStore: Not in Electron environment. Skipping server initialization.

stdout | components/agentInput/__tests__/TeamComposerPublication.spec.ts
serverStore: Initializing server config
serverStore: Not in Electron environment. Skipping server initialization.

stdout | services/runSubmission/__tests__/localUserSubmission.spec.ts
serverStore: Initializing server config
serverStore: Not in Electron environment. Skipping server initialization.

stdout | stores/__tests__/agentOrgContextsStore.spec.ts
serverStore: Initializing server config
serverStore: Not in Electron environment. Skipping server initialization.

stdout | services/agentCollaboration/__tests__/agentRunCollaborationStreamingService.spec.ts
serverStore: Initializing server config
serverStore: Not in Electron environment. Skipping server initialization.

 ✓ services/runSubmission/__tests__/localUserSubmission.spec.ts (10 tests) 9ms
stderr | components/agentInput/__tests__/AgentUserInputTextArea.focusedInterrupt.e2e.spec.ts > focused team member interrupt UI-to-WebSocket e2e > clicking stop after switching focus sends the WebSocket interrupt to the visible focused member
[Vue warn]: inject() can only be used inside setup() or functional components.
Rejected invalid Team WebSocket message: ZodError: [
  {
    "expected": "object",
    "code": "invalid_type",
    "path": [
      "payload",
      "agent_statuses",
      0,
      "recoverableBlock"
    ],
    "message": "Invalid input: expected object, received undefined"
  },
  {
    "expected": "object",
    "code": "invalid_type",
    "path": [
      "payload",
      "agent_statuses",
      1,
      "recoverableBlock"
    ],
    "message": "Invalid input: expected object, received undefined"
  },
  {
    "expected": "array",
    "code": "invalid_type",
    "path": [
      "payload",
      "agent_input_states"
    ],
    "message": "Invalid input: expected array, received undefined"
  }
]
    at parseTeamStreamServerMessage (/Users/normy/autobyteus_org/autobyteus-worktrees/composer-mention-discoverability/autobyteus-team-stream-contracts/src/team-stream-server-message.ts:96:55)
    at handleMessage (/Users/normy/autobyteus_org/autobyteus-worktrees/composer-mention-discoverability/autobyteus-web/services/agentStreaming/TeamStreamingService.ts:261:32)
    at emit (/Users/normy/autobyteus_org/autobyteus-worktrees/composer-mention-discoverability/autobyteus-web/components/agentInput/__tests__/AgentUserInputTextArea.focusedInterrupt.e2e.spec.ts:175:32)
    at /Users/normy/autobyteus_org/autobyteus-worktrees/composer-mention-discoverability/autobyteus-web/components/agentInput/__tests__/AgentUserInputTextArea.focusedInterrupt.e2e.spec.ts:177:5
    at file:///Users/normy/autobyteus_org/autobyteus-worktrees/composer-mention-discoverability/node_modules/.pnpm/@vitest+runner@3.2.4/node_modules/@vitest/runner/dist/chunk-hooks.js:155:11
    at file:///Users/normy/autobyteus_org/autobyteus-worktrees/composer-mention-discoverability/node_modules/.pnpm/@vitest+runner@3.2.4/node_modules/@vitest/runner/dist/chunk-hooks.js:752:26
    at file:///Users/normy/autobyteus_org/autobyteus-worktrees/composer-mention-discoverability/node_modules/.pnpm/@vitest+runner@3.2.4/node_modules/@vitest/runner/dist/chunk-hooks.js:1897:20
    at new Promise (<anonymous>)
    at runWithTimeout (file:///Users/normy/autobyteus_org/autobyteus-worktrees/composer-mention-discoverability/node_modules/.pnpm/@vitest+runner@3.2.4/node_modules/@vitest/runner/dist/chunk-hooks.js:1863:10)
    at runTest (file:///Users/normy/autobyteus_org/autobyteus-worktrees/composer-mention-discoverability/node_modules/.pnpm/@vitest+runner@3.2.4/node_modules/@vitest/runner/dist/chunk-hooks.js:1574:12)

 ❯ components/agentInput/__tests__/AgentUserInputTextArea.focusedInterrupt.e2e.spec.ts (1 test | 1 failed) 37ms
   × focused team member interrupt UI-to-WebSocket e2e > clicking stop after switching focus sends the WebSocket interrupt to the visible focused member 37ms
     → expected "spy" to be called 1 times, but got 0 times
 ✓ stores/__tests__/agentRunCollaborationStore.spec.ts (3 tests) 10ms
 ✓ stores/__tests__/agentOrgContextsStore.spec.ts (2 tests) 19ms
 ✓ services/agentCollaboration/__tests__/agentRunCollaborationStreamingService.spec.ts (3 tests) 13ms
stderr | services/runSubmission/__tests__/agentPrimaryAction.spec.ts
Warning: KaTeX doesn't work in quirks mode. Make sure your website has a suitable doctype.

 ❯ components/agentInput/__tests__/TeamComposerPublication.spec.ts (4 tests | 4 failed) 16ms
   × strict flat Team publication with the selected shared composer mounted > applies activation and its next status without a warning, draft loss, or mixed associations 10ms
     → [
  {
    "expected": "object",
    "code": "invalid_type",
    "path": [
      "payload",
      "agent_statuses",
      0,
      "recoverableBlock"
    ],
    "message": "Invalid input: expected object, received undefined"
  },
  {
    "expected": "object",
    "code": "invalid_type",
    "path": [
      "payload",
      "agent_statuses",
      1,
      "recoverableBlock"
    ],
    "message": "Invalid input: expected object, received undefined"
  },
  {
    "expected": "array",
    "code": "invalid_type",
    "path": [
      "payload",
      "agent_input_states"
    ],
    "message": "Invalid input: expected array, received undefined"
  }
]
   × strict flat Team publication with the selected shared composer mounted > publishes a complete reconnect snapshot with two same-address tasks before synchronous readers run 2ms
     → [
  {
    "expected": "object",
    "code": "invalid_type",
    "path": [
      "payload",
      "agent_statuses",
      0,
      "recoverableBlock"
    ],
    "message": "Invalid input: expected object, received undefined"
  },
  {
    "expected": "object",
    "code": "invalid_type",
    "path": [
      "payload",
      "agent_statuses",
      1,
      "recoverableBlock"
    ],
    "message": "Invalid input: expected object, received undefined"
  },
  {
    "expected": "array",
    "code": "invalid_type",
    "path": [
      "payload",
      "agent_input_states"
    ],
    "message": "Invalid input: expected array, received undefined"
  }
]
   × strict flat Team publication with the selected shared composer mounted > rejects invalid snapshot without publishing partial identities or consuming the draft 2ms
     → [
  {
    "expected": "object",
    "code": "invalid_type",
    "path": [
      "payload",
      "agent_statuses",
      0,
      "recoverableBlock"
    ],
    "message": "Invalid input: expected object, received undefined"
  },
  {
    "expected": "object",
    "code": "invalid_type",
    "path": [
      "payload",
      "agent_statuses",
      1,
      "recoverableBlock"
    ],
    "message": "Invalid input: expected object, received undefined"
  },
  {
    "expected": "array",
    "code": "invalid_type",
    "path": [
      "payload",
      "agent_input_states"
    ],
    "message": "Invalid input: expected array, received undefined"
  }
]
   × strict flat Team publication with the selected shared composer mounted > rejects invalid activation without publishing partial identities or consuming the draft 2ms
     → [
  {
    "expected": "object",
    "code": "invalid_type",
    "path": [
      "payload",
      "agent_statuses",
      0,
      "recoverableBlock"
    ],
    "message": "Invalid input: expected object, received undefined"
  },
  {
    "expected": "object",
    "code": "invalid_type",
    "path": [
      "payload",
      "agent_statuses",
      1,
      "recoverableBlock"
    ],
    "message": "Invalid input: expected object, received undefined"
  },
  {
    "expected": "array",
    "code": "invalid_type",
    "path": [
      "payload",
      "agent_input_states"
    ],
    "message": "Invalid input: expected array, received undefined"
  }
]
stdout | stores/__tests__/contextFileUploadStore.spec.ts
serverStore: Initializing server config
serverStore: Not in Electron environment. Skipping server initialization.

 ✓ stores/__tests__/contextFileUploadStore.spec.ts (2 tests) 5ms
stdout | services/runSubmission/__tests__/agentPrimaryAction.spec.ts
serverStore: Initializing server config
serverStore: Not in Electron environment. Skipping server initialization.

 ✓ services/runSubmission/__tests__/agentPrimaryAction.spec.ts (4 tests) 2ms
stderr | components/agentInput/__tests__/CollaboratorAddFailureNotice.spec.ts
Warning: KaTeX doesn't work in quirks mode. Make sure your website has a suitable doctype.

stdout | components/agentInput/__tests__/CollaboratorAddFailureNotice.spec.ts
serverStore: Initializing server config
serverStore: Not in Electron environment. Skipping server initialization.

 ✓ components/agentInput/__tests__/CollaboratorAddFailureNotice.spec.ts (2 tests) 12ms

⎯⎯⎯⎯⎯⎯⎯ Failed Tests 5 ⎯⎯⎯⎯⎯⎯⎯

 FAIL  components/agentInput/__tests__/AgentUserInputTextArea.focusedInterrupt.e2e.spec.ts > focused team member interrupt UI-to-WebSocket e2e > clicking stop after switching focus sends the WebSocket interrupt to the visible focused member
AssertionError: expected "spy" to be called 1 times, but got 0 times
 ❯ components/agentInput/__tests__/AgentUserInputTextArea.focusedInterrupt.e2e.spec.ts:211:24
    209|     await wrapper.get('button[title="Stop generation"]').trigger('clic…
    210|
    211|     expect(mockWsSend).toHaveBeenCalledTimes(1);
       |                        ^
    212|     expect(JSON.parse(mockWsSend.mock.calls[0][0])).toEqual({
    213|       type: 'INTERRUPT_GENERATION',

⎯⎯⎯⎯⎯⎯⎯⎯⎯⎯⎯⎯⎯⎯⎯⎯⎯⎯⎯⎯⎯⎯⎯⎯[1/5]⎯

 FAIL  components/agentInput/__tests__/TeamComposerPublication.spec.ts > strict flat Team publication with the selected shared composer mounted > applies activation and its next status without a warning, draft loss, or mixed associations
ZodError: [
  {
    "expected": "object",
    "code": "invalid_type",
    "path": [
      "payload",
      "agent_statuses",
      0,
      "recoverableBlock"
    ],
    "message": "Invalid input: expected object, received undefined"
  },
  {
    "expected": "object",
    "code": "invalid_type",
    "path": [
      "payload",
      "agent_statuses",
      1,
      "recoverableBlock"
    ],
    "message": "Invalid input: expected object, received undefined"
  },
  {
    "expected": "array",
    "code": "invalid_type",
    "path": [
      "payload",
      "agent_input_states"
    ],
    "message": "Invalid input: expected array, received undefined"
  }
]
 ❯ Module.parseTeamStreamServerMessage ../autobyteus-team-stream-contracts/src/team-stream-server-message.ts:96:55
 ❯ emit components/agentInput/__tests__/TeamComposerPublication.spec.ts:51:5
     49|   const emit = (type: string, payload: unknown) => {
     50|     const wire = JSON.stringify({ type, payload });
     51|     parseTeamStreamServerMessage(wire); // The fixture must pass the c…
       |     ^
     52|     callbacks.get('onMessage')!(wire);
     53|   };
 ❯ setup components/agentInput/__tests__/TeamComposerPublication.spec.ts:61:3
 ❯ components/agentInput/__tests__/TeamComposerPublication.spec.ts:91:79

⎯⎯⎯⎯⎯⎯⎯⎯⎯⎯⎯⎯⎯⎯⎯⎯⎯⎯⎯⎯⎯⎯⎯⎯[2/5]⎯

 FAIL  components/agentInput/__tests__/TeamComposerPublication.spec.ts > strict flat Team publication with the selected shared composer mounted > publishes a complete reconnect snapshot with two same-address tasks before synchronous readers run
ZodError: [
  {
    "expected": "object",
    "code": "invalid_type",
    "path": [
      "payload",
      "agent_statuses",
      0,
      "recoverableBlock"
    ],
    "message": "Invalid input: expected object, received undefined"
  },
  {
    "expected": "object",
    "code": "invalid_type",
    "path": [
      "payload",
      "agent_statuses",
      1,
      "recoverableBlock"
    ],
    "message": "Invalid input: expected object, received undefined"
  },
  {
    "expected": "array",
    "code": "invalid_type",
    "path": [
      "payload",
      "agent_input_states"
    ],
    "message": "Invalid input: expected array, received undefined"
  }
]
 ❯ Module.parseTeamStreamServerMessage ../autobyteus-team-stream-contracts/src/team-stream-server-message.ts:96:55
 ❯ emit components/agentInput/__tests__/TeamComposerPublication.spec.ts:51:5
     49|   const emit = (type: string, payload: unknown) => {
     50|     const wire = JSON.stringify({ type, payload });
     51|     parseTeamStreamServerMessage(wire); // The fixture must pass the c…
       |     ^
     52|     callbacks.get('onMessage')!(wire);
     53|   };
 ❯ setup components/agentInput/__tests__/TeamComposerPublication.spec.ts:61:3
 ❯ components/agentInput/__tests__/TeamComposerPublication.spec.ts:120:89

⎯⎯⎯⎯⎯⎯⎯⎯⎯⎯⎯⎯⎯⎯⎯⎯⎯⎯⎯⎯⎯⎯⎯⎯[3/5]⎯

 FAIL  components/agentInput/__tests__/TeamComposerPublication.spec.ts > strict flat Team publication with the selected shared composer mounted > rejects invalid snapshot without publishing partial identities or consuming the draft
 FAIL  components/agentInput/__tests__/TeamComposerPublication.spec.ts > strict flat Team publication with the selected shared composer mounted > rejects invalid activation without publishing partial identities or consuming the draft
ZodError: [
  {
    "expected": "object",
    "code": "invalid_type",
    "path": [
      "payload",
      "agent_statuses",
      0,
      "recoverableBlock"
    ],
    "message": "Invalid input: expected object, received undefined"
  },
  {
    "expected": "object",
    "code": "invalid_type",
    "path": [
      "payload",
      "agent_statuses",
      1,
      "recoverableBlock"
    ],
    "message": "Invalid input: expected object, received undefined"
  },
  {
    "expected": "array",
    "code": "invalid_type",
    "path": [
      "payload",
      "agent_input_states"
    ],
    "message": "Invalid input: expected array, received undefined"
  }
]
 ❯ Module.parseTeamStreamServerMessage ../autobyteus-team-stream-contracts/src/team-stream-server-message.ts:96:55
 ❯ emit components/agentInput/__tests__/TeamComposerPublication.spec.ts:51:5
     49|   const emit = (type: string, payload: unknown) => {
     50|     const wire = JSON.stringify({ type, payload });
     51|     parseTeamStreamServerMessage(wire); // The fixture must pass the c…
       |     ^
     52|     callbacks.get('onMessage')!(wire);
     53|   };
 ❯ setup components/agentInput/__tests__/TeamComposerPublication.spec.ts:61:3
 ❯ components/agentInput/__tests__/TeamComposerPublication.spec.ts:142:67

⎯⎯⎯⎯⎯⎯⎯⎯⎯⎯⎯⎯⎯⎯⎯⎯⎯⎯⎯⎯⎯⎯⎯⎯[4/5]⎯

⎯⎯⎯⎯⎯⎯ Unhandled Errors ⎯⎯⎯⎯⎯⎯

Vitest caught 1 unhandled error during the test run.
This might cause false positive tests. Resolve unhandled errors to make sure your tests are not affected.

⎯⎯⎯⎯ Unhandled Rejection ⎯⎯⎯⎯⎯
Error: TEAM_STREAM_NOT_READY: The Team stream is not ready for commands.
 ❯ TeamStreamingService.requireCurrentAgentRun services/agentStreaming/TeamStreamingService.ts:251:30
    249|
    250|   private requireCurrentAgentRun(value: string): string {
    251|     if (!this.isReady) throw new Error('TEAM_STREAM_NOT_READY: The Tea…
       |                              ^
    252|     const agentRunId = value.trim();
    253|     if (!agentRunId || !this.teamContext?.view.hasAgentRun(agentRunId)…
 ❯ TeamStreamingService.interruptGeneration services/agentStreaming/TeamStreamingService.ts:189:29
 ❯ Proxy.interruptFocusedMemberGeneration stores/agentTeamRunStore.ts:363:59
 ❯ Proxy.wrappedAction ../node_modules/.pnpm/pinia@2.3.1_typescript@5.9.3_vue@3.5.28_typescript@5.9.3_/node_modules/pinia/dist/pinia.mjs:1399:26
 ❯ Object.interrupt stores/activeContextStore.ts:134:62
 ❯ Proxy.interruptGeneration stores/activeContextStore.ts:276:31
 ❯ Proxy.wrappedAction ../node_modules/.pnpm/pinia@2.3.1_typescript@5.9.3_vue@3.5.28_typescript@5.9.3_/node_modules/pinia/dist/pinia.mjs:1399:26
 ❯ Object.interrupt composables/agentInput/useComposerTarget.ts:68:43
 ❯ handleStop components/agentInput/AgentUserInputTextArea.vue:319:24
 ❯ handlePrimaryAction components/agentInput/AgentUserInputTextArea.vue:331:5

This error originated in "components/agentInput/__tests__/AgentUserInputTextArea.focusedInterrupt.e2e.spec.ts" test file. It doesn't mean the error was thrown inside the file itself, but while it was running.
⎯⎯⎯⎯⎯⎯⎯⎯⎯⎯⎯⎯⎯⎯⎯⎯⎯⎯⎯⎯⎯⎯⎯⎯⎯⎯⎯⎯⎯⎯


 Test Files  2 failed | 17 passed (19)
      Tests  5 failed | 188 passed (193)
     Errors  1 error
   Start at  13:20:14
   Duration  10.54s (transform 4.40s, setup 67.66s, collect 5.61s, tests 2.13s, environment 4.45s, prepare 3.19s)

 ELIFECYCLE  Command failed with exit code 1.
