
 RUN  v4.0.18 /Users/normy/autobyteus_org/autobyteus-worktrees/composer-mention-discoverability/autobyteus-server-ts

Prisma schema loaded from prisma/schema.prisma
Datasource "db": SQLite database "autobyteus-server-test.db" at "file:/Users/normy/autobyteus_org/autobyteus-worktrees/composer-mention-discoverability/autobyteus-server-ts/tests/.tmp/autobyteus-server-test.db"

Applying migration `20260203074245_init`
Applying migration `20260208094000_add_external_channel_tables`
Applying migration `20260209174500_add_channel_message_receipt_turn_id`
Applying migration `20260209213000_remove_agent_conversation_tables`
Applying migration `20260210101500_add_agent_avatar`
Applying migration `20260210192000_add_agent_team_avatar`
Applying migration `20260211214500_add_sync_columns_and_tombstones`
Applying migration `20260212070000_remove_workflow_definition`
Applying migration `20260309103000_add_channel_binding_launch_preset`
Applying migration `20260310153000_add_channel_binding_team_definition_id`
Applying migration `20260331102000_remove_channel_bindings_table`
Applying migration `20260331130000_receipt_lifecycle_and_remove_channel_idempotency`
Applying migration `20260517090000_add_app_data_migration_records`
Applying migration `20260624090000_add_token_usage_ledger_events`
Applying migration `20260625193000_token_usage_component_pricing_explainability`
Applying migration `20260629120000_add_token_usage_display_fields`
Applying migration `20260702093000_token_usage_execution_address`
Applying migration `20260726090000_add_secret_vault`
Applying migration `20260730090000_add_token_usage_provider_name`
Applying migration `20260801090000_token_usage_member_display_name`
Applying migration `20260814090000_team_run_execution_tree_v1`
Applying migration `20260819090000_add_token_usage_run_records`
Applying migration `20260820090000_redesign_app_data_migration_summary`
Applying migration `20260822090000_add_token_usage_analytics`
Applying migration `20260923130000_add_claude_sdk_usage_state`
Applying migration `20260924120000_remove_external_channel_tables`

Database reset successful

The following migration(s) have been applied:

migrations/
  └─ 20260203074245_init/
    └─ migration.sql
  └─ 20260208094000_add_external_channel_tables/
    └─ migration.sql
  └─ 20260209174500_add_channel_message_receipt_turn_id/
    └─ migration.sql
  └─ 20260209213000_remove_agent_conversation_tables/
    └─ migration.sql
  └─ 20260210101500_add_agent_avatar/
    └─ migration.sql
  └─ 20260210192000_add_agent_team_avatar/
    └─ migration.sql
  └─ 20260211214500_add_sync_columns_and_tombstones/
    └─ migration.sql
  └─ 20260212070000_remove_workflow_definition/
    └─ migration.sql
  └─ 20260309103000_add_channel_binding_launch_preset/
    └─ migration.sql
  └─ 20260310153000_add_channel_binding_team_definition_id/
    └─ migration.sql
  └─ 20260331102000_remove_channel_bindings_table/
    └─ migration.sql
  └─ 20260331130000_receipt_lifecycle_and_remove_channel_idempotency/
    └─ migration.sql
  └─ 20260517090000_add_app_data_migration_records/
    └─ migration.sql
  └─ 20260624090000_add_token_usage_ledger_events/
    └─ migration.sql
  └─ 20260625193000_token_usage_component_pricing_explainability/
    └─ migration.sql
  └─ 20260629120000_add_token_usage_display_fields/
    └─ migration.sql
  └─ 20260702093000_token_usage_execution_address/
    └─ migration.sql
  └─ 20260726090000_add_secret_vault/
    └─ migration.sql
  └─ 20260730090000_add_token_usage_provider_name/
    └─ migration.sql
  └─ 20260801090000_token_usage_member_display_name/
    └─ migration.sql
  └─ 20260814090000_team_run_execution_tree_v1/
    └─ migration.sql
  └─ 20260819090000_add_token_usage_run_records/
    └─ migration.sql
  └─ 20260820090000_redesign_app_data_migration_summary/
    └─ migration.sql
  └─ 20260822090000_add_token_usage_analytics/
    └─ migration.sql
  └─ 20260923130000_add_claude_sdk_usage_state/
    └─ migration.sql
  └─ 20260924120000_remove_external_channel_tables/
    └─ migration.sql

stdout | tests/unit/services/agent-streaming/agent-stream-handler.test.ts
AgentFactory (Singleton) initialized.

 ❯ tests/unit/services/agent-streaming/agent-stream-handler.test.ts (0 test)
stdout | tests/integration/api/rest/context-files.integration.test.ts
AgentFactory (Singleton) initialized.

 ❯ tests/integration/api/rest/context-files.integration.test.ts (0 test)
stdout | tests/unit/agent-collaboration/collaborators/collaborator-admission.test.ts
AgentFactory (Singleton) initialized.

 ❯ tests/unit/agent-collaboration/collaborators/collaborator-admission.test.ts (0 test)
stdout | tests/unit/services/agent-streaming/agent-org-stream-handler.test.ts
AgentFactory (Singleton) initialized.

 ✓ tests/unit/services/agent-streaming/agent-org-stream-handler.test.ts (11 tests) 74ms
stdout | tests/integration/api/rest/agent-org-context-files.integration.test.ts
AgentFactory (Singleton) initialized.

 ❯ tests/integration/api/rest/agent-org-context-files.integration.test.ts (0 test)
stdout | tests/unit/services/agent-streaming/agent-team-stream-handler.test.ts
AgentFactory (Singleton) initialized.

 ❯ tests/unit/services/agent-streaming/agent-team-stream-handler.test.ts (0 test)
stdout | tests/unit/agent-team-execution/team-root-collaborators.test.ts
AgentFactory (Singleton) initialized.

 ❯ tests/unit/agent-team-execution/team-root-collaborators.test.ts (0 test)
stdout | tests/unit/agent-org-execution/agent-org-collaborators.test.ts
AgentFactory (Singleton) initialized.

 ❯ tests/unit/agent-org-execution/agent-org-collaborators.test.ts (0 test)
stdout | tests/unit/services/agent-streaming/agent-collaboration-stream-handler.test.ts
AgentFactory (Singleton) initialized.

 ✓ tests/unit/services/agent-streaming/agent-collaboration-stream-handler.test.ts (3 tests) 9ms

⎯⎯⎯⎯⎯⎯ Failed Suites 7 ⎯⎯⎯⎯⎯⎯⎯

 FAIL  tests/unit/agent-org-execution/agent-org-collaborators.test.ts [ tests/unit/agent-org-execution/agent-org-collaborators.test.ts ]
 FAIL  tests/unit/agent-team-execution/team-root-collaborators.test.ts [ tests/unit/agent-team-execution/team-root-collaborators.test.ts ]
 FAIL  tests/integration/api/rest/agent-org-context-files.integration.test.ts [ tests/integration/api/rest/agent-org-context-files.integration.test.ts ]
 FAIL  tests/unit/agent-collaboration/collaborators/collaborator-admission.test.ts [ tests/unit/agent-collaboration/collaborators/collaborator-admission.test.ts ]
 FAIL  tests/unit/services/agent-streaming/agent-stream-handler.test.ts [ tests/unit/services/agent-streaming/agent-stream-handler.test.ts ]
 FAIL  tests/unit/services/agent-streaming/agent-team-stream-handler.test.ts [ tests/unit/services/agent-streaming/agent-team-stream-handler.test.ts ]
Error: Cannot find module '.prisma/client/default'
Require stack:
- /Users/normy/autobyteus_org/autobyteus-worktrees/composer-mention-discoverability/node_modules/.pnpm/@prisma+client@5.22.0_prisma@5.22.0/node_modules/@prisma/client/default.js
 ❯ Object.<anonymous> ../node_modules/.pnpm/@prisma+client@5.22.0_prisma@5.22.0/node_modules/@prisma/client/default.js:2:6

⎯⎯⎯⎯⎯⎯⎯⎯⎯⎯⎯⎯⎯⎯⎯⎯⎯⎯⎯⎯⎯⎯⎯⎯[1/7]⎯

 FAIL  tests/integration/api/rest/context-files.integration.test.ts [ tests/integration/api/rest/context-files.integration.test.ts ]
Error: [vitest] There was an error when mocking a module. If you are using "vi.mock" factory, make sure there are no top level variables inside, since this call is hoisted to top of the file. Read more: https://vitest.dev/api/vi.html#vi-mock
 ❯ src/run-history/services/team-run-execution-tree-location-service.ts:9:1
      7| import { AgentMemoryLayout } from "../../agent-memory/store/agent-memo…
      8| import type { AgentTeamRunManager } from "../../agent-team-execution/s…
      9| import { AgentTeamRunManager as DefaultManager } from "../../agent-tea…
       | ^
     10| import { TeamExecutionIndex } from "../../agent-team-execution/service…
     11| import type { ConfiguredAgentExecutionNode, TeamRunExecutionTreeSnapsh…
 ❯ src/api/rest/context-files.ts:22:1

Caused by: Error: Cannot find module '.prisma/client/default'
Require stack:
- /Users/normy/autobyteus_org/autobyteus-worktrees/composer-mention-discoverability/node_modules/.pnpm/@prisma+client@5.22.0_prisma@5.22.0/node_modules/@prisma/client/default.js
 ❯ Object.<anonymous> ../node_modules/.pnpm/@prisma+client@5.22.0_prisma@5.22.0/node_modules/@prisma/client/default.js:2:6

⎯⎯⎯⎯⎯⎯⎯⎯⎯⎯⎯⎯⎯⎯⎯⎯⎯⎯⎯⎯⎯⎯⎯⎯⎯⎯⎯⎯⎯⎯
Serialized Error: { code: 'MODULE_NOT_FOUND', requireStack: [ '/Users/normy/autobyteus_org/autobyteus-worktrees/composer-mention-discoverability/node_modules/.pnpm/@prisma+client@5.22.0_prisma@5.22.0/node_modules/@prisma/client/default.js' ] }
⎯⎯⎯⎯⎯⎯⎯⎯⎯⎯⎯⎯⎯⎯⎯⎯⎯⎯⎯⎯⎯⎯⎯⎯[2/7]⎯


 Test Files  7 failed | 2 passed (9)
      Tests  14 passed (14)
   Start at  13:25:52
   Duration  8.29s (transform 1.71s, setup 40ms, import 1.02s, tests 83ms, environment 1ms)
