
> @autobyteus/agent-presentation-contracts@0.1.0 test /Users/normy/autobyteus_org/autobyteus-worktrees/delegated-copy-member-contact-delegator/autobyteus-agent-presentation-contracts
> pnpm build && node --test tests/*.test.mjs


> @autobyteus/agent-presentation-contracts@0.1.0 build /Users/normy/autobyteus_org/autobyteus-worktrees/delegated-copy-member-contact-delegator/autobyteus-agent-presentation-contracts
> tsc -p tsconfig.build.json

TAP version 13
# Subtest: normalized tagged primary identity never bridges secondary tokens
ok 1 - normalized tagged primary identity never bridges secondary tokens
  ---
  duration_ms: 0.886375
  type: 'test'
  ...
# Subtest: accepts a strict root-neutral message and rejects root identity
ok 2 - accepts a strict root-neutral message and rejects root identity
  ---
  duration_ms: 13.516666
  type: 'test'
  ...
# Subtest: accepts a background-task snapshot with a required nullable command and rejects the removed to-do message
ok 3 - accepts a background-task snapshot with a required nullable command and rejects the removed to-do message
  ---
  duration_ms: 8.059417
  type: 'test'
  ...
# Subtest: compaction carries direct diagnostics separately from provider-native identity
ok 4 - compaction carries direct diagnostics separately from provider-native identity
  ---
  duration_ms: 5.377208
  type: 'test'
  ...
# Subtest: composes the note after the user's text, steering to delegate_task, and parses it back
ok 5 - composes the note after the user's text, steering to delegate_task, and parses it back
  ---
  duration_ms: 1.65975
  type: 'test'
  ...
# Subtest: an entry already in the run is marked, and the guidance then also offers send_message_to (AC-003)
ok 6 - an entry already in the run is marked, and the guidance then also offers send_message_to (AC-003)
  ---
  duration_ms: 0.330917
  type: 'test'
  ...
# Subtest: a run-agent-only note tells the focused agent to use send_message_to and offers no delegate_task (REQ-004)
ok 7 - a run-agent-only note tells the focused agent to use send_message_to and offers no delegate_task (REQ-004)
  ---
  duration_ms: 0.230667
  type: 'test'
  ...
# Subtest: a mixed note keeps the delegate and in-run guidance, then the run-agent sentence
ok 8 - a mixed note keeps the delegate and in-run guidance, then the run-agent sentence
  ---
  duration_ms: 0.144458
  type: 'test'
  ...
# Subtest: a note whose guidance does not match its entries is not parsed
ok 9 - a note whose guidance does not match its entries is not parsed
  ---
  duration_ms: 0.226
  type: 'test'
  ...
# Subtest: notes composed by the previous release still parse (in-run and not-in-run)
ok 10 - notes composed by the previous release still parse (in-run and not-in-run)
  ---
  duration_ms: 0.131458
  type: 'test'
  ...
# Subtest: a note with no in-run mention is byte-identical to the previous release (AC-004)
ok 11 - a note with no in-run mention is byte-identical to the previous release (AC-004)
  ---
  duration_ms: 0.219542
  type: 'test'
  ...
# Subtest: a note saved with the collaborator-messaging guidance still parses
ok 12 - a note saved with the collaborator-messaging guidance still parses
  ---
  duration_ms: 0.076166
  type: 'test'
  ...
# Subtest: a note saved before the REQ-009 guidance still parses
ok 13 - a note saved before the REQ-009 guidance still parses
  ---
  duration_ms: 0.337916
  type: 'test'
  ...
# Subtest: a mention-only message is the note alone
ok 14 - a mention-only message is the note alone
  ---
  duration_ms: 0.499875
  type: 'test'
  ...
# Subtest: no collaborators leaves the text unchanged; foreign text is not parsed
ok 15 - no collaborators leaves the text unchanged; foreign text is not parsed
  ---
  duration_ms: 0.268834
  type: 'test'
  ...
# Subtest: mentions are at most 8 and unique by kind and definition
ok 16 - mentions are at most 8 and unique by kind and definition
  ---
  duration_ms: 2.811917
  type: 'test'
  ...
1..16
# tests 16
# suites 0
# pass 16
# fail 0
# cancelled 0
# skipped 0
# todo 0
# duration_ms 150.144916
