DR-006 finalized main personal artifact verification
timestamp_utc=2026-08-20T19:59:20Z
head=c57bf44b01a4f322f3241de86954e237cad58911
origin_personal=c57bf44b01a4f322f3241de86954e237cad58911
dmg_size_bytes=461190182
zip_size_bytes=457753752
dmg_sha256=8d0f1125ea4f22576bc86cabd8d83042d8836b9cc986f5cdd2917ebd9e8a640b
zip_sha256=80a1cf2f52571268cb3f21475b4d8468bda70723b7bb367181f13cca31801a69
exec_sha256=c0bf182389ea930585e3b0bf5c4f16529461e02bf3be751cb364d0e25f2257e0
bundle_id=com.autobyteus.app
short_version=1.4.52
bundle_version=1.4.52
/Users/normy/autobyteus_org/autobyteus-workspace-superrepo/autobyteus-web/electron-dist/mac-arm64/AutoByteus.app/Contents/MacOS/AutoByteus: Mach-O 64-bit executable arm64
Executable=/Users/normy/autobyteus_org/autobyteus-workspace-superrepo/autobyteus-web/electron-dist/mac-arm64/AutoByteus.app/Contents/MacOS/AutoByteus
Identifier=Electron
Format=app bundle with Mach-O thin (arm64)
CodeDirectory v=20400 size=392 flags=0x20002(adhoc,linker-signed) hashes=9+0 location=embedded
VersionPlatform=1
VersionMin=786432
VersionSDK=1704448
Hash type=sha256 size=32
CandidateCDHash sha256=183bce38eb383b21f21c2cdedcf6cd8781b11cdd
CandidateCDHashFull sha256=183bce38eb383b21f21c2cdedcf6cd8781b11cdd090f942c4eacd6c09b1112f7
Hash choices=sha256
CMSDigest=183bce38eb383b21f21c2cdedcf6cd8781b11cdd090f942c4eacd6c09b1112f7
CMSDigestType=2
Executable Segment base=0
Executable Segment limit=16384
Executable Segment flags=0x1
Page size=4096
CDHash=183bce38eb383b21f21c2cdedcf6cd8781b11cdd
Signature=adhoc
Info.plist=not bound
TeamIdentifier=not set
Sealed Resources=none
Internal requirements=none
--- DMG verify ---
Prüfsumme für Protective Master Boot Record (MBR : 0) berechnen …
Protective Master Boot Record (MBR :: Die überprüfte CRC32-Prüfsumme ist $3B3265F8
Prüfsumme für GPT Header (Primary GPT Header : 1) berechnen …
 GPT Header (Primary GPT Header : 1): Die überprüfte CRC32-Prüfsumme ist $9F54ACBB
Prüfsumme für GPT Partition Data (Primary GPT Table : 2) berechnen …
GPT Partition Data (Primary GPT Tabl: Die überprüfte CRC32-Prüfsumme ist $435BD1A0
Prüfsumme für  (Apple_Free : 3) berechnen …
                    (Apple_Free : 3): Die überprüfte CRC32-Prüfsumme ist $00000000
Prüfsumme für disk image (Apple_APFS : 4) berechnen …
         disk image (Apple_APFS : 4): Die überprüfte CRC32-Prüfsumme ist $7E86222F
Prüfsumme für  (Apple_Free : 5) berechnen …
                    (Apple_Free : 5): Die überprüfte CRC32-Prüfsumme ist $00000000
Prüfsumme für GPT Partition Data (Backup GPT Table : 6) berechnen …
GPT Partition Data (Backup GPT Table: Die überprüfte CRC32-Prüfsumme ist $435BD1A0
Prüfsumme für GPT Header (Backup GPT Header : 7) berechnen …
  GPT Header (Backup GPT Header : 7): Die überprüfte CRC32-Prüfsumme ist $E9943AE6
Die überprüfte CRC32-Prüfsumme ist $B1575332
hdiutil: verify: checksum of "/Users/normy/autobyteus_org/autobyteus-workspace-superrepo/autobyteus-web/electron-dist/AutoByteus_personal_macos-arm64-1.4.52.dmg" is VALID
dmg_verify=pass
--- ZIP integrity ---
No errors detected in compressed data of /Users/normy/autobyteus_org/autobyteus-workspace-superrepo/autobyteus-web/electron-dist/AutoByteus_personal_macos-arm64-1.4.52.zip.
zip_integrity=pass
exit_code=0
