command=pnpm test:nuxt stores/__tests__/tokenUsageMeterStore.spec.ts components/workspace/usage/__tests__/TokenUsageMeterPanel.spec.ts utils/__tests__/teamDelegatedTaskEntries.spec.ts components/workspace/team/__tests__/TeamDelegatedTaskNavigator.spec.ts components/workspace/team/__tests__/TeamDelegatedTasksSection.spec.ts components/workspace/team/__tests__/TeamDelegatedTaskItemDetail.spec.ts components/workspace/team/__tests__/TeamFocusSendWorkflow.spec.ts components/workspace/team/__tests__/TeamOverviewPanel.spec.ts localization/messages/__tests__/teamTaskLifecycleCatalog.spec.ts --run
head=6076fb2d0d192b5da38877a18c8c10e1abab3d58
origin_personal=fc5ce18bc202012280dcbf5b4bcd6c5c52948ad6

> autobyteus@1.4.52 test:nuxt /Users/normy/autobyteus_org/autobyteus-worktrees/token-statistics-persistence/autobyteus-web
> cross-env NUXT_TEST=true vitest stores/__tests__/tokenUsageMeterStore.spec.ts components/workspace/usage/__tests__/TokenUsageMeterPanel.spec.ts utils/__tests__/teamDelegatedTaskEntries.spec.ts components/workspace/team/__tests__/TeamDelegatedTaskNavigator.spec.ts components/workspace/team/__tests__/TeamDelegatedTasksSection.spec.ts components/workspace/team/__tests__/TeamDelegatedTaskItemDetail.spec.ts components/workspace/team/__tests__/TeamFocusSendWorkflow.spec.ts components/workspace/team/__tests__/TeamOverviewPanel.spec.ts localization/messages/__tests__/teamTaskLifecycleCatalog.spec.ts --run

isElectronBuild false
[Electron Module] Skipping electron module setup: BUILD_TARGET is not electron
Browserslist: browsers data (caniuse-lite) is 6 months old. Please run:
  npx update-browserslist-db@latest
  Why you should do it regularly: https://github.com/browserslist/update-db#readme

 RUN  v3.2.4 /Users/normy/autobyteus_org/autobyteus-worktrees/token-statistics-persistence/autobyteus-web

stderr | components/workspace/team/__tests__/TeamDelegatedTasksSection.spec.ts
Warning: KaTeX doesn't work in quirks mode. Make sure your website has a suitable doctype.

stderr | localization/messages/__tests__/teamTaskLifecycleCatalog.spec.ts
Warning: KaTeX doesn't work in quirks mode. Make sure your website has a suitable doctype.

stderr | stores/__tests__/tokenUsageMeterStore.spec.ts
Warning: KaTeX doesn't work in quirks mode. Make sure your website has a suitable doctype.

stderr | components/workspace/team/__tests__/TeamDelegatedTaskItemDetail.spec.ts
Warning: KaTeX doesn't work in quirks mode. Make sure your website has a suitable doctype.

stderr | components/workspace/team/__tests__/TeamOverviewPanel.spec.ts
Warning: KaTeX doesn't work in quirks mode. Make sure your website has a suitable doctype.

stderr | components/workspace/team/__tests__/TeamFocusSendWorkflow.spec.ts
Warning: KaTeX doesn't work in quirks mode. Make sure your website has a suitable doctype.

stderr | components/workspace/usage/__tests__/TokenUsageMeterPanel.spec.ts
Warning: KaTeX doesn't work in quirks mode. Make sure your website has a suitable doctype.

stderr | components/workspace/team/__tests__/TeamDelegatedTaskNavigator.spec.ts
Warning: KaTeX doesn't work in quirks mode. Make sure your website has a suitable doctype.

stderr | utils/__tests__/teamDelegatedTaskEntries.spec.ts
Warning: KaTeX doesn't work in quirks mode. Make sure your website has a suitable doctype.

stdout | components/workspace/team/__tests__/TeamDelegatedTaskItemDetail.spec.ts
serverStore: Initializing server config
serverStore: Not in Electron environment. Skipping server initialization.

stdout | components/workspace/team/__tests__/TeamDelegatedTasksSection.spec.ts
serverStore: Initializing server config
serverStore: Not in Electron environment. Skipping server initialization.

stdout | components/workspace/team/__tests__/TeamFocusSendWorkflow.spec.ts
serverStore: Initializing server config
serverStore: Not in Electron environment. Skipping server initialization.

stdout | stores/__tests__/tokenUsageMeterStore.spec.ts
serverStore: Initializing server config
serverStore: Not in Electron environment. Skipping server initialization.

stdout | components/workspace/usage/__tests__/TokenUsageMeterPanel.spec.ts
serverStore: Initializing server config
serverStore: Not in Electron environment. Skipping server initialization.

stdout | components/workspace/team/__tests__/TeamDelegatedTaskNavigator.spec.ts
serverStore: Initializing server config
serverStore: Not in Electron environment. Skipping server initialization.

stdout | components/workspace/team/__tests__/TeamOverviewPanel.spec.ts
serverStore: Initializing server config
serverStore: Not in Electron environment. Skipping server initialization.

stdout | localization/messages/__tests__/teamTaskLifecycleCatalog.spec.ts
serverStore: Initializing server config
serverStore: Not in Electron environment. Skipping server initialization.

stdout | utils/__tests__/teamDelegatedTaskEntries.spec.ts
serverStore: Initializing server config
serverStore: Not in Electron environment. Skipping server initialization.

 ✓ localization/messages/__tests__/teamTaskLifecycleCatalog.spec.ts (2 tests) 3ms
 ✓ stores/__tests__/tokenUsageMeterStore.spec.ts (9 tests) 15ms
 ✓ utils/__tests__/teamDelegatedTaskEntries.spec.ts (5 tests) 7ms
 ✓ components/workspace/team/__tests__/TeamDelegatedTaskNavigator.spec.ts (4 tests) 52ms
 ✓ components/workspace/team/__tests__/TeamDelegatedTaskItemDetail.spec.ts (8 tests) 50ms
 ✓ components/workspace/team/__tests__/TeamDelegatedTasksSection.spec.ts (5 tests) 89ms
 ✓ components/workspace/team/__tests__/TeamOverviewPanel.spec.ts (5 tests) 83ms
 ✓ components/workspace/team/__tests__/TeamFocusSendWorkflow.spec.ts (2 tests) 75ms
 ✓ components/workspace/usage/__tests__/TokenUsageMeterPanel.spec.ts (11 tests) 119ms

 Test Files  9 passed (9)
      Tests  51 passed (51)
   Start at  19:25:07
   Duration  6.90s (transform 3.64s, setup 50.11s, collect 2.63s, tests 493ms, environment 3.14s, prepare 2.02s)

exit_code=0
