head=7e8e43340b5d83547e74395c9c03ba28ee8248a2
start=2026-08-13T10:06:09Z
command=pnpm exec vitest run tests/unit/services/agent-streaming/agent-stream-websocket-egress.test.ts tests/integration/agent/team-lifecycle-websocket.integration.test.ts --no-watch


 RUN  v4.0.18 /Users/normy/autobyteus_org/autobyteus-worktrees/universal-application-framework-proposal-analysis/autobyteus-server-ts

Prisma schema loaded from prisma/schema.prisma
Datasource "db": SQLite database "autobyteus-server-test.db" at "file:/Users/normy/autobyteus_org/autobyteus-worktrees/universal-application-framework-proposal-analysis/autobyteus-server-ts/tests/.tmp/autobyteus-server-test.db"

Applying migration `20260203074245_init`
Applying migration `20260208094000_add_external_channel_tables`
Applying migration `20260209174500_add_channel_message_receipt_turn_id`
Applying migration `20260209213000_remove_agent_conversation_tables`
Applying migration `20260210101500_add_agent_avatar`
Applying migration `20260210192000_add_agent_team_avatar`
Applying migration `20260211214500_add_sync_columns_and_tombstones`
Applying migration `20260212070000_remove_workflow_definition`
Applying migration `20260309103000_add_channel_binding_launch_preset`
Applying migration `20260310153000_add_channel_binding_team_definition_id`
Applying migration `20260331102000_remove_channel_bindings_table`
Applying migration `20260331130000_receipt_lifecycle_and_remove_channel_idempotency`
Applying migration `20260517090000_add_app_data_migration_records`
Applying migration `20260624090000_add_token_usage_ledger_events`
Applying migration `20260625193000_token_usage_component_pricing_explainability`
Applying migration `20260629120000_add_token_usage_display_fields`
Applying migration `20260702093000_token_usage_execution_address`
Applying migration `20260726090000_add_secret_vault`
Applying migration `20260730090000_add_token_usage_provider_name`

Database reset successful

The following migration(s) have been applied:

migrations/
  └─ 20260203074245_init/
    └─ migration.sql
  └─ 20260208094000_add_external_channel_tables/
    └─ migration.sql
  └─ 20260209174500_add_channel_message_receipt_turn_id/
    └─ migration.sql
  └─ 20260209213000_remove_agent_conversation_tables/
    └─ migration.sql
  └─ 20260210101500_add_agent_avatar/
    └─ migration.sql
  └─ 20260210192000_add_agent_team_avatar/
    └─ migration.sql
  └─ 20260211214500_add_sync_columns_and_tombstones/
    └─ migration.sql
  └─ 20260212070000_remove_workflow_definition/
    └─ migration.sql
  └─ 20260309103000_add_channel_binding_launch_preset/
    └─ migration.sql
  └─ 20260310153000_add_channel_binding_team_definition_id/
    └─ migration.sql
  └─ 20260331102000_remove_channel_bindings_table/
    └─ migration.sql
  └─ 20260331130000_receipt_lifecycle_and_remove_channel_idempotency/
    └─ migration.sql
  └─ 20260517090000_add_app_data_migration_records/
    └─ migration.sql
  └─ 20260624090000_add_token_usage_ledger_events/
    └─ migration.sql
  └─ 20260625193000_token_usage_component_pricing_explainability/
    └─ migration.sql
  └─ 20260629120000_add_token_usage_display_fields/
    └─ migration.sql
  └─ 20260702093000_token_usage_execution_address/
    └─ migration.sql
  └─ 20260726090000_add_secret_vault/
    └─ migration.sql
  └─ 20260730090000_add_token_usage_provider_name/
    └─ migration.sql

stdout | tests/integration/agent/team-lifecycle-websocket.integration.test.ts
Successfully registered tool definition: 'read_file'
Successfully registered tool definition: 'write_file'
Successfully registered tool definition: 'edit_file'
Successfully registered tool definition: 'run_bash'
Successfully registered tool definition: 'start_background_process'
Successfully registered tool definition: 'get_background_processes'
Successfully registered tool definition: 'get_process_output'
Successfully registered tool definition: 'stop_background_process'
Successfully registered tool definition: 'search_web'
Successfully registered tool definition: 'read_media_file'
Successfully registered tool definition: 'download_media'
Successfully registered tool definition: 'read_url'
AgentFactory (Singleton) initialized.

stdout | tests/integration/agent/team-lifecycle-websocket.integration.test.ts > Team lifecycle and nested task-team WebSocket integration > keeps binary root liveness separate while live/reconnect map the same exact scoped leaf
AgentTeamRunManager initialized with MixedTeamManager-only team execution.

stdout | tests/integration/agent/team-lifecycle-websocket.integration.test.ts > Team lifecycle and nested task-team WebSocket integration > keeps binary root liveness separate while live/reconnect map the same exact scoped leaf
Agent team websocket attached for team run root-team-1
Created agent session 9cd08ced-70c6-41f7-922f-bec38f14a1e5 for run root-team-1
Agent Team WebSocket connected: session=9cd08ced-70c6-41f7-922f-bec38f14a1e5, run=root-team-1

stdout | tests/integration/agent/team-lifecycle-websocket.integration.test.ts > Team lifecycle and nested task-team WebSocket integration > keeps binary root liveness separate while live/reconnect map the same exact scoped leaf
Platform detection: Windows=false
App root directory: /Users/normy/autobyteus_org/autobyteus-worktrees/universal-application-framework-proposal-analysis/autobyteus-server-ts
App data directory: /Users/normy/autobyteus_org/autobyteus-worktrees/universal-application-framework-proposal-analysis/autobyteus-server-ts

stdout | tests/integration/agent/team-lifecycle-websocket.integration.test.ts > Team lifecycle and nested task-team WebSocket integration > keeps binary root liveness separate while live/reconnect map the same exact scoped leaf
Closed agent session 9cd08ced-70c6-41f7-922f-bec38f14a1e5

stdout | tests/integration/agent/team-lifecycle-websocket.integration.test.ts > Team lifecycle and nested task-team WebSocket integration > keeps binary root liveness separate while live/reconnect map the same exact scoped leaf
Agent Team WebSocket disconnected: 9cd08ced-70c6-41f7-922f-bec38f14a1e5

stdout | tests/integration/agent/team-lifecycle-websocket.integration.test.ts > Team lifecycle and nested task-team WebSocket integration > keeps binary root liveness separate while live/reconnect map the same exact scoped leaf
Agent team websocket attached for team run root-team-1
Created agent session 33e45dbe-d04e-413a-80cb-7bab005a3c94 for run root-team-1
Agent Team WebSocket connected: session=33e45dbe-d04e-413a-80cb-7bab005a3c94, run=root-team-1

stdout | tests/integration/agent/team-lifecycle-websocket.integration.test.ts
Closed agent session 33e45dbe-d04e-413a-80cb-7bab005a3c94

stdout | tests/integration/agent/team-lifecycle-websocket.integration.test.ts
Agent Team WebSocket disconnected: 33e45dbe-d04e-413a-80cb-7bab005a3c94

 ✓ tests/integration/agent/team-lifecycle-websocket.integration.test.ts (1 test) 418ms
     ✓ keeps binary root liveness separate while live/reconnect map the same exact scoped leaf  417ms
 ✓ tests/unit/services/agent-streaming/agent-stream-websocket-egress.test.ts (32 tests) 12ms

 Test Files  2 passed (2)
      Tests  33 passed (33)
   Start at  12:06:10
   Duration  6.00s (transform 3.29s, setup 14ms, import 4.92s, tests 429ms, environment 0ms)


rc=0
end=2026-08-13T10:06:16Z
