
 RUN  v4.0.18 /Users/normy/autobyteus_org/autobyteus-worktrees/memory-lineage-provenance-analysis/autobyteus-ts

 ✓ tests/unit/memory/compaction-response-parser.test.ts (3 tests) 4ms
 ✓ tests/unit/memory/working-context-compaction-prompt-builder.test.ts (2 tests) 4ms
 ✓ tests/unit/memory/agent-compaction-summarizer.test.ts (3 tests) 6ms
 ❯ tests/unit/memory/working-context-message-window-planner.test.ts (6 tests | 1 failed) 10ms
     ✓ compacts old canonical messages while retaining a budget-bounded recent suffix 2ms
     × includes M1 in the recurrent compactor prefix while archiving only raw-backed R2 5ms
     ✓ protects only the latest live tool-call/result group as structured messages 1ms
     ✓ keeps a multi-call protocol group protected until every call has a result 1ms
     ✓ does not let the default recent-unit floor retain all oversized natural units 0ms
     ✓ compacts a large settled active-turn prefix while protecting the live tool suffix 1ms
 ✓ tests/unit/memory/compacted-memory-context-projector.test.ts (2 tests) 4ms
 ❯ tests/unit/memory/working-context-snapshot-serializer.test.ts (4 tests | 1 failed) 10ms
     × round-trips finalized v5 messages, UTF-16 ranges, media, and native tool structures 6ms
     ✓ rejects pre-v5 roots and identity-bearing or unknown root fields 1ms
     ✓ rejects invalid, overlapping, or out-of-bounds constituent ranges 2ms
     ✓ normalizes non-JSON tool results without introducing a second schema path 1ms
 ✓ tests/unit/memory/compaction-result-normalizer.test.ts (2 tests) 3ms
 ✓ tests/unit/memory/working-context-tool-protocol-repairer.test.ts (3 tests) 3ms
 ✓ tests/unit/memory/structured-json-compaction-strategy.test.ts (3 tests) 6ms
 ✓ tests/unit/memory/working-context-compaction-strategy-registry.test.ts (6 tests) 12ms
 ✓ tests/unit/memory/working-context-snapshot-bootstrapper.test.ts (4 tests) 17ms
 ✓ tests/integration/memory/working-context-snapshot-restore.test.ts (1 test) 21ms
 ✓ tests/unit/memory/file-store.test.ts (8 tests) 20ms
 ❯ tests/unit/memory/memory-manager-working-context-snapshot-persistence.test.ts (3 tests | 1 failed) 13ms
     ✓ persists on replaceWorkingContext 3ms
     ✓ persists after ingestAssistantResponse 2ms
     × persists enriched assistant/tool provenance through controlled message replacement 6ms

⎯⎯⎯⎯⎯⎯⎯ Failed Tests 3 ⎯⎯⎯⎯⎯⎯⎯

 FAIL  tests/unit/memory/memory-manager-working-context-snapshot-persistence.test.ts > MemoryManager working context snapshot persistence > persists enriched assistant/tool provenance through controlled message replacement
AssertionError: expected false to be true // Object.is equality

- Expected
+ Received

- true
+ false

 ❯ tests/unit/memory/memory-manager-working-context-snapshot-persistence.test.ts:84:68
     82|       expect(provenance?.kind).toBe('single');
     83|       expect(provenance?.kind === 'single' ? provenance.rawTraceIds : …
     84|       expect(WorkingContextSnapshotSerializer.validate(persisted)).toB…
       |                                                                    ^
     85|     } finally {
     86|       fs.rmSync(tempDir, { recursive: true, force: true });

⎯⎯⎯⎯⎯⎯⎯⎯⎯⎯⎯⎯⎯⎯⎯⎯⎯⎯⎯⎯⎯⎯⎯⎯[1/3]⎯

 FAIL  tests/unit/memory/working-context-message-window-planner.test.ts > WorkingContextMessageWindowPlanner > includes M1 in the recurrent compactor prefix while archiving only raw-backed R2
AssertionError: expected [ 'compacted_memory', 'message', …(1) ] to deeply equal [ 'compacted_memory', 'message' ]

- Expected
+ Received

  [
    "compacted_memory",
    "message",
+   "message",
  ]

 ❯ tests/unit/memory/working-context-message-window-planner.test.ts:70:59
     68|     });
     69| 
     70|     expect(plan.compactableUnits.map(({ kind }) => kind)).toEqual([
       |                                                           ^
     71|       'compacted_memory',
     72|       'message',

⎯⎯⎯⎯⎯⎯⎯⎯⎯⎯⎯⎯⎯⎯⎯⎯⎯⎯⎯⎯⎯⎯⎯⎯[2/3]⎯

 FAIL  tests/unit/memory/working-context-snapshot-serializer.test.ts > WorkingContextSnapshotSerializer > round-trips finalized v5 messages, UTF-16 ranges, media, and native tool structures
AssertionError: expected false to be true // Object.is equality

- Expected
+ Received

- true
+ false

 ❯ tests/unit/memory/working-context-snapshot-serializer.test.ts:55:67
     53|     const serialized = payload();
     54| 
     55|     expect(WorkingContextSnapshotSerializer.validate(serialized)).toBe…
       |                                                                   ^
     56|     expect(Object.keys(serialized)).toEqual(['schema_version', 'agent_…
     57|     expect(JSON.stringify(serialized)).not.toContain('compactionId');

⎯⎯⎯⎯⎯⎯⎯⎯⎯⎯⎯⎯⎯⎯⎯⎯⎯⎯⎯⎯⎯⎯⎯⎯[3/3]⎯


 Test Files  3 failed | 11 passed (14)
      Tests  3 failed | 47 passed (50)
   Start at  17:29:06
   Duration  421ms (transform 1.15s, setup 163ms, import 1.55s, tests 134ms, environment 1ms)

