2026-08-12T14:08:06Z attempt=1
Android APK Release	in_progress		31605085872	https://github.com/AutoByteus/autobyteus-workspace/actions/runs/31605085872
Desktop Release	in_progress		31605085922	https://github.com/AutoByteus/autobyteus-workspace/actions/runs/31605085922
Release Messaging Gateway	queued		31605085763	https://github.com/AutoByteus/autobyteus-workspace/actions/runs/31605085763
Server Docker Release	in_progress		31605085749	https://github.com/AutoByteus/autobyteus-workspace/actions/runs/31605085749
iOS App Store Connect Release	in_progress		31605085828	https://github.com/AutoByteus/autobyteus-workspace/actions/runs/31605085828
2026-08-12T14:08:37Z attempt=2
Android APK Release	in_progress		31605085872	https://github.com/AutoByteus/autobyteus-workspace/actions/runs/31605085872
Desktop Release	in_progress		31605085922	https://github.com/AutoByteus/autobyteus-workspace/actions/runs/31605085922
Release Messaging Gateway	in_progress		31605085763	https://github.com/AutoByteus/autobyteus-workspace/actions/runs/31605085763
Server Docker Release	in_progress		31605085749	https://github.com/AutoByteus/autobyteus-workspace/actions/runs/31605085749
iOS App Store Connect Release	in_progress		31605085828	https://github.com/AutoByteus/autobyteus-workspace/actions/runs/31605085828
2026-08-12T14:09:09Z attempt=3
Android APK Release	in_progress		31605085872	https://github.com/AutoByteus/autobyteus-workspace/actions/runs/31605085872
Desktop Release	in_progress		31605085922	https://github.com/AutoByteus/autobyteus-workspace/actions/runs/31605085922
Release Messaging Gateway	in_progress		31605085763	https://github.com/AutoByteus/autobyteus-workspace/actions/runs/31605085763
Server Docker Release	in_progress		31605085749	https://github.com/AutoByteus/autobyteus-workspace/actions/runs/31605085749
iOS App Store Connect Release	in_progress		31605085828	https://github.com/AutoByteus/autobyteus-workspace/actions/runs/31605085828
2026-08-12T14:09:40Z attempt=4
Android APK Release	in_progress		31605085872	https://github.com/AutoByteus/autobyteus-workspace/actions/runs/31605085872
Desktop Release	in_progress		31605085922	https://github.com/AutoByteus/autobyteus-workspace/actions/runs/31605085922
Release Messaging Gateway	in_progress		31605085763	https://github.com/AutoByteus/autobyteus-workspace/actions/runs/31605085763
Server Docker Release	in_progress		31605085749	https://github.com/AutoByteus/autobyteus-workspace/actions/runs/31605085749
iOS App Store Connect Release	in_progress		31605085828	https://github.com/AutoByteus/autobyteus-workspace/actions/runs/31605085828
2026-08-12T14:10:10Z attempt=5
Android APK Release	in_progress		31605085872	https://github.com/AutoByteus/autobyteus-workspace/actions/runs/31605085872
Desktop Release	in_progress		31605085922	https://github.com/AutoByteus/autobyteus-workspace/actions/runs/31605085922
Release Messaging Gateway	in_progress		31605085763	https://github.com/AutoByteus/autobyteus-workspace/actions/runs/31605085763
Server Docker Release	in_progress		31605085749	https://github.com/AutoByteus/autobyteus-workspace/actions/runs/31605085749
iOS App Store Connect Release	in_progress		31605085828	https://github.com/AutoByteus/autobyteus-workspace/actions/runs/31605085828
2026-08-12T14:10:41Z attempt=6
Android APK Release	in_progress		31605085872	https://github.com/AutoByteus/autobyteus-workspace/actions/runs/31605085872
Desktop Release	in_progress		31605085922	https://github.com/AutoByteus/autobyteus-workspace/actions/runs/31605085922
Release Messaging Gateway	completed	success	31605085763	https://github.com/AutoByteus/autobyteus-workspace/actions/runs/31605085763
Server Docker Release	in_progress		31605085749	https://github.com/AutoByteus/autobyteus-workspace/actions/runs/31605085749
iOS App Store Connect Release	in_progress		31605085828	https://github.com/AutoByteus/autobyteus-workspace/actions/runs/31605085828
2026-08-12T14:11:12Z attempt=7
Android APK Release	completed	success	31605085872	https://github.com/AutoByteus/autobyteus-workspace/actions/runs/31605085872
Desktop Release	in_progress		31605085922	https://github.com/AutoByteus/autobyteus-workspace/actions/runs/31605085922
Release Messaging Gateway	completed	success	31605085763	https://github.com/AutoByteus/autobyteus-workspace/actions/runs/31605085763
Server Docker Release	in_progress		31605085749	https://github.com/AutoByteus/autobyteus-workspace/actions/runs/31605085749
iOS App Store Connect Release	in_progress		31605085828	https://github.com/AutoByteus/autobyteus-workspace/actions/runs/31605085828
2026-08-12T14:11:43Z attempt=8
Android APK Release	completed	success	31605085872	https://github.com/AutoByteus/autobyteus-workspace/actions/runs/31605085872
Desktop Release	in_progress		31605085922	https://github.com/AutoByteus/autobyteus-workspace/actions/runs/31605085922
Release Messaging Gateway	completed	success	31605085763	https://github.com/AutoByteus/autobyteus-workspace/actions/runs/31605085763
Server Docker Release	in_progress		31605085749	https://github.com/AutoByteus/autobyteus-workspace/actions/runs/31605085749
iOS App Store Connect Release	in_progress		31605085828	https://github.com/AutoByteus/autobyteus-workspace/actions/runs/31605085828
2026-08-12T14:12:14Z attempt=9
Android APK Release	completed	success	31605085872	https://github.com/AutoByteus/autobyteus-workspace/actions/runs/31605085872
Desktop Release	in_progress		31605085922	https://github.com/AutoByteus/autobyteus-workspace/actions/runs/31605085922
Release Messaging Gateway	completed	success	31605085763	https://github.com/AutoByteus/autobyteus-workspace/actions/runs/31605085763
Server Docker Release	in_progress		31605085749	https://github.com/AutoByteus/autobyteus-workspace/actions/runs/31605085749
iOS App Store Connect Release	in_progress		31605085828	https://github.com/AutoByteus/autobyteus-workspace/actions/runs/31605085828
2026-08-12T14:12:45Z attempt=10
Android APK Release	completed	success	31605085872	https://github.com/AutoByteus/autobyteus-workspace/actions/runs/31605085872
Desktop Release	in_progress		31605085922	https://github.com/AutoByteus/autobyteus-workspace/actions/runs/31605085922
Release Messaging Gateway	completed	success	31605085763	https://github.com/AutoByteus/autobyteus-workspace/actions/runs/31605085763
Server Docker Release	in_progress		31605085749	https://github.com/AutoByteus/autobyteus-workspace/actions/runs/31605085749
iOS App Store Connect Release	in_progress		31605085828	https://github.com/AutoByteus/autobyteus-workspace/actions/runs/31605085828
2026-08-12T14:13:16Z attempt=11
Android APK Release	completed	success	31605085872	https://github.com/AutoByteus/autobyteus-workspace/actions/runs/31605085872
Desktop Release	in_progress		31605085922	https://github.com/AutoByteus/autobyteus-workspace/actions/runs/31605085922
Release Messaging Gateway	completed	success	31605085763	https://github.com/AutoByteus/autobyteus-workspace/actions/runs/31605085763
Server Docker Release	in_progress		31605085749	https://github.com/AutoByteus/autobyteus-workspace/actions/runs/31605085749
iOS App Store Connect Release	in_progress		31605085828	https://github.com/AutoByteus/autobyteus-workspace/actions/runs/31605085828
2026-08-12T14:13:47Z attempt=12
Android APK Release	completed	success	31605085872	https://github.com/AutoByteus/autobyteus-workspace/actions/runs/31605085872
Desktop Release	in_progress		31605085922	https://github.com/AutoByteus/autobyteus-workspace/actions/runs/31605085922
Release Messaging Gateway	completed	success	31605085763	https://github.com/AutoByteus/autobyteus-workspace/actions/runs/31605085763
Server Docker Release	in_progress		31605085749	https://github.com/AutoByteus/autobyteus-workspace/actions/runs/31605085749
iOS App Store Connect Release	in_progress		31605085828	https://github.com/AutoByteus/autobyteus-workspace/actions/runs/31605085828
2026-08-12T14:14:18Z attempt=13
Android APK Release	completed	success	31605085872	https://github.com/AutoByteus/autobyteus-workspace/actions/runs/31605085872
Desktop Release	in_progress		31605085922	https://github.com/AutoByteus/autobyteus-workspace/actions/runs/31605085922
Release Messaging Gateway	completed	success	31605085763	https://github.com/AutoByteus/autobyteus-workspace/actions/runs/31605085763
Server Docker Release	in_progress		31605085749	https://github.com/AutoByteus/autobyteus-workspace/actions/runs/31605085749
iOS App Store Connect Release	in_progress		31605085828	https://github.com/AutoByteus/autobyteus-workspace/actions/runs/31605085828
2026-08-12T14:14:49Z attempt=14
Android APK Release	completed	success	31605085872	https://github.com/AutoByteus/autobyteus-workspace/actions/runs/31605085872
Desktop Release	in_progress		31605085922	https://github.com/AutoByteus/autobyteus-workspace/actions/runs/31605085922
Release Messaging Gateway	completed	success	31605085763	https://github.com/AutoByteus/autobyteus-workspace/actions/runs/31605085763
Server Docker Release	in_progress		31605085749	https://github.com/AutoByteus/autobyteus-workspace/actions/runs/31605085749
iOS App Store Connect Release	in_progress		31605085828	https://github.com/AutoByteus/autobyteus-workspace/actions/runs/31605085828
2026-08-12T14:15:20Z attempt=15
Android APK Release	completed	success	31605085872	https://github.com/AutoByteus/autobyteus-workspace/actions/runs/31605085872
Desktop Release	in_progress		31605085922	https://github.com/AutoByteus/autobyteus-workspace/actions/runs/31605085922
Release Messaging Gateway	completed	success	31605085763	https://github.com/AutoByteus/autobyteus-workspace/actions/runs/31605085763
Server Docker Release	in_progress		31605085749	https://github.com/AutoByteus/autobyteus-workspace/actions/runs/31605085749
iOS App Store Connect Release	in_progress		31605085828	https://github.com/AutoByteus/autobyteus-workspace/actions/runs/31605085828
2026-08-12T14:15:51Z attempt=16
Android APK Release	completed	success	31605085872	https://github.com/AutoByteus/autobyteus-workspace/actions/runs/31605085872
Desktop Release	in_progress		31605085922	https://github.com/AutoByteus/autobyteus-workspace/actions/runs/31605085922
Release Messaging Gateway	completed	success	31605085763	https://github.com/AutoByteus/autobyteus-workspace/actions/runs/31605085763
Server Docker Release	in_progress		31605085749	https://github.com/AutoByteus/autobyteus-workspace/actions/runs/31605085749
iOS App Store Connect Release	in_progress		31605085828	https://github.com/AutoByteus/autobyteus-workspace/actions/runs/31605085828
2026-08-12T14:16:22Z attempt=17
Android APK Release	completed	success	31605085872	https://github.com/AutoByteus/autobyteus-workspace/actions/runs/31605085872
Desktop Release	in_progress		31605085922	https://github.com/AutoByteus/autobyteus-workspace/actions/runs/31605085922
Release Messaging Gateway	completed	success	31605085763	https://github.com/AutoByteus/autobyteus-workspace/actions/runs/31605085763
Server Docker Release	in_progress		31605085749	https://github.com/AutoByteus/autobyteus-workspace/actions/runs/31605085749
iOS App Store Connect Release	in_progress		31605085828	https://github.com/AutoByteus/autobyteus-workspace/actions/runs/31605085828
2026-08-12T14:16:53Z attempt=18
Android APK Release	completed	success	31605085872	https://github.com/AutoByteus/autobyteus-workspace/actions/runs/31605085872
Desktop Release	in_progress		31605085922	https://github.com/AutoByteus/autobyteus-workspace/actions/runs/31605085922
Release Messaging Gateway	completed	success	31605085763	https://github.com/AutoByteus/autobyteus-workspace/actions/runs/31605085763
Server Docker Release	in_progress		31605085749	https://github.com/AutoByteus/autobyteus-workspace/actions/runs/31605085749
iOS App Store Connect Release	in_progress		31605085828	https://github.com/AutoByteus/autobyteus-workspace/actions/runs/31605085828
2026-08-12T14:17:24Z attempt=19
Android APK Release	completed	success	31605085872	https://github.com/AutoByteus/autobyteus-workspace/actions/runs/31605085872
Desktop Release	in_progress		31605085922	https://github.com/AutoByteus/autobyteus-workspace/actions/runs/31605085922
Release Messaging Gateway	completed	success	31605085763	https://github.com/AutoByteus/autobyteus-workspace/actions/runs/31605085763
Server Docker Release	in_progress		31605085749	https://github.com/AutoByteus/autobyteus-workspace/actions/runs/31605085749
iOS App Store Connect Release	in_progress		31605085828	https://github.com/AutoByteus/autobyteus-workspace/actions/runs/31605085828
2026-08-12T14:17:55Z attempt=20
Android APK Release	completed	success	31605085872	https://github.com/AutoByteus/autobyteus-workspace/actions/runs/31605085872
Desktop Release	in_progress		31605085922	https://github.com/AutoByteus/autobyteus-workspace/actions/runs/31605085922
Release Messaging Gateway	completed	success	31605085763	https://github.com/AutoByteus/autobyteus-workspace/actions/runs/31605085763
Server Docker Release	in_progress		31605085749	https://github.com/AutoByteus/autobyteus-workspace/actions/runs/31605085749
iOS App Store Connect Release	in_progress		31605085828	https://github.com/AutoByteus/autobyteus-workspace/actions/runs/31605085828
2026-08-12T14:18:26Z attempt=21
Android APK Release	completed	success	31605085872	https://github.com/AutoByteus/autobyteus-workspace/actions/runs/31605085872
Desktop Release	in_progress		31605085922	https://github.com/AutoByteus/autobyteus-workspace/actions/runs/31605085922
Release Messaging Gateway	completed	success	31605085763	https://github.com/AutoByteus/autobyteus-workspace/actions/runs/31605085763
Server Docker Release	in_progress		31605085749	https://github.com/AutoByteus/autobyteus-workspace/actions/runs/31605085749
iOS App Store Connect Release	in_progress		31605085828	https://github.com/AutoByteus/autobyteus-workspace/actions/runs/31605085828
2026-08-12T14:18:57Z attempt=22
Android APK Release	completed	success	31605085872	https://github.com/AutoByteus/autobyteus-workspace/actions/runs/31605085872
Desktop Release	in_progress		31605085922	https://github.com/AutoByteus/autobyteus-workspace/actions/runs/31605085922
Release Messaging Gateway	completed	success	31605085763	https://github.com/AutoByteus/autobyteus-workspace/actions/runs/31605085763
Server Docker Release	in_progress		31605085749	https://github.com/AutoByteus/autobyteus-workspace/actions/runs/31605085749
iOS App Store Connect Release	in_progress		31605085828	https://github.com/AutoByteus/autobyteus-workspace/actions/runs/31605085828
2026-08-12T14:19:27Z attempt=23
Android APK Release	completed	success	31605085872	https://github.com/AutoByteus/autobyteus-workspace/actions/runs/31605085872
Desktop Release	in_progress		31605085922	https://github.com/AutoByteus/autobyteus-workspace/actions/runs/31605085922
Release Messaging Gateway	completed	success	31605085763	https://github.com/AutoByteus/autobyteus-workspace/actions/runs/31605085763
Server Docker Release	in_progress		31605085749	https://github.com/AutoByteus/autobyteus-workspace/actions/runs/31605085749
iOS App Store Connect Release	completed	failure	31605085828	https://github.com/AutoByteus/autobyteus-workspace/actions/runs/31605085828
2026-08-12T14:19:58Z attempt=24
Android APK Release	completed	success	31605085872	https://github.com/AutoByteus/autobyteus-workspace/actions/runs/31605085872
Desktop Release	in_progress		31605085922	https://github.com/AutoByteus/autobyteus-workspace/actions/runs/31605085922
Release Messaging Gateway	completed	success	31605085763	https://github.com/AutoByteus/autobyteus-workspace/actions/runs/31605085763
Server Docker Release	in_progress		31605085749	https://github.com/AutoByteus/autobyteus-workspace/actions/runs/31605085749
iOS App Store Connect Release	completed	failure	31605085828	https://github.com/AutoByteus/autobyteus-workspace/actions/runs/31605085828
2026-08-12T14:20:29Z attempt=25
Android APK Release	completed	success	31605085872	https://github.com/AutoByteus/autobyteus-workspace/actions/runs/31605085872
Desktop Release	in_progress		31605085922	https://github.com/AutoByteus/autobyteus-workspace/actions/runs/31605085922
Release Messaging Gateway	completed	success	31605085763	https://github.com/AutoByteus/autobyteus-workspace/actions/runs/31605085763
Server Docker Release	in_progress		31605085749	https://github.com/AutoByteus/autobyteus-workspace/actions/runs/31605085749
iOS App Store Connect Release	completed	failure	31605085828	https://github.com/AutoByteus/autobyteus-workspace/actions/runs/31605085828
2026-08-12T14:21:00Z attempt=26
Android APK Release	completed	success	31605085872	https://github.com/AutoByteus/autobyteus-workspace/actions/runs/31605085872
Desktop Release	in_progress		31605085922	https://github.com/AutoByteus/autobyteus-workspace/actions/runs/31605085922
Release Messaging Gateway	completed	success	31605085763	https://github.com/AutoByteus/autobyteus-workspace/actions/runs/31605085763
Server Docker Release	in_progress		31605085749	https://github.com/AutoByteus/autobyteus-workspace/actions/runs/31605085749
iOS App Store Connect Release	completed	failure	31605085828	https://github.com/AutoByteus/autobyteus-workspace/actions/runs/31605085828
2026-08-12T14:21:32Z attempt=27
Android APK Release	completed	success	31605085872	https://github.com/AutoByteus/autobyteus-workspace/actions/runs/31605085872
Desktop Release	in_progress		31605085922	https://github.com/AutoByteus/autobyteus-workspace/actions/runs/31605085922
Release Messaging Gateway	completed	success	31605085763	https://github.com/AutoByteus/autobyteus-workspace/actions/runs/31605085763
Server Docker Release	in_progress		31605085749	https://github.com/AutoByteus/autobyteus-workspace/actions/runs/31605085749
iOS App Store Connect Release	completed	failure	31605085828	https://github.com/AutoByteus/autobyteus-workspace/actions/runs/31605085828
2026-08-12T14:22:03Z attempt=28
Android APK Release	completed	success	31605085872	https://github.com/AutoByteus/autobyteus-workspace/actions/runs/31605085872
Desktop Release	in_progress		31605085922	https://github.com/AutoByteus/autobyteus-workspace/actions/runs/31605085922
Release Messaging Gateway	completed	success	31605085763	https://github.com/AutoByteus/autobyteus-workspace/actions/runs/31605085763
Server Docker Release	in_progress		31605085749	https://github.com/AutoByteus/autobyteus-workspace/actions/runs/31605085749
iOS App Store Connect Release	completed	failure	31605085828	https://github.com/AutoByteus/autobyteus-workspace/actions/runs/31605085828
2026-08-12T14:22:34Z attempt=29
Android APK Release	completed	success	31605085872	https://github.com/AutoByteus/autobyteus-workspace/actions/runs/31605085872
Desktop Release	in_progress		31605085922	https://github.com/AutoByteus/autobyteus-workspace/actions/runs/31605085922
Release Messaging Gateway	completed	success	31605085763	https://github.com/AutoByteus/autobyteus-workspace/actions/runs/31605085763
Server Docker Release	in_progress		31605085749	https://github.com/AutoByteus/autobyteus-workspace/actions/runs/31605085749
iOS App Store Connect Release	in_progress		31605085828	https://github.com/AutoByteus/autobyteus-workspace/actions/runs/31605085828
2026-08-12T14:23:05Z attempt=30
Android APK Release	completed	success	31605085872	https://github.com/AutoByteus/autobyteus-workspace/actions/runs/31605085872
Desktop Release	in_progress		31605085922	https://github.com/AutoByteus/autobyteus-workspace/actions/runs/31605085922
Release Messaging Gateway	completed	success	31605085763	https://github.com/AutoByteus/autobyteus-workspace/actions/runs/31605085763
Server Docker Release	in_progress		31605085749	https://github.com/AutoByteus/autobyteus-workspace/actions/runs/31605085749
iOS App Store Connect Release	in_progress		31605085828	https://github.com/AutoByteus/autobyteus-workspace/actions/runs/31605085828
2026-08-12T14:23:36Z attempt=31
Android APK Release	completed	success	31605085872	https://github.com/AutoByteus/autobyteus-workspace/actions/runs/31605085872
Desktop Release	in_progress		31605085922	https://github.com/AutoByteus/autobyteus-workspace/actions/runs/31605085922
Release Messaging Gateway	completed	success	31605085763	https://github.com/AutoByteus/autobyteus-workspace/actions/runs/31605085763
Server Docker Release	in_progress		31605085749	https://github.com/AutoByteus/autobyteus-workspace/actions/runs/31605085749
iOS App Store Connect Release	in_progress		31605085828	https://github.com/AutoByteus/autobyteus-workspace/actions/runs/31605085828
2026-08-12T14:24:07Z attempt=32
Android APK Release	completed	success	31605085872	https://github.com/AutoByteus/autobyteus-workspace/actions/runs/31605085872
Desktop Release	in_progress		31605085922	https://github.com/AutoByteus/autobyteus-workspace/actions/runs/31605085922
Release Messaging Gateway	completed	success	31605085763	https://github.com/AutoByteus/autobyteus-workspace/actions/runs/31605085763
Server Docker Release	in_progress		31605085749	https://github.com/AutoByteus/autobyteus-workspace/actions/runs/31605085749
iOS App Store Connect Release	in_progress		31605085828	https://github.com/AutoByteus/autobyteus-workspace/actions/runs/31605085828
2026-08-12T14:24:38Z attempt=33
Android APK Release	completed	success	31605085872	https://github.com/AutoByteus/autobyteus-workspace/actions/runs/31605085872
Desktop Release	in_progress		31605085922	https://github.com/AutoByteus/autobyteus-workspace/actions/runs/31605085922
Release Messaging Gateway	completed	success	31605085763	https://github.com/AutoByteus/autobyteus-workspace/actions/runs/31605085763
Server Docker Release	in_progress		31605085749	https://github.com/AutoByteus/autobyteus-workspace/actions/runs/31605085749
iOS App Store Connect Release	in_progress		31605085828	https://github.com/AutoByteus/autobyteus-workspace/actions/runs/31605085828
2026-08-12T14:25:09Z attempt=34
Android APK Release	completed	success	31605085872	https://github.com/AutoByteus/autobyteus-workspace/actions/runs/31605085872
Desktop Release	in_progress		31605085922	https://github.com/AutoByteus/autobyteus-workspace/actions/runs/31605085922
Release Messaging Gateway	completed	success	31605085763	https://github.com/AutoByteus/autobyteus-workspace/actions/runs/31605085763
Server Docker Release	in_progress		31605085749	https://github.com/AutoByteus/autobyteus-workspace/actions/runs/31605085749
iOS App Store Connect Release	in_progress		31605085828	https://github.com/AutoByteus/autobyteus-workspace/actions/runs/31605085828
2026-08-12T14:25:40Z attempt=35
Android APK Release	completed	success	31605085872	https://github.com/AutoByteus/autobyteus-workspace/actions/runs/31605085872
Desktop Release	in_progress		31605085922	https://github.com/AutoByteus/autobyteus-workspace/actions/runs/31605085922
Release Messaging Gateway	completed	success	31605085763	https://github.com/AutoByteus/autobyteus-workspace/actions/runs/31605085763
Server Docker Release	in_progress		31605085749	https://github.com/AutoByteus/autobyteus-workspace/actions/runs/31605085749
iOS App Store Connect Release	in_progress		31605085828	https://github.com/AutoByteus/autobyteus-workspace/actions/runs/31605085828
2026-08-12T14:26:12Z attempt=36
Android APK Release	completed	success	31605085872	https://github.com/AutoByteus/autobyteus-workspace/actions/runs/31605085872
Desktop Release	completed	success	31605085922	https://github.com/AutoByteus/autobyteus-workspace/actions/runs/31605085922
Release Messaging Gateway	completed	success	31605085763	https://github.com/AutoByteus/autobyteus-workspace/actions/runs/31605085763
Server Docker Release	in_progress		31605085749	https://github.com/AutoByteus/autobyteus-workspace/actions/runs/31605085749
iOS App Store Connect Release	in_progress		31605085828	https://github.com/AutoByteus/autobyteus-workspace/actions/runs/31605085828
2026-08-12T14:26:43Z attempt=37
Android APK Release	completed	success	31605085872	https://github.com/AutoByteus/autobyteus-workspace/actions/runs/31605085872
Desktop Release	completed	success	31605085922	https://github.com/AutoByteus/autobyteus-workspace/actions/runs/31605085922
Release Messaging Gateway	completed	success	31605085763	https://github.com/AutoByteus/autobyteus-workspace/actions/runs/31605085763
Server Docker Release	in_progress		31605085749	https://github.com/AutoByteus/autobyteus-workspace/actions/runs/31605085749
iOS App Store Connect Release	in_progress		31605085828	https://github.com/AutoByteus/autobyteus-workspace/actions/runs/31605085828
2026-08-12T14:27:14Z attempt=38
Android APK Release	completed	success	31605085872	https://github.com/AutoByteus/autobyteus-workspace/actions/runs/31605085872
Desktop Release	completed	success	31605085922	https://github.com/AutoByteus/autobyteus-workspace/actions/runs/31605085922
Release Messaging Gateway	completed	success	31605085763	https://github.com/AutoByteus/autobyteus-workspace/actions/runs/31605085763
Server Docker Release	in_progress		31605085749	https://github.com/AutoByteus/autobyteus-workspace/actions/runs/31605085749
iOS App Store Connect Release	in_progress		31605085828	https://github.com/AutoByteus/autobyteus-workspace/actions/runs/31605085828
2026-08-12T14:27:45Z attempt=39
Android APK Release	completed	success	31605085872	https://github.com/AutoByteus/autobyteus-workspace/actions/runs/31605085872
Desktop Release	completed	success	31605085922	https://github.com/AutoByteus/autobyteus-workspace/actions/runs/31605085922
Release Messaging Gateway	completed	success	31605085763	https://github.com/AutoByteus/autobyteus-workspace/actions/runs/31605085763
Server Docker Release	in_progress		31605085749	https://github.com/AutoByteus/autobyteus-workspace/actions/runs/31605085749
iOS App Store Connect Release	in_progress		31605085828	https://github.com/AutoByteus/autobyteus-workspace/actions/runs/31605085828
2026-08-12T14:28:16Z attempt=40
Android APK Release	completed	success	31605085872	https://github.com/AutoByteus/autobyteus-workspace/actions/runs/31605085872
Desktop Release	completed	success	31605085922	https://github.com/AutoByteus/autobyteus-workspace/actions/runs/31605085922
Release Messaging Gateway	completed	success	31605085763	https://github.com/AutoByteus/autobyteus-workspace/actions/runs/31605085763
Server Docker Release	in_progress		31605085749	https://github.com/AutoByteus/autobyteus-workspace/actions/runs/31605085749
iOS App Store Connect Release	in_progress		31605085828	https://github.com/AutoByteus/autobyteus-workspace/actions/runs/31605085828
all_tag_workflows_completed=false timeout=true
2026-08-12T14:28:59Z attempt=41
Android APK Release	completed	success	31605085872	https://github.com/AutoByteus/autobyteus-workspace/actions/runs/31605085872
Desktop Release	completed	success	31605085922	https://github.com/AutoByteus/autobyteus-workspace/actions/runs/31605085922
Release Messaging Gateway	completed	success	31605085763	https://github.com/AutoByteus/autobyteus-workspace/actions/runs/31605085763
Server Docker Release	in_progress		31605085749	https://github.com/AutoByteus/autobyteus-workspace/actions/runs/31605085749
iOS App Store Connect Release	in_progress		31605085828	https://github.com/AutoByteus/autobyteus-workspace/actions/runs/31605085828
2026-08-12T14:29:30Z attempt=42
Android APK Release	completed	success	31605085872	https://github.com/AutoByteus/autobyteus-workspace/actions/runs/31605085872
Desktop Release	completed	success	31605085922	https://github.com/AutoByteus/autobyteus-workspace/actions/runs/31605085922
Release Messaging Gateway	completed	success	31605085763	https://github.com/AutoByteus/autobyteus-workspace/actions/runs/31605085763
Server Docker Release	in_progress		31605085749	https://github.com/AutoByteus/autobyteus-workspace/actions/runs/31605085749
iOS App Store Connect Release	in_progress		31605085828	https://github.com/AutoByteus/autobyteus-workspace/actions/runs/31605085828
2026-08-12T14:30:01Z attempt=43
Android APK Release	completed	success	31605085872	https://github.com/AutoByteus/autobyteus-workspace/actions/runs/31605085872
Desktop Release	completed	success	31605085922	https://github.com/AutoByteus/autobyteus-workspace/actions/runs/31605085922
Release Messaging Gateway	completed	success	31605085763	https://github.com/AutoByteus/autobyteus-workspace/actions/runs/31605085763
Server Docker Release	in_progress		31605085749	https://github.com/AutoByteus/autobyteus-workspace/actions/runs/31605085749
iOS App Store Connect Release	in_progress		31605085828	https://github.com/AutoByteus/autobyteus-workspace/actions/runs/31605085828
2026-08-12T14:30:33Z attempt=44
Android APK Release	completed	success	31605085872	https://github.com/AutoByteus/autobyteus-workspace/actions/runs/31605085872
Desktop Release	completed	success	31605085922	https://github.com/AutoByteus/autobyteus-workspace/actions/runs/31605085922
Release Messaging Gateway	completed	success	31605085763	https://github.com/AutoByteus/autobyteus-workspace/actions/runs/31605085763
Server Docker Release	in_progress		31605085749	https://github.com/AutoByteus/autobyteus-workspace/actions/runs/31605085749
iOS App Store Connect Release	in_progress		31605085828	https://github.com/AutoByteus/autobyteus-workspace/actions/runs/31605085828
2026-08-12T14:31:04Z attempt=45
Android APK Release	completed	success	31605085872	https://github.com/AutoByteus/autobyteus-workspace/actions/runs/31605085872
Desktop Release	completed	success	31605085922	https://github.com/AutoByteus/autobyteus-workspace/actions/runs/31605085922
Release Messaging Gateway	completed	success	31605085763	https://github.com/AutoByteus/autobyteus-workspace/actions/runs/31605085763
Server Docker Release	in_progress		31605085749	https://github.com/AutoByteus/autobyteus-workspace/actions/runs/31605085749
iOS App Store Connect Release	in_progress		31605085828	https://github.com/AutoByteus/autobyteus-workspace/actions/runs/31605085828
2026-08-12T14:31:35Z attempt=46
Android APK Release	completed	success	31605085872	https://github.com/AutoByteus/autobyteus-workspace/actions/runs/31605085872
Desktop Release	completed	success	31605085922	https://github.com/AutoByteus/autobyteus-workspace/actions/runs/31605085922
Release Messaging Gateway	completed	success	31605085763	https://github.com/AutoByteus/autobyteus-workspace/actions/runs/31605085763
Server Docker Release	in_progress		31605085749	https://github.com/AutoByteus/autobyteus-workspace/actions/runs/31605085749
iOS App Store Connect Release	in_progress		31605085828	https://github.com/AutoByteus/autobyteus-workspace/actions/runs/31605085828
2026-08-12T14:32:06Z attempt=47
Android APK Release	completed	success	31605085872	https://github.com/AutoByteus/autobyteus-workspace/actions/runs/31605085872
Desktop Release	completed	success	31605085922	https://github.com/AutoByteus/autobyteus-workspace/actions/runs/31605085922
Release Messaging Gateway	completed	success	31605085763	https://github.com/AutoByteus/autobyteus-workspace/actions/runs/31605085763
Server Docker Release	in_progress		31605085749	https://github.com/AutoByteus/autobyteus-workspace/actions/runs/31605085749
iOS App Store Connect Release	in_progress		31605085828	https://github.com/AutoByteus/autobyteus-workspace/actions/runs/31605085828
2026-08-12T14:32:38Z attempt=48
Android APK Release	completed	success	31605085872	https://github.com/AutoByteus/autobyteus-workspace/actions/runs/31605085872
Desktop Release	completed	success	31605085922	https://github.com/AutoByteus/autobyteus-workspace/actions/runs/31605085922
Release Messaging Gateway	completed	success	31605085763	https://github.com/AutoByteus/autobyteus-workspace/actions/runs/31605085763
Server Docker Release	in_progress		31605085749	https://github.com/AutoByteus/autobyteus-workspace/actions/runs/31605085749
iOS App Store Connect Release	in_progress		31605085828	https://github.com/AutoByteus/autobyteus-workspace/actions/runs/31605085828
2026-08-12T14:33:09Z attempt=49
Android APK Release	completed	success	31605085872	https://github.com/AutoByteus/autobyteus-workspace/actions/runs/31605085872
Desktop Release	completed	success	31605085922	https://github.com/AutoByteus/autobyteus-workspace/actions/runs/31605085922
Release Messaging Gateway	completed	success	31605085763	https://github.com/AutoByteus/autobyteus-workspace/actions/runs/31605085763
Server Docker Release	in_progress		31605085749	https://github.com/AutoByteus/autobyteus-workspace/actions/runs/31605085749
iOS App Store Connect Release	in_progress		31605085828	https://github.com/AutoByteus/autobyteus-workspace/actions/runs/31605085828
2026-08-12T14:33:40Z attempt=50
Android APK Release	completed	success	31605085872	https://github.com/AutoByteus/autobyteus-workspace/actions/runs/31605085872
Desktop Release	completed	success	31605085922	https://github.com/AutoByteus/autobyteus-workspace/actions/runs/31605085922
Release Messaging Gateway	completed	success	31605085763	https://github.com/AutoByteus/autobyteus-workspace/actions/runs/31605085763
Server Docker Release	in_progress		31605085749	https://github.com/AutoByteus/autobyteus-workspace/actions/runs/31605085749
iOS App Store Connect Release	in_progress		31605085828	https://github.com/AutoByteus/autobyteus-workspace/actions/runs/31605085828
2026-08-12T14:34:11Z attempt=51
Android APK Release	completed	success	31605085872	https://github.com/AutoByteus/autobyteus-workspace/actions/runs/31605085872
Desktop Release	completed	success	31605085922	https://github.com/AutoByteus/autobyteus-workspace/actions/runs/31605085922
Release Messaging Gateway	completed	success	31605085763	https://github.com/AutoByteus/autobyteus-workspace/actions/runs/31605085763
Server Docker Release	in_progress		31605085749	https://github.com/AutoByteus/autobyteus-workspace/actions/runs/31605085749
iOS App Store Connect Release	in_progress		31605085828	https://github.com/AutoByteus/autobyteus-workspace/actions/runs/31605085828
2026-08-12T14:34:42Z attempt=52
Android APK Release	completed	success	31605085872	https://github.com/AutoByteus/autobyteus-workspace/actions/runs/31605085872
Desktop Release	completed	success	31605085922	https://github.com/AutoByteus/autobyteus-workspace/actions/runs/31605085922
Release Messaging Gateway	completed	success	31605085763	https://github.com/AutoByteus/autobyteus-workspace/actions/runs/31605085763
Server Docker Release	completed	success	31605085749	https://github.com/AutoByteus/autobyteus-workspace/actions/runs/31605085749
iOS App Store Connect Release	in_progress		31605085828	https://github.com/AutoByteus/autobyteus-workspace/actions/runs/31605085828
2026-08-12T14:35:12Z attempt=53
Android APK Release	completed	success	31605085872	https://github.com/AutoByteus/autobyteus-workspace/actions/runs/31605085872
Desktop Release	completed	success	31605085922	https://github.com/AutoByteus/autobyteus-workspace/actions/runs/31605085922
Release Messaging Gateway	completed	success	31605085763	https://github.com/AutoByteus/autobyteus-workspace/actions/runs/31605085763
Server Docker Release	completed	success	31605085749	https://github.com/AutoByteus/autobyteus-workspace/actions/runs/31605085749
iOS App Store Connect Release	in_progress		31605085828	https://github.com/AutoByteus/autobyteus-workspace/actions/runs/31605085828
2026-08-12T14:35:44Z attempt=54
Android APK Release	completed	success	31605085872	https://github.com/AutoByteus/autobyteus-workspace/actions/runs/31605085872
Desktop Release	completed	success	31605085922	https://github.com/AutoByteus/autobyteus-workspace/actions/runs/31605085922
Release Messaging Gateway	completed	success	31605085763	https://github.com/AutoByteus/autobyteus-workspace/actions/runs/31605085763
Server Docker Release	completed	success	31605085749	https://github.com/AutoByteus/autobyteus-workspace/actions/runs/31605085749
iOS App Store Connect Release	completed	success	31605085828	https://github.com/AutoByteus/autobyteus-workspace/actions/runs/31605085828
all_tag_workflows_completed=true
