
> autobyteus@1.4.93-beta.2 test:e2e:composer-voice-lifetime /Users/normy/autobyteus_org/autobyteus-worktrees/voice-recording-unexpected-stop-analysis/autobyteus-web
> node tests/e2e/composer-voice-lifetime-probe.mjs --output-dir ../tickets/in-progress/voice-recording-unexpected-stop-analysis/evidence/api001-browser-attempt1 --ledger-file /Users/normy/autobyteus_org/autobyteus-worktrees/voice-recording-unexpected-stop-analysis/tickets/in-progress/voice-recording-unexpected-stop-analysis/api-e2e-test-case-ledger.md

locator.fill: Timeout 30000ms exceeded.
Call log:
[2m  - waiting for getByTestId('composer').getByRole('textbox')[22m

    at open (/Users/normy/autobyteus_org/autobyteus-worktrees/voice-recording-unexpected-stop-analysis/autobyteus-web/tests/e2e/composer-voice-lifetime-probe.mjs:62:37)
    at async file:///Users/normy/autobyteus_org/autobyteus-worktrees/voice-recording-unexpected-stop-analysis/autobyteus-web/tests/e2e/composer-voice-lifetime-probe.mjs:146:5
    at async scenario (/Users/normy/autobyteus_org/autobyteus-worktrees/voice-recording-unexpected-stop-analysis/autobyteus-web/tests/e2e/composer-voice-lifetime-probe.mjs:98:26)
    at async file:///Users/normy/autobyteus_org/autobyteus-worktrees/voice-recording-unexpected-stop-analysis/autobyteus-web/tests/e2e/composer-voice-lifetime-probe.mjs:145:3 {
  name: 'TimeoutError'
}
{
  "result": "Fail",
  "evidencePath": "/Users/normy/autobyteus_org/autobyteus-worktrees/voice-recording-unexpected-stop-analysis/tickets/in-progress/voice-recording-unexpected-stop-analysis/evidence/api001-browser-attempt1/evidence.json",
  "cases": {
    "B-001": "Fail"
  },
  "cleanup": {
    "renderer": {
      "kind": "run",
      "visible": true,
      "focused": "lead",
      "starting": false,
      "recording": false,
      "transcribing": false,
      "captureStats": false,
      "level": 0,
      "pendingMedia": false,
      "pendingIpc": false,
      "publications": 0,
      "wrappersChanged": 0,
      "sends": 0,
      "stops": 0,
      "cancellations": 0,
      "ipc": 0,
      "tracks": [],
      "audioContexts": [],
      "wavs": [],
      "error": null,
      "leadDraft": "",
      "reviewerDraft": ""
    },
    "browser": {
      "result": "closed",
      "pid": 29404
    },
    "dev": {
      "result": "terminated",
      "pid": 29360,
      "exitCode": 0,
      "signal": null,
      "groupExited": true,
      "portClosed": true
    },
    "page": "removed"
  }
}
 ELIFECYCLE  Command failed with exit code 1.
