node:internal/modules/cjs/loader:1430
  const err = new Error(message);
              ^

Error: Cannot find module 'playwright-core'
Require stack:
- /Users/normy/autobyteus_org/autobyteus-worktrees/quick-launch-config-override/tickets/in-progress/quick-launch-config-override/api-e2e-evidence/quick-launch-browser-probe.mjs
    at Function._resolveFilename (node:internal/modules/cjs/loader:1430:15)
    at defaultResolveImpl (node:internal/modules/cjs/loader:1040:19)
    at resolveForCJSWithHooks (node:internal/modules/cjs/loader:1045:22)
    at Function._load (node:internal/modules/cjs/loader:1216:25)
    at wrapModuleLoad (node:internal/modules/cjs/loader:254:19)
    at Module.require (node:internal/modules/cjs/loader:1527:12)
    at require (node:internal/modules/helpers:147:16)
    at file:///Users/normy/autobyteus_org/autobyteus-worktrees/quick-launch-config-override/tickets/in-progress/quick-launch-config-override/api-e2e-evidence/quick-launch-browser-probe.mjs:14:22
    at ModuleJob.run (node:internal/modules/esm/module_job:343:25)
    at async onImport.tracePromise.__proto__ (node:internal/modules/esm/loader:681:26) {
  code: 'MODULE_NOT_FOUND',
  requireStack: [
    '/Users/normy/autobyteus_org/autobyteus-worktrees/quick-launch-config-override/tickets/in-progress/quick-launch-config-override/api-e2e-evidence/quick-launch-browser-probe.mjs'
  ]
}

Node.js v22.23.1
===== RETRY AFTER RESOLVING PLAYWRIGHT FROM FRONTEND PACKAGE =====

===== RETRY AFTER FIXING PROBE CATALOG ACCUMULATION =====
