--- health ---
HTTP/1.1 200 OK
vary: Origin
content-type: application/json; charset=utf-8
content-length: 45
Date: Fri, 17 Jul 2026 13:40:54 GMT
Connection: keep-alive
Keep-Alive: timeout=72

{"status":"ok","message":"Server is running"}
--- relative workspace content ---
HTTP/1.1 200 OK
vary: Origin
content-type: text/plain
Date: Fri, 17 Jul 2026 13:40:54 GMT
Connection: keep-alive
Keep-Alive: timeout=72
Transfer-Encoding: chunked

event-monitor-live-fixture-r4

--- absolute outside workspace ---
HTTP/1.1 400 Bad Request
vary: Origin
content-type: application/json; charset=utf-8
content-length: 73
Date: Fri, 17 Jul 2026 13:40:54 GMT
Connection: keep-alive
Keep-Alive: timeout=72

{"detail":"Access denied: Path resolves outside the workspace boundary."}
--- traversal ---
HTTP/1.1 400 Bad Request
vary: Origin
content-type: application/json; charset=utf-8
content-length: 73
Date: Fri, 17 Jul 2026 13:40:54 GMT
Connection: keep-alive
Keep-Alive: timeout=72

{"detail":"Access denied: Path resolves outside the workspace boundary."}
--- placeholder path ---
HTTP/1.1 400 Bad Request
vary: Origin
content-type: application/json; charset=utf-8
content-length: 73
Date: Fri, 17 Jul 2026 13:40:54 GMT
Connection: keep-alive
Keep-Alive: timeout=72

{"detail":"Access denied: Path resolves outside the workspace boundary."}