isElectronBuild false
[Electron Module] Skipping electron module setup: BUILD_TARGET is not electron

 RUN  v3.2.4 /Users/normy/autobyteus_org/autobyteus-worktrees/event-monitor-absolute-path-file-preview/autobyteus-web

stdout | components/conversation/segments/__tests__/SystemTaskNotificationSegment.spec.ts
serverStore: Initializing server config
serverStore: Not in Electron environment. Skipping server initialization.

stdout | components/mobile/__tests__/MobileArtifactsContentViewerIntegration.spec.ts
serverStore: Initializing server config
serverStore: Not in Electron environment. Skipping server initialization.

stdout | composables/__tests__/useRightPanel.spec.ts
serverStore: Initializing server config
serverStore: Not in Electron environment. Skipping server initialization.

stdout | components/mobile/__tests__/MobileFileViewer.spec.ts
serverStore: Initializing server config
serverStore: Not in Electron environment. Skipping server initialization.

stdout | components/conversation/segments/__tests__/InterAgentMessageSegment.spec.ts
serverStore: Initializing server config
serverStore: Not in Electron environment. Skipping server initialization.

stdout | components/workspace/agent/__tests__/ArtifactsTab.spec.ts
serverStore: Initializing server config
serverStore: Not in Electron environment. Skipping server initialization.

stdout | components/mobile/__tests__/MobileArtifacts.spec.ts
serverStore: Initializing server config
serverStore: Not in Electron environment. Skipping server initialization.

stdout | components/mobile/__tests__/MobileFiles.spec.ts
serverStore: Initializing server config
serverStore: Not in Electron environment. Skipping server initialization.

stdout | components/workspace/agent/__tests__/ArtifactContentViewer.spec.ts
serverStore: Initializing server config
serverStore: Not in Electron environment. Skipping server initialization.

··························································stdout | components/workspace/agent/__tests__/ArtifactList.spec.ts
serverStore: Initializing server config
serverStore: Not in Electron environment. Skipping server initialization.

stdout | components/conversation/__tests__/AIMessage.spec.ts
serverStore: Initializing server config
serverStore: Not in Electron environment. Skipping server initialization.

····stdout | components/workspace/agent/__tests__/AgentConversationFeed.spec.ts
serverStore: Initializing server config
serverStore: Not in Electron environment. Skipping server initialization.

stdout | components/fileExplorer/__tests__/FileExplorerTabs.spec.ts
serverStore: Initializing server config
serverStore: Not in Electron environment. Skipping server initialization.

stdout | components/fileExplorer/__tests__/FileViewer.spec.ts
serverStore: Initializing server config
serverStore: Not in Electron environment. Skipping server initialization.

stdout | components/conversation/__tests__/UserMessage.spec.ts
serverStore: Initializing server config
serverStore: Not in Electron environment. Skipping server initialization.

stdout | components/workspace/agent/__tests__/AgentEventMonitor.spec.ts
serverStore: Initializing server config
serverStore: Not in Electron environment. Skipping server initialization.

····stdout | stores/__tests__/fileExplorerNodeRouting.spec.ts
serverStore: Initializing server config
serverStore: Not in Electron environment. Skipping server initialization.

·stdout | stores/__tests__/mobileWorkStore.spec.ts
serverStore: Initializing server config
serverStore: Not in Electron environment. Skipping server initialization.

stdout | stores/__tests__/fileExplorerNodeRouting.spec.ts > fileExplorerStore node routing behavior > uses bound REST URL for absolute local-looking media paths in remote windows
[FileExplorer] Opening file: /tmp/screenshot.png

stdout | stores/__tests__/fileExplorerNodeRouting.spec.ts > fileExplorerStore node routing behavior > uses bound REST URL for absolute local-looking media paths in remote windows
[FileExplorer] Determined file type for "/tmp/screenshot.png": Image
[FileExplorer] Pushed new initial file state: {
  path: '/tmp/screenshot.png',
  type: 'Image',
  mode: 'edit',
  accessIntent: null,
  content: null,
  url: null,
  relativeResourceContext: null,
  isLoading: true,
  error: null
}
[FileExplorer] Handling as a workspace path.
[FileExplorer] Constructed absolute media URL for "/tmp/screenshot.png": https://node.example/rest/workspaces/ws-1/content?path=%2Ftmp%2Fscreenshot.png

stdout | stores/__tests__/fileExplorerNodeRouting.spec.ts > fileExplorerStore node routing behavior > uses local-file protocol for embedded window local media paths
[FileExplorer] Opening file: /tmp/screenshot.png

stdout | stores/__tests__/fileExplorerNodeRouting.spec.ts > fileExplorerStore node routing behavior > uses local-file protocol for embedded window local media paths
[FileExplorer] Determined file type for "/tmp/screenshot.png": Image
[FileExplorer] Pushed new initial file state: {
  path: '/tmp/screenshot.png',
  type: 'Image',
  mode: 'edit',
  accessIntent: null,
  content: null,
  url: null,
  relativeResourceContext: null,
  isLoading: true,
  error: null
}
[FileExplorer] Handling as a local absolute path in Electron.
[FileExplorer] Constructed local media URL: local-file:///tmp/screenshot.png

stdout | stores/__tests__/fileExplorerNodeRouting.spec.ts > fileExplorerStore node routing behavior > uses the bound workspace route for an embedded sentinel without Electron
[FileExplorer] Opening file: /tmp/notes.md

stdout | stores/__tests__/fileExplorerNodeRouting.spec.ts > fileExplorerStore node routing behavior > uses the bound workspace route for an embedded sentinel without Electron
[FileExplorer] Determined file type for "/tmp/notes.md": Text
[FileExplorer] Pushed new initial file state: {
  path: '/tmp/notes.md',
  type: 'Text',
  mode: 'edit',
  accessIntent: null,
  content: null,
  url: null,
  relativeResourceContext: null,
  isLoading: true,
  error: null
}
[FileExplorer] Handling as a workspace path.
[FileExplorer] Fetching text content for "/tmp/notes.md" via GraphQL.

stdout | stores/__tests__/fileExplorerNodeRouting.spec.ts > fileExplorerStore node routing behavior > uses the bound workspace route for embedded-sentinel media without Electron
[FileExplorer] Opening file: /tmp/screenshot.png

stdout | stores/__tests__/fileExplorerNodeRouting.spec.ts > fileExplorerStore node routing behavior > uses the bound workspace route for embedded-sentinel media without Electron
[FileExplorer] Determined file type for "/tmp/screenshot.png": Image
[FileExplorer] Pushed new initial file state: {
  path: '/tmp/screenshot.png',
  type: 'Image',
  mode: 'edit',
  accessIntent: null,
  content: null,
  url: null,
  relativeResourceContext: null,
  isLoading: true,
  error: null
}
[FileExplorer] Handling as a workspace path.
[FileExplorer] Constructed absolute media URL for "/tmp/screenshot.png": https://node.example/rest/workspaces/ws-1/content?path=%2Ftmp%2Fscreenshot.png

stdout | stores/__tests__/fileExplorerNodeRouting.spec.ts > fileExplorerStore node routing behavior > does not read, construct a URL, or fetch workspace content for Unsupported files
[FileExplorer] Opening file: /tmp/archive.zip

stdout | stores/__tests__/fileExplorerNodeRouting.spec.ts > fileExplorerStore node routing behavior > does not read, construct a URL, or fetch workspace content for Unsupported files
[FileExplorer] Determined file type for "/tmp/archive.zip": Unsupported
[FileExplorer] Pushed new initial file state: {
  path: '/tmp/archive.zip',
  type: 'Unsupported',
  mode: 'edit',
  accessIntent: null,
  content: null,
  url: null,
  relativeResourceContext: null,
  isLoading: true,
  error: null
}
[FileExplorer] Handling as a local absolute path in Electron.

·····stdout | stores/__tests__/fileExplorerNodeRouting.spec.ts > fileExplorerStore node routing behavior > routes supported Lua code through the text reader instead of Unsupported
[FileExplorer] Opening file: /tmp/script.lua

stdout | stores/__tests__/fileExplorerNodeRouting.spec.ts > fileExplorerStore node routing behavior > routes supported Lua code through the text reader instead of Unsupported
[FileExplorer] Determined file type for "/tmp/script.lua": Text
[FileExplorer] Pushed new initial file state: {
  path: '/tmp/script.lua',
  type: 'Text',
  mode: 'edit',
  accessIntent: null,
  content: null,
  url: null,
  relativeResourceContext: null,
  isLoading: true,
  error: null
}
[FileExplorer] Handling as a local absolute path in Electron.

·····················

 Test Files  18 passed (18)
      Tests  93 passed (93)
   Start at  13:26:42
   Duration  8.61s (transform 3.32s, setup 59.79s, collect 2.94s, tests 749ms, environment 4.70s, prepare 3.35s)

