
> autobyteus-workspace@ release /home/ryan-ai/SSD/autobyteus_org_workspace/autobyteus-workspace-superrepo
> bash scripts/desktop-release.sh release 1.3.80 -- --release-notes tickets/done/focus-only-view-mode-simplification/release-notes.md

Updating autobyteus-web/package.json: 1.3.79 -> 1.3.80
Updating autobyteus-message-gateway/package.json: 1.3.79 -> 1.3.80
Synced curated release notes to .github/release-notes/release-notes.md
Syncing managed messaging release manifest to v1.3.80
[32mSynced default release manifest: /home/ryan-ai/SSD/autobyteus_org_workspace/autobyteus-workspace-superrepo/autobyteus-server-ts/src/managed-capabilities/messaging-gateway/release-manifest.json[0m
[32mRelease tag: v1.3.80[0m
[32mServer version: 0.1.1[0m
[personal 6e49226b] chore(release): bump workspace release version to 1.3.80
 4 files changed, 13 insertions(+), 16 deletions(-)
 rewrite .github/release-notes/release-notes.md (96%)
remote: 
remote: GitHub found 578 vulnerabilities on AutoByteus/autobyteus-workspace's default branch (14 critical, 237 high, 277 moderate, 50 low). To find out more, visit:        
remote:      https://github.com/AutoByteus/autobyteus-workspace/security/dependabot        
remote: 
To github.com:AutoByteus/autobyteus-workspace.git
   7e34cdb4..6e49226b  personal -> personal
To github.com:AutoByteus/autobyteus-workspace.git
 * [new tag]           v1.3.80 -> v1.3.80
Release complete and pushed: branch 'personal', tag 'v1.3.80'.
