Delivery DR-002 final metadata audit
timestamp_utc=2026-08-30T16:39:18Z
branch=personal
personal=e24f4d17356b5f2a2b913a48596fee06e0b51af0
origin_personal=e24f4d17356b5f2a2b913a48596fee06e0b51af0
+ ticket archive presence and in-progress absence
ticket_archive_state=pass
+ authoritative delivery artifacts
tickets/done/send-message-delegate-task-semantics/requirements-doc.md
tickets/done/send-message-delegate-task-semantics/investigation-notes.md
tickets/done/send-message-delegate-task-semantics/requirements-revision-record.md
tickets/done/send-message-delegate-task-semantics/agent-team-collaboration-contract.md
tickets/done/send-message-delegate-task-semantics/orchestration-decision-table.md
tickets/done/send-message-delegate-task-semantics/design-spec.md
tickets/done/send-message-delegate-task-semantics/architecture-design-revision-record.md
tickets/done/send-message-delegate-task-semantics/design-review-report.md
tickets/done/send-message-delegate-task-semantics/architecture-review-revision-record.md
tickets/done/send-message-delegate-task-semantics/implementation-handoff.md
tickets/done/send-message-delegate-task-semantics/implementation-revision-record.md
tickets/done/send-message-delegate-task-semantics/code-review-report.md
tickets/done/send-message-delegate-task-semantics/code-review-revision-record.md
tickets/done/send-message-delegate-task-semantics/api-e2e-coverage-investigation.md
tickets/done/send-message-delegate-task-semantics/api-e2e-execution-coverage-report.md
tickets/done/send-message-delegate-task-semantics/api-e2e-revision-record.md
tickets/done/send-message-delegate-task-semantics/api-e2e-test-review-report.md
tickets/done/send-message-delegate-task-semantics/docs-sync-report.md
tickets/done/send-message-delegate-task-semantics/handoff-summary.md
tickets/done/send-message-delegate-task-semantics/release-notes.md
tickets/done/send-message-delegate-task-semantics/delivery-release-deployment-report.md
tickets/done/send-message-delegate-task-semantics/delivery-revision-record.md
+ target containment
target_containment=pass
+ ticket worktree/branch cleanup state
worktree_absent=pass
local_branch_absent=pass
remote_branch_absent=pass
+ reported object strict health recheck
reported_object_health=pass
+ no-release version state
autobyteus_web_version=1.4.62
+ git diff --check
+ metadata worktree status
## personal...origin/personal
 M tickets/done/send-message-delegate-task-semantics/delivery-release-deployment-report.md
 M tickets/done/send-message-delegate-task-semantics/delivery-revision-record.md
 M tickets/done/send-message-delegate-task-semantics/docs-sync-report.md
 M tickets/done/send-message-delegate-task-semantics/handoff-summary.md
?? tickets/done/send-message-delegate-task-semantics/delivery-evidence/dr-002/final-metadata-audit.log
?? tickets/done/send-message-delegate-task-semantics/delivery-evidence/dr-002/finalization-and-cleanup.log
final_audit_exit=0
