
> autobyteus@1.4.93-beta.2 test:nuxt /Users/normy/autobyteus_org/autobyteus-worktrees/antigravity-marketing-turn-failure/autobyteus-web
> cross-env NUXT_TEST=true vitest components/conversation/segments/__tests__/ErrorSegment.spec.ts services/agentStreaming/handlers/__tests__/agentStatusHandler.spec.ts tests/integration/web-boundary-guard.integration.test.ts services/agentStreaming/__tests__/AgentStreamingService.spec.ts services/agentStreaming/__tests__/TeamStreamingService.spec.ts services/agentStreaming/__tests__/agentStreamMessageProjector.spec.ts --run

isElectronBuild false
[Electron Module] Skipping electron module setup: BUILD_TARGET is not electron
Browserslist: browsers data (caniuse-lite) is 8 months old. Please run:
  npx update-browserslist-db@latest
  Why you should do it regularly: https://github.com/browserslist/update-db#readme

 RUN  v3.2.4 /Users/normy/autobyteus_org/autobyteus-worktrees/antigravity-marketing-turn-failure/autobyteus-web

stderr | services/agentStreaming/__tests__/AgentStreamingService.spec.ts
Warning: KaTeX doesn't work in quirks mode. Make sure your website has a suitable doctype.

stderr | services/agentStreaming/__tests__/agentStreamMessageProjector.spec.ts
Warning: KaTeX doesn't work in quirks mode. Make sure your website has a suitable doctype.

stderr | services/agentStreaming/__tests__/TeamStreamingService.spec.ts
Warning: KaTeX doesn't work in quirks mode. Make sure your website has a suitable doctype.

stderr | tests/integration/web-boundary-guard.integration.test.ts
Warning: KaTeX doesn't work in quirks mode. Make sure your website has a suitable doctype.

stderr | services/agentStreaming/handlers/__tests__/agentStatusHandler.spec.ts
Warning: KaTeX doesn't work in quirks mode. Make sure your website has a suitable doctype.

stderr | components/conversation/segments/__tests__/ErrorSegment.spec.ts
Warning: KaTeX doesn't work in quirks mode. Make sure your website has a suitable doctype.

stdout | components/conversation/segments/__tests__/ErrorSegment.spec.ts
serverStore: Initializing server config
serverStore: Not in Electron environment. Skipping server initialization.

stdout | services/agentStreaming/__tests__/TeamStreamingService.spec.ts
serverStore: Initializing server config
serverStore: Not in Electron environment. Skipping server initialization.

stdout | services/agentStreaming/__tests__/agentStreamMessageProjector.spec.ts
serverStore: Initializing server config
serverStore: Not in Electron environment. Skipping server initialization.

stdout | services/agentStreaming/__tests__/AgentStreamingService.spec.ts
serverStore: Initializing server config
serverStore: Not in Electron environment. Skipping server initialization.

stdout | tests/integration/web-boundary-guard.integration.test.ts
serverStore: Initializing server config
serverStore: Not in Electron environment. Skipping server initialization.

stdout | services/agentStreaming/handlers/__tests__/agentStatusHandler.spec.ts
serverStore: Initializing server config
serverStore: Not in Electron environment. Skipping server initialization.

 ✓ components/conversation/segments/__tests__/ErrorSegment.spec.ts (5 tests) 13ms
 ✓ services/agentStreaming/handlers/__tests__/agentStatusHandler.spec.ts (23 tests) 9ms
 ✓ tests/integration/web-boundary-guard.integration.test.ts (3 tests) 133ms
 ✓ services/agentStreaming/__tests__/agentStreamMessageProjector.spec.ts (3 tests) 9ms
stdout | services/agentStreaming/__tests__/TeamStreamingService.spec.ts > TeamStreamingService current AgentRun event dispatch > becomes ready only after the exact connected root and complete authoritative snapshot
Team WebSocket transport connected

stdout | services/agentStreaming/__tests__/AgentStreamingService.spec.ts > AgentStreamingService > does not convert transport errors into lifecycle errors
Agent WebSocket disconnected: network reset

stderr | services/agentStreaming/__tests__/AgentStreamingService.spec.ts > AgentStreamingService > does not convert transport errors into lifecycle errors
Agent WebSocket error: Error: socket failed
    at /Users/normy/autobyteus_org/autobyteus-worktrees/antigravity-marketing-turn-failure/autobyteus-web/services/agentStreaming/__tests__/AgentStreamingService.spec.ts:239:38
    at file:///Users/normy/autobyteus_org/autobyteus-worktrees/antigravity-marketing-turn-failure/node_modules/.pnpm/@vitest+runner@3.2.4/node_modules/@vitest/runner/dist/chunk-hooks.js:155:11
    at file:///Users/normy/autobyteus_org/autobyteus-worktrees/antigravity-marketing-turn-failure/node_modules/.pnpm/@vitest+runner@3.2.4/node_modules/@vitest/runner/dist/chunk-hooks.js:752:26
    at file:///Users/normy/autobyteus_org/autobyteus-worktrees/antigravity-marketing-turn-failure/node_modules/.pnpm/@vitest+runner@3.2.4/node_modules/@vitest/runner/dist/chunk-hooks.js:1897:20
    at new Promise (<anonymous>)
    at runWithTimeout (file:///Users/normy/autobyteus_org/autobyteus-worktrees/antigravity-marketing-turn-failure/node_modules/.pnpm/@vitest+runner@3.2.4/node_modules/@vitest/runner/dist/chunk-hooks.js:1863:10)
    at runTest (file:///Users/normy/autobyteus_org/autobyteus-worktrees/antigravity-marketing-turn-failure/node_modules/.pnpm/@vitest+runner@3.2.4/node_modules/@vitest/runner/dist/chunk-hooks.js:1574:12)
    at processTicksAndRejections (node:internal/process/task_queues:103:5)
    at runSuite (file:///Users/normy/autobyteus_org/autobyteus-worktrees/antigravity-marketing-turn-failure/node_modules/.pnpm/@vitest+runner@3.2.4/node_modules/@vitest/runner/dist/chunk-hooks.js:1729:8)
    at runSuite (file:///Users/normy/autobyteus_org/autobyteus-worktrees/antigravity-marketing-turn-failure/node_modules/.pnpm/@vitest+runner@3.2.4/node_modules/@vitest/runner/dist/chunk-hooks.js:1729:8)

stderr | services/agentStreaming/__tests__/AgentStreamingService.spec.ts > AgentStreamingService > serializes and exactly matches an admitted standalone interrupt
Ignoring unmatched interrupt command acknowledgement. {
  command_type: 'INTERRUPT_GENERATION',
  command_id: 'client_interrupt_1',
  state: 'accepted',
  target: { target_kind: 'standalone_run', run_id: 'wrong-run' }
}

stdout | services/agentStreaming/__tests__/AgentStreamingService.spec.ts > AgentStreamingService > completes reentrant disconnect-plus-send-throw exactly once
Agent WebSocket disconnected: socket closed
Agent WebSocket disconnected: again

stdout | services/agentStreaming/__tests__/AgentStreamingService.spec.ts > AgentStreamingService > keeps immediately projected content on each context across replacement and remote disconnect
Agent WebSocket disconnected: remote closed

 ✓ services/agentStreaming/__tests__/AgentStreamingService.spec.ts (35 tests) 27ms
stderr | services/agentStreaming/__tests__/TeamStreamingService.spec.ts > TeamStreamingService current AgentRun event dispatch > acts on the first rejected gap effect once and cannot revive the failed instance
Rejected Team execution message (TEAM_EXECUTION_CHANGE_SEQUENCE_GAP): Expected change sequence 1, received 2.

stderr | services/agentStreaming/__tests__/TeamStreamingService.spec.ts > TeamStreamingService current AgentRun event dispatch > rejects and stops a candidate whose snapshot base does not match
Rejected invalid Team WebSocket message: Error: TEAM_STREAM_SNAPSHOT_BASE_MISMATCH: Expected 7, received 8.
    at TeamStreamingService.dispatchMessage (/Users/normy/autobyteus_org/autobyteus-worktrees/antigravity-marketing-turn-failure/autobyteus-web/services/agentStreaming/TeamStreamingService.ts:331:15)
    at handleMessage (/Users/normy/autobyteus_org/autobyteus-worktrees/antigravity-marketing-turn-failure/autobyteus-web/services/agentStreaming/TeamStreamingService.ts:261:16)
    at emit (/Users/normy/autobyteus_org/autobyteus-worktrees/antigravity-marketing-turn-failure/autobyteus-web/services/agentStreaming/__tests__/TeamStreamingService.spec.ts:69:31)
    at /Users/normy/autobyteus_org/autobyteus-worktrees/antigravity-marketing-turn-failure/autobyteus-web/services/agentStreaming/__tests__/TeamStreamingService.spec.ts:412:5
    at file:///Users/normy/autobyteus_org/autobyteus-worktrees/antigravity-marketing-turn-failure/node_modules/.pnpm/@vitest+runner@3.2.4/node_modules/@vitest/runner/dist/chunk-hooks.js:155:11
    at file:///Users/normy/autobyteus_org/autobyteus-worktrees/antigravity-marketing-turn-failure/node_modules/.pnpm/@vitest+runner@3.2.4/node_modules/@vitest/runner/dist/chunk-hooks.js:752:26
    at file:///Users/normy/autobyteus_org/autobyteus-worktrees/antigravity-marketing-turn-failure/node_modules/.pnpm/@vitest+runner@3.2.4/node_modules/@vitest/runner/dist/chunk-hooks.js:1897:20
    at new Promise (<anonymous>)
    at runWithTimeout (file:///Users/normy/autobyteus_org/autobyteus-worktrees/antigravity-marketing-turn-failure/node_modules/.pnpm/@vitest+runner@3.2.4/node_modules/@vitest/runner/dist/chunk-hooks.js:1863:10)
    at runTest (file:///Users/normy/autobyteus_org/autobyteus-worktrees/antigravity-marketing-turn-failure/node_modules/.pnpm/@vitest+runner@3.2.4/node_modules/@vitest/runner/dist/chunk-hooks.js:1574:12)

 ✓ services/agentStreaming/__tests__/TeamStreamingService.spec.ts (13 tests) 37ms

 Test Files  6 passed (6)
      Tests  82 passed (82)
   Start at  14:59:08
   Duration  6.80s (transform 3.44s, setup 34.76s, collect 883ms, tests 228ms, environment 1.75s, prepare 1.06s)

