
> autobyteus@1.4.52 dev /Users/normy/autobyteus_org/autobyteus-worktrees/team-run-offline-delete-action/autobyteus-web
> nuxt dev --host 0.0.0.0 --host 127.0.0.1 --port 13000

│
●  Nuxt 3.21.1 (with Nitro 2.13.1, Vite 7.3.1 and Vue 3.5.28)

  ➜ Local:    http://127.0.0.1:13000/
  ➜ Network:  use --host to expose

isElectronBuild false
[Electron Module] Skipping electron module setup: BUILD_TARGET is not electron
ℹ Re-optimizing dependencies because vite config has changed
✔ Vite client built in 196ms
✔ Vite server built in 143ms

 WARN  Browserslist: browsers data (caniuse-lite) is 6 months old. Please run:
  npx update-browserslist-db@latest
  Why you should do it regularly: https://github.com/browserslist/update-db#readme

[nitro] ✔ Nuxt Nitro server built in 2475ms
ℹ Vite client warmed up in 0ms
ℹ ✨ new dependencies optimized: crypto-js/sha256, @iconify/vue, @monaco-editor/loader, vue-pdf-embed, xlsx, zod, markdown-it, dompurify, katex, @mdit/plugin-katex, mermaid, prismjs, prismjs/components/prism-markup, prismjs/components/prism-css, prismjs/components/prism-clike, prismjs/components/prism-javascript, prismjs/components/prism-markdown, prismjs/components/prism-markup-templating, prismjs/components/prism-typescript, prismjs/components/prism-jsx, prismjs/components/prism-python, prismjs/components/prism-ruby, prismjs/components/prism-php, prismjs/components/prism-json
ℹ ✨ optimized dependencies changed. reloading
ℹ ✨ new dependencies optimized: chart.js, qrcode
ℹ ✨ optimized dependencies changed. reloading
ℹ ✨ new dependencies optimized: @xterm/xterm, @xterm/addon-fit, @novnc/novnc
ℹ ✨ optimized dependencies changed. reloading
ℹ hmr update /components/workspace/history/WorkspaceAgentRunsTreePanel.vue
ℹ hmr update /components/workspace/history/WorkspaceHistoryWorkspaceSection.vue, /app.vue?vue&type=style&index=0&lang.css
ℹ page reload virtual:nuxt:%2FUsers%2Fnormy%2Fautobyteus_org%2Fautobyteus-worktrees%2Fteam-run-offline-delete-action%2Fautobyteus-web%2F.nuxt%2Fmiddleware.mjs
ℹ page reload virtual:nuxt:%2FUsers%2Fnormy%2Fautobyteus_org%2Fautobyteus-worktrees%2Fteam-run-offline-delete-action%2Fautobyteus-web%2F.nuxt%2Fmiddleware.mjs (x2)
ℹ hmr update /@id/virtual:nuxt:%2FUsers%2Fnormy%2Fautobyteus_org%2Fautobyteus-worktrees%2Fteam-run-offline-delete-action%2Fautobyteus-web%2F.nuxt%2Froutes.mjs
ℹ hmr update /pages/implementation-team-stop-delete-preview.vue?macro=true
ℹ hmr update /@id/virtual:nuxt:%2FUsers%2Fnormy%2Fautobyteus_org%2Fautobyteus-worktrees%2Fteam-run-offline-delete-action%2Fautobyteus-web%2F.nuxt%2Froutes.mjs
