
> autobyteus-server-ts@0.1.1 prebuild /home/autobyteus/workspace/autobyteus-workspace-token-statistics-ui-requirements/autobyteus-server-ts
> pnpm prepare:shared && pnpm exec prisma generate --schema ./prisma/schema.prisma


> autobyteus-server-ts@0.1.1 prepare:shared /home/autobyteus/workspace/autobyteus-workspace-token-statistics-ui-requirements/autobyteus-server-ts
> pnpm -C .. --filter autobyteus-ts --filter @autobyteus/application-sdk-contracts --filter @autobyteus/application-backend-sdk build

Scope: 3 of 12 workspace projects
autobyteus-application-sdk-contracts build$ tsc -p tsconfig.build.json
autobyteus-ts build$ node ./scripts/clean-dist.mjs && tsc -p tsconfig.build.json && node ./scripts/verify-runtime-dependencies.mjs
autobyteus-application-sdk-contracts build: Done
autobyteus-ts build: [verify:runtime-deps] OK
autobyteus-ts build: Done
autobyteus-application-backend-sdk build$ tsc -p tsconfig.build.json
autobyteus-application-backend-sdk build: Done
Prisma schema loaded from prisma/schema.prisma

✔ Generated Prisma Client (v5.22.0) to ./../node_modules/.pnpm/@prisma+client@5.22.0_prisma@5.22.0/node_modules/@prisma/client in 218ms

Start by importing your Prisma Client (See: https://pris.ly/d/importing-client)

Tip: Want to turn off tips and other hints? https://pris.ly/tip-4-nohints


> autobyteus-server-ts@0.1.1 build /home/autobyteus/workspace/autobyteus-workspace-token-statistics-ui-requirements/autobyteus-server-ts
> pnpm run build:full


> autobyteus-server-ts@0.1.1 build:full /home/autobyteus/workspace/autobyteus-workspace-token-statistics-ui-requirements/autobyteus-server-ts
> node ./scripts/clean-build-output.mjs && tsc -p tsconfig.build.json && node ./scripts/copy-managed-messaging-assets.mjs && node ./scripts/run-sanitized-built-in-agents-bootstrap-smoke.mjs

src/application-agent-tools/services/application-agent-tool-payload-validator.ts(1,44): error TS2307: Cannot find module 'ajv' or its corresponding type declarations.
 ELIFECYCLE  Command failed with exit code 2.
 ELIFECYCLE  Command failed with exit code 2.
