
 RUN  v4.0.18 /Users/normy/autobyteus_org/autobyteus-worktrees/context-compaction-simplification-analysis/autobyteus-server-ts

Prisma schema loaded from prisma/schema.prisma
Datasource "db": SQLite database "autobyteus-server-test.db" at "file:/Users/normy/autobyteus_org/autobyteus-worktrees/context-compaction-simplification-analysis/autobyteus-server-ts/tests/.tmp/autobyteus-server-test.db"

Applying migration `20260203074245_init`
Applying migration `20260208094000_add_external_channel_tables`
Applying migration `20260209174500_add_channel_message_receipt_turn_id`
Applying migration `20260209213000_remove_agent_conversation_tables`
Applying migration `20260210101500_add_agent_avatar`
Applying migration `20260210192000_add_agent_team_avatar`
Applying migration `20260211214500_add_sync_columns_and_tombstones`
Applying migration `20260212070000_remove_workflow_definition`
Applying migration `20260309103000_add_channel_binding_launch_preset`
Applying migration `20260310153000_add_channel_binding_team_definition_id`
Applying migration `20260331102000_remove_channel_bindings_table`
Applying migration `20260331130000_receipt_lifecycle_and_remove_channel_idempotency`
Applying migration `20260517090000_add_app_data_migration_records`
Applying migration `20260624090000_add_token_usage_ledger_events`
Applying migration `20260625193000_token_usage_component_pricing_explainability`
Applying migration `20260629120000_add_token_usage_display_fields`
Applying migration `20260702093000_token_usage_execution_address`
Applying migration `20260726090000_add_secret_vault`
Applying migration `20260730090000_add_token_usage_provider_name`
Applying migration `20260801090000_token_usage_member_display_name`
Applying migration `20260814090000_team_run_execution_tree_v1`
Applying migration `20260819090000_add_token_usage_run_records`
Applying migration `20260820090000_redesign_app_data_migration_summary`
Applying migration `20260822090000_add_token_usage_analytics`
Applying migration `20260923130000_add_claude_sdk_usage_state`
Applying migration `20260924120000_remove_external_channel_tables`

Database reset successful

The following migration(s) have been applied:

migrations/
  └─ 20260203074245_init/
    └─ migration.sql
  └─ 20260208094000_add_external_channel_tables/
    └─ migration.sql
  └─ 20260209174500_add_channel_message_receipt_turn_id/
    └─ migration.sql
  └─ 20260209213000_remove_agent_conversation_tables/
    └─ migration.sql
  └─ 20260210101500_add_agent_avatar/
    └─ migration.sql
  └─ 20260210192000_add_agent_team_avatar/
    └─ migration.sql
  └─ 20260211214500_add_sync_columns_and_tombstones/
    └─ migration.sql
  └─ 20260212070000_remove_workflow_definition/
    └─ migration.sql
  └─ 20260309103000_add_channel_binding_launch_preset/
    └─ migration.sql
  └─ 20260310153000_add_channel_binding_team_definition_id/
    └─ migration.sql
  └─ 20260331102000_remove_channel_bindings_table/
    └─ migration.sql
  └─ 20260331130000_receipt_lifecycle_and_remove_channel_idempotency/
    └─ migration.sql
  └─ 20260517090000_add_app_data_migration_records/
    └─ migration.sql
  └─ 20260624090000_add_token_usage_ledger_events/
    └─ migration.sql
  └─ 20260625193000_token_usage_component_pricing_explainability/
    └─ migration.sql
  └─ 20260629120000_add_token_usage_display_fields/
    └─ migration.sql
  └─ 20260702093000_token_usage_execution_address/
    └─ migration.sql
  └─ 20260726090000_add_secret_vault/
    └─ migration.sql
  └─ 20260730090000_add_token_usage_provider_name/
    └─ migration.sql
  └─ 20260801090000_token_usage_member_display_name/
    └─ migration.sql
  └─ 20260814090000_team_run_execution_tree_v1/
    └─ migration.sql
  └─ 20260819090000_add_token_usage_run_records/
    └─ migration.sql
  └─ 20260820090000_redesign_app_data_migration_summary/
    └─ migration.sql
  └─ 20260822090000_add_token_usage_analytics/
    └─ migration.sql
  └─ 20260923130000_add_claude_sdk_usage_state/
    └─ migration.sql
  └─ 20260924120000_remove_external_channel_tables/
    └─ migration.sql

stdout | tests/unit/agent-execution/backends/autobyteus/autobyteus-agent-run-backend-factory.test.ts
AgentFactory (Singleton) initialized.

stdout | tests/unit/agent-execution/backends/autobyteus/autobyteus-agent-run-backend-factory.test.ts > AutoByteusAgentRunBackendFactory > passes raw run llmConfig to LLMFactory without wrapping it as extraParams
Successfully registered tool definition: 'read_file'
Successfully registered tool definition: 'write_file'
Successfully registered tool definition: 'edit_file'
Successfully registered tool definition: 'run_bash'
Successfully registered tool definition: 'start_background_process'
Successfully registered tool definition: 'get_background_processes'
Successfully registered tool definition: 'get_process_output'
Successfully registered tool definition: 'stop_background_process'
Successfully registered tool definition: 'search_web'
Successfully registered tool definition: 'read_media_file'
Successfully registered tool definition: 'download_media'
Successfully registered tool definition: 'read_url'
Successfully registered tool definition: 'send_message_to'
Successfully registered tool definition: 'get_handoff_rules'
Successfully registered tool definition: 'assign_task_to'

stdout | tests/unit/agent-execution/backends/autobyteus/autobyteus-agent-run-backend-factory.test.ts > AutoByteusAgentRunBackendFactory > passes raw run llmConfig to LLMFactory without wrapping it as extraParams
Using temp workspace (ID: workspace-1) for agent.

stdout | tests/unit/agent-execution/backends/autobyteus/autobyteus-agent-run-backend-factory.test.ts > AutoByteusAgentRunBackendFactory > composes the selected application-owned tool through the real AutoByteus provider factory
Successfully registered tool definition: 'read_file'
Successfully registered tool definition: 'write_file'
Successfully registered tool definition: 'edit_file'
Successfully registered tool definition: 'run_bash'
Successfully registered tool definition: 'start_background_process'
Successfully registered tool definition: 'get_background_processes'
Successfully registered tool definition: 'get_process_output'
Successfully registered tool definition: 'stop_background_process'
Successfully registered tool definition: 'search_web'
Successfully registered tool definition: 'read_media_file'
Successfully registered tool definition: 'download_media'
Successfully registered tool definition: 'read_url'
Successfully registered tool definition: 'send_message_to'
Successfully registered tool definition: 'get_handoff_rules'
Successfully registered tool definition: 'assign_task_to'

stdout | tests/unit/agent-execution/backends/autobyteus/autobyteus-agent-run-backend-factory.test.ts > AutoByteusAgentRunBackendFactory > composes the selected application-owned tool through the real AutoByteus provider factory
Using temp workspace (ID: workspace-1) for agent.

stdout | tests/unit/agent-execution/backends/autobyteus/autobyteus-agent-run-backend-factory.test.ts > AutoByteusAgentRunBackendFactory > wires one subject-scoped API-key resolver into the core factory
Successfully registered tool definition: 'read_file'
Successfully registered tool definition: 'write_file'
Successfully registered tool definition: 'edit_file'
Successfully registered tool definition: 'run_bash'
Successfully registered tool definition: 'start_background_process'
Successfully registered tool definition: 'get_background_processes'
Successfully registered tool definition: 'get_process_output'
Successfully registered tool definition: 'stop_background_process'
Successfully registered tool definition: 'search_web'
Successfully registered tool definition: 'read_media_file'
Successfully registered tool definition: 'download_media'
Successfully registered tool definition: 'read_url'
Successfully registered tool definition: 'send_message_to'
Successfully registered tool definition: 'get_handoff_rules'
Successfully registered tool definition: 'assign_task_to'

stdout | tests/unit/agent-execution/backends/autobyteus/autobyteus-agent-run-backend-factory.test.ts > AutoByteusAgentRunBackendFactory > wires one subject-scoped API-key resolver into the core factory
CachedAgentDefinitionProvider initialized with a full in-memory cache strategy.
Platform detection: Windows=false
App root directory: /Users/normy/autobyteus_org/autobyteus-worktrees/context-compaction-simplification-analysis/autobyteus-server-ts
App data directory: /Users/normy/autobyteus_org/autobyteus-worktrees/context-compaction-simplification-analysis/autobyteus-server-ts

stdout | tests/unit/agent-execution/backends/autobyteus/autobyteus-agent-run-backend-factory.test.ts > AutoByteusAgentRunBackendFactory > filters mixed task-management tools, composes server team prompts, and injects primitive team context
Successfully registered tool definition: 'read_file'
Successfully registered tool definition: 'write_file'
Successfully registered tool definition: 'edit_file'
Successfully registered tool definition: 'run_bash'
Successfully registered tool definition: 'start_background_process'
Successfully registered tool definition: 'get_background_processes'
Successfully registered tool definition: 'get_process_output'
Successfully registered tool definition: 'stop_background_process'
Successfully registered tool definition: 'search_web'
Successfully registered tool definition: 'read_media_file'
Successfully registered tool definition: 'download_media'
Successfully registered tool definition: 'read_url'
Successfully registered tool definition: 'send_message_to'
Successfully registered tool definition: 'get_handoff_rules'
Successfully registered tool definition: 'assign_task_to'

stdout | tests/unit/agent-execution/backends/autobyteus/autobyteus-agent-run-backend-factory.test.ts > AutoByteusAgentRunBackendFactory > filters mixed task-management tools, composes server team prompts, and injects primitive team context
Using temp workspace (ID: workspace-1) for agent.
Successfully registered tool definition: 'delegate_task'

stdout | tests/unit/agent-execution/backends/autobyteus/autobyteus-agent-run-backend-factory.test.ts > AutoByteusAgentRunBackendFactory > advertises the strict filesystem-like logical protocol without a flat roster
Successfully registered tool definition: 'read_file'
Successfully registered tool definition: 'write_file'
Successfully registered tool definition: 'edit_file'
Successfully registered tool definition: 'run_bash'
Successfully registered tool definition: 'start_background_process'
Successfully registered tool definition: 'get_background_processes'
Successfully registered tool definition: 'get_process_output'
Successfully registered tool definition: 'stop_background_process'
Successfully registered tool definition: 'search_web'
Successfully registered tool definition: 'read_media_file'
Successfully registered tool definition: 'download_media'
Successfully registered tool definition: 'read_url'
Successfully registered tool definition: 'send_message_to'
Successfully registered tool definition: 'get_handoff_rules'
Successfully registered tool definition: 'assign_task_to'

stdout | tests/unit/agent-execution/backends/autobyteus/autobyteus-agent-run-backend-factory.test.ts > AutoByteusAgentRunBackendFactory > advertises the strict filesystem-like logical protocol without a flat roster
Using temp workspace (ID: workspace-1) for agent.
Successfully registered tool definition: 'delegate_task'

stdout | tests/unit/agent-execution/backends/autobyteus/autobyteus-agent-run-backend-factory.test.ts > AutoByteusAgentRunBackendFactory > keeps task-management tools for standalone AutoByteus runs without member team context
Successfully registered tool definition: 'read_file'
Successfully registered tool definition: 'write_file'
Successfully registered tool definition: 'edit_file'
Successfully registered tool definition: 'run_bash'
Successfully registered tool definition: 'start_background_process'
Successfully registered tool definition: 'get_background_processes'
Successfully registered tool definition: 'get_process_output'
Successfully registered tool definition: 'stop_background_process'
Successfully registered tool definition: 'search_web'
Successfully registered tool definition: 'read_media_file'
Successfully registered tool definition: 'download_media'
Successfully registered tool definition: 'read_url'
Successfully registered tool definition: 'send_message_to'
Successfully registered tool definition: 'get_handoff_rules'
Successfully registered tool definition: 'assign_task_to'

stdout | tests/unit/agent-execution/backends/autobyteus/autobyteus-agent-run-backend-factory.test.ts > AutoByteusAgentRunBackendFactory > keeps task-management tools for standalone AutoByteus runs without member team context
Using temp workspace (ID: workspace-1) for agent.

stdout | tests/unit/agent-execution/backends/autobyteus/autobyteus-agent-run-backend-factory.test.ts > AutoByteusAgentRunBackendFactory > routes mixed AutoByteus send_message_to through server delivery and reports rejected delivery
Successfully registered tool definition: 'read_file'
Successfully registered tool definition: 'write_file'
Successfully registered tool definition: 'edit_file'
Successfully registered tool definition: 'run_bash'
Successfully registered tool definition: 'start_background_process'
Successfully registered tool definition: 'get_background_processes'
Successfully registered tool definition: 'get_process_output'
Successfully registered tool definition: 'stop_background_process'
Successfully registered tool definition: 'search_web'
Successfully registered tool definition: 'read_media_file'
Successfully registered tool definition: 'download_media'
Successfully registered tool definition: 'read_url'
Successfully registered tool definition: 'send_message_to'
Successfully registered tool definition: 'get_handoff_rules'
Successfully registered tool definition: 'assign_task_to'

stdout | tests/unit/agent-execution/backends/autobyteus/autobyteus-agent-run-backend-factory.test.ts > AutoByteusAgentRunBackendFactory > routes mixed AutoByteus send_message_to through server delivery and reports rejected delivery
Using temp workspace (ID: workspace-1) for agent.
Successfully registered tool definition: 'delegate_task'

stdout | tests/unit/agent-execution/backends/autobyteus/autobyteus-agent-run-backend-factory.test.ts > AutoByteusAgentRunBackendFactory > keeps the exact-run send_message_to selector on the canonical Team binding
Successfully registered tool definition: 'read_file'
Successfully registered tool definition: 'write_file'
Successfully registered tool definition: 'edit_file'
Successfully registered tool definition: 'run_bash'
Successfully registered tool definition: 'start_background_process'
Successfully registered tool definition: 'get_background_processes'
Successfully registered tool definition: 'get_process_output'
Successfully registered tool definition: 'stop_background_process'
Successfully registered tool definition: 'search_web'
Successfully registered tool definition: 'read_media_file'
Successfully registered tool definition: 'download_media'
Successfully registered tool definition: 'read_url'
Successfully registered tool definition: 'send_message_to'
Successfully registered tool definition: 'get_handoff_rules'
Successfully registered tool definition: 'assign_task_to'

stdout | tests/unit/agent-execution/backends/autobyteus/autobyteus-agent-run-backend-factory.test.ts > AutoByteusAgentRunBackendFactory > keeps the exact-run send_message_to selector on the canonical Team binding
Using temp workspace (ID: workspace-1) for agent.
Successfully registered tool definition: 'delegate_task'

stdout | tests/unit/agent-execution/backends/autobyteus/autobyteus-agent-run-backend-factory.test.ts > AutoByteusAgentRunBackendFactory > binds the exact AutoByteus task Agent identity and root capability into the task tool
Successfully registered tool definition: 'read_file'
Successfully registered tool definition: 'write_file'
Successfully registered tool definition: 'edit_file'
Successfully registered tool definition: 'run_bash'
Successfully registered tool definition: 'start_background_process'
Successfully registered tool definition: 'get_background_processes'
Successfully registered tool definition: 'get_process_output'
Successfully registered tool definition: 'stop_background_process'
Successfully registered tool definition: 'search_web'
Successfully registered tool definition: 'read_media_file'
Successfully registered tool definition: 'download_media'
Successfully registered tool definition: 'read_url'
Successfully registered tool definition: 'send_message_to'
Successfully registered tool definition: 'get_handoff_rules'
Successfully registered tool definition: 'assign_task_to'

stdout | tests/unit/agent-execution/backends/autobyteus/autobyteus-agent-run-backend-factory.test.ts > AutoByteusAgentRunBackendFactory > binds the exact AutoByteus task Agent identity and root capability into the task tool
Using temp workspace (ID: workspace-1) for agent.
Successfully registered tool definition: 'delegate_task'

stdout | tests/unit/agent-execution/backends/autobyteus/autobyteus-agent-run-backend-factory.test.ts > AutoByteusAgentRunBackendFactory > injects a lazy direct summarizer without a child AgentRun factory
Successfully registered tool definition: 'read_file'
Successfully registered tool definition: 'write_file'
Successfully registered tool definition: 'edit_file'
Successfully registered tool definition: 'run_bash'
Successfully registered tool definition: 'start_background_process'
Successfully registered tool definition: 'get_background_processes'
Successfully registered tool definition: 'get_process_output'
Successfully registered tool definition: 'stop_background_process'
Successfully registered tool definition: 'search_web'
Successfully registered tool definition: 'read_media_file'
Successfully registered tool definition: 'download_media'
Successfully registered tool definition: 'read_url'
Successfully registered tool definition: 'send_message_to'
Successfully registered tool definition: 'get_handoff_rules'
Successfully registered tool definition: 'assign_task_to'

stdout | tests/unit/agent-execution/backends/autobyteus/autobyteus-agent-run-backend-factory.test.ts > AutoByteusAgentRunBackendFactory > injects a lazy direct summarizer without a child AgentRun factory
Using temp workspace (ID: workspace-1) for agent.

 ✓ tests/unit/agent-execution/backends/autobyteus/autobyteus-agent-run-backend-factory.test.ts (10 tests) 20ms

 Test Files  1 passed (1)
      Tests  10 passed (10)
   Start at  14:03:59
   Duration  4.00s (transform 2.23s, setup 16ms, import 3.46s, tests 20ms, environment 0ms)

