┌  Building Nuxt for production...
│
●  Nuxt 3.21.1 (with Nitro 2.13.1, Vite 7.3.1 and Vue 3.5.28)
isElectronBuild false
[Electron Module] Skipping electron module setup: BUILD_TARGET is not electron
│
●  Nitro preset: static

 WARN  Browserslist: browsers data (caniuse-lite) is 8 months old. Please run:
  npx update-browserslist-db@latest
  Why you should do it regularly: https://github.com/browserslist/update-db#readme

ℹ Building client...
ℹ vite v7.3.1 building client environment for production...
ℹ transforming...
ℹ ✓ 3961 modules transformed.
ℹ rendering chunks...
ℹ computing gzip size...
ℹ .nuxt/dist/client/_nuxt/KaTeX_Size3-Regular.CTq5MqoE.woff                    4.42 kB
ℹ .nuxt/dist/client/_nuxt/KaTeX_Size4-Regular.Dl5lxZxV.woff2                   4.93 kB
ℹ .nuxt/dist/client/_nuxt/KaTeX_Size2-Regular.Dy4dx90m.woff2                   5.21 kB
ℹ .nuxt/dist/client/_nuxt/KaTeX_Size1-Regular.mCD8mA8B.woff2                   5.47 kB
ℹ .nuxt/dist/client/_nuxt/KaTeX_Size4-Regular.BF-4gkZK.woff                    5.98 kB
ℹ .nuxt/dist/client/_nuxt/KaTeX_Size2-Regular.oD1tc_U0.woff                    6.19 kB
ℹ .nuxt/dist/client/_nuxt/KaTeX_Size1-Regular.C195tn64.woff                    6.50 kB
ℹ .nuxt/dist/client/_nuxt/KaTeX_Caligraphic-Regular.Di6jR-x-.woff2             6.91 kB
ℹ .nuxt/dist/client/_nuxt/KaTeX_Caligraphic-Bold.Dq_IR9rO.woff2                6.91 kB
ℹ .nuxt/dist/client/_nuxt/KaTeX_Size3-Regular.DgpXs0kz.ttf                     7.59 kB
ℹ .nuxt/dist/client/_nuxt/KaTeX_Caligraphic-Regular.CTRA-rTL.woff              7.66 kB
ℹ .nuxt/dist/client/_nuxt/KaTeX_Caligraphic-Bold.BEiXGLvX.woff                 7.72 kB
ℹ .nuxt/dist/client/_nuxt/KaTeX_Script-Regular.D3wIWfF6.woff2                  9.64 kB
ℹ .nuxt/dist/client/_nuxt/KaTeX_SansSerif-Regular.DDBCnlJ7.woff2              10.34 kB
ℹ .nuxt/dist/client/_nuxt/KaTeX_Size4-Regular.DWFBv043.ttf                    10.36 kB
ℹ .nuxt/dist/client/_nuxt/KaTeX_Script-Regular.D5yQViql.woff                  10.59 kB
ℹ .nuxt/dist/client/_nuxt/KaTeX_Fraktur-Regular.CTYiF6lA.woff2                11.32 kB
ℹ .nuxt/dist/client/_nuxt/KaTeX_Fraktur-Bold.CL6g_b3V.woff2                   11.35 kB
ℹ .nuxt/dist/client/_nuxt/KaTeX_Size2-Regular.B7gKUWhC.ttf                    11.51 kB
ℹ .nuxt/dist/client/_nuxt/KaTeX_SansSerif-Italic.C3H0VqGB.woff2               12.03 kB
ℹ .nuxt/dist/client/_nuxt/KaTeX_SansSerif-Bold.D1sUS0GD.woff2                 12.22 kB
ℹ .nuxt/dist/client/_nuxt/KaTeX_Size1-Regular.Dbsnue_I.ttf                    12.23 kB
ℹ .nuxt/dist/client/_nuxt/KaTeX_SansSerif-Regular.CS6fqUqJ.woff               12.32 kB
ℹ .nuxt/dist/client/_nuxt/KaTeX_Caligraphic-Regular.wX97UBjC.ttf              12.34 kB
ℹ .nuxt/dist/client/_nuxt/KaTeX_Caligraphic-Bold.ATXxdsX0.ttf                 12.37 kB
ℹ .nuxt/dist/client/_nuxt/KaTeX_Fraktur-Regular.Dxdc4cR9.woff                 13.21 kB
ℹ .nuxt/dist/client/_nuxt/KaTeX_Fraktur-Bold.BsDP51OF.woff                    13.30 kB
ℹ .nuxt/dist/client/_nuxt/KaTeX_Typewriter-Regular.CO6r4hn1.woff2             13.57 kB
ℹ .nuxt/dist/client/_nuxt/KaTeX_SansSerif-Italic.DN2j7dab.woff                14.11 kB
ℹ .nuxt/dist/client/_nuxt/KaTeX_SansSerif-Bold.DbIhKOiC.woff                  14.41 kB
ℹ .nuxt/dist/client/_nuxt/KaTeX_Typewriter-Regular.C0xS9mPB.woff              16.03 kB
ℹ .nuxt/dist/client/_nuxt/KaTeX_Math-BoldItalic.CZnvNsCZ.woff2                16.40 kB
ℹ .nuxt/dist/client/_nuxt/KaTeX_Math-Italic.t53AETM-.woff2                    16.44 kB
ℹ .nuxt/dist/client/_nuxt/KaTeX_Script-Regular.C5JkGWo-.ttf                   16.65 kB
ℹ .nuxt/dist/client/_nuxt/KaTeX_Main-BoldItalic.DxDJ3AOS.woff2                16.78 kB
ℹ .nuxt/dist/client/_nuxt/KaTeX_Main-Italic.NWA7e6Wa.woff2                    16.99 kB
ℹ .nuxt/dist/client/_nuxt/KaTeX_Math-BoldItalic.iY-2wyZ7.woff                 18.67 kB
ℹ .nuxt/dist/client/_nuxt/KaTeX_Math-Italic.DA0__PXp.woff                     18.75 kB
ℹ .nuxt/dist/client/_nuxt/KaTeX_Main-BoldItalic.SpSLRI95.woff                 19.41 kB
ℹ .nuxt/dist/client/_nuxt/KaTeX_SansSerif-Regular.BNo7hRIc.ttf                19.44 kB
ℹ .nuxt/dist/client/_nuxt/KaTeX_Fraktur-Regular.CB_wures.ttf                  19.57 kB
ℹ .nuxt/dist/client/_nuxt/KaTeX_Fraktur-Bold.BdnERNNW.ttf                     19.58 kB
ℹ .nuxt/dist/client/_nuxt/KaTeX_Main-Italic.BMLOBm91.woff                     19.68 kB
ℹ .nuxt/dist/client/_nuxt/KaTeX_SansSerif-Italic.YYjJ1zSn.ttf                 22.36 kB
ℹ .nuxt/dist/client/_nuxt/KaTeX_SansSerif-Bold.CFMepnvq.ttf                   24.50 kB
ℹ .nuxt/dist/client/_nuxt/KaTeX_Main-Bold.Cx986IdX.woff2                      25.32 kB
ℹ .nuxt/dist/client/_nuxt/KaTeX_Main-Regular.B22Nviop.woff2                   26.27 kB
ℹ .nuxt/dist/client/_nuxt/KaTeX_Typewriter-Regular.D3Ib7_Hf.ttf               27.56 kB
ℹ .nuxt/dist/client/_nuxt/KaTeX_AMS-Regular.BQhdFMY1.woff2                    28.08 kB
ℹ .nuxt/dist/client/_nuxt/KaTeX_Main-Bold.Jm3AIy58.woff                       29.91 kB
ℹ .nuxt/dist/client/_nuxt/KaTeX_Main-Regular.Dr94JaBh.woff                    30.77 kB
ℹ .nuxt/dist/client/_nuxt/KaTeX_Math-BoldItalic.B3XSjfu4.ttf                  31.20 kB
ℹ .nuxt/dist/client/_nuxt/KaTeX_Math-Italic.flOr_0UB.ttf                      31.31 kB
ℹ .nuxt/dist/client/_nuxt/KaTeX_Main-BoldItalic.DzxPMmG6.ttf                  32.97 kB
ℹ .nuxt/dist/client/_nuxt/KaTeX_AMS-Regular.DMm9YOAa.woff                     33.52 kB
ℹ .nuxt/dist/client/_nuxt/KaTeX_Main-Italic.3WenGoN9.ttf                      33.58 kB
ℹ .nuxt/dist/client/_nuxt/KaTeX_Main-Bold.waoOVXN0.ttf                        51.34 kB
ℹ .nuxt/dist/client/_nuxt/KaTeX_Main-Regular.ypZvNtVU.ttf                     53.58 kB
ℹ .nuxt/dist/client/_nuxt/KaTeX_AMS-Regular.DRggAlZN.ttf                      63.63 kB
ℹ .nuxt/dist/client/manifest.json                                             79.30 kB │ gzip:     7.24 kB
ℹ .nuxt/dist/client/_nuxt/ConfirmationModal.DtxxR2Ew.css                       0.20 kB │ gzip:     0.12 kB
ℹ .nuxt/dist/client/_nuxt/media.yjOJmL4q.css                                   0.23 kB │ gzip:     0.13 kB
ℹ .nuxt/dist/client/_nuxt/DefinitionLaunchPreferencesSection.B4uhkLvJ.css      0.28 kB │ gzip:     0.15 kB
ℹ .nuxt/dist/client/_nuxt/FullScreenImageModal.aod6xn15.css                    0.35 kB │ gzip:     0.17 kB
ℹ .nuxt/dist/client/_nuxt/index.DIm5b6ai.css                                   0.63 kB │ gzip:     0.27 kB
ℹ .nuxt/dist/client/_nuxt/FileExplorerTabs.DydjJNvi.css                        3.20 kB │ gzip:     1.02 kB
ℹ .nuxt/dist/client/_nuxt/default.DflUOUD1.css                                 4.14 kB │ gzip:     0.98 kB
ℹ .nuxt/dist/client/_nuxt/settings.CK7L0IRc.css                                4.29 kB │ gzip:     1.32 kB
ℹ .nuxt/dist/client/_nuxt/SystemInstructionActivityItem.COSafwjA.css           4.37 kB │ gzip:     1.43 kB
ℹ .nuxt/dist/client/_nuxt/useWorkspaceFileContentVisible.DFWJYPvV.css         10.34 kB │ gzip:     2.60 kB
ℹ .nuxt/dist/client/_nuxt/skills.CAT_ouGa.css                                 14.02 kB │ gzip:     3.03 kB
ℹ .nuxt/dist/client/_nuxt/useWorkspaceFileExplorer.Bc32qPDk.css               50.71 kB │ gzip:    13.09 kB
ℹ .nuxt/dist/client/_nuxt/entry.BR7F3qGL.css                                 125.93 kB │ gzip:    19.83 kB
ℹ .nuxt/dist/client/_nuxt/DrWjYJ1o.js                                          0.09 kB │ gzip:     0.10 kB
ℹ .nuxt/dist/client/_nuxt/CiOIH6X8.js                                          0.10 kB │ gzip:     0.11 kB
ℹ .nuxt/dist/client/_nuxt/Gi6I4Gst.js                                          0.15 kB │ gzip:     0.13 kB
ℹ .nuxt/dist/client/_nuxt/CpvbWTJk.js                                          0.18 kB │ gzip:     0.15 kB
ℹ .nuxt/dist/client/_nuxt/DkenpAlh.js                                          0.21 kB │ gzip:     0.16 kB
ℹ .nuxt/dist/client/_nuxt/BX6ik3F2.js                                          0.22 kB │ gzip:     0.20 kB
ℹ .nuxt/dist/client/_nuxt/BPpmNdtr.js                                          0.23 kB │ gzip:     0.20 kB
ℹ .nuxt/dist/client/_nuxt/DZDGYPpb.js                                          0.26 kB │ gzip:     0.21 kB
ℹ .nuxt/dist/client/_nuxt/C9nfnkO0.js                                          0.35 kB │ gzip:     0.26 kB
ℹ .nuxt/dist/client/_nuxt/BlqnPWQ4.js                                          0.45 kB │ gzip:     0.29 kB
ℹ .nuxt/dist/client/_nuxt/4AP_YqgP.js                                          0.47 kB │ gzip:     0.31 kB
ℹ .nuxt/dist/client/_nuxt/CxmITYUH.js                                          0.48 kB │ gzip:     0.30 kB
ℹ .nuxt/dist/client/_nuxt/DoLOUqHX.js                                          0.48 kB │ gzip:     0.30 kB
ℹ .nuxt/dist/client/_nuxt/8iT8P1cV.js                                          0.48 kB │ gzip:     0.32 kB
ℹ .nuxt/dist/client/_nuxt/xbmrxGaO.js                                          0.49 kB │ gzip:     0.35 kB
ℹ .nuxt/dist/client/_nuxt/KDURlTyy.js                                          0.51 kB │ gzip:     0.35 kB
ℹ .nuxt/dist/client/_nuxt/ClKUxIW7.js                                          0.55 kB │ gzip:     0.35 kB
ℹ .nuxt/dist/client/_nuxt/CtKrmfeJ.js                                          0.58 kB │ gzip:     0.30 kB
ℹ .nuxt/dist/client/_nuxt/CKiqcqOD.js                                          0.59 kB │ gzip:     0.36 kB
ℹ .nuxt/dist/client/_nuxt/DRI4wBy0.js                                          0.63 kB │ gzip:     0.38 kB
ℹ .nuxt/dist/client/_nuxt/DRv5aSK6.js                                          0.75 kB │ gzip:     0.47 kB
ℹ .nuxt/dist/client/_nuxt/CE1G-McA.js                                          0.76 kB │ gzip:     0.40 kB
ℹ .nuxt/dist/client/_nuxt/0BZF_QHY.js                                          0.80 kB │ gzip:     0.41 kB
ℹ .nuxt/dist/client/_nuxt/CN-5KoOi.js                                          0.94 kB │ gzip:     0.45 kB
ℹ .nuxt/dist/client/_nuxt/Fj5WfIzG.js                                          0.94 kB │ gzip:     0.48 kB
ℹ .nuxt/dist/client/_nuxt/C2_OIhPB.js                                          0.98 kB │ gzip:     0.58 kB
ℹ .nuxt/dist/client/_nuxt/CBKr6rPE.js                                          1.15 kB │ gzip:     0.61 kB
ℹ .nuxt/dist/client/_nuxt/CmKTTxBW.js                                          1.18 kB │ gzip:     0.57 kB
ℹ .nuxt/dist/client/_nuxt/BRF9voW3.js                                          1.39 kB │ gzip:     0.73 kB
ℹ .nuxt/dist/client/_nuxt/C3dCWQ2z.js                                          1.42 kB │ gzip:     0.63 kB
ℹ .nuxt/dist/client/_nuxt/DL-qu1ba.js                                          1.49 kB │ gzip:     0.77 kB
ℹ .nuxt/dist/client/_nuxt/B1mrW11U.js                                          1.82 kB │ gzip:     0.83 kB
ℹ .nuxt/dist/client/_nuxt/Fei3_wAg.js                                          1.98 kB │ gzip:     0.98 kB
ℹ .nuxt/dist/client/_nuxt/mzsT2FEj.js                                          1.98 kB │ gzip:     0.93 kB
ℹ .nuxt/dist/client/_nuxt/B6utchUt.js                                          2.30 kB │ gzip:     1.06 kB
ℹ .nuxt/dist/client/_nuxt/ClSDv48l.js                                          2.36 kB │ gzip:     1.18 kB
ℹ .nuxt/dist/client/_nuxt/Bv4L8bhO.js                                          2.39 kB │ gzip:     1.01 kB
ℹ .nuxt/dist/client/_nuxt/08uJjsNf.js                                          2.56 kB │ gzip:     1.27 kB
ℹ .nuxt/dist/client/_nuxt/BOUGKc1i.js                                          2.80 kB │ gzip:     0.69 kB
ℹ .nuxt/dist/client/_nuxt/DTnZeK_N.js                                          3.23 kB │ gzip:     1.24 kB
ℹ .nuxt/dist/client/_nuxt/D0iS50x6.js                                          3.41 kB │ gzip:     1.46 kB
ℹ .nuxt/dist/client/_nuxt/D5F7exeV.js                                          3.56 kB │ gzip:     1.28 kB
ℹ .nuxt/dist/client/_nuxt/NYXAQXDn.js                                          3.67 kB │ gzip:     1.47 kB
ℹ .nuxt/dist/client/_nuxt/MOPY9K2T.js                                          3.83 kB │ gzip:     1.50 kB
ℹ .nuxt/dist/client/_nuxt/Cqfm3DvW.js                                          4.03 kB │ gzip:     1.72 kB
ℹ .nuxt/dist/client/_nuxt/BEjuxKPI.js                                          4.12 kB │ gzip:     1.41 kB
ℹ .nuxt/dist/client/_nuxt/bvwYbg2C.js                                          4.36 kB │ gzip:     1.88 kB
ℹ .nuxt/dist/client/_nuxt/DX6XiGOO.js                                          4.69 kB │ gzip:     2.18 kB
ℹ .nuxt/dist/client/_nuxt/P4IQOq2W.js                                          4.74 kB │ gzip:     1.88 kB
ℹ .nuxt/dist/client/_nuxt/DbaQeiAC.js                                          4.92 kB │ gzip:     2.01 kB
ℹ .nuxt/dist/client/_nuxt/BK6SjP51.js                                          4.97 kB │ gzip:     1.82 kB
ℹ .nuxt/dist/client/_nuxt/CYE5XMq2.js                                          4.98 kB │ gzip:     1.88 kB
ℹ .nuxt/dist/client/_nuxt/DAA4eOiO.js                                          5.27 kB │ gzip:     2.31 kB
ℹ .nuxt/dist/client/_nuxt/81NcZ1mP.js                                          5.63 kB │ gzip:     2.29 kB
ℹ .nuxt/dist/client/_nuxt/BrgbUHvg.js                                          5.90 kB │ gzip:     1.85 kB
ℹ .nuxt/dist/client/_nuxt/DQQThQY4.js                                          5.96 kB │ gzip:     2.49 kB
ℹ .nuxt/dist/client/_nuxt/Cx2ghSSD.js                                          6.38 kB │ gzip:     2.77 kB
ℹ .nuxt/dist/client/_nuxt/C6YoZZdm.js                                          6.81 kB │ gzip:     2.36 kB
ℹ .nuxt/dist/client/_nuxt/B6srxH-p.js                                          7.21 kB │ gzip:     1.70 kB
ℹ .nuxt/dist/client/_nuxt/vGQCKKRs.js                                          7.41 kB │ gzip:     2.05 kB
ℹ .nuxt/dist/client/_nuxt/CuJtqeyB.js                                          7.48 kB │ gzip:     2.93 kB
ℹ .nuxt/dist/client/_nuxt/BD-dmzqf.js                                          7.67 kB │ gzip:     2.61 kB
ℹ .nuxt/dist/client/_nuxt/Bf8E0tG6.js                                          8.62 kB │ gzip:     2.80 kB
ℹ .nuxt/dist/client/_nuxt/l40v1ff9.js                                          9.24 kB │ gzip:     1.90 kB
ℹ .nuxt/dist/client/_nuxt/C8P5yBls.js                                         10.42 kB │ gzip:     3.62 kB
ℹ .nuxt/dist/client/_nuxt/CLvF4Nub.js                                         11.07 kB │ gzip:     4.12 kB
ℹ .nuxt/dist/client/_nuxt/jwEYAZky.js                                         11.13 kB │ gzip:     4.39 kB
ℹ .nuxt/dist/client/_nuxt/Dszl0yQi.js                                         11.56 kB │ gzip:     3.60 kB
ℹ .nuxt/dist/client/_nuxt/CJ2tWB65.js                                         11.57 kB │ gzip:     2.59 kB
ℹ .nuxt/dist/client/_nuxt/Df8uvWxY.js                                         11.78 kB │ gzip:     4.49 kB
ℹ .nuxt/dist/client/_nuxt/Ba8ZVBc6.js                                         11.88 kB │ gzip:     4.64 kB
ℹ .nuxt/dist/client/_nuxt/C9UBNAtY.js                                         13.13 kB │ gzip:     4.65 kB
ℹ .nuxt/dist/client/_nuxt/C81ZHK-f.js                                         13.19 kB │ gzip:     4.43 kB
ℹ .nuxt/dist/client/_nuxt/D01vKzFg.js                                         14.51 kB │ gzip:     4.62 kB
ℹ .nuxt/dist/client/_nuxt/BMn6rDLS.js                                         15.47 kB │ gzip:     4.71 kB
ℹ .nuxt/dist/client/_nuxt/Cd4DDAnS.js                                         15.87 kB │ gzip:     5.63 kB
ℹ .nuxt/dist/client/_nuxt/D9OqSjLt.js                                         16.77 kB │ gzip:     4.58 kB
ℹ .nuxt/dist/client/_nuxt/CqPPeuz-.js                                         19.79 kB │ gzip:     5.63 kB
ℹ .nuxt/dist/client/_nuxt/Cb-zXXuK.js                                         20.11 kB │ gzip:     6.92 kB
ℹ .nuxt/dist/client/_nuxt/DB7sDjwN.js                                         20.15 kB │ gzip:     5.93 kB
ℹ .nuxt/dist/client/_nuxt/BzosyBSe.js                                         20.29 kB │ gzip:     7.20 kB
ℹ .nuxt/dist/client/_nuxt/B666XvrM.js                                         22.21 kB │ gzip:     8.16 kB
ℹ .nuxt/dist/client/_nuxt/CTxCcm2_.js                                         23.61 kB │ gzip:     8.34 kB
ℹ .nuxt/dist/client/_nuxt/BiaIfJoh.js                                         23.69 kB │ gzip:     8.26 kB
ℹ .nuxt/dist/client/_nuxt/DKETmi85.js                                         23.97 kB │ gzip:     6.92 kB
ℹ .nuxt/dist/client/_nuxt/DuVQgz5e.js                                         24.17 kB │ gzip:     7.42 kB
ℹ .nuxt/dist/client/_nuxt/DxkfE0TF.js                                         24.58 kB │ gzip:     6.87 kB
ℹ .nuxt/dist/client/_nuxt/GESNU9AA.js                                         25.31 kB │ gzip:     8.84 kB
ℹ .nuxt/dist/client/_nuxt/DcDGiUM_.js                                         27.35 kB │ gzip:     9.70 kB
ℹ .nuxt/dist/client/_nuxt/CF49m50B.js                                         30.16 kB │ gzip:     9.44 kB
ℹ .nuxt/dist/client/_nuxt/CRs-TLKE.js                                         32.19 kB │ gzip:    10.11 kB
ℹ .nuxt/dist/client/_nuxt/BuxWDvP6.js                                         33.92 kB │ gzip:     9.96 kB
ℹ .nuxt/dist/client/_nuxt/CFrEnNCI.js                                         36.30 kB │ gzip:    11.79 kB
ℹ .nuxt/dist/client/_nuxt/dibo8HM-.js                                         38.33 kB │ gzip:     9.53 kB
ℹ .nuxt/dist/client/_nuxt/CRpodp_B.js                                         40.26 kB │ gzip:    11.36 kB
ℹ .nuxt/dist/client/_nuxt/CHZqXjiC.js                                         45.25 kB │ gzip:    14.64 kB
ℹ .nuxt/dist/client/_nuxt/DrBjOK_Q.js                                         50.61 kB │ gzip:    13.50 kB
ℹ .nuxt/dist/client/_nuxt/CpQZv2WO.js                                         50.75 kB │ gzip:    12.96 kB
ℹ .nuxt/dist/client/_nuxt/DY3gEajy.js                                         54.92 kB │ gzip:    15.53 kB
ℹ .nuxt/dist/client/_nuxt/6k1XQq1P.js                                         56.70 kB │ gzip:    14.45 kB
ℹ .nuxt/dist/client/_nuxt/LE1h9mN2.js                                         56.98 kB │ gzip:    12.63 kB
ℹ .nuxt/dist/client/_nuxt/CLkejv-f.js                                         60.50 kB │ gzip:    19.43 kB
ℹ .nuxt/dist/client/_nuxt/B9VmWHQo.js                                         68.39 kB │ gzip:    23.17 kB
ℹ .nuxt/dist/client/_nuxt/BCWrhaJ0.js                                         70.22 kB │ gzip:    19.70 kB
ℹ .nuxt/dist/client/_nuxt/iv02J8gk.js                                         71.85 kB │ gzip:    20.51 kB
ℹ .nuxt/dist/client/_nuxt/CwrpBbjl.js                                         81.79 kB │ gzip:    22.51 kB
ℹ .nuxt/dist/client/_nuxt/y2lYq-xO.js                                         91.73 kB │ gzip:    20.91 kB
ℹ .nuxt/dist/client/_nuxt/vh6rPqNO.js                                         97.89 kB │ gzip:    26.87 kB
ℹ .nuxt/dist/client/_nuxt/YxmqtjF_.js                                         98.00 kB │ gzip:    24.13 kB
ℹ .nuxt/dist/client/_nuxt/BbA-Yt5q.js                                        100.47 kB │ gzip:    27.99 kB
ℹ .nuxt/dist/client/_nuxt/exc82oyX.js                                        108.56 kB │ gzip:    31.88 kB
ℹ .nuxt/dist/client/_nuxt/D85tPghW.js                                        114.18 kB │ gzip:    30.64 kB
ℹ .nuxt/dist/client/_nuxt/_zNJEHx4.js                                        148.67 kB │ gzip:    42.03 kB
ℹ .nuxt/dist/client/_nuxt/CKaQbODh.js                                        290.86 kB │ gzip:    64.33 kB
ℹ .nuxt/dist/client/_nuxt/5J0xJHOV.js                                        441.64 kB │ gzip:   141.47 kB
ℹ .nuxt/dist/client/_nuxt/DpM9HTyh.js                                        452.84 kB │ gzip:   107.01 kB
ℹ .nuxt/dist/client/_nuxt/DnQBAXu8.js                                        539.29 kB │ gzip:   141.12 kB
ℹ .nuxt/dist/client/_nuxt/3O3qUYq6.js                                        743.98 kB │ gzip:   196.82 kB
ℹ .nuxt/dist/client/_nuxt/Dhbh_SpO.js                                      1,081.76 kB │ gzip:   293.45 kB
ℹ .nuxt/dist/client/_nuxt/B_lRulrG.js                                      3,764.42 kB │ gzip: 1,210.26 kB

 WARN 
(!) Some chunks are larger than 500 kB after minification. Consider:
- Using dynamic import() to code-split the application
- Use build.rollupOptions.output.manualChunks to improve chunking: https://rollupjs.org/configuration-options/#output-manualchunks
- Adjust chunk size limit for this warning via build.chunkSizeWarningLimit.

ℹ ✓ built in 16.28s
✔ Client built in 16293ms
ℹ Building server...
ℹ vite v7.3.1 building ssr environment for production...
ℹ transforming...
ℹ ✓ 1 modules transformed.
ℹ rendering chunks...
ℹ ✓ built in 9ms
✔ Server built in 48ms
[nitro] ℹ Initializing prerenderer
[nitro] ℹ Prerendering 19 initial routes with crawler
[nitro]   ├─ /chat (35ms)
[nitro]   ├─ /media (35ms)
[nitro]   ├─ /agents (35ms)
[nitro]   ├─ /settings (36ms)
[nitro]   ├─ /nodes (35ms)
[nitro]   ├─ /tools (35ms)
[nitro]   ├─ /memory (35ms)
[nitro]   ├─ /skills (36ms)
[nitro]   ├─ /mobile (35ms)
[nitro]   ├─ /workspace (37ms)
[nitro]   ├─ /agent-orgs (37ms)
[nitro]   ├─ /agent-teams (37ms)
[nitro]   ├─ / (34ms)
[nitro]   ├─ /applications (37ms)
[nitro]   ├─ /projects (37ms)
[nitro]   ├─ /index.html (36ms)
[nitro]   ├─ /200.html (37ms)
[nitro]   ├─ /404.html (37ms)
[nitro]   ├─ /projects/new (37ms)
[nitro] ℹ Prerendered 19 routes in 0.672 seconds
[nitro] ✔ Generated public dist/public
[nitro] ✔ You can preview this build using npx serve dist/public
│
└  ✨ Build complete!
