API-REV-008 exact old-data nested memory migration/restart/history E2E
HEAD=5492815bd66d5714abc7c2c19fd478f043b3c3e6
UTC=2026-08-24T08:21:58Z
✘ [ERROR] Could not resolve "/Users/normy/autobyteus_org/autobyteus-worktrees/universal-application-framework-latest-personal-integration/autobyteus-server-ts/vitest.e2e.config.ts"

failed to load config from /Users/normy/autobyteus_org/autobyteus-worktrees/universal-application-framework-latest-personal-integration/autobyteus-server-ts/vitest.e2e.config.ts

⎯⎯⎯⎯⎯⎯⎯ Startup Error ⎯⎯⎯⎯⎯⎯⎯⎯
Error: Build failed with 1 error:
error: Could not resolve "/Users/normy/autobyteus_org/autobyteus-worktrees/universal-application-framework-latest-personal-integration/autobyteus-server-ts/vitest.e2e.config.ts"
    at failureErrorWithLog (/Users/normy/autobyteus_org/autobyteus-worktrees/universal-application-framework-latest-personal-integration/node_modules/.pnpm/esbuild@0.27.3/node_modules/esbuild/lib/main.js:1467:15)
    at /Users/normy/autobyteus_org/autobyteus-worktrees/universal-application-framework-latest-personal-integration/node_modules/.pnpm/esbuild@0.27.3/node_modules/esbuild/lib/main.js:926:25
    at runOnEndCallbacks (/Users/normy/autobyteus_org/autobyteus-worktrees/universal-application-framework-latest-personal-integration/node_modules/.pnpm/esbuild@0.27.3/node_modules/esbuild/lib/main.js:1307:45)
    at buildResponseToResult (/Users/normy/autobyteus_org/autobyteus-worktrees/universal-application-framework-latest-personal-integration/node_modules/.pnpm/esbuild@0.27.3/node_modules/esbuild/lib/main.js:924:7)
    at /Users/normy/autobyteus_org/autobyteus-worktrees/universal-application-framework-latest-personal-integration/node_modules/.pnpm/esbuild@0.27.3/node_modules/esbuild/lib/main.js:951:16
    at responseCallbacks.<computed> (/Users/normy/autobyteus_org/autobyteus-worktrees/universal-application-framework-latest-personal-integration/node_modules/.pnpm/esbuild@0.27.3/node_modules/esbuild/lib/main.js:603:9)
    at handleIncomingPacket (/Users/normy/autobyteus_org/autobyteus-worktrees/universal-application-framework-latest-personal-integration/node_modules/.pnpm/esbuild@0.27.3/node_modules/esbuild/lib/main.js:658:12)
    at Socket.readFromStdout (/Users/normy/autobyteus_org/autobyteus-worktrees/universal-application-framework-latest-personal-integration/node_modules/.pnpm/esbuild@0.27.3/node_modules/esbuild/lib/main.js:581:7)
    at Socket.emit (node:events:519:28)
    at addChunk (node:internal/streams/readable:561:12) {
  errors: [Getter/Setter],
  warnings: [Getter/Setter]
}




== harness correction ==
The repository exposes vitest.config.ts only; rerunning through the authoritative package test config.

 RUN  v4.0.18 /Users/normy/autobyteus_org/autobyteus-worktrees/universal-application-framework-latest-personal-integration/autobyteus-server-ts

Prisma schema loaded from prisma/schema.prisma
Datasource "db": SQLite database "autobyteus-server-test.db" at "file:/Users/normy/autobyteus_org/autobyteus-worktrees/universal-application-framework-latest-personal-integration/autobyteus-server-ts/tests/.tmp/autobyteus-server-test.db"

Applying migration `20260203074245_init`
Applying migration `20260208094000_add_external_channel_tables`
Applying migration `20260209174500_add_channel_message_receipt_turn_id`
Applying migration `20260209213000_remove_agent_conversation_tables`
Applying migration `20260210101500_add_agent_avatar`
Applying migration `20260210192000_add_agent_team_avatar`
Applying migration `20260211214500_add_sync_columns_and_tombstones`
Applying migration `20260212070000_remove_workflow_definition`
Applying migration `20260309103000_add_channel_binding_launch_preset`
Applying migration `20260310153000_add_channel_binding_team_definition_id`
Applying migration `20260331102000_remove_channel_bindings_table`
Applying migration `20260331130000_receipt_lifecycle_and_remove_channel_idempotency`
Applying migration `20260517090000_add_app_data_migration_records`
Applying migration `20260624090000_add_token_usage_ledger_events`
Applying migration `20260625193000_token_usage_component_pricing_explainability`
Applying migration `20260629120000_add_token_usage_display_fields`
Applying migration `20260702093000_token_usage_execution_address`
Applying migration `20260726090000_add_secret_vault`
Applying migration `20260730090000_add_token_usage_provider_name`
Applying migration `20260801090000_token_usage_member_display_name`
Applying migration `20260814090000_team_run_execution_tree_v1`
Applying migration `20260819090000_add_token_usage_run_records`
Applying migration `20260820090000_redesign_app_data_migration_summary`
Applying migration `20260822090000_add_token_usage_analytics`

Database reset successful

The following migration(s) have been applied:

migrations/
  └─ 20260203074245_init/
    └─ migration.sql
  └─ 20260208094000_add_external_channel_tables/
    └─ migration.sql
  └─ 20260209174500_add_channel_message_receipt_turn_id/
    └─ migration.sql
  └─ 20260209213000_remove_agent_conversation_tables/
    └─ migration.sql
  └─ 20260210101500_add_agent_avatar/
    └─ migration.sql
  └─ 20260210192000_add_agent_team_avatar/
    └─ migration.sql
  └─ 20260211214500_add_sync_columns_and_tombstones/
    └─ migration.sql
  └─ 20260212070000_remove_workflow_definition/
    └─ migration.sql
  └─ 20260309103000_add_channel_binding_launch_preset/
    └─ migration.sql
  └─ 20260310153000_add_channel_binding_team_definition_id/
    └─ migration.sql
  └─ 20260331102000_remove_channel_bindings_table/
    └─ migration.sql
  └─ 20260331130000_receipt_lifecycle_and_remove_channel_idempotency/
    └─ migration.sql
  └─ 20260517090000_add_app_data_migration_records/
    └─ migration.sql
  └─ 20260624090000_add_token_usage_ledger_events/
    └─ migration.sql
  └─ 20260625193000_token_usage_component_pricing_explainability/
    └─ migration.sql
  └─ 20260629120000_add_token_usage_display_fields/
    └─ migration.sql
  └─ 20260702093000_token_usage_execution_address/
    └─ migration.sql
  └─ 20260726090000_add_secret_vault/
    └─ migration.sql
  └─ 20260730090000_add_token_usage_provider_name/
    └─ migration.sql
  └─ 20260801090000_token_usage_member_display_name/
    └─ migration.sql
  └─ 20260814090000_team_run_execution_tree_v1/
    └─ migration.sql
  └─ 20260819090000_add_token_usage_run_records/
    └─ migration.sql
  └─ 20260820090000_redesign_app_data_migration_summary/
    └─ migration.sql
  └─ 20260822090000_add_token_usage_analytics/
    └─ migration.sql

 ❯ tests/e2e/run-history/nested-team-history-restart.e2e.test.ts (2 tests | 2 failed) 5004ms
     × moves released flat configured/task memory before public reads and remains canonical after process restart 3100ms
     × keeps startup healthy on an invalid target and retries the remaining move through the public ANYTIME action 1904ms

⎯⎯⎯⎯⎯⎯⎯ Failed Tests 2 ⎯⎯⎯⎯⎯⎯⎯

 FAIL  tests/e2e/run-history/nested-team-history-restart.e2e.test.ts > nested TeamRun history startup/restart hydration > moves released flat configured/task memory before public reads and remains canonical after process restart
Error: Missing migration status '20260823_repair_team_agent_memory_layout'.
 ❯ requireStatus tests/e2e/run-history/nested-team-history-restart.e2e.test.ts:189:22
    187| const requireStatus = async (serverUrl: string, migrationId: string): …
    188|   const status = (await migrationStatuses(serverUrl)).find((candidate)…
    189|   if (!status) throw new Error(`Missing migration status '${migrationI…
       |                      ^
    190|   return status;
    191| };
 ❯ tests/e2e/run-history/nested-team-history-restart.e2e.test.ts:264:12

⎯⎯⎯⎯⎯⎯⎯⎯⎯⎯⎯⎯⎯⎯⎯⎯⎯⎯⎯⎯⎯⎯⎯⎯[1/2]⎯

 FAIL  tests/e2e/run-history/nested-team-history-restart.e2e.test.ts > nested TeamRun history startup/restart hydration > keeps startup healthy on an invalid target and retries the remaining move through the public ANYTIME action
Error: Missing migration status '20260823_repair_team_agent_memory_layout'.
 ❯ requireStatus tests/e2e/run-history/nested-team-history-restart.e2e.test.ts:189:22
    187| const requireStatus = async (serverUrl: string, migrationId: string): …
    188|   const status = (await migrationStatuses(serverUrl)).find((candidate)…
    189|   if (!status) throw new Error(`Missing migration status '${migrationI…
       |                      ^
    190|   return status;
    191| };
 ❯ tests/e2e/run-history/nested-team-history-restart.e2e.test.ts:375:12

⎯⎯⎯⎯⎯⎯⎯⎯⎯⎯⎯⎯⎯⎯⎯⎯⎯⎯⎯⎯⎯⎯⎯⎯[2/2]⎯


 Test Files  1 failed (1)
      Tests  2 failed (2)
   Start at  10:22:15
   Duration  5.60s (transform 33ms, setup 16ms, import 29ms, tests 5.00s, environment 0ms)


== canonical built-process rerun after server production build ==
The prior missing status was a stale/missing built-server prerequisite, not a source result.

 RUN  v4.0.18 /Users/normy/autobyteus_org/autobyteus-worktrees/universal-application-framework-latest-personal-integration/autobyteus-server-ts

Prisma schema loaded from prisma/schema.prisma
Datasource "db": SQLite database "autobyteus-server-test.db" at "file:/Users/normy/autobyteus_org/autobyteus-worktrees/universal-application-framework-latest-personal-integration/autobyteus-server-ts/tests/.tmp/autobyteus-server-test.db"

Applying migration `20260203074245_init`
Applying migration `20260208094000_add_external_channel_tables`
Applying migration `20260209174500_add_channel_message_receipt_turn_id`
Applying migration `20260209213000_remove_agent_conversation_tables`
Applying migration `20260210101500_add_agent_avatar`
Applying migration `20260210192000_add_agent_team_avatar`
Applying migration `20260211214500_add_sync_columns_and_tombstones`
Applying migration `20260212070000_remove_workflow_definition`
Applying migration `20260309103000_add_channel_binding_launch_preset`
Applying migration `20260310153000_add_channel_binding_team_definition_id`
Applying migration `20260331102000_remove_channel_bindings_table`
Applying migration `20260331130000_receipt_lifecycle_and_remove_channel_idempotency`
Applying migration `20260517090000_add_app_data_migration_records`
Applying migration `20260624090000_add_token_usage_ledger_events`
Applying migration `20260625193000_token_usage_component_pricing_explainability`
Applying migration `20260629120000_add_token_usage_display_fields`
Applying migration `20260702093000_token_usage_execution_address`
Applying migration `20260726090000_add_secret_vault`
Applying migration `20260730090000_add_token_usage_provider_name`
Applying migration `20260801090000_token_usage_member_display_name`
Applying migration `20260814090000_team_run_execution_tree_v1`
Applying migration `20260819090000_add_token_usage_run_records`
Applying migration `20260820090000_redesign_app_data_migration_summary`
Applying migration `20260822090000_add_token_usage_analytics`

Database reset successful

The following migration(s) have been applied:

migrations/
  └─ 20260203074245_init/
    └─ migration.sql
  └─ 20260208094000_add_external_channel_tables/
    └─ migration.sql
  └─ 20260209174500_add_channel_message_receipt_turn_id/
    └─ migration.sql
  └─ 20260209213000_remove_agent_conversation_tables/
    └─ migration.sql
  └─ 20260210101500_add_agent_avatar/
    └─ migration.sql
  └─ 20260210192000_add_agent_team_avatar/
    └─ migration.sql
  └─ 20260211214500_add_sync_columns_and_tombstones/
    └─ migration.sql
  └─ 20260212070000_remove_workflow_definition/
    └─ migration.sql
  └─ 20260309103000_add_channel_binding_launch_preset/
    └─ migration.sql
  └─ 20260310153000_add_channel_binding_team_definition_id/
    └─ migration.sql
  └─ 20260331102000_remove_channel_bindings_table/
    └─ migration.sql
  └─ 20260331130000_receipt_lifecycle_and_remove_channel_idempotency/
    └─ migration.sql
  └─ 20260517090000_add_app_data_migration_records/
    └─ migration.sql
  └─ 20260624090000_add_token_usage_ledger_events/
    └─ migration.sql
  └─ 20260625193000_token_usage_component_pricing_explainability/
    └─ migration.sql
  └─ 20260629120000_add_token_usage_display_fields/
    └─ migration.sql
  └─ 20260702093000_token_usage_execution_address/
    └─ migration.sql
  └─ 20260726090000_add_secret_vault/
    └─ migration.sql
  └─ 20260730090000_add_token_usage_provider_name/
    └─ migration.sql
  └─ 20260801090000_token_usage_member_display_name/
    └─ migration.sql
  └─ 20260814090000_team_run_execution_tree_v1/
    └─ migration.sql
  └─ 20260819090000_add_token_usage_run_records/
    └─ migration.sql
  └─ 20260820090000_redesign_app_data_migration_summary/
    └─ migration.sql
  └─ 20260822090000_add_token_usage_analytics/
    └─ migration.sql

 ✓ tests/e2e/run-history/nested-team-history-restart.e2e.test.ts (2 tests) 7280ms
     ✓ moves released flat configured/task memory before public reads and remains canonical after process restart  5342ms
     ✓ keeps startup healthy on an invalid target and retries the remaining move through the public ANYTIME action  1938ms

 Test Files  1 passed (1)
      Tests  2 passed (2)
   Start at  10:22:56
   Duration  7.91s (transform 46ms, setup 27ms, import 35ms, tests 7.28s, environment 0ms)

