# APIE2E-SOCRATIC-001 exact current binding/target projection
$ pnpm -C autobyteus-server-ts exec vitest run tests/unit/application-backend/socratic-lesson-target-projection.test.ts --no-watch

 RUN  v4.0.18 /Users/normy/autobyteus_org/autobyteus-worktrees/universal-application-framework-latest-personal-integration/autobyteus-server-ts

Prisma schema loaded from prisma/schema.prisma
Datasource "db": SQLite database "autobyteus-server-test.db" at "file:/Users/normy/autobyteus_org/autobyteus-worktrees/universal-application-framework-latest-personal-integration/autobyteus-server-ts/tests/.tmp/autobyteus-server-test.db"

Applying migration `20260203074245_init`
Applying migration `20260208094000_add_external_channel_tables`
Applying migration `20260209174500_add_channel_message_receipt_turn_id`
Applying migration `20260209213000_remove_agent_conversation_tables`
Applying migration `20260210101500_add_agent_avatar`
Applying migration `20260210192000_add_agent_team_avatar`
Applying migration `20260211214500_add_sync_columns_and_tombstones`
Applying migration `20260212070000_remove_workflow_definition`
Applying migration `20260309103000_add_channel_binding_launch_preset`
Applying migration `20260310153000_add_channel_binding_team_definition_id`
Applying migration `20260331102000_remove_channel_bindings_table`
Applying migration `20260331130000_receipt_lifecycle_and_remove_channel_idempotency`
Applying migration `20260517090000_add_app_data_migration_records`
Applying migration `20260624090000_add_token_usage_ledger_events`
Applying migration `20260625193000_token_usage_component_pricing_explainability`
Applying migration `20260629120000_add_token_usage_display_fields`
Applying migration `20260702093000_token_usage_execution_address`
Applying migration `20260726090000_add_secret_vault`
Applying migration `20260730090000_add_token_usage_provider_name`
Applying migration `20260801090000_token_usage_member_display_name`
Applying migration `20260814090000_team_run_execution_tree_v1`
Applying migration `20260819090000_add_token_usage_run_records`
Applying migration `20260820090000_redesign_app_data_migration_summary`

Database reset successful

The following migration(s) have been applied:

migrations/
  └─ 20260203074245_init/
    └─ migration.sql
  └─ 20260208094000_add_external_channel_tables/
    └─ migration.sql
  └─ 20260209174500_add_channel_message_receipt_turn_id/
    └─ migration.sql
  └─ 20260209213000_remove_agent_conversation_tables/
    └─ migration.sql
  └─ 20260210101500_add_agent_avatar/
    └─ migration.sql
  └─ 20260210192000_add_agent_team_avatar/
    └─ migration.sql
  └─ 20260211214500_add_sync_columns_and_tombstones/
    └─ migration.sql
  └─ 20260212070000_remove_workflow_definition/
    └─ migration.sql
  └─ 20260309103000_add_channel_binding_launch_preset/
    └─ migration.sql
  └─ 20260310153000_add_channel_binding_team_definition_id/
    └─ migration.sql
  └─ 20260331102000_remove_channel_bindings_table/
    └─ migration.sql
  └─ 20260331130000_receipt_lifecycle_and_remove_channel_idempotency/
    └─ migration.sql
  └─ 20260517090000_add_app_data_migration_records/
    └─ migration.sql
  └─ 20260624090000_add_token_usage_ledger_events/
    └─ migration.sql
  └─ 20260625193000_token_usage_component_pricing_explainability/
    └─ migration.sql
  └─ 20260629120000_add_token_usage_display_fields/
    └─ migration.sql
  └─ 20260702093000_token_usage_execution_address/
    └─ migration.sql
  └─ 20260726090000_add_secret_vault/
    └─ migration.sql
  └─ 20260730090000_add_token_usage_provider_name/
    └─ migration.sql
  └─ 20260801090000_token_usage_member_display_name/
    └─ migration.sql
  └─ 20260814090000_team_run_execution_tree_v1/
    └─ migration.sql
  └─ 20260819090000_add_token_usage_run_records/
    └─ migration.sql
  └─ 20260820090000_redesign_app_data_migration_summary/
    └─ migration.sql

 ❯ tests/unit/application-backend/socratic-lesson-target-projection.test.ts (3 tests | 1 failed) 9ms
     × derives the shared tutor-member address from the authoritative active team binding 4ms
     ✓ surfaces wrong binding subjects and missing tutor membership as configuration defects 2ms
     ✓ requests and carries the shared target address through the generated GraphQL client 3ms

⎯⎯⎯⎯⎯⎯⎯ Failed Tests 1 ⎯⎯⎯⎯⎯⎯⎯

 FAIL  tests/unit/application-backend/socratic-lesson-target-projection.test.ts > Socratic lesson tutor target projection > derives the shared tutor-member address from the authoritative active team binding
Error: Application agent-team binding 'binding-lesson-1' does not contain agentRunId 'tutor'.
 ❯ createApplicationAgentTeamMemberTargetAddress ../autobyteus-application-backend-sdk/src/application-agent-target-address.ts:70:11
 ❯ deriveTutorTargetAddress ../applications/socratic-math-teacher/backend-src/domain/lesson-model.ts:51:10
     49|     throw new Error("Socratic tutor binding must be an agent-team bind…
     50|   }
     51|   return createApplicationAgentTeamMemberTargetAddress(binding, "tutor…
       |          ^
     52| };
     53| 
 ❯ tests/unit/application-backend/socratic-lesson-target-projection.test.ts:51:12

⎯⎯⎯⎯⎯⎯⎯⎯⎯⎯⎯⎯⎯⎯⎯⎯⎯⎯⎯⎯⎯⎯⎯⎯[1/1]⎯


 Test Files  1 failed (1)
      Tests  1 failed | 2 passed (3)
   Start at  11:10:02
   Duration  1.03s (transform 67ms, setup 24ms, import 65ms, tests 9ms, environment 0ms)

