$ pnpm -C autobyteus-server-ts exec vitest run --no-watch [current application/migration E2E rerun after server and maintained-app builds]

 RUN  v4.0.18 /Users/normy/autobyteus_org/autobyteus-worktrees/universal-application-framework-latest-personal-integration/autobyteus-server-ts

Prisma schema loaded from prisma/schema.prisma
Datasource "db": SQLite database "autobyteus-server-test.db" at "file:/Users/normy/autobyteus_org/autobyteus-worktrees/universal-application-framework-latest-personal-integration/autobyteus-server-ts/tests/.tmp/autobyteus-server-test.db"

Applying migration `20260203074245_init`
Applying migration `20260208094000_add_external_channel_tables`
Applying migration `20260209174500_add_channel_message_receipt_turn_id`
Applying migration `20260209213000_remove_agent_conversation_tables`
Applying migration `20260210101500_add_agent_avatar`
Applying migration `20260210192000_add_agent_team_avatar`
Applying migration `20260211214500_add_sync_columns_and_tombstones`
Applying migration `20260212070000_remove_workflow_definition`
Applying migration `20260309103000_add_channel_binding_launch_preset`
Applying migration `20260310153000_add_channel_binding_team_definition_id`
Applying migration `20260331102000_remove_channel_bindings_table`
Applying migration `20260331130000_receipt_lifecycle_and_remove_channel_idempotency`
Applying migration `20260517090000_add_app_data_migration_records`
Applying migration `20260624090000_add_token_usage_ledger_events`
Applying migration `20260625193000_token_usage_component_pricing_explainability`
Applying migration `20260629120000_add_token_usage_display_fields`
Applying migration `20260702093000_token_usage_execution_address`
Applying migration `20260726090000_add_secret_vault`
Applying migration `20260730090000_add_token_usage_provider_name`
Applying migration `20260801090000_token_usage_member_display_name`
Applying migration `20260814090000_team_run_execution_tree_v1`
Applying migration `20260819090000_add_token_usage_run_records`
Applying migration `20260820090000_redesign_app_data_migration_summary`
Applying migration `20260822090000_add_token_usage_analytics`

Database reset successful

The following migration(s) have been applied:

migrations/
  └─ 20260203074245_init/
    └─ migration.sql
  └─ 20260208094000_add_external_channel_tables/
    └─ migration.sql
  └─ 20260209174500_add_channel_message_receipt_turn_id/
    └─ migration.sql
  └─ 20260209213000_remove_agent_conversation_tables/
    └─ migration.sql
  └─ 20260210101500_add_agent_avatar/
    └─ migration.sql
  └─ 20260210192000_add_agent_team_avatar/
    └─ migration.sql
  └─ 20260211214500_add_sync_columns_and_tombstones/
    └─ migration.sql
  └─ 20260212070000_remove_workflow_definition/
    └─ migration.sql
  └─ 20260309103000_add_channel_binding_launch_preset/
    └─ migration.sql
  └─ 20260310153000_add_channel_binding_team_definition_id/
    └─ migration.sql
  └─ 20260331102000_remove_channel_bindings_table/
    └─ migration.sql
  └─ 20260331130000_receipt_lifecycle_and_remove_channel_idempotency/
    └─ migration.sql
  └─ 20260517090000_add_app_data_migration_records/
    └─ migration.sql
  └─ 20260624090000_add_token_usage_ledger_events/
    └─ migration.sql
  └─ 20260625193000_token_usage_component_pricing_explainability/
    └─ migration.sql
  └─ 20260629120000_add_token_usage_display_fields/
    └─ migration.sql
  └─ 20260702093000_token_usage_execution_address/
    └─ migration.sql
  └─ 20260726090000_add_secret_vault/
    └─ migration.sql
  └─ 20260730090000_add_token_usage_provider_name/
    └─ migration.sql
  └─ 20260801090000_token_usage_member_display_name/
    └─ migration.sql
  └─ 20260814090000_team_run_execution_tree_v1/
    └─ migration.sql
  └─ 20260819090000_add_token_usage_run_records/
    └─ migration.sql
  └─ 20260820090000_redesign_app_data_migration_summary/
    └─ migration.sql
  └─ 20260822090000_add_token_usage_analytics/
    └─ migration.sql

(node:40479) ExperimentalWarning: SQLite is an experimental feature and might change at any time
(Use `node --trace-warnings ...` to show where the warning was created)
stdout | tests/e2e/app-data-migrations/team-run-v1-production-upgrade.e2e.test.ts
AgentFactory (Singleton) initialized.

Prisma schema loaded from prisma/schema.prisma
Datasource "db": SQLite database "team-v1-supported-startup-40479-1787665099277-f3e63fca74772.db" at "file:///Users/normy/autobyteus_org/autobyteus-worktrees/universal-application-framework-latest-personal-integration/autobyteus-server-ts/db/team-v1-supported-startup-40479-1787665099277-f3e63fca74772.db"

SQLite database team-v1-supported-startup-40479-1787665099277-f3e63fca74772.db created at file:///Users/normy/autobyteus_org/autobyteus-worktrees/universal-application-framework-latest-personal-integration/autobyteus-server-ts/db/team-v1-supported-startup-40479-1787665099277-f3e63fca74772.db

24 migrations found in prisma/migrations

Applying migration `20260203074245_init`
Applying migration `20260208094000_add_external_channel_tables`
Applying migration `20260209174500_add_channel_message_receipt_turn_id`
Applying migration `20260209213000_remove_agent_conversation_tables`
Applying migration `20260210101500_add_agent_avatar`
Applying migration `20260210192000_add_agent_team_avatar`
Applying migration `20260211214500_add_sync_columns_and_tombstones`
Applying migration `20260212070000_remove_workflow_definition`
Applying migration `20260309103000_add_channel_binding_launch_preset`
Applying migration `20260310153000_add_channel_binding_team_definition_id`
Applying migration `20260331102000_remove_channel_bindings_table`
Applying migration `20260331130000_receipt_lifecycle_and_remove_channel_idempotency`
Applying migration `20260517090000_add_app_data_migration_records`
Applying migration `20260624090000_add_token_usage_ledger_events`
Applying migration `20260625193000_token_usage_component_pricing_explainability`
Applying migration `20260629120000_add_token_usage_display_fields`
Applying migration `20260702093000_token_usage_execution_address`
Applying migration `20260726090000_add_secret_vault`
Applying migration `20260730090000_add_token_usage_provider_name`
Applying migration `20260801090000_token_usage_member_display_name`
Applying migration `20260814090000_team_run_execution_tree_v1`
Applying migration `20260819090000_add_token_usage_run_records`
Applying migration `20260820090000_redesign_app_data_migration_summary`
Applying migration `20260822090000_add_token_usage_analytics`

The following migration(s) have been applied:

migrations/
  └─ 20260203074245_init/
    └─ migration.sql
  └─ 20260208094000_add_external_channel_tables/
    └─ migration.sql
  └─ 20260209174500_add_channel_message_receipt_turn_id/
    └─ migration.sql
  └─ 20260209213000_remove_agent_conversation_tables/
    └─ migration.sql
  └─ 20260210101500_add_agent_avatar/
    └─ migration.sql
  └─ 20260210192000_add_agent_team_avatar/
    └─ migration.sql
  └─ 20260211214500_add_sync_columns_and_tombstones/
    └─ migration.sql
  └─ 20260212070000_remove_workflow_definition/
    └─ migration.sql
  └─ 20260309103000_add_channel_binding_launch_preset/
    └─ migration.sql
  └─ 20260310153000_add_channel_binding_team_definition_id/
    └─ migration.sql
  └─ 20260331102000_remove_channel_bindings_table/
    └─ migration.sql
  └─ 20260331130000_receipt_lifecycle_and_remove_channel_idempotency/
    └─ migration.sql
  └─ 20260517090000_add_app_data_migration_records/
    └─ migration.sql
  └─ 20260624090000_add_token_usage_ledger_events/
    └─ migration.sql
  └─ 20260625193000_token_usage_component_pricing_explainability/
    └─ migration.sql
  └─ 20260629120000_add_token_usage_display_fields/
    └─ migration.sql
  └─ 20260702093000_token_usage_execution_address/
    └─ migration.sql
  └─ 20260726090000_add_secret_vault/
    └─ migration.sql
  └─ 20260730090000_add_token_usage_provider_name/
    └─ migration.sql
  └─ 20260801090000_token_usage_member_display_name/
    └─ migration.sql
  └─ 20260814090000_team_run_execution_tree_v1/
    └─ migration.sql
  └─ 20260819090000_add_token_usage_run_records/
    └─ migration.sql
  └─ 20260820090000_redesign_app_data_migration_summary/
    └─ migration.sql
  └─ 20260822090000_add_token_usage_analytics/
    └─ migration.sql
      
All migrations have been successfully applied.
stdout | tests/e2e/app-data-migrations/team-run-v1-production-upgrade.e2e.test.ts > TeamRun released-shape production upgrade to current V2 through actual startup > migrates the exact supported cohort, serves history and new work, and remains immutable on relaunch
Running Prisma migrations...
Using Prisma engine overrides from cache: /Users/normy/.cache/prisma/master/605197351a3c8bdd595af2d2a9bc3025bca48ea2/darwin-arm64 (query=libquery-engine, schema=schema-engine)
Database migrations completed successfully.

Prisma schema loaded from prisma/schema.prisma
Datasource "db": SQLite database "team-v1-warning-startup-40479-1787665103362-27bb9c00a61bc.db" at "file:///Users/normy/autobyteus_org/autobyteus-worktrees/universal-application-framework-latest-personal-integration/autobyteus-server-ts/db/team-v1-warning-startup-40479-1787665103362-27bb9c00a61bc.db"

SQLite database team-v1-warning-startup-40479-1787665103362-27bb9c00a61bc.db created at file:///Users/normy/autobyteus_org/autobyteus-worktrees/universal-application-framework-latest-personal-integration/autobyteus-server-ts/db/team-v1-warning-startup-40479-1787665103362-27bb9c00a61bc.db

24 migrations found in prisma/migrations

Applying migration `20260203074245_init`
Applying migration `20260208094000_add_external_channel_tables`
Applying migration `20260209174500_add_channel_message_receipt_turn_id`
Applying migration `20260209213000_remove_agent_conversation_tables`
Applying migration `20260210101500_add_agent_avatar`
Applying migration `20260210192000_add_agent_team_avatar`
Applying migration `20260211214500_add_sync_columns_and_tombstones`
Applying migration `20260212070000_remove_workflow_definition`
Applying migration `20260309103000_add_channel_binding_launch_preset`
Applying migration `20260310153000_add_channel_binding_team_definition_id`
Applying migration `20260331102000_remove_channel_bindings_table`
Applying migration `20260331130000_receipt_lifecycle_and_remove_channel_idempotency`
Applying migration `20260517090000_add_app_data_migration_records`
Applying migration `20260624090000_add_token_usage_ledger_events`
Applying migration `20260625193000_token_usage_component_pricing_explainability`
Applying migration `20260629120000_add_token_usage_display_fields`
Applying migration `20260702093000_token_usage_execution_address`
Applying migration `20260726090000_add_secret_vault`
Applying migration `20260730090000_add_token_usage_provider_name`
Applying migration `20260801090000_token_usage_member_display_name`
Applying migration `20260814090000_team_run_execution_tree_v1`
Applying migration `20260819090000_add_token_usage_run_records`
Applying migration `20260820090000_redesign_app_data_migration_summary`
Applying migration `20260822090000_add_token_usage_analytics`

The following migration(s) have been applied:

migrations/
  └─ 20260203074245_init/
    └─ migration.sql
  └─ 20260208094000_add_external_channel_tables/
    └─ migration.sql
  └─ 20260209174500_add_channel_message_receipt_turn_id/
    └─ migration.sql
  └─ 20260209213000_remove_agent_conversation_tables/
    └─ migration.sql
  └─ 20260210101500_add_agent_avatar/
    └─ migration.sql
  └─ 20260210192000_add_agent_team_avatar/
    └─ migration.sql
  └─ 20260211214500_add_sync_columns_and_tombstones/
    └─ migration.sql
  └─ 20260212070000_remove_workflow_definition/
    └─ migration.sql
  └─ 20260309103000_add_channel_binding_launch_preset/
    └─ migration.sql
  └─ 20260310153000_add_channel_binding_team_definition_id/
    └─ migration.sql
  └─ 20260331102000_remove_channel_bindings_table/
    └─ migration.sql
  └─ 20260331130000_receipt_lifecycle_and_remove_channel_idempotency/
    └─ migration.sql
  └─ 20260517090000_add_app_data_migration_records/
    └─ migration.sql
  └─ 20260624090000_add_token_usage_ledger_events/
    └─ migration.sql
  └─ 20260625193000_token_usage_component_pricing_explainability/
    └─ migration.sql
  └─ 20260629120000_add_token_usage_display_fields/
    └─ migration.sql
  └─ 20260702093000_token_usage_execution_address/
    └─ migration.sql
  └─ 20260726090000_add_secret_vault/
    └─ migration.sql
  └─ 20260730090000_add_token_usage_provider_name/
    └─ migration.sql
  └─ 20260801090000_token_usage_member_display_name/
    └─ migration.sql
  └─ 20260814090000_team_run_execution_tree_v1/
    └─ migration.sql
  └─ 20260819090000_add_token_usage_run_records/
    └─ migration.sql
  └─ 20260820090000_redesign_app_data_migration_summary/
    └─ migration.sql
  └─ 20260822090000_add_token_usage_analytics/
    └─ migration.sql
      
All migrations have been successfully applied.
stdout | tests/e2e/app-data-migrations/team-run-v1-production-upgrade.e2e.test.ts > TeamRun released-shape production upgrade to current V2 through actual startup > isolates mixed root, token, and history warnings while keeping health, history, new work, and relaunch available
Running Prisma migrations...
Using Prisma engine overrides from cache: /Users/normy/.cache/prisma/master/605197351a3c8bdd595af2d2a9bc3025bca48ea2/darwin-arm64 (query=libquery-engine, schema=schema-engine)
Database migrations completed successfully.

Prisma schema loaded from prisma/schema.prisma
Datasource "db": SQLite database "token-consolidation-retry-startup-40479-1787665107504-7025f2ec21d8c.db" at "file:///Users/normy/autobyteus_org/autobyteus-worktrees/universal-application-framework-latest-personal-integration/autobyteus-server-ts/db/token-consolidation-retry-startup-40479-1787665107504-7025f2ec21d8c.db"

SQLite database token-consolidation-retry-startup-40479-1787665107504-7025f2ec21d8c.db created at file:///Users/normy/autobyteus_org/autobyteus-worktrees/universal-application-framework-latest-personal-integration/autobyteus-server-ts/db/token-consolidation-retry-startup-40479-1787665107504-7025f2ec21d8c.db

24 migrations found in prisma/migrations

Applying migration `20260203074245_init`
Applying migration `20260208094000_add_external_channel_tables`
Applying migration `20260209174500_add_channel_message_receipt_turn_id`
Applying migration `20260209213000_remove_agent_conversation_tables`
Applying migration `20260210101500_add_agent_avatar`
Applying migration `20260210192000_add_agent_team_avatar`
Applying migration `20260211214500_add_sync_columns_and_tombstones`
Applying migration `20260212070000_remove_workflow_definition`
Applying migration `20260309103000_add_channel_binding_launch_preset`
Applying migration `20260310153000_add_channel_binding_team_definition_id`
Applying migration `20260331102000_remove_channel_bindings_table`
Applying migration `20260331130000_receipt_lifecycle_and_remove_channel_idempotency`
Applying migration `20260517090000_add_app_data_migration_records`
Applying migration `20260624090000_add_token_usage_ledger_events`
Applying migration `20260625193000_token_usage_component_pricing_explainability`
Applying migration `20260629120000_add_token_usage_display_fields`
Applying migration `20260702093000_token_usage_execution_address`
Applying migration `20260726090000_add_secret_vault`
Applying migration `20260730090000_add_token_usage_provider_name`
Applying migration `20260801090000_token_usage_member_display_name`
Applying migration `20260814090000_team_run_execution_tree_v1`
Applying migration `20260819090000_add_token_usage_run_records`
Applying migration `20260820090000_redesign_app_data_migration_summary`
Applying migration `20260822090000_add_token_usage_analytics`

The following migration(s) have been applied:

migrations/
  └─ 20260203074245_init/
    └─ migration.sql
  └─ 20260208094000_add_external_channel_tables/
    └─ migration.sql
  └─ 20260209174500_add_channel_message_receipt_turn_id/
    └─ migration.sql
  └─ 20260209213000_remove_agent_conversation_tables/
    └─ migration.sql
  └─ 20260210101500_add_agent_avatar/
    └─ migration.sql
  └─ 20260210192000_add_agent_team_avatar/
    └─ migration.sql
  └─ 20260211214500_add_sync_columns_and_tombstones/
    └─ migration.sql
  └─ 20260212070000_remove_workflow_definition/
    └─ migration.sql
  └─ 20260309103000_add_channel_binding_launch_preset/
    └─ migration.sql
  └─ 20260310153000_add_channel_binding_team_definition_id/
    └─ migration.sql
  └─ 20260331102000_remove_channel_bindings_table/
    └─ migration.sql
  └─ 20260331130000_receipt_lifecycle_and_remove_channel_idempotency/
    └─ migration.sql
  └─ 20260517090000_add_app_data_migration_records/
    └─ migration.sql
  └─ 20260624090000_add_token_usage_ledger_events/
    └─ migration.sql
  └─ 20260625193000_token_usage_component_pricing_explainability/
    └─ migration.sql
  └─ 20260629120000_add_token_usage_display_fields/
    └─ migration.sql
  └─ 20260702093000_token_usage_execution_address/
    └─ migration.sql
  └─ 20260726090000_add_secret_vault/
    └─ migration.sql
  └─ 20260730090000_add_token_usage_provider_name/
    └─ migration.sql
  └─ 20260801090000_token_usage_member_display_name/
    └─ migration.sql
  └─ 20260814090000_team_run_execution_tree_v1/
    └─ migration.sql
  └─ 20260819090000_add_token_usage_run_records/
    └─ migration.sql
  └─ 20260820090000_redesign_app_data_migration_summary/
    └─ migration.sql
  └─ 20260822090000_add_token_usage_analytics/
    └─ migration.sql
      
All migrations have been successfully applied.
stdout | tests/e2e/app-data-migrations/team-run-v1-production-upgrade.e2e.test.ts > TeamRun released-shape production upgrade to current V2 through actual startup > keeps the server healthy after failed consolidation, admits a new current run, and imports disjoint legacy rows on restart retry
Running Prisma migrations...
Using Prisma engine overrides from cache: /Users/normy/.cache/prisma/master/605197351a3c8bdd595af2d2a9bc3025bca48ea2/darwin-arm64 (query=libquery-engine, schema=schema-engine)
Database migrations completed successfully.

Prisma schema loaded from prisma/schema.prisma
Datasource "db": SQLite database "token-consolidation-overlap-startup-40479-1787665110259-a6ecedf34dbc1.db" at "file:///Users/normy/autobyteus_org/autobyteus-worktrees/universal-application-framework-latest-personal-integration/autobyteus-server-ts/db/token-consolidation-overlap-startup-40479-1787665110259-a6ecedf34dbc1.db"

SQLite database token-consolidation-overlap-startup-40479-1787665110259-a6ecedf34dbc1.db created at file:///Users/normy/autobyteus_org/autobyteus-worktrees/universal-application-framework-latest-personal-integration/autobyteus-server-ts/db/token-consolidation-overlap-startup-40479-1787665110259-a6ecedf34dbc1.db

24 migrations found in prisma/migrations

Applying migration `20260203074245_init`
Applying migration `20260208094000_add_external_channel_tables`
Applying migration `20260209174500_add_channel_message_receipt_turn_id`
Applying migration `20260209213000_remove_agent_conversation_tables`
Applying migration `20260210101500_add_agent_avatar`
Applying migration `20260210192000_add_agent_team_avatar`
Applying migration `20260211214500_add_sync_columns_and_tombstones`
Applying migration `20260212070000_remove_workflow_definition`
Applying migration `20260309103000_add_channel_binding_launch_preset`
Applying migration `20260310153000_add_channel_binding_team_definition_id`
Applying migration `20260331102000_remove_channel_bindings_table`
Applying migration `20260331130000_receipt_lifecycle_and_remove_channel_idempotency`
Applying migration `20260517090000_add_app_data_migration_records`
Applying migration `20260624090000_add_token_usage_ledger_events`
Applying migration `20260625193000_token_usage_component_pricing_explainability`
Applying migration `20260629120000_add_token_usage_display_fields`
Applying migration `20260702093000_token_usage_execution_address`
Applying migration `20260726090000_add_secret_vault`
Applying migration `20260730090000_add_token_usage_provider_name`
Applying migration `20260801090000_token_usage_member_display_name`
Applying migration `20260814090000_team_run_execution_tree_v1`
Applying migration `20260819090000_add_token_usage_run_records`
Applying migration `20260820090000_redesign_app_data_migration_summary`
Applying migration `20260822090000_add_token_usage_analytics`

The following migration(s) have been applied:

migrations/
  └─ 20260203074245_init/
    └─ migration.sql
  └─ 20260208094000_add_external_channel_tables/
    └─ migration.sql
  └─ 20260209174500_add_channel_message_receipt_turn_id/
    └─ migration.sql
  └─ 20260209213000_remove_agent_conversation_tables/
    └─ migration.sql
  └─ 20260210101500_add_agent_avatar/
    └─ migration.sql
  └─ 20260210192000_add_agent_team_avatar/
    └─ migration.sql
  └─ 20260211214500_add_sync_columns_and_tombstones/
    └─ migration.sql
  └─ 20260212070000_remove_workflow_definition/
    └─ migration.sql
  └─ 20260309103000_add_channel_binding_launch_preset/
    └─ migration.sql
  └─ 20260310153000_add_channel_binding_team_definition_id/
    └─ migration.sql
  └─ 20260331102000_remove_channel_bindings_table/
    └─ migration.sql
  └─ 20260331130000_receipt_lifecycle_and_remove_channel_idempotency/
    └─ migration.sql
  └─ 20260517090000_add_app_data_migration_records/
    └─ migration.sql
  └─ 20260624090000_add_token_usage_ledger_events/
    └─ migration.sql
  └─ 20260625193000_token_usage_component_pricing_explainability/
    └─ migration.sql
  └─ 20260629120000_add_token_usage_display_fields/
    └─ migration.sql
  └─ 20260702093000_token_usage_execution_address/
    └─ migration.sql
  └─ 20260726090000_add_secret_vault/
    └─ migration.sql
  └─ 20260730090000_add_token_usage_provider_name/
    └─ migration.sql
  └─ 20260801090000_token_usage_member_display_name/
    └─ migration.sql
  └─ 20260814090000_team_run_execution_tree_v1/
    └─ migration.sql
  └─ 20260819090000_add_token_usage_run_records/
    └─ migration.sql
  └─ 20260820090000_redesign_app_data_migration_summary/
    └─ migration.sql
  └─ 20260822090000_add_token_usage_analytics/
    └─ migration.sql
      
All migrations have been successfully applied.
stdout | tests/e2e/app-data-migrations/team-run-v1-production-upgrade.e2e.test.ts > TeamRun released-shape production upgrade to current V2 through actual startup > rejects a legacy/current run-ID overlap before source cleanup while preserving both stores
Running Prisma migrations...
Using Prisma engine overrides from cache: /Users/normy/.cache/prisma/master/605197351a3c8bdd595af2d2a9bc3025bca48ea2/darwin-arm64 (query=libquery-engine, schema=schema-engine)
Database migrations completed successfully.

 ❯ tests/e2e/app-data-migrations/team-run-v1-production-upgrade.e2e.test.ts (4 tests | 3 failed) 13587ms
     × migrates the exact supported cohort, serves history and new work, and remains immutable on relaunch 4084ms
     × isolates mixed root, token, and history warnings while keeping health, history, new work, and relaunch available 4142ms
     × keeps the server healthy after failed consolidation, admits a new current run, and imports disjoint legacy rows on restart retry 2755ms
     ✓ rejects a legacy/current run-ID overlap before source cleanup while preserving both stores  2605ms
(node:40616) ExperimentalWarning: SQLite is an experimental feature and might change at any time
(Use `node --trace-warnings ...` to show where the warning was created)
stdout | tests/integration/application-backend/application-context-capabilities.integration.test.ts
AgentFactory (Singleton) initialized.

stdout | tests/integration/application-backend/application-context-capabilities.integration.test.ts > Application context capability integration > executes all named capabilities and both explicit starts through the real worker/host boundary
Platform detection: Windows=false
App root directory: /Users/normy/autobyteus_org/autobyteus-worktrees/universal-application-framework-latest-personal-integration/autobyteus-server-ts
App data directory: /Users/normy/autobyteus_org/autobyteus-worktrees/universal-application-framework-latest-personal-integration/autobyteus-server-ts

 ✓ tests/integration/application-backend/application-context-capabilities.integration.test.ts (2 tests) 177ms
 ❯ tests/e2e/run-history/nested-team-history-restart.e2e.test.ts (2 tests | 1 failed) 6848ms
     ✓ moves released flat configured/task memory before public reads and remains canonical after process restart  4503ms
     × keeps startup healthy on an invalid target and retries the remaining move through the public ANYTIME action 2344ms
 ❯ tests/e2e/agent-team-runs/hierarchical-team-run-config-graphql.e2e.test.ts (7 tests | 1 failed) 16261ms
     × persists root, nested-Team, and exact-Agent configurations and restores them after process restart 2241ms
     ✓ rejects a 'missing' 'Team' runtime before workspace or run side effects  2268ms
     ✓ rejects a 'blank' 'Team' runtime before workspace or run side effects  2206ms
     ✓ rejects a 'unsupported' 'Team' runtime before workspace or run side effects  2241ms
     ✓ rejects a 'missing' 'Agent' runtime before workspace or run side effects  2372ms
     ✓ rejects a 'blank' 'Agent' runtime before workspace or run side effects  2615ms
     ✓ rejects a 'unsupported' 'Agent' runtime before workspace or run side effects  2317ms
(node:40712) ExperimentalWarning: SQLite is an experimental feature and might change at any time
(Use `node --trace-warnings ...` to show where the warning was created)
stdout | tests/integration/application-backend/brief-studio-imported-package.integration.test.ts
AgentFactory (Singleton) initialized.

stdout | tests/integration/application-backend/brief-studio-imported-package.integration.test.ts > Brief Studio imported package integration > discovers Brief Studio as an imported package, drives the app-owned GraphQL API, and projects live execution events through REST/WS
Platform detection: Windows=false
App root directory: /Users/normy/autobyteus_org/autobyteus-worktrees/universal-application-framework-latest-personal-integration/autobyteus-server-ts
App data directory: /var/folders/7w/9r4_s1_s42z3f7c136bpjf0r0000gn/T/autobyteus-brief-studio-mEHI9y/app-data

stdout | tests/integration/application-backend/brief-studio-imported-package.integration.test.ts > Brief Studio imported package integration > preserves same-binding early final projection when the packaged Brief Studio GraphQL client launches through the hosted backend mount
Platform detection: Windows=false
App root directory: /Users/normy/autobyteus_org/autobyteus-worktrees/universal-application-framework-latest-personal-integration/autobyteus-server-ts
App data directory: /var/folders/7w/9r4_s1_s42z3f7c136bpjf0r0000gn/T/autobyteus-brief-studio-5ZKBeQ/app-data

stdout | tests/integration/application-backend/brief-studio-imported-package.integration.test.ts > Brief Studio imported package integration > rejects unexpected Brief Studio producers without committing projection state
Platform detection: Windows=false
App root directory: /Users/normy/autobyteus_org/autobyteus-worktrees/universal-application-framework-latest-personal-integration/autobyteus-server-ts
App data directory: /var/folders/7w/9r4_s1_s42z3f7c136bpjf0r0000gn/T/autobyteus-brief-studio-niKu7Q/app-data

 ✓ tests/integration/application-backend/brief-studio-imported-package.integration.test.ts (3 tests) 1046ms
     ✓ discovers Brief Studio as an imported package, drives the app-owned GraphQL API, and projects live execution events through REST/WS  516ms
     ✓ preserves same-binding early final projection when the packaged Brief Studio GraphQL client launches through the hosted backend mount  424ms
stdout | tests/integration/agent-team-execution/team-run-service.integration.test.ts
AgentFactory (Singleton) initialized.

stdout | tests/integration/agent-team-execution/team-run-service.integration.test.ts > TeamRunService current recursive topology integration > expands one root launch configuration across every Team and exact recursive Agent address
Platform detection: Windows=false
App root directory: /Users/normy/autobyteus_org/autobyteus-worktrees/universal-application-framework-latest-personal-integration/autobyteus-server-ts
App data directory: /Users/normy/autobyteus_org/autobyteus-worktrees/universal-application-framework-latest-personal-integration/autobyteus-server-ts

 ✓ tests/integration/agent-team-execution/team-run-service.integration.test.ts (5 tests) 23ms
 ✓ tests/unit/application-platform/application-launch-team-scope-projection.test.ts (2 tests) 14ms
 ✓ tests/unit/application-orchestration/application-run-binding-launch-service.test.ts (11 tests) 10ms
 ✓ tests/unit/application-platform/application-launch-host-capability-validator.test.ts (7 tests) 8ms
stdout | tests/e2e/runtime/nested-mixed-team-runtime-graphql.e2e.test.ts
AgentFactory (Singleton) initialized.

(node:40734) ExperimentalWarning: SQLite is an experimental feature and might change at any time
(Use `node --trace-warnings ...` to show where the warning was created)
 ↓ tests/e2e/runtime/nested-mixed-team-runtime-graphql.e2e.test.ts (1 test | 1 skipped)

⎯⎯⎯⎯⎯⎯⎯ Failed Tests 5 ⎯⎯⎯⎯⎯⎯⎯

 FAIL  tests/e2e/app-data-migrations/team-run-v1-production-upgrade.e2e.test.ts > TeamRun released-shape production upgrade to current V2 through actual startup > migrates the exact supported cohort, serves history and new work, and remains immutable on relaunch
AssertionError: expected { success: false, runId: null, …(1) } to match object { success: true, runId: Any<String> }
(1 matching property omitted from actual)

- Expected
+ Received

  {
-   "runId": Any<String>,
-   "success": true,
+   "runId": null,
+   "success": false,
  }

 ❯ exerciseHistoryAndNewWork tests/e2e/app-data-migrations/team-run-v1-production-upgrade.e2e.test.ts:1017:37
    1015|     },
    1016|   });
    1017|   expect(createdRun.createAgentRun).toMatchObject({ success: true, run…
       |                                     ^
    1018|   const terminatedAgent = await executeGraphql<{ terminateAgentRun: { …
    1019|     mutation TerminatePostMigrationAgent($runId: String!) {
 ❯ tests/e2e/app-data-migrations/team-run-v1-production-upgrade.e2e.test.ts:1162:5

⎯⎯⎯⎯⎯⎯⎯⎯⎯⎯⎯⎯⎯⎯⎯⎯⎯⎯⎯⎯⎯⎯⎯⎯[1/5]⎯

 FAIL  tests/e2e/app-data-migrations/team-run-v1-production-upgrade.e2e.test.ts > TeamRun released-shape production upgrade to current V2 through actual startup > isolates mixed root, token, and history warnings while keeping health, history, new work, and relaunch available
AssertionError: expected { success: false, runId: null, …(1) } to match object { success: true, runId: Any<String> }
(1 matching property omitted from actual)

- Expected
+ Received

  {
-   "runId": Any<String>,
-   "success": true,
+   "runId": null,
+   "success": false,
  }

 ❯ exerciseHistoryAndNewWork tests/e2e/app-data-migrations/team-run-v1-production-upgrade.e2e.test.ts:1017:37
    1015|     },
    1016|   });
    1017|   expect(createdRun.createAgentRun).toMatchObject({ success: true, run…
       |                                     ^
    1018|   const terminatedAgent = await executeGraphql<{ terminateAgentRun: { …
    1019|     mutation TerminatePostMigrationAgent($runId: String!) {
 ❯ tests/e2e/app-data-migrations/team-run-v1-production-upgrade.e2e.test.ts:1233:5

⎯⎯⎯⎯⎯⎯⎯⎯⎯⎯⎯⎯⎯⎯⎯⎯⎯⎯⎯⎯⎯⎯⎯⎯[2/5]⎯

 FAIL  tests/e2e/app-data-migrations/team-run-v1-production-upgrade.e2e.test.ts > TeamRun released-shape production upgrade to current V2 through actual startup > keeps the server healthy after failed consolidation, admits a new current run, and imports disjoint legacy rows on restart retry
AssertionError: expected { success: false, runId: null, …(1) } to match object { success: true, runId: Any<String> }
(1 matching property omitted from actual)

- Expected
+ Received

  {
-   "runId": Any<String>,
-   "success": true,
+   "runId": null,
+   "success": false,
  }

 ❯ createCurrentAgentRun tests/e2e/app-data-migrations/team-run-v1-production-upgrade.e2e.test.ts:706:34
    704|     },
    705|   });
    706|   expect(created.createAgentRun).toMatchObject({ success: true, runId:…
       |                                  ^
    707|   return created.createAgentRun.runId!;
    708| };
 ❯ tests/e2e/app-data-migrations/team-run-v1-production-upgrade.e2e.test.ts:1279:26

⎯⎯⎯⎯⎯⎯⎯⎯⎯⎯⎯⎯⎯⎯⎯⎯⎯⎯⎯⎯⎯⎯⎯⎯[3/5]⎯

 FAIL  tests/e2e/agent-team-runs/hierarchical-team-run-config-graphql.e2e.test.ts > hierarchical TeamRun GraphQL and V2 lifecycle > persists root, nested-Team, and exact-Agent configurations and restores them after process restart
Error: HIERARCHICAL_TEAM_RUN_CREATE_FAILED: Error: AgentTeamDefinition with ID hierarchy-1787665123465-root-team not found.
 ❯ tests/e2e/agent-team-runs/hierarchical-team-run-config-graphql.e2e.test.ts:353:13
    351|     });
    352|     if (!created.createAgentTeamRun.success) {
    353|       throw new Error(`HIERARCHICAL_TEAM_RUN_CREATE_FAILED: ${created.…
       |             ^
    354|     }
    355|     expect(created.createAgentTeamRun).toMatchObject({ success: true, …

⎯⎯⎯⎯⎯⎯⎯⎯⎯⎯⎯⎯⎯⎯⎯⎯⎯⎯⎯⎯⎯⎯⎯⎯[4/5]⎯

 FAIL  tests/e2e/run-history/nested-team-history-restart.e2e.test.ts > nested TeamRun history startup/restart hydration > keeps startup healthy on an invalid target and retries the remaining move through the public ANYTIME action
Error: TEST_GRAPHQL_REQUEST_FAILED
 ❯ stableError ../test-support/live-e2e/test-runtime-bootstrap.mjs:47:17
     45| 
     46| const stableError = (code) => {
     47|   const error = new Error(code);
       |                 ^
     48|   error.code = code;
     49|   return error;
 ❯ executeGraphql ../test-support/live-e2e/test-runtime-bootstrap.mjs:328:11
 ❯ tests/e2e/run-history/nested-team-history-restart.e2e.test.ts:427:30

⎯⎯⎯⎯⎯⎯⎯⎯⎯⎯⎯⎯⎯⎯⎯⎯⎯⎯⎯⎯⎯⎯⎯⎯[5/5]⎯


 Test Files  3 failed | 6 passed | 1 skipped (10)
      Tests  5 failed | 38 passed | 1 skipped (44)
   Start at  15:38:12
   Duration  55.20s (transform 6.78s, setup 81ms, import 15.44s, tests 37.97s, environment 1ms)

