
 RUN  v4.0.18 /Users/normy/autobyteus_org/autobyteus-worktrees/universal-application-framework-latest-personal-integration/autobyteus-server-ts

Prisma schema loaded from prisma/schema.prisma
Datasource "db": SQLite database "autobyteus-server-test.db" at "file:/Users/normy/autobyteus_org/autobyteus-worktrees/universal-application-framework-latest-personal-integration/autobyteus-server-ts/tests/.tmp/autobyteus-server-test.db"

Applying migration `20260203074245_init`
Applying migration `20260208094000_add_external_channel_tables`
Applying migration `20260209174500_add_channel_message_receipt_turn_id`
Applying migration `20260209213000_remove_agent_conversation_tables`
Applying migration `20260210101500_add_agent_avatar`
Applying migration `20260210192000_add_agent_team_avatar`
Applying migration `20260211214500_add_sync_columns_and_tombstones`
Applying migration `20260212070000_remove_workflow_definition`
Applying migration `20260309103000_add_channel_binding_launch_preset`
Applying migration `20260310153000_add_channel_binding_team_definition_id`
Applying migration `20260331102000_remove_channel_bindings_table`
Applying migration `20260331130000_receipt_lifecycle_and_remove_channel_idempotency`
Applying migration `20260517090000_add_app_data_migration_records`
Applying migration `20260624090000_add_token_usage_ledger_events`
Applying migration `20260625193000_token_usage_component_pricing_explainability`
Applying migration `20260629120000_add_token_usage_display_fields`
Applying migration `20260702093000_token_usage_execution_address`
Applying migration `20260726090000_add_secret_vault`
Applying migration `20260730090000_add_token_usage_provider_name`
Applying migration `20260801090000_token_usage_member_display_name`
Applying migration `20260814090000_team_run_execution_tree_v1`
Applying migration `20260819090000_add_token_usage_run_records`
Applying migration `20260820090000_redesign_app_data_migration_summary`
Applying migration `20260822090000_add_token_usage_analytics`

Database reset successful

The following migration(s) have been applied:

migrations/
  └─ 20260203074245_init/
    └─ migration.sql
  └─ 20260208094000_add_external_channel_tables/
    └─ migration.sql
  └─ 20260209174500_add_channel_message_receipt_turn_id/
    └─ migration.sql
  └─ 20260209213000_remove_agent_conversation_tables/
    └─ migration.sql
  └─ 20260210101500_add_agent_avatar/
    └─ migration.sql
  └─ 20260210192000_add_agent_team_avatar/
    └─ migration.sql
  └─ 20260211214500_add_sync_columns_and_tombstones/
    └─ migration.sql
  └─ 20260212070000_remove_workflow_definition/
    └─ migration.sql
  └─ 20260309103000_add_channel_binding_launch_preset/
    └─ migration.sql
  └─ 20260310153000_add_channel_binding_team_definition_id/
    └─ migration.sql
  └─ 20260331102000_remove_channel_bindings_table/
    └─ migration.sql
  └─ 20260331130000_receipt_lifecycle_and_remove_channel_idempotency/
    └─ migration.sql
  └─ 20260517090000_add_app_data_migration_records/
    └─ migration.sql
  └─ 20260624090000_add_token_usage_ledger_events/
    └─ migration.sql
  └─ 20260625193000_token_usage_component_pricing_explainability/
    └─ migration.sql
  └─ 20260629120000_add_token_usage_display_fields/
    └─ migration.sql
  └─ 20260702093000_token_usage_execution_address/
    └─ migration.sql
  └─ 20260726090000_add_secret_vault/
    └─ migration.sql
  └─ 20260730090000_add_token_usage_provider_name/
    └─ migration.sql
  └─ 20260801090000_token_usage_member_display_name/
    └─ migration.sql
  └─ 20260814090000_team_run_execution_tree_v1/
    └─ migration.sql
  └─ 20260819090000_add_token_usage_run_records/
    └─ migration.sql
  └─ 20260820090000_redesign_app_data_migration_summary/
    └─ migration.sql
  └─ 20260822090000_add_token_usage_analytics/
    └─ migration.sql

 ✓ tests/architecture/application-framework-boundaries.test.ts (15 tests) 2305ms
     ✓ keeps the complete current TS/JS/Vue tree inside AFB-001 through AFB-005  623ms
     ✓ keeps required tool registration behind the single lifecycle readiness owner  1136ms
     ✓ accepts complete construction shapes and rejects every omission, null, undefined, and opaque spread  379ms
stdout | tests/unit/server-runtime-app-data-migration-gate.test.ts > Studio readable-provider migration startup gate > builds and listens only after readable identity status SUCCEEDED
prisma:info Starting a sqlite pool with 21 connections.

{"protocol":"autobyteus.embedded-server.platform-fatal.v1","code":"APP_DATA_STARTUP_GATE_FAILED","summary":"Failed to run app data migrations: Error: CUSTOM_PROVIDER_READABLE_ID_STARTUP_BLOCKED:NOT_RUN:NO_LOG","logPath":"/tmp/server-runtime-gate/logs/server.log"}
{"protocol":"autobyteus.embedded-server.platform-fatal.v1","code":"APP_DATA_STARTUP_GATE_FAILED","summary":"Failed to run app data migrations: Error: CUSTOM_PROVIDER_READABLE_ID_STARTUP_BLOCKED:RUNNING:/tmp/running.log","logPath":"/tmp/server-runtime-gate/logs/server.log"}
{"protocol":"autobyteus.embedded-server.platform-fatal.v1","code":"APP_DATA_STARTUP_GATE_FAILED","summary":"Failed to run app data migrations: Error: CUSTOM_PROVIDER_READABLE_ID_STARTUP_BLOCKED:FAILED:/tmp/failed.log","logPath":"/tmp/server-runtime-gate/logs/server.log"}
{"protocol":"autobyteus.embedded-server.platform-fatal.v1","code":"APP_DATA_STARTUP_GATE_FAILED","summary":"Failed to run app data migrations: Error: migration state store unavailable","logPath":"/tmp/server-runtime-gate/logs/server.log"}
 ✓ tests/unit/server-runtime-app-data-migration-gate.test.ts (7 tests) 67ms
 ✓ tests/unit/run-history/services/team-run-package-catalog.test.ts (2 tests) 169ms
stdout | tests/unit/app-data-migrations/migrate-native-working-context-snapshots-v5-migration.test.ts
AgentFactory (Singleton) initialized.

(node:37715) ExperimentalWarning: SQLite is an experimental feature and might change at any time
(Use `node --trace-warnings ...` to show where the warning was created)
stdout | tests/unit/app-data-migrations/migrate-native-working-context-snapshots-v5-migration.test.ts > MigrateNativeWorkingContextSnapshotsV5Migration > runs the default prerequisite class order through the ordinary runner and preserves a raw-1-backed direct upgrade
Platform detection: Windows=false
App root directory: /Users/normy/autobyteus_org/autobyteus-worktrees/universal-application-framework-latest-personal-integration/autobyteus-server-ts
App data directory: /Users/normy/autobyteus_org/autobyteus-worktrees/universal-application-framework-latest-personal-integration/autobyteus-server-ts

 ✓ tests/unit/app-data-migrations/migrate-native-working-context-snapshots-v5-migration.test.ts (6 tests) 78ms
stdout | tests/unit/app-data-migrations/team-agent-memory-layout-app-data-migration.test.ts
AgentFactory (Singleton) initialized.

(node:37762) ExperimentalWarning: SQLite is an experimental feature and might change at any time
(Use `node --trace-warnings ...` to show where the warning was created)
stdout | tests/unit/app-data-migrations/team-agent-memory-layout-app-data-migration.test.ts > TeamAgentMemoryLayoutAppDataMigration > registers required-on-startup ANYTIME recovery after V1 and gates canonical snapshot migrations
Platform detection: Windows=false
App root directory: /Users/normy/autobyteus_org/autobyteus-worktrees/universal-application-framework-latest-personal-integration/autobyteus-server-ts
App data directory: /Users/normy/autobyteus_org/autobyteus-worktrees/universal-application-framework-latest-personal-integration/autobyteus-server-ts

 ✓ tests/unit/app-data-migrations/team-agent-memory-layout-app-data-migration.test.ts (4 tests) 48ms
stdout | tests/unit/app-data-migrations/team-run-execution-tree-v1-app-data-migration.test.ts
AgentFactory (Singleton) initialized.

(node:37773) ExperimentalWarning: SQLite is an experimental feature and might change at any time
(Use `node --trace-warnings ...` to show where the warning was created)
stdout | tests/unit/app-data-migrations/team-run-execution-tree-v1-app-data-migration.test.ts > TeamRunExecutionTreeV1AppDataMigration > registers the final TeamRun migration exactly once without the removed intermediate ID
Platform detection: Windows=false
App root directory: /Users/normy/autobyteus_org/autobyteus-worktrees/universal-application-framework-latest-personal-integration/autobyteus-server-ts
App data directory: /Users/normy/autobyteus_org/autobyteus-worktrees/universal-application-framework-latest-personal-integration/autobyteus-server-ts

 ✓ tests/unit/app-data-migrations/team-run-execution-tree-v1-app-data-migration.test.ts (4 tests) 48ms
stdout | tests/unit/app-data-migrations/team-run-execution-tree-v2-app-data-migration.test.ts
AgentFactory (Singleton) initialized.

(node:37778) ExperimentalWarning: SQLite is an experimental feature and might change at any time
(Use `node --trace-warnings ...` to show where the warning was created)
stdout | tests/unit/app-data-migrations/team-run-execution-tree-v2-app-data-migration.test.ts > TeamRunExecutionTreeV2AppDataMigration > is registered once immediately after its memory-layout prerequisite
Platform detection: Windows=false
App root directory: /Users/normy/autobyteus_org/autobyteus-worktrees/universal-application-framework-latest-personal-integration/autobyteus-server-ts
App data directory: /Users/normy/autobyteus_org/autobyteus-worktrees/universal-application-framework-latest-personal-integration/autobyteus-server-ts

 ✓ tests/unit/app-data-migrations/team-run-execution-tree-v2-app-data-migration.test.ts (4 tests) 39ms
stdout | tests/unit/agent-team-execution/team-run-service.test.ts
AgentFactory (Singleton) initialized.

stdout | tests/unit/agent-team-execution/team-run-service.test.ts > TeamRunService current root lifecycle > rejects current-schema admission before constructing a new team run
Platform detection: Windows=false
App root directory: /Users/normy/autobyteus_org/autobyteus-worktrees/universal-application-framework-latest-personal-integration/autobyteus-server-ts
App data directory: /Users/normy/autobyteus_org/autobyteus-worktrees/universal-application-framework-latest-personal-integration/autobyteus-server-ts

 ✓ tests/unit/agent-team-execution/team-run-service.test.ts (18 tests) 15ms
 ✓ tests/unit/application-platform/application-launch-configuration-service.test.ts (7 tests) 14ms
 ✓ tests/unit/agent-team-execution/team-definition-topology-planner.test.ts (12 tests) 8ms

 Test Files  10 passed (10)
      Tests  79 passed (79)
   Start at  15:34:35
   Duration  14.52s (transform 4.14s, setup 62ms, import 10.26s, tests 2.79s, environment 1ms)

