
 RUN  v4.0.18 /Users/normy/autobyteus_org/autobyteus-worktrees/mobile-files-tab-analysis/autobyteus-server-ts

Prisma schema loaded from prisma/schema.prisma
Datasource "db": SQLite database "autobyteus-server-test.db" at "file:/Users/normy/autobyteus_org/autobyteus-worktrees/mobile-files-tab-analysis/autobyteus-server-ts/tests/.tmp/autobyteus-server-test.db"

Applying migration `20260203074245_init`
Applying migration `20260208094000_add_external_channel_tables`
Applying migration `20260209174500_add_channel_message_receipt_turn_id`
Applying migration `20260209213000_remove_agent_conversation_tables`
Applying migration `20260210101500_add_agent_avatar`
Applying migration `20260210192000_add_agent_team_avatar`
Applying migration `20260211214500_add_sync_columns_and_tombstones`
Applying migration `20260212070000_remove_workflow_definition`
Applying migration `20260309103000_add_channel_binding_launch_preset`
Applying migration `20260310153000_add_channel_binding_team_definition_id`
Applying migration `20260331102000_remove_channel_bindings_table`
Applying migration `20260331130000_receipt_lifecycle_and_remove_channel_idempotency`
Applying migration `20260517090000_add_app_data_migration_records`
Applying migration `20260624090000_add_token_usage_ledger_events`
Applying migration `20260625193000_token_usage_component_pricing_explainability`

Database reset successful

The following migration(s) have been applied:

migrations/
  └─ 20260203074245_init/
    └─ migration.sql
  └─ 20260208094000_add_external_channel_tables/
    └─ migration.sql
  └─ 20260209174500_add_channel_message_receipt_turn_id/
    └─ migration.sql
  └─ 20260209213000_remove_agent_conversation_tables/
    └─ migration.sql
  └─ 20260210101500_add_agent_avatar/
    └─ migration.sql
  └─ 20260210192000_add_agent_team_avatar/
    └─ migration.sql
  └─ 20260211214500_add_sync_columns_and_tombstones/
    └─ migration.sql
  └─ 20260212070000_remove_workflow_definition/
    └─ migration.sql
  └─ 20260309103000_add_channel_binding_launch_preset/
    └─ migration.sql
  └─ 20260310153000_add_channel_binding_team_definition_id/
    └─ migration.sql
  └─ 20260331102000_remove_channel_bindings_table/
    └─ migration.sql
  └─ 20260331130000_receipt_lifecycle_and_remove_channel_idempotency/
    └─ migration.sql
  └─ 20260517090000_add_app_data_migration_records/
    └─ migration.sql
  └─ 20260624090000_add_token_usage_ledger_events/
    └─ migration.sql
  └─ 20260625193000_token_usage_component_pricing_explainability/
    └─ migration.sql

stdout | tests/e2e/file-explorer/file-explorer-graphql.e2e.test.ts
Successfully registered tool definition: 'read_file'
Successfully registered tool definition: 'write_file'
Successfully registered tool definition: 'edit_file'
Successfully registered tool definition: 'replace_in_file'
Successfully registered tool definition: 'insert_in_file'
Successfully registered tool definition: 'run_bash'
Successfully registered tool definition: 'start_background_process'
Successfully registered tool definition: 'get_background_processes'
Successfully registered tool definition: 'get_process_output'
Successfully registered tool definition: 'stop_background_process'
Successfully registered tool definition: 'search_web'
Successfully registered tool definition: 'read_media_file'
Successfully registered tool definition: 'download_media'
Successfully registered tool definition: 'read_url'
Successfully registered tool definition: 'add_todo'
Successfully registered tool definition: 'create_todo_list'
Successfully registered tool definition: 'get_todo_list'
Successfully registered tool definition: 'update_todo_status'
AgentFactory (Singleton) initialized.

(node:21548) ExperimentalWarning: SQLite is an experimental feature and might change at any time
(Use `node --trace-warnings ...` to show where the warning was created)
stdout | tests/e2e/file-explorer/file-explorer-graphql.e2e.test.ts > File explorer GraphQL e2e > returns immediate children for folderChildren
Creating new workspace for rootPath: /var/folders/7w/9r4_s1_s42z3f7c136bpjf0r0000gn/T/autobyteus-file-explorer-VSqkgk
Created metadata-only FileSystemWorkspace at /var/folders/7w/9r4_s1_s42z3f7c136bpjf0r0000gn/T/autobyteus-file-explorer-VSqkgk.
Platform detection: Windows=false
App root directory: /Users/normy/autobyteus_org/autobyteus-worktrees/mobile-files-tab-analysis/autobyteus-server-ts
App data directory: /Users/normy/autobyteus_org/autobyteus-worktrees/mobile-files-tab-analysis/autobyteus-server-ts

stdout | tests/e2e/file-explorer/file-explorer-graphql.e2e.test.ts > File explorer GraphQL e2e > returns immediate children for folderChildren
Created and registered workspace ID: agent_ws_293aebab98ff080aa9d8b843082076faa601b2dd1405c749d2b13aefecd7fa0b

stdout | tests/e2e/file-explorer/file-explorer-graphql.e2e.test.ts > File explorer GraphQL e2e > returns immediate children for folderChildren
Created WorkspaceFileExplorer for agent_ws_293aebab98ff080aa9d8b843082076faa601b2dd1405c749d2b13aefecd7fa0b (graphql-folder-children).

stdout | tests/e2e/file-explorer/file-explorer-graphql.e2e.test.ts > File explorer GraphQL e2e > returns immediate children for folderChildren
Closing FileSystemWorkspace agent_ws_293aebab98ff080aa9d8b843082076faa601b2dd1405c749d2b13aefecd7fa0b

stdout | tests/e2e/file-explorer/file-explorer-graphql.e2e.test.ts > File explorer GraphQL e2e > keeps GraphQL search and folder snapshots watcher-free when no file explorer stream is visible
GraphQL mutation to create workspace metadata
Creating new workspace for rootPath: /var/folders/7w/9r4_s1_s42z3f7c136bpjf0r0000gn/T/autobyteus-file-explorer-forx4I/graphql_snapshot_ws
Created metadata-only FileSystemWorkspace at /var/folders/7w/9r4_s1_s42z3f7c136bpjf0r0000gn/T/autobyteus-file-explorer-forx4I/graphql_snapshot_ws.

stdout | tests/e2e/file-explorer/file-explorer-graphql.e2e.test.ts > File explorer GraphQL e2e > keeps GraphQL search and folder snapshots watcher-free when no file explorer stream is visible
Created and registered workspace ID: agent_ws_fdf2cee8da8020fe08dfdedd8b8aca98cd4837914b34cd455363dcb3091a96c2

stdout | tests/e2e/file-explorer/file-explorer-graphql.e2e.test.ts > File explorer GraphQL e2e > keeps GraphQL search and folder snapshots watcher-free when no file explorer stream is visible
Created WorkspaceFileExplorer for agent_ws_fdf2cee8da8020fe08dfdedd8b8aca98cd4837914b34cd455363dcb3091a96c2 (graphql-folder-children).

stdout | tests/e2e/file-explorer/file-explorer-graphql.e2e.test.ts > File explorer GraphQL e2e > keeps GraphQL search and folder snapshots watcher-free when no file explorer stream is visible
Starting directory traversal for: '/var/folders/7w/9r4_s1_s42z3f7c136bpjf0r0000gn/T/autobyteus-file-explorer-forx4I/graphql_snapshot_ws' with max_depth=null

stdout | tests/e2e/file-explorer/file-explorer-graphql.e2e.test.ts > File explorer GraphQL e2e > keeps GraphQL search and folder snapshots watcher-free when no file explorer stream is visible
Directory traversal for '/var/folders/7w/9r4_s1_s42z3f7c136bpjf0r0000gn/T/autobyteus-file-explorer-forx4I/graphql_snapshot_ws' completed in 0.0020 seconds.

stdout | tests/e2e/file-explorer/file-explorer-graphql.e2e.test.ts > File explorer GraphQL e2e > keeps GraphQL search and folder snapshots watcher-free when no file explorer stream is visible
FileNameIndexer refreshing snapshot index...

stdout | tests/e2e/file-explorer/file-explorer-graphql.e2e.test.ts > File explorer GraphQL e2e > keeps GraphQL search and folder snapshots watcher-free when no file explorer stream is visible
[Search] Trying strategy: FuzzysortSearchStrategy for query 'beta-search-target'

stdout | tests/e2e/file-explorer/file-explorer-graphql.e2e.test.ts > File explorer GraphQL e2e > keeps GraphQL search and folder snapshots watcher-free when no file explorer stream is visible
[Search] FuzzysortSearchStrategy completed in 0.55ms, found 1 results (total: 0.59ms)

stdout | tests/e2e/file-explorer/file-explorer-graphql.e2e.test.ts > File explorer GraphQL e2e > keeps GraphQL search and folder snapshots watcher-free when no file explorer stream is visible
Closing FileSystemWorkspace agent_ws_fdf2cee8da8020fe08dfdedd8b8aca98cd4837914b34cd455363dcb3091a96c2

 ✓ tests/e2e/file-explorer/file-explorer-graphql.e2e.test.ts (3 tests) 80ms
stdout | tests/e2e/file-explorer/file-explorer-path-boundary.e2e.test.ts
Successfully registered tool definition: 'read_file'
Successfully registered tool definition: 'write_file'
Successfully registered tool definition: 'edit_file'
Successfully registered tool definition: 'replace_in_file'
Successfully registered tool definition: 'insert_in_file'
Successfully registered tool definition: 'run_bash'
Successfully registered tool definition: 'start_background_process'
Successfully registered tool definition: 'get_background_processes'
Successfully registered tool definition: 'get_process_output'
Successfully registered tool definition: 'stop_background_process'
Successfully registered tool definition: 'search_web'
Successfully registered tool definition: 'read_media_file'
Successfully registered tool definition: 'download_media'
Successfully registered tool definition: 'read_url'
Successfully registered tool definition: 'add_todo'
Successfully registered tool definition: 'create_todo_list'
Successfully registered tool definition: 'get_todo_list'
Successfully registered tool definition: 'update_todo_status'
AgentFactory (Singleton) initialized.

(node:21550) ExperimentalWarning: SQLite is an experimental feature and might change at any time
(Use `node --trace-warnings ...` to show where the warning was created)
stdout | tests/e2e/file-explorer/file-explorer-path-boundary.e2e.test.ts > File explorer GraphQL path-boundary e2e > rejects ignored folder projections before cached tree mutation
GraphQL mutation to create workspace metadata
Creating new workspace for rootPath: /var/folders/7w/9r4_s1_s42z3f7c136bpjf0r0000gn/T/autobyteus-path-boundary-e2e-OpP2rx/ignored_ws
Created metadata-only FileSystemWorkspace at /var/folders/7w/9r4_s1_s42z3f7c136bpjf0r0000gn/T/autobyteus-path-boundary-e2e-OpP2rx/ignored_ws.
Platform detection: Windows=false
App root directory: /Users/normy/autobyteus_org/autobyteus-worktrees/mobile-files-tab-analysis/autobyteus-server-ts
App data directory: /Users/normy/autobyteus_org/autobyteus-worktrees/mobile-files-tab-analysis/autobyteus-server-ts

stdout | tests/e2e/file-explorer/file-explorer-path-boundary.e2e.test.ts > File explorer GraphQL path-boundary e2e > rejects ignored folder projections before cached tree mutation
Created and registered workspace ID: agent_ws_a7c021e79636231a3c8861bf3317d3f590a4c7243383dc94754a6124f3d4dedf

stdout | tests/e2e/file-explorer/file-explorer-path-boundary.e2e.test.ts > File explorer GraphQL path-boundary e2e > rejects ignored folder projections before cached tree mutation
Created WorkspaceFileExplorer for agent_ws_a7c021e79636231a3c8861bf3317d3f590a4c7243383dc94754a6124f3d4dedf (graphql-folder-children).

stdout | tests/e2e/file-explorer/file-explorer-path-boundary.e2e.test.ts > File explorer GraphQL path-boundary e2e > rejects ignored folder projections before cached tree mutation
Closing FileSystemWorkspace agent_ws_a7c021e79636231a3c8861bf3317d3f590a4c7243383dc94754a6124f3d4dedf

stdout | tests/e2e/file-explorer/file-explorer-path-boundary.e2e.test.ts > File explorer GraphQL path-boundary e2e > rejects same-prefix sibling escapes through folder, read, write, and rename APIs
GraphQL mutation to create workspace metadata
Creating new workspace for rootPath: /var/folders/7w/9r4_s1_s42z3f7c136bpjf0r0000gn/T/autobyteus-path-boundary-e2e-nKNcBs/ws
Created metadata-only FileSystemWorkspace at /var/folders/7w/9r4_s1_s42z3f7c136bpjf0r0000gn/T/autobyteus-path-boundary-e2e-nKNcBs/ws.

stdout | tests/e2e/file-explorer/file-explorer-path-boundary.e2e.test.ts > File explorer GraphQL path-boundary e2e > rejects same-prefix sibling escapes through folder, read, write, and rename APIs
Created and registered workspace ID: agent_ws_d161f2de4c18ea04dc1f971a93c9cc80c8345b1013e1c3e847c88a7d7dce0697

stdout | tests/e2e/file-explorer/file-explorer-path-boundary.e2e.test.ts > File explorer GraphQL path-boundary e2e > rejects same-prefix sibling escapes through folder, read, write, and rename APIs
Created WorkspaceFileExplorer for agent_ws_d161f2de4c18ea04dc1f971a93c9cc80c8345b1013e1c3e847c88a7d7dce0697 (graphql-folder-children).

stdout | tests/e2e/file-explorer/file-explorer-path-boundary.e2e.test.ts > File explorer GraphQL path-boundary e2e > rejects same-prefix sibling escapes through folder, read, write, and rename APIs
Starting directory traversal for: '/var/folders/7w/9r4_s1_s42z3f7c136bpjf0r0000gn/T/autobyteus-path-boundary-e2e-nKNcBs/ws' with max_depth=null

stdout | tests/e2e/file-explorer/file-explorer-path-boundary.e2e.test.ts > File explorer GraphQL path-boundary e2e > rejects same-prefix sibling escapes through folder, read, write, and rename APIs
Directory traversal for '/var/folders/7w/9r4_s1_s42z3f7c136bpjf0r0000gn/T/autobyteus-path-boundary-e2e-nKNcBs/ws' completed in 0.0010 seconds.

stdout | tests/e2e/file-explorer/file-explorer-path-boundary.e2e.test.ts > File explorer GraphQL path-boundary e2e > rejects same-prefix sibling escapes through folder, read, write, and rename APIs
Closing FileSystemWorkspace agent_ws_d161f2de4c18ea04dc1f971a93c9cc80c8345b1013e1c3e847c88a7d7dce0697

 ✓ tests/e2e/file-explorer/file-explorer-path-boundary.e2e.test.ts (2 tests) 80ms
stdout | tests/e2e/remote-access/phone-access-running-routes.e2e.test.ts > Phone Access running REST route behavior > keeps active and revoked device routes separate while proving HTTPS and trusted LAN HTTP QR policy
Platform detection: Windows=false
App root directory: /Users/normy/autobyteus_org/autobyteus-worktrees/mobile-files-tab-analysis/autobyteus-server-ts
App data directory: /var/folders/7w/9r4_s1_s42z3f7c136bpjf0r0000gn/T/autobyteus-phone-access-routes-ejh8wx
AppConfig instance created.

stdout | tests/e2e/remote-access/phone-access-running-routes.e2e.test.ts > Phone Access running REST route behavior > restores trusted-network remote-node management and protected routes without additional credentials
Platform detection: Windows=false
App root directory: /Users/normy/autobyteus_org/autobyteus-worktrees/mobile-files-tab-analysis/autobyteus-server-ts
App data directory: /var/folders/7w/9r4_s1_s42z3f7c136bpjf0r0000gn/T/autobyteus-phone-access-routes-oPo3It
AppConfig instance created.

 ✓ tests/e2e/remote-access/phone-access-running-routes.e2e.test.ts (2 tests) 100ms

 Test Files  3 passed (3)
      Tests  7 passed (7)
   Start at  06:19:18
   Duration  6.58s (transform 3.12s, setup 32ms, import 5.69s, tests 260ms, environment 0ms)

