DELIVERY FINALIZATION LOG
Ticket: remove-xml-tool-calling
Date: 2026-08-09 Europe/Berlin

USER VERIFICATION
result = accepted
message = perfect. its working. lets finalize, no need to release a new version
release requested = no

FINALIZATION-TIME TARGET REFRESH
command = git fetch origin personal
origin/personal before = 3edb88bc6f7e15d074474f51c870a13d69d5d7b7
origin/personal after  = 3edb88bc6f7e15d074474f51c870a13d69d5d7b7
ticket committed ahead / behind before archive commit = 3 / 0
renewed verification required = no

TARGET CHECKOUT
path = /Users/normy/autobyteus_org/autobyteus-workspace-superrepo
branch = personal
HEAD = 3edb88bc6f7e15d074474f51c870a13d69d5d7b7
unrelated untracked state preserved = .article-work/

FINALIZATION EXECUTION
status = in progress
ticket archive = completed: tickets/done/remove-xml-tool-calling
ticket archive/commit/push/merge/target push/cleanup results will be appended to the authoritative archived artifact after execution.
