
> autobyteus@1.4.92-beta.4 test:nuxt /Users/normy/autobyteus_org/autobyteus-worktrees/context-compaction-simplification-analysis/autobyteus-web
> cross-env NUXT_TEST=true vitest stores/__tests__/nativeCompactionActivity.spec.ts stores/__tests__/nativeCompactionTermination.spec.ts stores/__tests__/nativeOrgCompactionTermination.spec.ts components/workspace/agent/__tests__/CompactionStatusRow.spec.ts components/progress/__tests__/CompactionActivityItem.spec.ts stores/__tests__/agentTeamRunStore.spec.ts stores/__tests__/agentActivityStore.spec.ts stores/__tests__/agentRunStore.spec.ts stores/__tests__/agentOrgContextsStore.spec.ts stores/__tests__/retainedOrgActivityTermination.spec.ts services/agentStreaming/handlers/__tests__/agentStatusHandler.spec.ts services/runHydration/__tests__/runProjectionActivityHydration.spec.ts services/eventMonitor/__tests__/recentEventMonitorWindow.spec.ts services/teamExecution/__tests__/teamExecutionViewState.spec.ts services/agentOrgExecution/__tests__/agentOrgContextHydration.spec.ts --run

isElectronBuild false
[Electron Module] Skipping electron module setup: BUILD_TARGET is not electron
Browserslist: browsers data (caniuse-lite) is 8 months old. Please run:
  npx update-browserslist-db@latest
  Why you should do it regularly: https://github.com/browserslist/update-db#readme

 RUN  v3.2.4 /Users/normy/autobyteus_org/autobyteus-worktrees/context-compaction-simplification-analysis/autobyteus-web

stderr | stores/__tests__/nativeOrgCompactionTermination.spec.ts
Warning: KaTeX doesn't work in quirks mode. Make sure your website has a suitable doctype.

stderr | stores/__tests__/nativeCompactionTermination.spec.ts
Warning: KaTeX doesn't work in quirks mode. Make sure your website has a suitable doctype.

stderr | stores/__tests__/agentRunStore.spec.ts
Warning: KaTeX doesn't work in quirks mode. Make sure your website has a suitable doctype.

stderr | stores/__tests__/retainedOrgActivityTermination.spec.ts
Warning: KaTeX doesn't work in quirks mode. Make sure your website has a suitable doctype.

stderr | services/teamExecution/__tests__/teamExecutionViewState.spec.ts
Warning: KaTeX doesn't work in quirks mode. Make sure your website has a suitable doctype.

stderr | stores/__tests__/agentOrgContextsStore.spec.ts
Warning: KaTeX doesn't work in quirks mode. Make sure your website has a suitable doctype.

stderr | stores/__tests__/agentActivityStore.spec.ts
Warning: KaTeX doesn't work in quirks mode. Make sure your website has a suitable doctype.

stderr | services/agentOrgExecution/__tests__/agentOrgContextHydration.spec.ts
Warning: KaTeX doesn't work in quirks mode. Make sure your website has a suitable doctype.

stderr | stores/__tests__/agentTeamRunStore.spec.ts
Warning: KaTeX doesn't work in quirks mode. Make sure your website has a suitable doctype.

stdout | stores/__tests__/agentOrgContextsStore.spec.ts
serverStore: Initializing server config
serverStore: Not in Electron environment. Skipping server initialization.

stdout | stores/__tests__/nativeOrgCompactionTermination.spec.ts
serverStore: Initializing server config
serverStore: Not in Electron environment. Skipping server initialization.

stdout | stores/__tests__/nativeCompactionTermination.spec.ts
serverStore: Initializing server config
serverStore: Not in Electron environment. Skipping server initialization.

stdout | services/teamExecution/__tests__/teamExecutionViewState.spec.ts
serverStore: Initializing server config
serverStore: Not in Electron environment. Skipping server initialization.

stdout | stores/__tests__/agentRunStore.spec.ts
serverStore: Initializing server config
serverStore: Not in Electron environment. Skipping server initialization.

stdout | services/agentOrgExecution/__tests__/agentOrgContextHydration.spec.ts
serverStore: Initializing server config
serverStore: Not in Electron environment. Skipping server initialization.

stdout | stores/__tests__/agentActivityStore.spec.ts
serverStore: Initializing server config
serverStore: Not in Electron environment. Skipping server initialization.

stdout | stores/__tests__/retainedOrgActivityTermination.spec.ts
serverStore: Initializing server config
serverStore: Not in Electron environment. Skipping server initialization.

stdout | stores/__tests__/agentTeamRunStore.spec.ts
serverStore: Initializing server config
serverStore: Not in Electron environment. Skipping server initialization.

 ✓ stores/__tests__/agentActivityStore.spec.ts (16 tests) 17ms
 ✓ services/teamExecution/__tests__/teamExecutionViewState.spec.ts (9 tests) 14ms
stderr | stores/__tests__/agentRunStore.spec.ts > agentRunStore > publishes the authoritative Error status with exact navigation when preparation fails
Error sending user input: Error: preparation failed
    at Proxy.sendUserInputAndSubscribe (/Users/normy/autobyteus_org/autobyteus-worktrees/context-compaction-simplification-analysis/autobyteus-web/stores/agentRunStore.ts:209:19)
    at processTicksAndRejections (node:internal/process/task_queues:103:5)
    at /Users/normy/autobyteus_org/autobyteus-worktrees/context-compaction-simplification-analysis/autobyteus-web/stores/__tests__/agentRunStore.spec.ts:299:9
    at file:///Users/normy/autobyteus_org/autobyteus-worktrees/context-compaction-simplification-analysis/node_modules/.pnpm/@vitest+runner@3.2.4/node_modules/@vitest/runner/dist/chunk-hooks.js:752:20

stderr | stores/__tests__/agentRunStore.spec.ts > agentRunStore > terminateRun should not teardown local runtime when persisted termination fails
Error terminating run 'run-1': Error: failure
    at Proxy.terminateRun (/Users/normy/autobyteus_org/autobyteus-worktrees/context-compaction-simplification-analysis/autobyteus-web/stores/agentRunStore.ts:455:17)
    at processTicksAndRejections (node:internal/process/task_queues:103:5)
    at /Users/normy/autobyteus_org/autobyteus-worktrees/context-compaction-simplification-analysis/autobyteus-web/stores/__tests__/agentRunStore.spec.ts:492:24
    at file:///Users/normy/autobyteus_org/autobyteus-worktrees/context-compaction-simplification-analysis/node_modules/.pnpm/@vitest+runner@3.2.4/node_modules/@vitest/runner/dist/chunk-hooks.js:752:20

stderr | stores/__tests__/agentRunStore.spec.ts > agentRunStore > closeAgent should keep context when backend termination fails
Error terminating run 'run-1': Error: failure
    at Proxy.terminateRun (/Users/normy/autobyteus_org/autobyteus-worktrees/context-compaction-simplification-analysis/autobyteus-web/stores/agentRunStore.ts:455:17)
    at processTicksAndRejections (node:internal/process/task_queues:103:5)
    at Proxy.closeAgent (/Users/normy/autobyteus_org/autobyteus-worktrees/context-compaction-simplification-analysis/autobyteus-web/stores/agentRunStore.ts:484:28)
    at /Users/normy/autobyteus_org/autobyteus-worktrees/context-compaction-simplification-analysis/autobyteus-web/stores/__tests__/agentRunStore.spec.ts:549:9
    at file:///Users/normy/autobyteus_org/autobyteus-worktrees/context-compaction-simplification-analysis/node_modules/.pnpm/@vitest+runner@3.2.4/node_modules/@vitest/runner/dist/chunk-hooks.js:752:20

stderr | stores/__tests__/agentRunStore.spec.ts > agentRunStore > activation pending marker (D-14) > clears the marker on a handled failure after promotion
Error sending user input: Error: finalize failed
    at /Users/normy/autobyteus_org/autobyteus-worktrees/context-compaction-simplification-analysis/autobyteus-web/stores/__tests__/agentRunStore.spec.ts:638:87
    at file:///Users/normy/autobyteus_org/autobyteus-worktrees/context-compaction-simplification-analysis/node_modules/.pnpm/@vitest+runner@3.2.4/node_modules/@vitest/runner/dist/chunk-hooks.js:155:11
    at file:///Users/normy/autobyteus_org/autobyteus-worktrees/context-compaction-simplification-analysis/node_modules/.pnpm/@vitest+runner@3.2.4/node_modules/@vitest/runner/dist/chunk-hooks.js:752:26
    at file:///Users/normy/autobyteus_org/autobyteus-worktrees/context-compaction-simplification-analysis/node_modules/.pnpm/@vitest+runner@3.2.4/node_modules/@vitest/runner/dist/chunk-hooks.js:1897:20
    at new Promise (<anonymous>)
    at runWithTimeout (file:///Users/normy/autobyteus_org/autobyteus-worktrees/context-compaction-simplification-analysis/node_modules/.pnpm/@vitest+runner@3.2.4/node_modules/@vitest/runner/dist/chunk-hooks.js:1863:10)
    at runTest (file:///Users/normy/autobyteus_org/autobyteus-worktrees/context-compaction-simplification-analysis/node_modules/.pnpm/@vitest+runner@3.2.4/node_modules/@vitest/runner/dist/chunk-hooks.js:1574:12)
    at processTicksAndRejections (node:internal/process/task_queues:103:5)
    at runSuite (file:///Users/normy/autobyteus_org/autobyteus-worktrees/context-compaction-simplification-analysis/node_modules/.pnpm/@vitest+runner@3.2.4/node_modules/@vitest/runner/dist/chunk-hooks.js:1729:8)
    at runSuite (file:///Users/normy/autobyteus_org/autobyteus-worktrees/context-compaction-simplification-analysis/node_modules/.pnpm/@vitest+runner@3.2.4/node_modules/@vitest/runner/dist/chunk-hooks.js:1729:8)

stderr | stores/__tests__/agentRunStore.spec.ts > agentRunStore > activation pending marker (D-14) > clears the marker when the stream connection times out
Error sending user input: Error: Timed out waiting for agent stream connection for run 'perm-agent-id'.
    at Proxy.ensureAgentStreamConnected (/Users/normy/autobyteus_org/autobyteus-worktrees/context-compaction-simplification-analysis/autobyteus-web/stores/agentRunStore.ts:347:13)
    at Proxy.sendUserInputAndSubscribe (/Users/normy/autobyteus_org/autobyteus-worktrees/context-compaction-simplification-analysis/autobyteus-web/stores/agentRunStore.ts:245:25)

 ✓ stores/__tests__/agentRunStore.spec.ts (27 tests) 116ms
stderr | stores/__tests__/nativeCompactionTermination.spec.ts > agent rejection/partial failure does not confer stopped or teardown
Error terminating run 'lead': Error: Failed to terminate run 'lead'.
    at Proxy.terminateRun (/Users/normy/autobyteus_org/autobyteus-worktrees/context-compaction-simplification-analysis/autobyteus-web/stores/agentRunStore.ts:455:17)
    at processTicksAndRejections (node:internal/process/task_queues:103:5)
    at /Users/normy/autobyteus_org/autobyteus-worktrees/context-compaction-simplification-analysis/autobyteus-web/stores/__tests__/nativeCompactionTermination.spec.ts:60:10
    at file:///Users/normy/autobyteus_org/autobyteus-worktrees/context-compaction-simplification-analysis/node_modules/.pnpm/@vitest+runner@3.2.4/node_modules/@vitest/runner/dist/chunk-hooks.js:752:20

stderr | stores/__tests__/nativeCompactionTermination.spec.ts > team rejection/partial failure does not confer stopped or teardown
Error terminating Team 'native-team': Error: Team termination failed.
    at Proxy.terminateTeamRun (/Users/normy/autobyteus_org/autobyteus-worktrees/context-compaction-simplification-analysis/autobyteus-web/stores/agentTeamRunStore.ts:220:58)
    at processTicksAndRejections (node:internal/process/task_queues:103:5)
    at /Users/normy/autobyteus_org/autobyteus-worktrees/context-compaction-simplification-analysis/autobyteus-web/stores/__tests__/nativeCompactionTermination.spec.ts:60:10
    at file:///Users/normy/autobyteus_org/autobyteus-worktrees/context-compaction-simplification-analysis/node_modules/.pnpm/@vitest+runner@3.2.4/node_modules/@vitest/runner/dist/chunk-hooks.js:752:20

stderr | stores/__tests__/nativeCompactionTermination.spec.ts
Agent WebSocket error: Error: WebSocket error
    at WebSocket.socket.onerror (/Users/normy/autobyteus_org/autobyteus-worktrees/context-compaction-simplification-analysis/autobyteus-web/services/agentStreaming/transport/WebSocketClient.ts:124:24)
    at callListener (/Users/normy/autobyteus_org/autobyteus-worktrees/context-compaction-simplification-analysis/node_modules/.pnpm/ws@8.19.0/node_modules/ws/lib/event-target.js:290:14)
    at WebSocket.onError (/Users/normy/autobyteus_org/autobyteus-worktrees/context-compaction-simplification-analysis/node_modules/.pnpm/ws@8.19.0/node_modules/ws/lib/event-target.js:230:9)
    at WebSocket.emit (node:events:519:28)
    at emitErrorAndClose (/Users/normy/autobyteus_org/autobyteus-worktrees/context-compaction-simplification-analysis/node_modules/.pnpm/ws@8.19.0/node_modules/ws/lib/websocket.js:1046:13)
    at ClientRequest.<anonymous> (/Users/normy/autobyteus_org/autobyteus-worktrees/context-compaction-simplification-analysis/node_modules/.pnpm/ws@8.19.0/node_modules/ws/lib/websocket.js:886:5)
    at ClientRequest.emit (node:events:519:28)
    at emitErrorEvent (node:_http_client:108:11)
    at Socket.socketErrorListener (node:_http_client:575:5)
    at Socket.emit (node:events:519:28)

stdout | stores/__tests__/nativeCompactionTermination.spec.ts
Agent WebSocket disconnected: undefined

 ✓ stores/__tests__/nativeCompactionTermination.spec.ts (17 tests) 61ms
 ✓ services/agentOrgExecution/__tests__/agentOrgContextHydration.spec.ts (6 tests) 15ms
 ✓ stores/__tests__/agentOrgContextsStore.spec.ts (2 tests) 25ms
 ✓ stores/__tests__/retainedOrgActivityTermination.spec.ts (4 tests) 210ms
 ✓ stores/__tests__/nativeOrgCompactionTermination.spec.ts (9 tests) 372ms
stderr | stores/__tests__/agentTeamRunStore.spec.ts > agentTeamRunStore current rooted execution contract > does not mutate local lifecycle when backend termination rejects
Error terminating Team 'team-terminate-reject': Error: not found
    at Proxy.terminateTeamRun (/Users/normy/autobyteus_org/autobyteus-worktrees/context-compaction-simplification-analysis/autobyteus-web/stores/agentTeamRunStore.ts:220:58)
    at processTicksAndRejections (node:internal/process/task_queues:103:5)
    at /Users/normy/autobyteus_org/autobyteus-worktrees/context-compaction-simplification-analysis/autobyteus-web/stores/__tests__/agentTeamRunStore.spec.ts:452:12
    at file:///Users/normy/autobyteus_org/autobyteus-worktrees/context-compaction-simplification-analysis/node_modules/.pnpm/@vitest+runner@3.2.4/node_modules/@vitest/runner/dist/chunk-hooks.js:752:20

 ✓ stores/__tests__/agentTeamRunStore.spec.ts (28 tests) 135ms
stderr | components/progress/__tests__/CompactionActivityItem.spec.ts
Warning: KaTeX doesn't work in quirks mode. Make sure your website has a suitable doctype.

stderr | stores/__tests__/nativeCompactionActivity.spec.ts
Warning: KaTeX doesn't work in quirks mode. Make sure your website has a suitable doctype.

stderr | services/agentStreaming/handlers/__tests__/agentStatusHandler.spec.ts
Warning: KaTeX doesn't work in quirks mode. Make sure your website has a suitable doctype.

stderr | services/eventMonitor/__tests__/recentEventMonitorWindow.spec.ts
Warning: KaTeX doesn't work in quirks mode. Make sure your website has a suitable doctype.

stderr | components/workspace/agent/__tests__/CompactionStatusRow.spec.ts
Warning: KaTeX doesn't work in quirks mode. Make sure your website has a suitable doctype.

stderr | services/runHydration/__tests__/runProjectionActivityHydration.spec.ts
Warning: KaTeX doesn't work in quirks mode. Make sure your website has a suitable doctype.

stdout | stores/__tests__/nativeCompactionActivity.spec.ts
serverStore: Initializing server config
serverStore: Not in Electron environment. Skipping server initialization.

stdout | components/progress/__tests__/CompactionActivityItem.spec.ts
serverStore: Initializing server config
serverStore: Not in Electron environment. Skipping server initialization.

 ✓ components/progress/__tests__/CompactionActivityItem.spec.ts (3 tests) 19ms
 ✓ stores/__tests__/nativeCompactionActivity.spec.ts (16 tests) 20ms
stdout | services/eventMonitor/__tests__/recentEventMonitorWindow.spec.ts
serverStore: Initializing server config
serverStore: Not in Electron environment. Skipping server initialization.

stdout | components/workspace/agent/__tests__/CompactionStatusRow.spec.ts
serverStore: Initializing server config
serverStore: Not in Electron environment. Skipping server initialization.

stdout | services/agentStreaming/handlers/__tests__/agentStatusHandler.spec.ts
serverStore: Initializing server config
serverStore: Not in Electron environment. Skipping server initialization.

 ✓ services/eventMonitor/__tests__/recentEventMonitorWindow.spec.ts (3 tests) 5ms
 ✓ components/workspace/agent/__tests__/CompactionStatusRow.spec.ts (3 tests) 17ms
 ✓ services/agentStreaming/handlers/__tests__/agentStatusHandler.spec.ts (20 tests) 10ms
stdout | services/runHydration/__tests__/runProjectionActivityHydration.spec.ts
serverStore: Initializing server config
serverStore: Not in Electron environment. Skipping server initialization.

stderr | services/runHydration/__tests__/runProjectionActivityHydration.spec.ts > runProjectionActivityHydration > hydrates exact system content and omits only malformed system rows
[runProjectionActivityHydration] Omitted malformed system instruction activity.

 ✓ services/runHydration/__tests__/runProjectionActivityHydration.spec.ts (4 tests) 4ms

 Test Files  15 passed (15)
      Tests  167 passed (167)
   Start at  06:51:29
   Duration  11.44s (transform 5.27s, setup 76.11s, collect 5.50s, tests 1.04s, environment 4.83s, prepare 3.36s)

