### pnpm install --frozen-lockfile
Scope: all 12 workspace projects
Lockfile is up to date, resolution step is skipped
Already up to date
 WARN  Failed to create bin at /Users/normy/autobyteus_org/autobyteus-worktrees/application-execution-scope-boundary-hardening/applications/brief-studio/node_modules/.bin/autobyteus-app. ENOENT: no such file or directory, open '/Users/normy/autobyteus_org/autobyteus-worktrees/application-execution-scope-boundary-hardening/autobyteus-application-devkit/dist/cli.js'
 WARN  Failed to create bin at /Users/normy/autobyteus_org/autobyteus-worktrees/application-execution-scope-boundary-hardening/applications/socratic-math-teacher/node_modules/.bin/autobyteus-app. ENOENT: no such file or directory, open '/Users/normy/autobyteus_org/autobyteus-worktrees/application-execution-scope-boundary-hardening/autobyteus-application-devkit/dist/cli.js'

autobyteus-ts postinstall$ node ./scripts/fix-node-pty-permissions.mjs
autobyteus-ts postinstall: [node-pty-fix] ok: /Users/normy/autobyteus_org/autobyteus-worktrees/application-execution-scope-boundary-hardening/node_modules/.pnpm/node-pty@1.1.0/node_modules/node-pty/prebuilds/darwin-arm64/spawn-helper
autobyteus-ts postinstall: Done
 WARN  Failed to create bin at /Users/normy/autobyteus_org/autobyteus-worktrees/application-execution-scope-boundary-hardening/applications/brief-studio/node_modules/.bin/autobyteus-app. ENOENT: no such file or directory, open '/Users/normy/autobyteus_org/autobyteus-worktrees/application-execution-scope-boundary-hardening/applications/brief-studio/node_modules/@autobyteus/application-devkit/dist/cli.js'
 WARN  Failed to create bin at /Users/normy/autobyteus_org/autobyteus-worktrees/application-execution-scope-boundary-hardening/applications/socratic-math-teacher/node_modules/.bin/autobyteus-app. ENOENT: no such file or directory, open '/Users/normy/autobyteus_org/autobyteus-worktrees/application-execution-scope-boundary-hardening/applications/socratic-math-teacher/node_modules/@autobyteus/application-devkit/dist/cli.js'
Done in 1.2s using pnpm v10.28.2
### prepare shared

> autobyteus-server-ts@0.1.1 prepare:shared /Users/normy/autobyteus_org/autobyteus-worktrees/application-execution-scope-boundary-hardening/autobyteus-server-ts
> pnpm -C .. --filter autobyteus-ts --filter @autobyteus/application-sdk-contracts --filter @autobyteus/application-backend-sdk build

Scope: 3 of 12 workspace projects
autobyteus-ts build$ node ./scripts/clean-dist.mjs && tsc -p tsconfig.build.json && node ./scripts/verify-runtime-dependencies.mjs
autobyteus-application-sdk-contracts build$ tsc -p tsconfig.build.json
autobyteus-application-sdk-contracts build: Done
autobyteus-ts build: [verify:runtime-deps] OK
autobyteus-ts build: Done
autobyteus-application-backend-sdk build$ tsc -p tsconfig.build.json
autobyteus-application-backend-sdk build: Done
### devkit build

> @autobyteus/application-devkit@0.1.0 build /Users/normy/autobyteus_org/autobyteus-worktrees/application-execution-scope-boundary-hardening/autobyteus-application-devkit
> tsc -p tsconfig.build.json

src/commands/start.ts(2,48): error TS2307: Cannot find module 'autobyteus-server-ts' or its corresponding type declarations.
src/commands/validate.ts(7,54): error TS2307: Cannot find module 'autobyteus-server-ts' or its corresponding type declarations.
src/development/standalone-development-session.ts(5,8): error TS2307: Cannot find module 'autobyteus-server-ts' or its corresponding type declarations.
src/package/package-assembler.ts(12,54): error TS2307: Cannot find module 'autobyteus-server-ts' or its corresponding type declarations.
 ELIFECYCLE  Command failed with exit code 2.
### server build-config noEmit
### server production build

> autobyteus-server-ts@0.1.1 prebuild /Users/normy/autobyteus_org/autobyteus-worktrees/application-execution-scope-boundary-hardening/autobyteus-server-ts
> pnpm prepare:shared && pnpm exec prisma generate --schema ./prisma/schema.prisma


> autobyteus-server-ts@0.1.1 prepare:shared /Users/normy/autobyteus_org/autobyteus-worktrees/application-execution-scope-boundary-hardening/autobyteus-server-ts
> pnpm -C .. --filter autobyteus-ts --filter @autobyteus/application-sdk-contracts --filter @autobyteus/application-backend-sdk build

Scope: 3 of 12 workspace projects
autobyteus-ts build$ node ./scripts/clean-dist.mjs && tsc -p tsconfig.build.json && node ./scripts/verify-runtime-dependencies.mjs
autobyteus-application-sdk-contracts build$ tsc -p tsconfig.build.json
autobyteus-application-sdk-contracts build: Done
autobyteus-ts build: [verify:runtime-deps] OK
autobyteus-ts build: Done
autobyteus-application-backend-sdk build$ tsc -p tsconfig.build.json
autobyteus-application-backend-sdk build: Done
Prisma schema loaded from prisma/schema.prisma

✔ Generated Prisma Client (v5.22.0) to ./../node_modules/.pnpm/@prisma+client@5.22.0_prisma@5.22.0/node_modules/@prisma/client in 122ms

Start by importing your Prisma Client (See: https://pris.ly/d/importing-client)

Tip: Want real-time updates to your database without manual polling? Discover how with Pulse: https://pris.ly/tip-0-pulse


> autobyteus-server-ts@0.1.1 build /Users/normy/autobyteus_org/autobyteus-worktrees/application-execution-scope-boundary-hardening/autobyteus-server-ts
> pnpm run build:full


> autobyteus-server-ts@0.1.1 build:full /Users/normy/autobyteus_org/autobyteus-worktrees/application-execution-scope-boundary-hardening/autobyteus-server-ts
> node ./scripts/clean-build-output.mjs && tsc -p tsconfig.build.json && node ./scripts/copy-managed-messaging-assets.mjs && node ./scripts/run-sanitized-built-in-agents-bootstrap-smoke.mjs

AgentFactory (Singleton) initialized.
Built-in agents bootstrap smoke check passed.
Sanitized built-module/bootstrap smoke passed without DATABASE_URL.
### prerequisite-order correction: server was built; rerun devkit

> @autobyteus/application-devkit@0.1.0 build /Users/normy/autobyteus_org/autobyteus-worktrees/application-execution-scope-boundary-hardening/autobyteus-application-devkit
> tsc -p tsconfig.build.json

### frontend SDK build

> @autobyteus/application-frontend-sdk@0.1.0 build /Users/normy/autobyteus_org/autobyteus-worktrees/application-execution-scope-boundary-hardening/autobyteus-application-frontend-sdk
> tsc -p tsconfig.build.json

