TEAM_LAUNCHED http://127.0.0.1:31360/workspace
PROMPT_SENT
STATE 0 Messages
0 Messages

No team messages yet

Accepted inter-agent messages will appear here with their reference files.

Tasks
0 tasks
STATE 4 Messages
1 Messages
Message · to student_one
26. Aug., 01:01

Please relay the exact marker NESTED_TEAM_ACK_SCOPE001 to student_one and ask student_one to reply to /Teacher with exactly NESTED_TEAM_ACK_SCOPE001.

Message
student_one
26. Aug., 01:01

Please relay the exact marker NESTED_TEAM_ACK_SCOPE001 to student_one and ask student_one to reply to /Teacher with exactly NESTED_TEAM_ACK_SCOPE001.

Tasks
0 tasks
STATE 6 Messages
2 Messages
Message · to student_one
26. Aug., 01:01

Please reply to /Teacher with exactly NESTED_DIRECT_ACK_SCOPE001.

Message · to student_one
26. Aug., 01:01

Please relay the exact marker NESTED_TEAM_ACK_SCOPE001 to student_one and ask student_one to reply to /Teacher with exactly NESTED_TEAM_ACK_SCOPE001.

Message
student_one
26. Aug., 01:01

Please relay the exact marker NESTED_TEAM_ACK_SCOPE001 to student_one and ask student_one to reply to /Teacher with exactly NESTED_TEAM_ACK_SCOPE001.

Tasks
0 tasks
STATE 7 Messages
3 Messages
Tasks
1 task
Complete exactly one bounded classroom task: have the students return exactly the token NESTED_TASK_OK_SCOPE001. The expected answer is the exact string NESTED_TASK_OK_SCOPE001 with no changes. Submit that exact token as the formal task result.
In progress
Updated 01:01
Teacher → StudentStudyGroup
Task assigned
In progress

Teacher → StudentStudyGroup

26. Aug., 01:01

Complete exactly one bounded classroom task: have the students return exactly the token NESTED_TASK_OK_SCOPE001. The expected answer is the exact string NESTED_TASK_OK_SCOPE001 with no changes. Submit that exact token as the formal task result.
STATE 8 Messages
4 Messages
Tasks
1 task
Complete exactly one bounded classroom task: have the students return exactly the token NESTED_TASK_OK_SCOPE001. The expected answer is the exact string NESTED_TASK_OK_SCOPE001 with no changes. Submit that exact token as the formal task result.
In progress
Updated 01:01
Teacher → StudentStudyGroup
Task assigned
In progress

Teacher → StudentStudyGroup

26. Aug., 01:01

Complete exactly one bounded classroom task: have the students return exactly the token NESTED_TASK_OK_SCOPE001. The expected answer is the exact string NESTED_TASK_OK_SCOPE001 with no changes. Submit that exact token as the formal task result.
STATE 10 Messages
4 Messages
Tasks
1 task
Complete exactly one bounded classroom task: have the students return exactly the token NESTED_TASK_OK_SCOPE001. The expected answer is the exact string NESTED_TASK_OK_SCOPE001 with no changes. Submit that exact token as the formal task result.
Awaiting review
Updated 01:01
Teacher → StudentStudyGroup
Result submitted · Result 1

StudentStudyGroup → Teacher

01:01

NESTED_TASK_OK_SCOPE001

Task assigned
Awaiting review

Teacher → StudentStudyGroup

26. Aug., 01:01

Complete exactly one bounded classroom task: have the students return exactly the token NESTED_TASK_OK_SCOPE001. The expected answer is the exact string NESTED_TASK_OK_SCOPE001 with no changes. Submit that exact token as the formal task result.
STATE 12 Messages
5 Messages
Tasks
1 task
Complete exactly one bounded classroom task: have the students return exactly the token NESTED_TASK_OK_SCOPE001. The expected answer is the exact string NESTED_TASK_OK_SCOPE001 with no changes. Submit that exact token as the formal task result.
Awaiting review
Updated 01:01
Teacher → StudentStudyGroup
Result submitted · Result 1

StudentStudyGroup → Teacher

01:01

NESTED_TASK_OK_SCOPE001

Task assigned
Awaiting review

Teacher → StudentStudyGroup

26. Aug., 01:01

Complete exactly one bounded classroom task: have the students return exactly the token NESTED_TASK_OK_SCOPE001. The expected answer is the exact string NESTED_TASK_OK_SCOPE001 with no changes. Submit that exact token as the formal task result.
STATE 15 Messages
5 Messages
Tasks
1 task
Complete exactly one bounded classroom task: have the students return exactly the token NESTED_TASK_OK_SCOPE001. The expected answer is the exact string NESTED_TASK_OK_SCOPE001 with no changes. Submit that exact token as the formal task result.
Accepted
Updated 01:02
Teacher → StudentStudyGroup
Result submitted · Result 1

StudentStudyGroup → Teacher

01:01

NESTED_TASK_OK_SCOPE001

Result 1 accepted

Teacher → StudentStudyGroup

01:02

Accepted because the submitted result matches exactly NESTED_TASK_OK_SCOPE001.

Task assigned
Accepted

Teacher → StudentStudyGroup

26. Aug., 01:01

Complete exactly one bounded classroom task: have the students return exactly the token NESTED_TASK_OK_SCOPE001. The expected answer is the exact string NESTED_TASK_OK_SCOPE001 with no changes. Submit that exact token as the formal task result.
FINAL_BODY Agents
Agent Teams
Applications
Skills
Memory
Nodes
Workspaces
runtime
runtime
Temp Workspace
TEAMS
NC
Nested Classroom Test Team
(2)
Please run all three nested routes with exact markers. First use ordinary send_message_to to /Stu...
now
T
Teacher
now
S
StudentStudyGroup
TEAM
now
New - Nested Classroom Test Team
2m
Settings
T
Teacher
Running
You
Please run all three nested routes with exact markers. First use ordinary send_message_to to /StudentStudyGroup and ask student_one to reply exactly NESTED_TEAM_ACK_SCOPE001. Second use ordinary send_message_to directly to /StudentStudyGroup/student_one and ask for exactly NESTED_DIRECT_ACK_SCOPE001. Third delegate exactly one task to /StudentStudyGroup asking the students to return exactly NESTED_TASK_OK_SCOPE001; wait for submission and accept it if exact. After all three succeed, reply exactly NESTED_SCOPE_COMPLETE_SCOPE001.
T
Teacher
Thinking
send_message_to
Thinking
send_message_to
Thinking
You
You received a message from sender name: student_one, sender id: student_one_d88c03d06ee141efaf538ac24f951fe1
message:
NESTED_TEAM_ACK_SCOPE001
T
Teacher
delegate_task
You
You received a message from sender name: student_one, sender id: student_one_d88c03d06ee141efaf538ac24f951fe1
message:
NESTED_DIRECT_ACK_SCOPE001
T
Teacher
Thinking
You
Task task_8d2170f37a1e4078a4f832d1bdbfa93f result submitted:
NESTED_TASK_OK_SCOPE001
You
You received a message from sender name: student_one, sender id: student_one_07dee472d62c42ec9102443eaffcfa35
message:
Delegated task completed and formal result submitted for review: NESTED_TASK_OK_SCOPE001.
T
Teacher
run_bash
· /bin/bash -lc 'sleep 5'
Thinking
review_task_result
Context Files (0)
(drag, paste, or upload)
Files
Team
Terminal
Activity
Token
Artifacts
VNC Viewer
Messages
5 Messages
Tasks
1 task
Complete exactly one bounded classroom task: have the students return exactly the token NESTED_TASK_OK_SCOPE001. The expected answer is the exact string NESTED_TASK_OK_SCOPE001 with no changes. Submit that exact token as the formal task result.
Accepted
Updated 01:02
Teacher → StudentStudyGroup
Result submitted · Result 1

StudentStudyGroup → Teacher

01:01

NESTED_TASK_OK_SCOPE001

Result 1 accepted

Teacher → StudentStudyGroup

01:02

Accepted because the submitted result matches exactly NESTED_TASK_OK_SCOPE001.

Task assigned
Accepted

Teacher → StudentStudyGroup

26. Aug., 01:01

Complete exactly one bounded classroom task: have the students return exactly the token NESTED_TASK_OK_SCOPE001. The expected answer is the exact string NESTED_TASK_OK_SCOPE001 with no changes. Submit that exact token as the formal task result.
UI_CHECKS { taskCount: true, accepted: true, complete: true }
