Updating 345d8e0be..a88cad9e3
Fast-forward
 autobyteus-server-ts/docs/modules/agent_orgs.md    |    15 +-
 .../docs/modules/agent_team_execution.md           |     9 +
 .../agent-org-execution/domain/agent-org-run.ts    |    10 +-
 .../services/agent-org-execution-scope-builder.ts  |     4 +-
 .../agent-org-root-agent-execution-registry.ts     |    12 +-
 .../services/agent-org-team-execution-directory.ts |     2 +-
 .../services/team-root-materializer.ts             |     2 +-
 .../configured-scope-readiness.test.ts             |   166 +
 .../agent-org-communication-presentation.test.ts   |     1 +
 autobyteus-web/components/AppLeftPanel.vue         |     3 +
 .../__tests__/UserMessageFirstSubmission.spec.ts   |    55 +
 .../WorkspaceAgentOrgActivityPublication.spec.ts   |     4 +-
 .../history/workspaceHistorySectionContracts.ts    |     9 +-
 .../workspace/running/RunningAgentsPanel.vue       |     4 +
 .../useWorkspaceHistorySelectionActions.spec.ts    |    10 +-
 .../useWorkspaceHistorySubjectActions.spec.ts      |     5 +-
 .../useWorkspaceHistorySelectionActions.ts         |    33 +-
 .../useWorkspaceHistorySubjectActions.ts           |    14 +-
 .../__tests__/useWorkspaceRouteSelection.spec.ts   |     8 +-
 .../workspace/useWorkspaceRouteSelection.ts        |    69 +-
 autobyteus-web/docs/agent_artifacts.md             |    15 +-
 .../docs/agent_execution_architecture.md           |    45 +-
 autobyteus-web/docs/agent_orgs.md                  |    43 +-
 autobyteus-web/docs/agent_teams.md                 |     8 +
 .../teamMemberProjectionHydrationService.ts        |    12 +-
 .../__tests__/agentRunOpenCoordinator.spec.ts      |    13 +
 .../teamMemberInspectionCoordinator.spec.ts        |     2 +
 .../__tests__/teamRunOpenCoordinator.spec.ts       |    24 +-
 .../services/runOpen/agentRunOpenCoordinator.ts    |    25 +-
 .../runOpen/teamMemberInspectionCoordinator.ts     |     9 +-
 .../services/runOpen/teamRunOpenCoordinator.ts     |    77 +-
 .../services/runSubmission/localUserSubmission.ts  |     5 +-
 .../__tests__/workspaceNavigationService.spec.ts   |     6 +-
 .../workspace/workspaceNavigationService.ts        |    23 +-
 .../__tests__/runHistorySelectionActions.spec.ts   |    12 +-
 .../stores/__tests__/runHistoryStore.spec.ts       |     5 +-
 .../runHistoryTeamMemberInspectionActions.spec.ts  |     3 +-
 .../workspaceSelectionComposition.spec.ts          |   202 +
 autobyteus-web/stores/agentOrgContextsStore.ts     |    17 +-
 autobyteus-web/stores/agentSelectionStore.ts       |    19 +-
 autobyteus-web/stores/runHistoryDraftActions.ts    |    10 +-
 autobyteus-web/stores/runHistoryLoadActions.ts     |    15 +-
 .../stores/runHistorySelectionActions.ts           |   125 +-
 autobyteus-web/stores/runHistoryStore.ts           |    29 +-
 .../runHistoryTeamMemberInspectionActions.ts       |    38 +-
 .../api-e2e-coverage-investigation.md              |    45 +
 .../API-REV-001/LAST-CHECKPOINT.json               |    10 +
 .../api-e2e-evidence/API-REV-001/README.md         |     7 +
 .../API-REV-001/entry-baseline.json                |  8849 ++++++++
 .../API-REV-001/final/archive-and-integrity.log    |     1 +
 .../API-REV-001/final/archive-and-integrity.py     |    35 +
 .../API-REV-001/final/case-reconciliation.json     |   133 +
 .../API-REV-001/final/cleanup-integrity.json       |    25 +
 .../API-REV-001/final/complete-package.py          |    74 +
 .../API-REV-001/final/completion-integrity.json    |    28 +
 .../API-REV-001/final/confidence.json              |    24 +
 .../API-REV-001/final/credential-cleanup.json      |     9 +
 .../API-REV-001/final/credential-cleanup.log       |     1 +
 .../API-REV-001/final/evidence-manifest.json       |   938 +
 .../API-REV-001/final/execution-dispositions.md    |    19 +
 .../API-REV-001/final/execution-receipts.json      |   179 +
 .../API-REV-001/final/final-validation.json        |    37 +
 .../API-REV-001/final/handoff-reference-files.txt  |   458 +
 .../final/navigation-reconciliation.json           |    46 +
 .../API-REV-001/final/process-cleanup.json         |   154 +
 .../API-REV-001/final/reconcile.py                 |    38 +
 .../API-REV-001/final/remove-owned-credential.mjs  |     2 +
 .../final/runtime-archive-manifest.json            |   260 +
 .../final/runtime-owned-sanitized.tar.gz           |   Bin 0 -> 19328 bytes
 .../API-REV-001/final/selected-handoff-rule.json   |    27 +
 .../API-REV-001/final/source-integrity.json        |    46 +
 .../API-REV-001/final/stop-owned-processes.py      |    26 +
 .../API-REV-001/final/user-tool-choice.json        |    17 +
 .../API-REV-001/final/visual-inspection.md         |    14 +
 .../API-REV-001/final/write-reports.py             |   211 +
 .../API-REV-001/live/bootstrap-dom.txt             |   719 +
 .../live/bootstrap-initial-disposition.json        |     8 +
 .../API-REV-001/live/bootstrap-initial.mjs.txt     |     4 +
 .../API-REV-001/live/bootstrap.json                |     6 +
 .../API-REV-001/live/bootstrap.mjs                 |     4 +
 .../api-e2e-evidence/API-REV-001/live/browser.log  |    69 +
 .../API-REV-001/live/cleanup-ui-discovery.json     |     4 +
 .../live/final-ui-stops-checkpoint.json            |    46 +
 .../API-REV-001/live/final-ui-stops.json           |   259 +
 .../API-REV-001/live/final-ui-stops.log            |     1 +
 .../API-REV-001/live/final-ui-stops.mjs            |     2 +
 .../live/fixture-isolation-correction.json         |     7 +
 .../api-e2e-evidence/API-REV-001/live/lib.mjs      |    12 +
 .../API-REV-001/live/native-catalog.json           |    20 +
 .../API-REV-001/live/native-configured-dom.txt     |   150 +
 .../live/native-credential-configured.json         |    11 +
 .../API-REV-001/live/native-credential-start.json  |     8 +
 .../API-REV-001/live/native-credential.log         |     1 +
 .../API-REV-001/live/native-credential.mjs         |     2 +
 .../live/native-desktop-reopen-chip-dom.txt        |    57 +
 .../API-REV-001/live/native-draft-dom.txt          |    65 +
 .../API-REV-001/live/native-draft.json             |    44 +
 .../API-REV-001/live/native-first-open-dom.txt     |     2 +
 .../API-REV-001/live/native-first-result.json      |   186 +
 .../API-REV-001/live/native-first-sent-dom.txt     |    77 +
 .../live/native-narrow-live-chip-dom.txt           |    17 +
 .../API-REV-001/live/native-prepare.json           |    31 +
 .../live/native-reopen-history-discovery.json      |     5 +
 .../live/native-reopen-interruption.json           |    12 +
 .../API-REV-001/live/native-reopen-result.json     |    74 +
 .../API-REV-001/live/native-reopen-selected.log    |     1 +
 .../API-REV-001/live/native-reopen-selected.mjs    |     2 +
 .../API-REV-001/live/native-reopen.log             |    13 +
 .../API-REV-001/live/native-reopen.mjs             |     2 +
 .../API-REV-001/live/native-run-intent.json        |     6 +
 .../API-REV-001/live/native-run.json               |     7 +
 .../API-REV-001/live/native-send-intent.json       |    22 +
 .../API-REV-001/live/native-send.log               |     1 +
 .../API-REV-001/live/native-send.mjs               |     2 +
 .../API-REV-001/live/native-setup.log              |     0
 .../API-REV-001/live/native-setup.mjs              |     1 +
 .../API-REV-001/live/navigation-observer.mjs       |     3 +
 .../API-REV-001/live/org-configure-dom.json        |     4 +
 .../API-REV-001/live/org-configure-dom.txt         |    81 +
 .../API-REV-001/live/org-configure.mjs             |     1 +
 .../API-REV-001/live/org-first-work-dom.txt        |    76 +
 .../API-REV-001/live/org-first-work-intent.json    |    53 +
 .../API-REV-001/live/org-first-work-result.json    |  5506 +++++
 .../API-REV-001/live/org-first-work.log            |     1 +
 .../API-REV-001/live/org-first-work.mjs            |     3 +
 .../API-REV-001/live/org-initial-unfocused-dom.txt |    48 +
 .../API-REV-001/live/org-initial.json              |   343 +
 .../live/org-launch-initial-disposition.json       |     1 +
 .../API-REV-001/live/org-launch-initial.mjs.txt    |     2 +
 .../API-REV-001/live/org-launch-intent.json        |     5 +
 .../API-REV-001/live/org-launch-interruption.json  |     7 +
 .../API-REV-001/live/org-launch-response.json      |    32 +
 .../live/org-launch-second-interruption.json       |     7 +
 .../API-REV-001/live/org-launch-second.log         |    14 +
 .../API-REV-001/live/org-launch-second.mjs.txt     |     2 +
 .../API-REV-001/live/org-launch.log                |    48 +
 .../API-REV-001/live/org-launch.mjs                |     2 +
 .../api-e2e-evidence/API-REV-001/live/org-run.json |     4 +
 .../API-REV-001/live/org-unused-desktop-dom.txt    |    62 +
 .../API-REV-001/live/org-unused-narrow-dom.txt     |    62 +
 .../API-REV-001/live/org-unused-result.json        |   208 +
 .../API-REV-001/live/org-unused.log                |     1 +
 .../API-REV-001/live/org-unused.mjs                |     2 +
 .../API-REV-001/live/owned-roots-stopped-dom.txt   |    80 +
 .../API-REV-001/live/provider-preflight.json       |    95 +
 .../live/publication-desktop-disposition.json      |    16 +
 .../live/publication-desktop-final-dom.txt         |    82 +
 .../live/publication-desktop-intent.json           |    11 +
 .../live/publication-desktop-interruption.json     | 16031 +++++++++++++
 .../live/publication-desktop-result.json           | 16276 +++++++++++++
 .../API-REV-001/live/publication-desktop.log       |    19 +
 .../API-REV-001/live/publication-initial.mjs.txt   |     6 +
 .../live/publication-leave-final-dom.txt           |    99 +
 .../API-REV-001/live/publication-leave-intent.json |    11 +
 .../API-REV-001/live/publication-leave-result.json | 22718 +++++++++++++++++++
 .../API-REV-001/live/publication-leave.log         |     1 +
 .../live/publication-narrow-final-dom.txt          |    91 +
 .../live/publication-narrow-intent.json            |    11 +
 .../publication-narrow-layout-disposition.json     |     6 +
 .../live/publication-narrow-pending-dom.txt        |    27 +
 .../live/publication-narrow-result.json            | 12925 +++++++++++
 .../live/publication-narrow-settled-dom.txt        |    34 +
 .../API-REV-001/live/publication-narrow.log        |     1 +
 .../API-REV-001/live/publication.mjs               |     6 +
 .../api-e2e-evidence/API-REV-001/live/renderer.log |    88 +
 .../API-REV-001/live/runtime-observer.mjs          |     4 +
 .../API-REV-001/live/screenshots/bootstrap.png     |   Bin 0 -> 132394 bytes
 .../live/screenshots/native-configured.png         |   Bin 0 -> 159022 bytes
 .../screenshots/native-desktop-reopen-chip.png     |   Bin 0 -> 139665 bytes
 .../API-REV-001/live/screenshots/native-draft.png  |   Bin 0 -> 87038 bytes
 .../live/screenshots/native-first-open.png         |   Bin 0 -> 7509 bytes
 .../live/screenshots/native-first-sent.png         |   Bin 0 -> 111857 bytes
 .../live/screenshots/native-narrow-live-chip.png   |   Bin 0 -> 47370 bytes
 .../API-REV-001/live/screenshots/org-configure.png |   Bin 0 -> 122366 bytes
 .../live/screenshots/org-first-work.png            |   Bin 0 -> 153963 bytes
 .../live/screenshots/org-initial-unfocused.png     |   Bin 0 -> 77665 bytes
 .../live/screenshots/org-unused-desktop.png        |   Bin 0 -> 80201 bytes
 .../live/screenshots/org-unused-narrow.png         |   Bin 0 -> 21582 bytes
 .../live/screenshots/owned-roots-stopped.png       |   Bin 0 -> 150224 bytes
 .../live/screenshots/publication-desktop-final.png |   Bin 0 -> 197432 bytes
 .../live/screenshots/publication-leave-final.png   |   Bin 0 -> 212809 bytes
 .../live/screenshots/publication-narrow-final.png  |   Bin 0 -> 63794 bytes
 .../screenshots/publication-narrow-pending.png     |   Bin 0 -> 63364 bytes
 .../screenshots/publication-narrow-settled.png     |   Bin 0 -> 63794 bytes
 .../API-REV-001/live/screenshots/task-created.png  |   Bin 0 -> 159260 bytes
 .../live/screenshots/team-configured.png           |   Bin 0 -> 149941 bytes
 .../live/screenshots/team-first-work-complete.png  |   Bin 0 -> 120820 bytes
 .../live/screenshots/team-first-work.png           |   Bin 0 -> 94643 bytes
 .../live/screenshots/team-model-options.png        |   Bin 0 -> 139322 bytes
 .../API-REV-001/live/screenshots/team-restored.png |   Bin 0 -> 146727 bytes
 .../API-REV-001/live/screenshots/team-stopped.png  |   Bin 0 -> 129732 bytes
 .../live/screenshots/team-unused-desktop.png       |   Bin 0 -> 64408 bytes
 .../live/screenshots/team-unused-narrow.png        |   Bin 0 -> 19368 bytes
 .../live/screenshots/team-unused-steady-narrow.png |   Bin 0 -> 21582 bytes
 .../live/screenshots/team-unused-steady.png        |   Bin 0 -> 65532 bytes
 .../API-REV-001/live/seed-agent.json               |     4 +
 .../API-REV-001/live/seed-result.json              |    16 +
 .../API-REV-001/live/seed-team.json                |     4 +
 .../api-e2e-evidence/API-REV-001/live/seed.mjs     |     7 +
 .../API-REV-001/live/server-current.log            |   632 +
 .../api-e2e-evidence/API-REV-001/live/server.log   |   406 +
 .../API-REV-001/live/start-stack.py                |    20 +
 .../API-REV-001/live/task-create-intent.json       |    21 +
 .../API-REV-001/live/task-create.log               |     1 +
 .../API-REV-001/live/task-create.mjs               |     2 +
 .../API-REV-001/live/task-created-dom.txt          |    73 +
 .../API-REV-001/live/task-created.json             | 14941 ++++++++++++
 .../API-REV-001/live/team-configure.mjs            |     2 +
 .../API-REV-001/live/team-configured-dom.txt       |   125 +
 .../API-REV-001/live/team-final-stop.json          |     5 +
 .../live/team-first-work-complete-dom.txt          |    63 +
 .../live/team-first-work-complete-initial.mjs.txt  |     2 +
 .../API-REV-001/live/team-first-work-complete.json |   246 +
 .../API-REV-001/live/team-first-work-complete.log  |     1 +
 .../API-REV-001/live/team-first-work-complete.mjs  |     2 +
 .../API-REV-001/live/team-first-work-dom.txt       |    48 +
 .../API-REV-001/live/team-first-work-intent.json   |     6 +
 .../live/team-first-work-oracle-disposition.json   |     6 +
 .../API-REV-001/live/team-first-work-result.json   |   325 +
 .../API-REV-001/live/team-first-work.log           |     1 +
 .../API-REV-001/live/team-first-work.mjs           |     3 +
 .../API-REV-001/live/team-launch-intent.json       |     6 +
 .../API-REV-001/live/team-launch-interruption.json |   149 +
 .../API-REV-001/live/team-launch-response.json     |    66 +
 .../API-REV-001/live/team-launch.mjs               |     3 +
 .../API-REV-001/live/team-model-options-dom.txt    |   125 +
 .../API-REV-001/live/team-model-options.json       |    15 +
 .../API-REV-001/live/team-restore-complete.log     |     1 +
 .../API-REV-001/live/team-restore-complete.mjs     |     2 +
 .../API-REV-001/live/team-restore-intent.json      |    93 +
 .../live/team-restore-oracle-disposition.json      |     9 +
 .../API-REV-001/live/team-restore-response.json    |    19 +
 .../API-REV-001/live/team-restore-result.json      |   279 +
 .../API-REV-001/live/team-restore.log              |     0
 .../API-REV-001/live/team-restore.mjs              |     2 +
 .../API-REV-001/live/team-restored-dom.txt         |    78 +
 .../API-REV-001/live/team-run.json                 |     4 +
 .../API-REV-001/live/team-stop-intent.json         |    93 +
 .../API-REV-001/live/team-stop-result.json         |   114 +
 .../API-REV-001/live/team-stop.log                 |    72 +
 .../API-REV-001/live/team-stop.mjs                 |     2 +
 .../API-REV-001/live/team-stopped-dom.txt          |    71 +
 .../API-REV-001/live/team-unused-confirm.mjs       |     2 +
 .../API-REV-001/live/team-unused-desktop-dom.txt   |    46 +
 .../API-REV-001/live/team-unused-disposition.json  |     7 +
 .../API-REV-001/live/team-unused-disposition.mjs   |     2 +
 .../API-REV-001/live/team-unused-narrow-dom.txt    |     5 +
 .../API-REV-001/live/team-unused-result.json       |   297 +
 .../API-REV-001/live/team-unused-steady-dom.txt    |    46 +
 .../live/team-unused-steady-narrow-dom.txt         |     5 +
 .../API-REV-001/live/team-unused-steady.json       |    34 +
 .../autobyteus-application-backend-sdk-build.json  |    13 +
 .../autobyteus-application-backend-sdk-build.log   |     4 +
 .../autobyteus-application-frontend-sdk-build.json |    13 +
 .../autobyteus-application-frontend-sdk-build.log  |     4 +
 ...autobyteus-application-sdk-contracts-build.json |    13 +
 .../autobyteus-application-sdk-contracts-build.log |     4 +
 .../API-REV-001/repository/coverage-inventory.json |   182 +
 .../repository/guard-localization-boundary.json    |    13 +
 .../repository/guard-localization-boundary.log     |     5 +
 .../API-REV-001/repository/guard-web-boundary.json |    13 +
 .../API-REV-001/repository/guard-web-boundary.log  |     5 +
 .../API-REV-001/repository/planned-commands.json   |    45 +
 .../repository/post-repository-confidence.json     |    27 +
 .../API-REV-001/repository/run-checks.py           |    22 +
 .../API-REV-001/repository/server-build.json       |    15 +
 .../API-REV-001/repository/server-build.log        |    35 +
 .../repository/server-preservation.json            |    27 +
 .../API-REV-001/repository/server-preservation.log |   116 +
 .../API-REV-001/repository/server-readiness.json   |    18 +
 .../API-REV-001/repository/server-readiness.log    |    95 +
 .../API-REV-001/repository/web-preservation.json   |    32 +
 .../API-REV-001/repository/web-preservation.log    |   291 +
 .../API-REV-001/repository/web-regressions.json    |    17 +
 .../API-REV-001/repository/web-regressions.log     |   157 +
 .../API-REV-001/runtime/environment.json           |    79 +
 .../api-e2e-execution-coverage-report.md           |   140 +
 .../api-e2e-revision-record.md                     |    23 +
 .../api-e2e-test-case-ledger.md                    |    93 +
 .../api-e2e-test-review-report.md                  |    59 +
 .../architecture-design-revision-record.md         |    26 +
 .../architecture-design-self-validation.md         |    55 +
 .../architecture-evidence/AD-REV-001/README.md     |    24 +
 .../AD-REV-001/artifact-check.json                 |    89 +
 .../AD-REV-001/artifact-manifest.json              |    96 +
 .../AD-REV-001/attachment-probe.cjs                |    67 +
 .../AD-REV-001/attachment-probe.log                |    28 +
 .../AD-REV-001/diagnostic-disposition.md           |     8 +
 .../AD-REV-001/handoff-reference-files.txt         |    27 +
 .../AD-REV-001/navigation-probe-initial.cjs        |    50 +
 .../AD-REV-001/navigation-probe-initial.log        |    24 +
 .../AD-REV-001/navigation-probe.cjs                |    50 +
 .../AD-REV-001/navigation-probe.log                |    17 +
 .../AD-REV-001/original-first-input-boundary.txt   |   257 +
 .../AD-REV-001/preservation-check.json             |    17 +
 .../AD-REV-001/selected-handoff-rule.json          |    36 +
 .../AD-REV-001/source-witnesses.json               |   345 +
 .../architecture-investigation.md                  |    81 +
 .../architecture-review-revision-record.md         |    33 +
 .../code-review-evidence/CRR-001/README.md         |    12 +
 .../CRR-001/autobyteus-application-backend-sdk.log |     4 +
 .../autobyteus-application-frontend-sdk.log        |     4 +
 .../autobyteus-application-sdk-contracts.log       |     4 +
 .../code-review-evidence/CRR-001/checks.py         |    16 +
 .../CRR-001/command-results.json                   |   145 +
 .../CRR-001/completion-integrity.json              |    18 +
 .../CRR-001/completion-web.log                     |   430 +
 .../code-review-evidence/CRR-001/entry.json        |   201 +
 .../CRR-001/evidence-sha256.json                   |    26 +
 .../CRR-001/final-localization-boundary.log        |     5 +
 .../CRR-001/final-server-typecheck.log             |     0
 .../code-review-evidence/CRR-001/final-server.log  |   120 +
 .../CRR-001/final-web-boundary.log                 |     5 +
 .../CRR-001/handoff-reference-files.txt            |   224 +
 .../CRR-001/inventory-verification.json            |     9 +
 .../CRR-001/prerequisite-cleanup.json              |    18 +
 .../code-review-evidence/CRR-001/review-notes.md   |    41 +
 .../CRR-001/selected-handoff-rule.json             |    46 +
 .../CRR-001/source-size-audit.json                 |   470 +
 .../CRR-001/source-whitespace.log                  |     0
 .../CRR-001/typecheck-verification.json            |    10 +
 .../code-review-evidence/CRR-001/write-report.py   |   207 +
 .../code-review-evidence/CRR-002/README.md         |    11 +
 .../CRR-002/completion-integrity.json              |    35 +
 .../CRR-002/entry-and-scope-verification.json      |   782 +
 .../CRR-002/handoff-reference-files.txt            |   465 +
 .../CRR-002/prior-revision-record.md               |    31 +
 .../CRR-002/selected-handoff-rule.json             |    10 +
 .../code-review-report.md                          |   185 +
 .../code-review-revision-record.md                 |    49 +
 .../dr-001/collab-dr001-checkpoint.log             |     9 +
 .../dr-001/collab-dr001-integration.log            |     1 +
 .../delivery-evidence/dr-001/docs-paths.json       |     8 +
 .../delivery-evidence/dr-001/docs-validation.json  |    87 +
 .../delivery-evidence/dr-001/integration.json      |    25 +
 .../delivery-evidence/dr-001/preservation.json     |    12 +
 .../delivery-evidence/dr-001/routing-decision.json |    13 +
 .../dr-001/upstream-evidence-limits.md             |    47 +
 .../dr-001/upstream-reference-files.txt            |   465 +
 .../dr-002/archive-integrity.json                  |     9 +
 .../delivery-evidence/dr-002/fetch.log             |     2 +
 .../dr-002/handoff-reference-files.txt             |   465 +
 .../delivery-evidence/dr-002/integration.json      |    14 +
 .../delivery-evidence/dr-002/merge.log             |     1 +
 .../dr-002/prior-dr-001/docs-sync-report.md        |    43 +
 .../dr-002/prior-dr-001/handoff-summary.md         |    70 +
 .../prior-dr-001/release-deployment-report.md      |    77 +
 .../dr-002/prior-dr-001/release-notes.md           |    31 +
 .../delivery-evidence/dr-002/publish-audit.json    |    20 +
 .../dr-002/reference-resolution.json               |  2802 +++
 .../delivery-evidence/dr-002/remote-before.log     |     2 +
 .../dr-002/staged-diff-check-original.log          |    37 +
 .../delivery-evidence/dr-002/staging-audit.json    |    47 +
 .../dr-002/target-other-owner-manifest.json        |  2172 ++
 .../dr-002/target-status-before.log                |     2 +
 .../delivery-evidence/dr-002/user-acceptance.json  |    13 +
 .../delivery-revision-record.md                    |    41 +
 .../design-review-report.md                        |   278 +
 .../collaboration-follow-up-fixes/design-spec.md   |   419 +
 .../docs-sync-report.md                            |    43 +
 .../handoff-summary.md                             |    78 +
 .../IR-001/artifact-whitespace-disposition.json    |     6 +
 .../IR-001/artifact-whitespace.log                 |   268 +
 .../IR-001/authority-integrity.json                |   147 +
 .../implementation-evidence/IR-001/base-head.txt   |     1 +
 .../IR-001/baseline-check.py                       |    18 +
 .../IR-001/baseline-restoration.json               |   120 +
 .../IR-001/baseline-results.json                   |    55 +
 .../IR-001/baseline-web-typecheck.log              |   546 +
 .../IR-001/before-attachment.log                   |    76 +
 .../IR-001/before-runtime.log                      |   237 +
 .../IR-001/before-selection.log                    |    69 +
 .../IR-001/compare-typecheck.py                    |    17 +
 .../IR-001/complete-integrity.py                   |    33 +
 .../IR-001/completion-checks.json                  |    92 +
 .../IR-001/completion-checks.py                    |    12 +
 .../IR-001/completion-integrity.json               |   584 +
 .../IR-001/completion-localization-boundary.log    |     5 +
 .../IR-001/completion-web-boundary.log             |     5 +
 .../IR-001/completion-web-build.log                |   232 +
 .../IR-001/completion-web-typecheck.log            |   538 +
 .../IR-001/completion-web.log                      |   430 +
 .../IR-001/completion-whitespace.log               |     0
 .../IR-001/current-source-test.diff                |  2231 ++
 .../IR-001/evidence-sha256.json                    |   481 +
 .../IR-001/final-checks.json                       |   142 +
 .../implementation-evidence/IR-001/final-checks.py |    11 +
 .../IR-001/final-localization-boundary.log         |     5 +
 .../IR-001/final-prepare.log                       |     4 +
 .../IR-001/final-server-typecheck.log              |     0
 .../IR-001/final-server.log                        |   120 +
 .../IR-001/final-web-boundary.log                  |     5 +
 .../IR-001/final-web-build.log                     |   232 +
 .../IR-001/final-web-typecheck.log                 |   555 +
 .../implementation-evidence/IR-001/final-web.log   |   414 +
 .../IR-001/final-whitespace.log                    |     0
 .../IR-001/handoff-reference-files.txt             |   188 +
 .../IR-001/initial-status.txt                      |     1 +
 .../IR-001/initial-web-check.log                   |    61 +
 .../implementation-evidence/IR-001/install.log     |    80 +
 .../implementation-evidence/IR-001/local-checks.md |    36 +
 .../IR-001/native-preflight.json                   |     8 +
 .../IR-001/navigation-investigation.md             |    17 +
 .../IR-001/prerequisites.log                       |    16 +
 .../IR-001/prisma-generate.log                     |    18 +
 .../IR-001/render/1502-final-chip.html             |  8250 +++++++
 .../IR-001/render/1502-final-chip.png              |   Bin 0 -> 85577 bytes
 .../IR-001/render/1502-pending-team.html           |  8250 +++++++
 .../IR-001/render/1502-pending-team.png            |   Bin 0 -> 93009 bytes
 .../IR-001/render/1502-publication.html            |  8250 +++++++
 .../IR-001/render/1502-publication.png             |   Bin 0 -> 85582 bytes
 .../IR-001/render/1502-retained.html               |  8250 +++++++
 .../IR-001/render/1502-retained.png                |   Bin 0 -> 102091 bytes
 .../IR-001/render/1502-unused-direct.html          |  8251 +++++++
 .../IR-001/render/1502-unused-direct.png           |   Bin 0 -> 87145 bytes
 .../IR-001/render/1502-unused-mounted.html         |  8250 +++++++
 .../IR-001/render/1502-unused-mounted.png          |   Bin 0 -> 85811 bytes
 .../IR-001/render/390-final-chip.html              |  8250 +++++++
 .../IR-001/render/390-final-chip.png               |   Bin 0 -> 36196 bytes
 .../IR-001/render/390-pending-team.html            |  8250 +++++++
 .../IR-001/render/390-pending-team.png             |   Bin 0 -> 48162 bytes
 .../IR-001/render/390-publication.html             |  8250 +++++++
 .../IR-001/render/390-publication.png              |   Bin 0 -> 32029 bytes
 .../IR-001/render/390-retained.html                |  8250 +++++++
 .../IR-001/render/390-retained.png                 |   Bin 0 -> 46498 bytes
 .../IR-001/render/390-unused-direct.html           |  8250 +++++++
 .../IR-001/render/390-unused-direct.png            |   Bin 0 -> 30001 bytes
 .../IR-001/render/390-unused-mounted.html          |  8250 +++++++
 .../IR-001/render/390-unused-mounted.png           |   Bin 0 -> 32275 bytes
 .../IR-001/render/buttons.json                     |   207 +
 .../IR-001/render/evidence.json                    |  5881 +++++
 .../IR-001/render/fifth.log                        |     0
 .../IR-001/render/final-first.log                  |     0
 .../IR-001/render/fixture.vue                      |   128 +
 .../IR-001/render/fourth.log                       |     0
 .../IR-001/render/initial-dom.txt                  |    65 +
 .../IR-001/render/initial.json                     |   552 +
 .../IR-001/render/initial.log                      |     0
 .../IR-001/render/initial.png                      |   Bin 0 -> 97245 bytes
 .../IR-001/render/inspect-discovery.mjs            |    24 +
 .../IR-001/render/inspect-initial.mjs              |    20 +
 .../IR-001/render/inspect.mjs                      |    64 +
 .../IR-001/render/second.log                       |     0
 .../IR-001/render/server.log                       |    47 +
 .../IR-001/render/seventh.log                      |     0
 .../IR-001/render/sixth.log                        |     0
 .../IR-001/render/third.log                        |     0
 .../IR-001/runtime-final-focused.log               |    95 +
 .../IR-001/selected-handoff-rule.json              |    10 +
 .../IR-001/selection-composition-first.log         |   104 +
 .../IR-001/selection-composition-second.log        |   166 +
 .../IR-001/selection-composition-third.log         |   149 +
 .../IR-001/server-cohort-second.log                |   120 +
 .../IR-001/server-cohort.log                       |   148 +
 .../IR-001/server-first.log                        |   111 +
 .../IR-001/server-focused.log                      |    99 +
 .../IR-001/server-paths.txt                        |    11 +
 .../IR-001/server-prerequisites.log                |    12 +
 .../IR-001/server-second.log                       |   173 +
 .../IR-001/server-typecheck.log                    |     0
 .../IR-001/source-commit.txt                       |     1 +
 .../IR-001/source-inventory.json                   |   392 +
 .../IR-001/source-paths.txt                        |    39 +
 .../IR-001/typecheck-comparison-current.json       |    40 +
 .../IR-001/typecheck-comparison.json               |    66 +
 .../IR-001/upstream-reference-files.txt            |    29 +
 .../IR-001/verification-checks.json                |    59 +
 .../IR-001/verification-checks.py                  |    13 +
 .../IR-001/verification-web-typecheck.log          |   535 +
 .../IR-001/verification-web.log                    |   431 +
 .../IR-001/verification-whitespace.log             |     0
 .../implementation-evidence/IR-001/web-cohort.log  |   414 +
 .../IR-001/web-focused-first.log                   |    58 +
 .../implementation-evidence/IR-001/web-paths.txt   |    17 +
 .../IR-001/web-regression-first.log                |   496 +
 .../IR-001/web-regression-second.log               |   292 +
 .../IR-001/web-typecheck-first.log                 |     2 +
 .../IR-001/web-typecheck-pinned.log                |   581 +
 .../IR-001/web-typecheck-tooling.log               |    44 +
 .../implementation-handoff.md                      |    77 +
 .../implementation-revision-record.md              |    26 +
 .../intake/evidence-index.json                     |   258 +
 .../intake/original-personal-comparison.json       |   118 +
 .../intake/user-request.md                         |    49 +
 .../investigation-notes.md                         |   103 +
 .../release-deployment-report.md                   |    81 +
 .../collaboration-follow-up-fixes/release-notes.md |    31 +
 .../requirements-doc.md                            |   150 +
 .../requirements-revision-record.md                |    33 +
 489 files changed, 241991 insertions(+), 268 deletions(-)
 create mode 100644 autobyteus-server-ts/tests/integration/agent-team-execution/configured-scope-readiness.test.ts
 create mode 100644 autobyteus-web/components/conversation/__tests__/UserMessageFirstSubmission.spec.ts
 create mode 100644 autobyteus-web/stores/__tests__/workspaceSelectionComposition.spec.ts
 create mode 100644 tickets/done/collaboration-follow-up-fixes/api-e2e-coverage-investigation.md
 create mode 100644 tickets/done/collaboration-follow-up-fixes/api-e2e-evidence/API-REV-001/LAST-CHECKPOINT.json
 create mode 100644 tickets/done/collaboration-follow-up-fixes/api-e2e-evidence/API-REV-001/README.md
 create mode 100644 tickets/done/collaboration-follow-up-fixes/api-e2e-evidence/API-REV-001/entry-baseline.json
 create mode 100644 tickets/done/collaboration-follow-up-fixes/api-e2e-evidence/API-REV-001/final/archive-and-integrity.log
 create mode 100644 tickets/done/collaboration-follow-up-fixes/api-e2e-evidence/API-REV-001/final/archive-and-integrity.py
 create mode 100644 tickets/done/collaboration-follow-up-fixes/api-e2e-evidence/API-REV-001/final/case-reconciliation.json
 create mode 100644 tickets/done/collaboration-follow-up-fixes/api-e2e-evidence/API-REV-001/final/cleanup-integrity.json
 create mode 100644 tickets/done/collaboration-follow-up-fixes/api-e2e-evidence/API-REV-001/final/complete-package.py
 create mode 100644 tickets/done/collaboration-follow-up-fixes/api-e2e-evidence/API-REV-001/final/completion-integrity.json
 create mode 100644 tickets/done/collaboration-follow-up-fixes/api-e2e-evidence/API-REV-001/final/confidence.json
 create mode 100644 tickets/done/collaboration-follow-up-fixes/api-e2e-evidence/API-REV-001/final/credential-cleanup.json
 create mode 100644 tickets/done/collaboration-follow-up-fixes/api-e2e-evidence/API-REV-001/final/credential-cleanup.log
 create mode 100644 tickets/done/collaboration-follow-up-fixes/api-e2e-evidence/API-REV-001/final/evidence-manifest.json
 create mode 100644 tickets/done/collaboration-follow-up-fixes/api-e2e-evidence/API-REV-001/final/execution-dispositions.md
 create mode 100644 tickets/done/collaboration-follow-up-fixes/api-e2e-evidence/API-REV-001/final/execution-receipts.json
 create mode 100644 tickets/done/collaboration-follow-up-fixes/api-e2e-evidence/API-REV-001/final/final-validation.json
 create mode 100644 tickets/done/collaboration-follow-up-fixes/api-e2e-evidence/API-REV-001/final/handoff-reference-files.txt
 create mode 100644 tickets/done/collaboration-follow-up-fixes/api-e2e-evidence/API-REV-001/final/navigation-reconciliation.json
 create mode 100644 tickets/done/collaboration-follow-up-fixes/api-e2e-evidence/API-REV-001/final/process-cleanup.json
 create mode 100644 tickets/done/collaboration-follow-up-fixes/api-e2e-evidence/API-REV-001/final/reconcile.py
 create mode 100644 tickets/done/collaboration-follow-up-fixes/api-e2e-evidence/API-REV-001/final/remove-owned-credential.mjs
 create mode 100644 tickets/done/collaboration-follow-up-fixes/api-e2e-evidence/API-REV-001/final/runtime-archive-manifest.json
 create mode 100644 tickets/done/collaboration-follow-up-fixes/api-e2e-evidence/API-REV-001/final/runtime-owned-sanitized.tar.gz
 create mode 100644 tickets/done/collaboration-follow-up-fixes/api-e2e-evidence/API-REV-001/final/selected-handoff-rule.json
 create mode 100644 tickets/done/collaboration-follow-up-fixes/api-e2e-evidence/API-REV-001/final/source-integrity.json
 create mode 100644 tickets/done/collaboration-follow-up-fixes/api-e2e-evidence/API-REV-001/final/stop-owned-processes.py
 create mode 100644 tickets/done/collaboration-follow-up-fixes/api-e2e-evidence/API-REV-001/final/user-tool-choice.json
 create mode 100644 tickets/done/collaboration-follow-up-fixes/api-e2e-evidence/API-REV-001/final/visual-inspection.md
 create mode 100644 tickets/done/collaboration-follow-up-fixes/api-e2e-evidence/API-REV-001/final/write-reports.py
 create mode 100644 tickets/done/collaboration-follow-up-fixes/api-e2e-evidence/API-REV-001/live/bootstrap-dom.txt
 create mode 100644 tickets/done/collaboration-follow-up-fixes/api-e2e-evidence/API-REV-001/live/bootstrap-initial-disposition.json
 create mode 100644 tickets/done/collaboration-follow-up-fixes/api-e2e-evidence/API-REV-001/live/bootstrap-initial.mjs.txt
 create mode 100644 tickets/done/collaboration-follow-up-fixes/api-e2e-evidence/API-REV-001/live/bootstrap.json
 create mode 100644 tickets/done/collaboration-follow-up-fixes/api-e2e-evidence/API-REV-001/live/bootstrap.mjs
 create mode 100644 tickets/done/collaboration-follow-up-fixes/api-e2e-evidence/API-REV-001/live/browser.log
 create mode 100644 tickets/done/collaboration-follow-up-fixes/api-e2e-evidence/API-REV-001/live/cleanup-ui-discovery.json
 create mode 100644 tickets/done/collaboration-follow-up-fixes/api-e2e-evidence/API-REV-001/live/final-ui-stops-checkpoint.json
 create mode 100644 tickets/done/collaboration-follow-up-fixes/api-e2e-evidence/API-REV-001/live/final-ui-stops.json
 create mode 100644 tickets/done/collaboration-follow-up-fixes/api-e2e-evidence/API-REV-001/live/final-ui-stops.log
 create mode 100644 tickets/done/collaboration-follow-up-fixes/api-e2e-evidence/API-REV-001/live/final-ui-stops.mjs
 create mode 100644 tickets/done/collaboration-follow-up-fixes/api-e2e-evidence/API-REV-001/live/fixture-isolation-correction.json
 create mode 100644 tickets/done/collaboration-follow-up-fixes/api-e2e-evidence/API-REV-001/live/lib.mjs
 create mode 100644 tickets/done/collaboration-follow-up-fixes/api-e2e-evidence/API-REV-001/live/native-catalog.json
 create mode 100644 tickets/done/collaboration-follow-up-fixes/api-e2e-evidence/API-REV-001/live/native-configured-dom.txt
 create mode 100644 tickets/done/collaboration-follow-up-fixes/api-e2e-evidence/API-REV-001/live/native-credential-configured.json
 create mode 100644 tickets/done/collaboration-follow-up-fixes/api-e2e-evidence/API-REV-001/live/native-credential-start.json
 create mode 100644 tickets/done/collaboration-follow-up-fixes/api-e2e-evidence/API-REV-001/live/native-credential.log
 create mode 100644 tickets/done/collaboration-follow-up-fixes/api-e2e-evidence/API-REV-001/live/native-credential.mjs
 create mode 100644 tickets/done/collaboration-follow-up-fixes/api-e2e-evidence/API-REV-001/live/native-desktop-reopen-chip-dom.txt
 create mode 100644 tickets/done/collaboration-follow-up-fixes/api-e2e-evidence/API-REV-001/live/native-draft-dom.txt
 create mode 100644 tickets/done/collaboration-follow-up-fixes/api-e2e-evidence/API-REV-001/live/native-draft.json
 create mode 100644 tickets/done/collaboration-follow-up-fixes/api-e2e-evidence/API-REV-001/live/native-first-open-dom.txt
 create mode 100644 tickets/done/collaboration-follow-up-fixes/api-e2e-evidence/API-REV-001/live/native-first-result.json
 create mode 100644 tickets/done/collaboration-follow-up-fixes/api-e2e-evidence/API-REV-001/live/native-first-sent-dom.txt
 create mode 100644 tickets/done/collaboration-follow-up-fixes/api-e2e-evidence/API-REV-001/live/native-narrow-live-chip-dom.txt
 create mode 100644 tickets/done/collaboration-follow-up-fixes/api-e2e-evidence/API-REV-001/live/native-prepare.json
 create mode 100644 tickets/done/collaboration-follow-up-fixes/api-e2e-evidence/API-REV-001/live/native-reopen-history-discovery.json
 create mode 100644 tickets/done/collaboration-follow-up-fixes/api-e2e-evidence/API-REV-001/live/native-reopen-interruption.json
 create mode 100644 tickets/done/collaboration-follow-up-fixes/api-e2e-evidence/API-REV-001/live/native-reopen-result.json
 create mode 100644 tickets/done/collaboration-follow-up-fixes/api-e2e-evidence/API-REV-001/live/native-reopen-selected.log
 create mode 100644 tickets/done/collaboration-follow-up-fixes/api-e2e-evidence/API-REV-001/live/native-reopen-selected.mjs
 create mode 100644 tickets/done/collaboration-follow-up-fixes/api-e2e-evidence/API-REV-001/live/native-reopen.log
 create mode 100644 tickets/done/collaboration-follow-up-fixes/api-e2e-evidence/API-REV-001/live/native-reopen.mjs
 create mode 100644 tickets/done/collaboration-follow-up-fixes/api-e2e-evidence/API-REV-001/live/native-run-intent.json
 create mode 100644 tickets/done/collaboration-follow-up-fixes/api-e2e-evidence/API-REV-001/live/native-run.json
 create mode 100644 tickets/done/collaboration-follow-up-fixes/api-e2e-evidence/API-REV-001/live/native-send-intent.json
 create mode 100644 tickets/done/collaboration-follow-up-fixes/api-e2e-evidence/API-REV-001/live/native-send.log
 create mode 100644 tickets/done/collaboration-follow-up-fixes/api-e2e-evidence/API-REV-001/live/native-send.mjs
 create mode 100644 tickets/done/collaboration-follow-up-fixes/api-e2e-evidence/API-REV-001/live/native-setup.log
 create mode 100644 tickets/done/collaboration-follow-up-fixes/api-e2e-evidence/API-REV-001/live/native-setup.mjs
 create mode 100644 tickets/done/collaboration-follow-up-fixes/api-e2e-evidence/API-REV-001/live/navigation-observer.mjs
 create mode 100644 tickets/done/collaboration-follow-up-fixes/api-e2e-evidence/API-REV-001/live/org-configure-dom.json
 create mode 100644 tickets/done/collaboration-follow-up-fixes/api-e2e-evidence/API-REV-001/live/org-configure-dom.txt
 create mode 100644 tickets/done/collaboration-follow-up-fixes/api-e2e-evidence/API-REV-001/live/org-configure.mjs
 create mode 100644 tickets/done/collaboration-follow-up-fixes/api-e2e-evidence/API-REV-001/live/org-first-work-dom.txt
 create mode 100644 tickets/done/collaboration-follow-up-fixes/api-e2e-evidence/API-REV-001/live/org-first-work-intent.json
 create mode 100644 tickets/done/collaboration-follow-up-fixes/api-e2e-evidence/API-REV-001/live/org-first-work-result.json
 create mode 100644 tickets/done/collaboration-follow-up-fixes/api-e2e-evidence/API-REV-001/live/org-first-work.log
 create mode 100644 tickets/done/collaboration-follow-up-fixes/api-e2e-evidence/API-REV-001/live/org-first-work.mjs
 create mode 100644 tickets/done/collaboration-follow-up-fixes/api-e2e-evidence/API-REV-001/live/org-initial-unfocused-dom.txt
 create mode 100644 tickets/done/collaboration-follow-up-fixes/api-e2e-evidence/API-REV-001/live/org-initial.json
 create mode 100644 tickets/done/collaboration-follow-up-fixes/api-e2e-evidence/API-REV-001/live/org-launch-initial-disposition.json
 create mode 100644 tickets/done/collaboration-follow-up-fixes/api-e2e-evidence/API-REV-001/live/org-launch-initial.mjs.txt
 create mode 100644 tickets/done/collaboration-follow-up-fixes/api-e2e-evidence/API-REV-001/live/org-launch-intent.json
 create mode 100644 tickets/done/collaboration-follow-up-fixes/api-e2e-evidence/API-REV-001/live/org-launch-interruption.json
 create mode 100644 tickets/done/collaboration-follow-up-fixes/api-e2e-evidence/API-REV-001/live/org-launch-response.json
 create mode 100644 tickets/done/collaboration-follow-up-fixes/api-e2e-evidence/API-REV-001/live/org-launch-second-interruption.json
 create mode 100644 tickets/done/collaboration-follow-up-fixes/api-e2e-evidence/API-REV-001/live/org-launch-second.log
 create mode 100644 tickets/done/collaboration-follow-up-fixes/api-e2e-evidence/API-REV-001/live/org-launch-second.mjs.txt
 create mode 100644 tickets/done/collaboration-follow-up-fixes/api-e2e-evidence/API-REV-001/live/org-launch.log
 create mode 100644 tickets/done/collaboration-follow-up-fixes/api-e2e-evidence/API-REV-001/live/org-launch.mjs
 create mode 100644 tickets/done/collaboration-follow-up-fixes/api-e2e-evidence/API-REV-001/live/org-run.json
 create mode 100644 tickets/done/collaboration-follow-up-fixes/api-e2e-evidence/API-REV-001/live/org-unused-desktop-dom.txt
 create mode 100644 tickets/done/collaboration-follow-up-fixes/api-e2e-evidence/API-REV-001/live/org-unused-narrow-dom.txt
 create mode 100644 tickets/done/collaboration-follow-up-fixes/api-e2e-evidence/API-REV-001/live/org-unused-result.json
 create mode 100644 tickets/done/collaboration-follow-up-fixes/api-e2e-evidence/API-REV-001/live/org-unused.log
 create mode 100644 tickets/done/collaboration-follow-up-fixes/api-e2e-evidence/API-REV-001/live/org-unused.mjs
 create mode 100644 tickets/done/collaboration-follow-up-fixes/api-e2e-evidence/API-REV-001/live/owned-roots-stopped-dom.txt
 create mode 100644 tickets/done/collaboration-follow-up-fixes/api-e2e-evidence/API-REV-001/live/provider-preflight.json
 create mode 100644 tickets/done/collaboration-follow-up-fixes/api-e2e-evidence/API-REV-001/live/publication-desktop-disposition.json
 create mode 100644 tickets/done/collaboration-follow-up-fixes/api-e2e-evidence/API-REV-001/live/publication-desktop-final-dom.txt
 create mode 100644 tickets/done/collaboration-follow-up-fixes/api-e2e-evidence/API-REV-001/live/publication-desktop-intent.json
 create mode 100644 tickets/done/collaboration-follow-up-fixes/api-e2e-evidence/API-REV-001/live/publication-desktop-interruption.json
 create mode 100644 tickets/done/collaboration-follow-up-fixes/api-e2e-evidence/API-REV-001/live/publication-desktop-result.json
 create mode 100644 tickets/done/collaboration-follow-up-fixes/api-e2e-evidence/API-REV-001/live/publication-desktop.log
 create mode 100644 tickets/done/collaboration-follow-up-fixes/api-e2e-evidence/API-REV-001/live/publication-initial.mjs.txt
 create mode 100644 tickets/done/collaboration-follow-up-fixes/api-e2e-evidence/API-REV-001/live/publication-leave-final-dom.txt
 create mode 100644 tickets/done/collaboration-follow-up-fixes/api-e2e-evidence/API-REV-001/live/publication-leave-intent.json
 create mode 100644 tickets/done/collaboration-follow-up-fixes/api-e2e-evidence/API-REV-001/live/publication-leave-result.json
 create mode 100644 tickets/done/collaboration-follow-up-fixes/api-e2e-evidence/API-REV-001/live/publication-leave.log
 create mode 100644 tickets/done/collaboration-follow-up-fixes/api-e2e-evidence/API-REV-001/live/publication-narrow-final-dom.txt
 create mode 100644 tickets/done/collaboration-follow-up-fixes/api-e2e-evidence/API-REV-001/live/publication-narrow-intent.json
 create mode 100644 tickets/done/collaboration-follow-up-fixes/api-e2e-evidence/API-REV-001/live/publication-narrow-layout-disposition.json
 create mode 100644 tickets/done/collaboration-follow-up-fixes/api-e2e-evidence/API-REV-001/live/publication-narrow-pending-dom.txt
 create mode 100644 tickets/done/collaboration-follow-up-fixes/api-e2e-evidence/API-REV-001/live/publication-narrow-result.json
 create mode 100644 tickets/done/collaboration-follow-up-fixes/api-e2e-evidence/API-REV-001/live/publication-narrow-settled-dom.txt
 create mode 100644 tickets/done/collaboration-follow-up-fixes/api-e2e-evidence/API-REV-001/live/publication-narrow.log
 create mode 100644 tickets/done/collaboration-follow-up-fixes/api-e2e-evidence/API-REV-001/live/publication.mjs
 create mode 100644 tickets/done/collaboration-follow-up-fixes/api-e2e-evidence/API-REV-001/live/renderer.log
 create mode 100644 tickets/done/collaboration-follow-up-fixes/api-e2e-evidence/API-REV-001/live/runtime-observer.mjs
 create mode 100644 tickets/done/collaboration-follow-up-fixes/api-e2e-evidence/API-REV-001/live/screenshots/bootstrap.png
 create mode 100644 tickets/done/collaboration-follow-up-fixes/api-e2e-evidence/API-REV-001/live/screenshots/native-configured.png
 create mode 100644 tickets/done/collaboration-follow-up-fixes/api-e2e-evidence/API-REV-001/live/screenshots/native-desktop-reopen-chip.png
 create mode 100644 tickets/done/collaboration-follow-up-fixes/api-e2e-evidence/API-REV-001/live/screenshots/native-draft.png
 create mode 100644 tickets/done/collaboration-follow-up-fixes/api-e2e-evidence/API-REV-001/live/screenshots/native-first-open.png
 create mode 100644 tickets/done/collaboration-follow-up-fixes/api-e2e-evidence/API-REV-001/live/screenshots/native-first-sent.png
 create mode 100644 tickets/done/collaboration-follow-up-fixes/api-e2e-evidence/API-REV-001/live/screenshots/native-narrow-live-chip.png
 create mode 100644 tickets/done/collaboration-follow-up-fixes/api-e2e-evidence/API-REV-001/live/screenshots/org-configure.png
 create mode 100644 tickets/done/collaboration-follow-up-fixes/api-e2e-evidence/API-REV-001/live/screenshots/org-first-work.png
 create mode 100644 tickets/done/collaboration-follow-up-fixes/api-e2e-evidence/API-REV-001/live/screenshots/org-initial-unfocused.png
 create mode 100644 tickets/done/collaboration-follow-up-fixes/api-e2e-evidence/API-REV-001/live/screenshots/org-unused-desktop.png
 create mode 100644 tickets/done/collaboration-follow-up-fixes/api-e2e-evidence/API-REV-001/live/screenshots/org-unused-narrow.png
 create mode 100644 tickets/done/collaboration-follow-up-fixes/api-e2e-evidence/API-REV-001/live/screenshots/owned-roots-stopped.png
 create mode 100644 tickets/done/collaboration-follow-up-fixes/api-e2e-evidence/API-REV-001/live/screenshots/publication-desktop-final.png
 create mode 100644 tickets/done/collaboration-follow-up-fixes/api-e2e-evidence/API-REV-001/live/screenshots/publication-leave-final.png
 create mode 100644 tickets/done/collaboration-follow-up-fixes/api-e2e-evidence/API-REV-001/live/screenshots/publication-narrow-final.png
 create mode 100644 tickets/done/collaboration-follow-up-fixes/api-e2e-evidence/API-REV-001/live/screenshots/publication-narrow-pending.png
 create mode 100644 tickets/done/collaboration-follow-up-fixes/api-e2e-evidence/API-REV-001/live/screenshots/publication-narrow-settled.png
 create mode 100644 tickets/done/collaboration-follow-up-fixes/api-e2e-evidence/API-REV-001/live/screenshots/task-created.png
 create mode 100644 tickets/done/collaboration-follow-up-fixes/api-e2e-evidence/API-REV-001/live/screenshots/team-configured.png
 create mode 100644 tickets/done/collaboration-follow-up-fixes/api-e2e-evidence/API-REV-001/live/screenshots/team-first-work-complete.png
 create mode 100644 tickets/done/collaboration-follow-up-fixes/api-e2e-evidence/API-REV-001/live/screenshots/team-first-work.png
 create mode 100644 tickets/done/collaboration-follow-up-fixes/api-e2e-evidence/API-REV-001/live/screenshots/team-model-options.png
 create mode 100644 tickets/done/collaboration-follow-up-fixes/api-e2e-evidence/API-REV-001/live/screenshots/team-restored.png
 create mode 100644 tickets/done/collaboration-follow-up-fixes/api-e2e-evidence/API-REV-001/live/screenshots/team-stopped.png
 create mode 100644 tickets/done/collaboration-follow-up-fixes/api-e2e-evidence/API-REV-001/live/screenshots/team-unused-desktop.png
 create mode 100644 tickets/done/collaboration-follow-up-fixes/api-e2e-evidence/API-REV-001/live/screenshots/team-unused-narrow.png
 create mode 100644 tickets/done/collaboration-follow-up-fixes/api-e2e-evidence/API-REV-001/live/screenshots/team-unused-steady-narrow.png
 create mode 100644 tickets/done/collaboration-follow-up-fixes/api-e2e-evidence/API-REV-001/live/screenshots/team-unused-steady.png
 create mode 100644 tickets/done/collaboration-follow-up-fixes/api-e2e-evidence/API-REV-001/live/seed-agent.json
 create mode 100644 tickets/done/collaboration-follow-up-fixes/api-e2e-evidence/API-REV-001/live/seed-result.json
 create mode 100644 tickets/done/collaboration-follow-up-fixes/api-e2e-evidence/API-REV-001/live/seed-team.json
 create mode 100644 tickets/done/collaboration-follow-up-fixes/api-e2e-evidence/API-REV-001/live/seed.mjs
 create mode 100644 tickets/done/collaboration-follow-up-fixes/api-e2e-evidence/API-REV-001/live/server-current.log
 create mode 100644 tickets/done/collaboration-follow-up-fixes/api-e2e-evidence/API-REV-001/live/server.log
 create mode 100644 tickets/done/collaboration-follow-up-fixes/api-e2e-evidence/API-REV-001/live/start-stack.py
 create mode 100644 tickets/done/collaboration-follow-up-fixes/api-e2e-evidence/API-REV-001/live/task-create-intent.json
 create mode 100644 tickets/done/collaboration-follow-up-fixes/api-e2e-evidence/API-REV-001/live/task-create.log
 create mode 100644 tickets/done/collaboration-follow-up-fixes/api-e2e-evidence/API-REV-001/live/task-create.mjs
 create mode 100644 tickets/done/collaboration-follow-up-fixes/api-e2e-evidence/API-REV-001/live/task-created-dom.txt
 create mode 100644 tickets/done/collaboration-follow-up-fixes/api-e2e-evidence/API-REV-001/live/task-created.json
 create mode 100644 tickets/done/collaboration-follow-up-fixes/api-e2e-evidence/API-REV-001/live/team-configure.mjs
 create mode 100644 tickets/done/collaboration-follow-up-fixes/api-e2e-evidence/API-REV-001/live/team-configured-dom.txt
 create mode 100644 tickets/done/collaboration-follow-up-fixes/api-e2e-evidence/API-REV-001/live/team-final-stop.json
 create mode 100644 tickets/done/collaboration-follow-up-fixes/api-e2e-evidence/API-REV-001/live/team-first-work-complete-dom.txt
 create mode 100644 tickets/done/collaboration-follow-up-fixes/api-e2e-evidence/API-REV-001/live/team-first-work-complete-initial.mjs.txt
 create mode 100644 tickets/done/collaboration-follow-up-fixes/api-e2e-evidence/API-REV-001/live/team-first-work-complete.json
 create mode 100644 tickets/done/collaboration-follow-up-fixes/api-e2e-evidence/API-REV-001/live/team-first-work-complete.log
 create mode 100644 tickets/done/collaboration-follow-up-fixes/api-e2e-evidence/API-REV-001/live/team-first-work-complete.mjs
 create mode 100644 tickets/done/collaboration-follow-up-fixes/api-e2e-evidence/API-REV-001/live/team-first-work-dom.txt
 create mode 100644 tickets/done/collaboration-follow-up-fixes/api-e2e-evidence/API-REV-001/live/team-first-work-intent.json
 create mode 100644 tickets/done/collaboration-follow-up-fixes/api-e2e-evidence/API-REV-001/live/team-first-work-oracle-disposition.json
 create mode 100644 tickets/done/collaboration-follow-up-fixes/api-e2e-evidence/API-REV-001/live/team-first-work-result.json
 create mode 100644 tickets/done/collaboration-follow-up-fixes/api-e2e-evidence/API-REV-001/live/team-first-work.log
 create mode 100644 tickets/done/collaboration-follow-up-fixes/api-e2e-evidence/API-REV-001/live/team-first-work.mjs
 create mode 100644 tickets/done/collaboration-follow-up-fixes/api-e2e-evidence/API-REV-001/live/team-launch-intent.json
 create mode 100644 tickets/done/collaboration-follow-up-fixes/api-e2e-evidence/API-REV-001/live/team-launch-interruption.json
 create mode 100644 tickets/done/collaboration-follow-up-fixes/api-e2e-evidence/API-REV-001/live/team-launch-response.json
 create mode 100644 tickets/done/collaboration-follow-up-fixes/api-e2e-evidence/API-REV-001/live/team-launch.mjs
 create mode 100644 tickets/done/collaboration-follow-up-fixes/api-e2e-evidence/API-REV-001/live/team-model-options-dom.txt
 create mode 100644 tickets/done/collaboration-follow-up-fixes/api-e2e-evidence/API-REV-001/live/team-model-options.json
 create mode 100644 tickets/done/collaboration-follow-up-fixes/api-e2e-evidence/API-REV-001/live/team-restore-complete.log
 create mode 100644 tickets/done/collaboration-follow-up-fixes/api-e2e-evidence/API-REV-001/live/team-restore-complete.mjs
 create mode 100644 tickets/done/collaboration-follow-up-fixes/api-e2e-evidence/API-REV-001/live/team-restore-intent.json
 create mode 100644 tickets/done/collaboration-follow-up-fixes/api-e2e-evidence/API-REV-001/live/team-restore-oracle-disposition.json
 create mode 100644 tickets/done/collaboration-follow-up-fixes/api-e2e-evidence/API-REV-001/live/team-restore-response.json
 create mode 100644 tickets/done/collaboration-follow-up-fixes/api-e2e-evidence/API-REV-001/live/team-restore-result.json
 create mode 100644 tickets/done/collaboration-follow-up-fixes/api-e2e-evidence/API-REV-001/live/team-restore.log
 create mode 100644 tickets/done/collaboration-follow-up-fixes/api-e2e-evidence/API-REV-001/live/team-restore.mjs
 create mode 100644 tickets/done/collaboration-follow-up-fixes/api-e2e-evidence/API-REV-001/live/team-restored-dom.txt
 create mode 100644 tickets/done/collaboration-follow-up-fixes/api-e2e-evidence/API-REV-001/live/team-run.json
 create mode 100644 tickets/done/collaboration-follow-up-fixes/api-e2e-evidence/API-REV-001/live/team-stop-intent.json
 create mode 100644 tickets/done/collaboration-follow-up-fixes/api-e2e-evidence/API-REV-001/live/team-stop-result.json
 create mode 100644 tickets/done/collaboration-follow-up-fixes/api-e2e-evidence/API-REV-001/live/team-stop.log
 create mode 100644 tickets/done/collaboration-follow-up-fixes/api-e2e-evidence/API-REV-001/live/team-stop.mjs
 create mode 100644 tickets/done/collaboration-follow-up-fixes/api-e2e-evidence/API-REV-001/live/team-stopped-dom.txt
 create mode 100644 tickets/done/collaboration-follow-up-fixes/api-e2e-evidence/API-REV-001/live/team-unused-confirm.mjs
 create mode 100644 tickets/done/collaboration-follow-up-fixes/api-e2e-evidence/API-REV-001/live/team-unused-desktop-dom.txt
 create mode 100644 tickets/done/collaboration-follow-up-fixes/api-e2e-evidence/API-REV-001/live/team-unused-disposition.json
 create mode 100644 tickets/done/collaboration-follow-up-fixes/api-e2e-evidence/API-REV-001/live/team-unused-disposition.mjs
 create mode 100644 tickets/done/collaboration-follow-up-fixes/api-e2e-evidence/API-REV-001/live/team-unused-narrow-dom.txt
 create mode 100644 tickets/done/collaboration-follow-up-fixes/api-e2e-evidence/API-REV-001/live/team-unused-result.json
 create mode 100644 tickets/done/collaboration-follow-up-fixes/api-e2e-evidence/API-REV-001/live/team-unused-steady-dom.txt
 create mode 100644 tickets/done/collaboration-follow-up-fixes/api-e2e-evidence/API-REV-001/live/team-unused-steady-narrow-dom.txt
 create mode 100644 tickets/done/collaboration-follow-up-fixes/api-e2e-evidence/API-REV-001/live/team-unused-steady.json
 create mode 100644 tickets/done/collaboration-follow-up-fixes/api-e2e-evidence/API-REV-001/repository/autobyteus-application-backend-sdk-build.json
 create mode 100644 tickets/done/collaboration-follow-up-fixes/api-e2e-evidence/API-REV-001/repository/autobyteus-application-backend-sdk-build.log
 create mode 100644 tickets/done/collaboration-follow-up-fixes/api-e2e-evidence/API-REV-001/repository/autobyteus-application-frontend-sdk-build.json
 create mode 100644 tickets/done/collaboration-follow-up-fixes/api-e2e-evidence/API-REV-001/repository/autobyteus-application-frontend-sdk-build.log
 create mode 100644 tickets/done/collaboration-follow-up-fixes/api-e2e-evidence/API-REV-001/repository/autobyteus-application-sdk-contracts-build.json
 create mode 100644 tickets/done/collaboration-follow-up-fixes/api-e2e-evidence/API-REV-001/repository/autobyteus-application-sdk-contracts-build.log
 create mode 100644 tickets/done/collaboration-follow-up-fixes/api-e2e-evidence/API-REV-001/repository/coverage-inventory.json
 create mode 100644 tickets/done/collaboration-follow-up-fixes/api-e2e-evidence/API-REV-001/repository/guard-localization-boundary.json
 create mode 100644 tickets/done/collaboration-follow-up-fixes/api-e2e-evidence/API-REV-001/repository/guard-localization-boundary.log
 create mode 100644 tickets/done/collaboration-follow-up-fixes/api-e2e-evidence/API-REV-001/repository/guard-web-boundary.json
 create mode 100644 tickets/done/collaboration-follow-up-fixes/api-e2e-evidence/API-REV-001/repository/guard-web-boundary.log
 create mode 100644 tickets/done/collaboration-follow-up-fixes/api-e2e-evidence/API-REV-001/repository/planned-commands.json
 create mode 100644 tickets/done/collaboration-follow-up-fixes/api-e2e-evidence/API-REV-001/repository/post-repository-confidence.json
 create mode 100644 tickets/done/collaboration-follow-up-fixes/api-e2e-evidence/API-REV-001/repository/run-checks.py
 create mode 100644 tickets/done/collaboration-follow-up-fixes/api-e2e-evidence/API-REV-001/repository/server-build.json
 create mode 100644 tickets/done/collaboration-follow-up-fixes/api-e2e-evidence/API-REV-001/repository/server-build.log
 create mode 100644 tickets/done/collaboration-follow-up-fixes/api-e2e-evidence/API-REV-001/repository/server-preservation.json
 create mode 100644 tickets/done/collaboration-follow-up-fixes/api-e2e-evidence/API-REV-001/repository/server-preservation.log
 create mode 100644 tickets/done/collaboration-follow-up-fixes/api-e2e-evidence/API-REV-001/repository/server-readiness.json
 create mode 100644 tickets/done/collaboration-follow-up-fixes/api-e2e-evidence/API-REV-001/repository/server-readiness.log
 create mode 100644 tickets/done/collaboration-follow-up-fixes/api-e2e-evidence/API-REV-001/repository/web-preservation.json
 create mode 100644 tickets/done/collaboration-follow-up-fixes/api-e2e-evidence/API-REV-001/repository/web-preservation.log
 create mode 100644 tickets/done/collaboration-follow-up-fixes/api-e2e-evidence/API-REV-001/repository/web-regressions.json
 create mode 100644 tickets/done/collaboration-follow-up-fixes/api-e2e-evidence/API-REV-001/repository/web-regressions.log
 create mode 100644 tickets/done/collaboration-follow-up-fixes/api-e2e-evidence/API-REV-001/runtime/environment.json
 create mode 100644 tickets/done/collaboration-follow-up-fixes/api-e2e-execution-coverage-report.md
 create mode 100644 tickets/done/collaboration-follow-up-fixes/api-e2e-revision-record.md
 create mode 100644 tickets/done/collaboration-follow-up-fixes/api-e2e-test-case-ledger.md
 create mode 100644 tickets/done/collaboration-follow-up-fixes/api-e2e-test-review-report.md
 create mode 100644 tickets/done/collaboration-follow-up-fixes/architecture-design-revision-record.md
 create mode 100644 tickets/done/collaboration-follow-up-fixes/architecture-design-self-validation.md
 create mode 100644 tickets/done/collaboration-follow-up-fixes/architecture-evidence/AD-REV-001/README.md
 create mode 100644 tickets/done/collaboration-follow-up-fixes/architecture-evidence/AD-REV-001/artifact-check.json
 create mode 100644 tickets/done/collaboration-follow-up-fixes/architecture-evidence/AD-REV-001/artifact-manifest.json
 create mode 100644 tickets/done/collaboration-follow-up-fixes/architecture-evidence/AD-REV-001/attachment-probe.cjs
 create mode 100644 tickets/done/collaboration-follow-up-fixes/architecture-evidence/AD-REV-001/attachment-probe.log
 create mode 100644 tickets/done/collaboration-follow-up-fixes/architecture-evidence/AD-REV-001/diagnostic-disposition.md
 create mode 100644 tickets/done/collaboration-follow-up-fixes/architecture-evidence/AD-REV-001/handoff-reference-files.txt
 create mode 100644 tickets/done/collaboration-follow-up-fixes/architecture-evidence/AD-REV-001/navigation-probe-initial.cjs
 create mode 100644 tickets/done/collaboration-follow-up-fixes/architecture-evidence/AD-REV-001/navigation-probe-initial.log
 create mode 100644 tickets/done/collaboration-follow-up-fixes/architecture-evidence/AD-REV-001/navigation-probe.cjs
 create mode 100644 tickets/done/collaboration-follow-up-fixes/architecture-evidence/AD-REV-001/navigation-probe.log
 create mode 100644 tickets/done/collaboration-follow-up-fixes/architecture-evidence/AD-REV-001/original-first-input-boundary.txt
 create mode 100644 tickets/done/collaboration-follow-up-fixes/architecture-evidence/AD-REV-001/preservation-check.json
 create mode 100644 tickets/done/collaboration-follow-up-fixes/architecture-evidence/AD-REV-001/selected-handoff-rule.json
 create mode 100644 tickets/done/collaboration-follow-up-fixes/architecture-evidence/AD-REV-001/source-witnesses.json
 create mode 100644 tickets/done/collaboration-follow-up-fixes/architecture-investigation.md
 create mode 100644 tickets/done/collaboration-follow-up-fixes/architecture-review-revision-record.md
 create mode 100644 tickets/done/collaboration-follow-up-fixes/code-review-evidence/CRR-001/README.md
 create mode 100644 tickets/done/collaboration-follow-up-fixes/code-review-evidence/CRR-001/autobyteus-application-backend-sdk.log
 create mode 100644 tickets/done/collaboration-follow-up-fixes/code-review-evidence/CRR-001/autobyteus-application-frontend-sdk.log
 create mode 100644 tickets/done/collaboration-follow-up-fixes/code-review-evidence/CRR-001/autobyteus-application-sdk-contracts.log
 create mode 100644 tickets/done/collaboration-follow-up-fixes/code-review-evidence/CRR-001/checks.py
 create mode 100644 tickets/done/collaboration-follow-up-fixes/code-review-evidence/CRR-001/command-results.json
 create mode 100644 tickets/done/collaboration-follow-up-fixes/code-review-evidence/CRR-001/completion-integrity.json
 create mode 100644 tickets/done/collaboration-follow-up-fixes/code-review-evidence/CRR-001/completion-web.log
 create mode 100644 tickets/done/collaboration-follow-up-fixes/code-review-evidence/CRR-001/entry.json
 create mode 100644 tickets/done/collaboration-follow-up-fixes/code-review-evidence/CRR-001/evidence-sha256.json
 create mode 100644 tickets/done/collaboration-follow-up-fixes/code-review-evidence/CRR-001/final-localization-boundary.log
 create mode 100644 tickets/done/collaboration-follow-up-fixes/code-review-evidence/CRR-001/final-server-typecheck.log
 create mode 100644 tickets/done/collaboration-follow-up-fixes/code-review-evidence/CRR-001/final-server.log
 create mode 100644 tickets/done/collaboration-follow-up-fixes/code-review-evidence/CRR-001/final-web-boundary.log
 create mode 100644 tickets/done/collaboration-follow-up-fixes/code-review-evidence/CRR-001/handoff-reference-files.txt
 create mode 100644 tickets/done/collaboration-follow-up-fixes/code-review-evidence/CRR-001/inventory-verification.json
 create mode 100644 tickets/done/collaboration-follow-up-fixes/code-review-evidence/CRR-001/prerequisite-cleanup.json
 create mode 100644 tickets/done/collaboration-follow-up-fixes/code-review-evidence/CRR-001/review-notes.md
 create mode 100644 tickets/done/collaboration-follow-up-fixes/code-review-evidence/CRR-001/selected-handoff-rule.json
 create mode 100644 tickets/done/collaboration-follow-up-fixes/code-review-evidence/CRR-001/source-size-audit.json
 create mode 100644 tickets/done/collaboration-follow-up-fixes/code-review-evidence/CRR-001/source-whitespace.log
 create mode 100644 tickets/done/collaboration-follow-up-fixes/code-review-evidence/CRR-001/typecheck-verification.json
 create mode 100644 tickets/done/collaboration-follow-up-fixes/code-review-evidence/CRR-001/write-report.py
 create mode 100644 tickets/done/collaboration-follow-up-fixes/code-review-evidence/CRR-002/README.md
 create mode 100644 tickets/done/collaboration-follow-up-fixes/code-review-evidence/CRR-002/completion-integrity.json
 create mode 100644 tickets/done/collaboration-follow-up-fixes/code-review-evidence/CRR-002/entry-and-scope-verification.json
 create mode 100644 tickets/done/collaboration-follow-up-fixes/code-review-evidence/CRR-002/handoff-reference-files.txt
 create mode 100644 tickets/done/collaboration-follow-up-fixes/code-review-evidence/CRR-002/prior-revision-record.md
 create mode 100644 tickets/done/collaboration-follow-up-fixes/code-review-evidence/CRR-002/selected-handoff-rule.json
 create mode 100644 tickets/done/collaboration-follow-up-fixes/code-review-report.md
 create mode 100644 tickets/done/collaboration-follow-up-fixes/code-review-revision-record.md
 create mode 100644 tickets/done/collaboration-follow-up-fixes/delivery-evidence/dr-001/collab-dr001-checkpoint.log
 create mode 100644 tickets/done/collaboration-follow-up-fixes/delivery-evidence/dr-001/collab-dr001-integration.log
 create mode 100644 tickets/done/collaboration-follow-up-fixes/delivery-evidence/dr-001/docs-paths.json
 create mode 100644 tickets/done/collaboration-follow-up-fixes/delivery-evidence/dr-001/docs-validation.json
 create mode 100644 tickets/done/collaboration-follow-up-fixes/delivery-evidence/dr-001/integration.json
 create mode 100644 tickets/done/collaboration-follow-up-fixes/delivery-evidence/dr-001/preservation.json
 create mode 100644 tickets/done/collaboration-follow-up-fixes/delivery-evidence/dr-001/routing-decision.json
 create mode 100644 tickets/done/collaboration-follow-up-fixes/delivery-evidence/dr-001/upstream-evidence-limits.md
 create mode 100644 tickets/done/collaboration-follow-up-fixes/delivery-evidence/dr-001/upstream-reference-files.txt
 create mode 100644 tickets/done/collaboration-follow-up-fixes/delivery-evidence/dr-002/archive-integrity.json
 create mode 100644 tickets/done/collaboration-follow-up-fixes/delivery-evidence/dr-002/fetch.log
 create mode 100644 tickets/done/collaboration-follow-up-fixes/delivery-evidence/dr-002/handoff-reference-files.txt
 create mode 100644 tickets/done/collaboration-follow-up-fixes/delivery-evidence/dr-002/integration.json
 create mode 100644 tickets/done/collaboration-follow-up-fixes/delivery-evidence/dr-002/merge.log
 create mode 100644 tickets/done/collaboration-follow-up-fixes/delivery-evidence/dr-002/prior-dr-001/docs-sync-report.md
 create mode 100644 tickets/done/collaboration-follow-up-fixes/delivery-evidence/dr-002/prior-dr-001/handoff-summary.md
 create mode 100644 tickets/done/collaboration-follow-up-fixes/delivery-evidence/dr-002/prior-dr-001/release-deployment-report.md
 create mode 100644 tickets/done/collaboration-follow-up-fixes/delivery-evidence/dr-002/prior-dr-001/release-notes.md
 create mode 100644 tickets/done/collaboration-follow-up-fixes/delivery-evidence/dr-002/publish-audit.json
 create mode 100644 tickets/done/collaboration-follow-up-fixes/delivery-evidence/dr-002/reference-resolution.json
 create mode 100644 tickets/done/collaboration-follow-up-fixes/delivery-evidence/dr-002/remote-before.log
 create mode 100644 tickets/done/collaboration-follow-up-fixes/delivery-evidence/dr-002/staged-diff-check-original.log
 create mode 100644 tickets/done/collaboration-follow-up-fixes/delivery-evidence/dr-002/staging-audit.json
 create mode 100644 tickets/done/collaboration-follow-up-fixes/delivery-evidence/dr-002/target-other-owner-manifest.json
 create mode 100644 tickets/done/collaboration-follow-up-fixes/delivery-evidence/dr-002/target-status-before.log
 create mode 100644 tickets/done/collaboration-follow-up-fixes/delivery-evidence/dr-002/user-acceptance.json
 create mode 100644 tickets/done/collaboration-follow-up-fixes/delivery-revision-record.md
 create mode 100644 tickets/done/collaboration-follow-up-fixes/design-review-report.md
 create mode 100644 tickets/done/collaboration-follow-up-fixes/design-spec.md
 create mode 100644 tickets/done/collaboration-follow-up-fixes/docs-sync-report.md
 create mode 100644 tickets/done/collaboration-follow-up-fixes/handoff-summary.md
 create mode 100644 tickets/done/collaboration-follow-up-fixes/implementation-evidence/IR-001/artifact-whitespace-disposition.json
 create mode 100644 tickets/done/collaboration-follow-up-fixes/implementation-evidence/IR-001/artifact-whitespace.log
 create mode 100644 tickets/done/collaboration-follow-up-fixes/implementation-evidence/IR-001/authority-integrity.json
 create mode 100644 tickets/done/collaboration-follow-up-fixes/implementation-evidence/IR-001/base-head.txt
 create mode 100644 tickets/done/collaboration-follow-up-fixes/implementation-evidence/IR-001/baseline-check.py
 create mode 100644 tickets/done/collaboration-follow-up-fixes/implementation-evidence/IR-001/baseline-restoration.json
 create mode 100644 tickets/done/collaboration-follow-up-fixes/implementation-evidence/IR-001/baseline-results.json
 create mode 100644 tickets/done/collaboration-follow-up-fixes/implementation-evidence/IR-001/baseline-web-typecheck.log
 create mode 100644 tickets/done/collaboration-follow-up-fixes/implementation-evidence/IR-001/before-attachment.log
 create mode 100644 tickets/done/collaboration-follow-up-fixes/implementation-evidence/IR-001/before-runtime.log
 create mode 100644 tickets/done/collaboration-follow-up-fixes/implementation-evidence/IR-001/before-selection.log
 create mode 100644 tickets/done/collaboration-follow-up-fixes/implementation-evidence/IR-001/compare-typecheck.py
 create mode 100644 tickets/done/collaboration-follow-up-fixes/implementation-evidence/IR-001/complete-integrity.py
 create mode 100644 tickets/done/collaboration-follow-up-fixes/implementation-evidence/IR-001/completion-checks.json
 create mode 100644 tickets/done/collaboration-follow-up-fixes/implementation-evidence/IR-001/completion-checks.py
 create mode 100644 tickets/done/collaboration-follow-up-fixes/implementation-evidence/IR-001/completion-integrity.json
 create mode 100644 tickets/done/collaboration-follow-up-fixes/implementation-evidence/IR-001/completion-localization-boundary.log
 create mode 100644 tickets/done/collaboration-follow-up-fixes/implementation-evidence/IR-001/completion-web-boundary.log
 create mode 100644 tickets/done/collaboration-follow-up-fixes/implementation-evidence/IR-001/completion-web-build.log
 create mode 100644 tickets/done/collaboration-follow-up-fixes/implementation-evidence/IR-001/completion-web-typecheck.log
 create mode 100644 tickets/done/collaboration-follow-up-fixes/implementation-evidence/IR-001/completion-web.log
 create mode 100644 tickets/done/collaboration-follow-up-fixes/implementation-evidence/IR-001/completion-whitespace.log
 create mode 100644 tickets/done/collaboration-follow-up-fixes/implementation-evidence/IR-001/current-source-test.diff
 create mode 100644 tickets/done/collaboration-follow-up-fixes/implementation-evidence/IR-001/evidence-sha256.json
 create mode 100644 tickets/done/collaboration-follow-up-fixes/implementation-evidence/IR-001/final-checks.json
 create mode 100644 tickets/done/collaboration-follow-up-fixes/implementation-evidence/IR-001/final-checks.py
 create mode 100644 tickets/done/collaboration-follow-up-fixes/implementation-evidence/IR-001/final-localization-boundary.log
 create mode 100644 tickets/done/collaboration-follow-up-fixes/implementation-evidence/IR-001/final-prepare.log
 create mode 100644 tickets/done/collaboration-follow-up-fixes/implementation-evidence/IR-001/final-server-typecheck.log
 create mode 100644 tickets/done/collaboration-follow-up-fixes/implementation-evidence/IR-001/final-server.log
 create mode 100644 tickets/done/collaboration-follow-up-fixes/implementation-evidence/IR-001/final-web-boundary.log
 create mode 100644 tickets/done/collaboration-follow-up-fixes/implementation-evidence/IR-001/final-web-build.log
 create mode 100644 tickets/done/collaboration-follow-up-fixes/implementation-evidence/IR-001/final-web-typecheck.log
 create mode 100644 tickets/done/collaboration-follow-up-fixes/implementation-evidence/IR-001/final-web.log
 create mode 100644 tickets/done/collaboration-follow-up-fixes/implementation-evidence/IR-001/final-whitespace.log
 create mode 100644 tickets/done/collaboration-follow-up-fixes/implementation-evidence/IR-001/handoff-reference-files.txt
 create mode 100644 tickets/done/collaboration-follow-up-fixes/implementation-evidence/IR-001/initial-status.txt
 create mode 100644 tickets/done/collaboration-follow-up-fixes/implementation-evidence/IR-001/initial-web-check.log
 create mode 100644 tickets/done/collaboration-follow-up-fixes/implementation-evidence/IR-001/install.log
 create mode 100644 tickets/done/collaboration-follow-up-fixes/implementation-evidence/IR-001/local-checks.md
 create mode 100644 tickets/done/collaboration-follow-up-fixes/implementation-evidence/IR-001/native-preflight.json
 create mode 100644 tickets/done/collaboration-follow-up-fixes/implementation-evidence/IR-001/navigation-investigation.md
 create mode 100644 tickets/done/collaboration-follow-up-fixes/implementation-evidence/IR-001/prerequisites.log
 create mode 100644 tickets/done/collaboration-follow-up-fixes/implementation-evidence/IR-001/prisma-generate.log
 create mode 100644 tickets/done/collaboration-follow-up-fixes/implementation-evidence/IR-001/render/1502-final-chip.html
 create mode 100644 tickets/done/collaboration-follow-up-fixes/implementation-evidence/IR-001/render/1502-final-chip.png
 create mode 100644 tickets/done/collaboration-follow-up-fixes/implementation-evidence/IR-001/render/1502-pending-team.html
 create mode 100644 tickets/done/collaboration-follow-up-fixes/implementation-evidence/IR-001/render/1502-pending-team.png
 create mode 100644 tickets/done/collaboration-follow-up-fixes/implementation-evidence/IR-001/render/1502-publication.html
 create mode 100644 tickets/done/collaboration-follow-up-fixes/implementation-evidence/IR-001/render/1502-publication.png
 create mode 100644 tickets/done/collaboration-follow-up-fixes/implementation-evidence/IR-001/render/1502-retained.html
 create mode 100644 tickets/done/collaboration-follow-up-fixes/implementation-evidence/IR-001/render/1502-retained.png
 create mode 100644 tickets/done/collaboration-follow-up-fixes/implementation-evidence/IR-001/render/1502-unused-direct.html
 create mode 100644 tickets/done/collaboration-follow-up-fixes/implementation-evidence/IR-001/render/1502-unused-direct.png
 create mode 100644 tickets/done/collaboration-follow-up-fixes/implementation-evidence/IR-001/render/1502-unused-mounted.html
 create mode 100644 tickets/done/collaboration-follow-up-fixes/implementation-evidence/IR-001/render/1502-unused-mounted.png
 create mode 100644 tickets/done/collaboration-follow-up-fixes/implementation-evidence/IR-001/render/390-final-chip.html
 create mode 100644 tickets/done/collaboration-follow-up-fixes/implementation-evidence/IR-001/render/390-final-chip.png
 create mode 100644 tickets/done/collaboration-follow-up-fixes/implementation-evidence/IR-001/render/390-pending-team.html
 create mode 100644 tickets/done/collaboration-follow-up-fixes/implementation-evidence/IR-001/render/390-pending-team.png
 create mode 100644 tickets/done/collaboration-follow-up-fixes/implementation-evidence/IR-001/render/390-publication.html
 create mode 100644 tickets/done/collaboration-follow-up-fixes/implementation-evidence/IR-001/render/390-publication.png
 create mode 100644 tickets/done/collaboration-follow-up-fixes/implementation-evidence/IR-001/render/390-retained.html
 create mode 100644 tickets/done/collaboration-follow-up-fixes/implementation-evidence/IR-001/render/390-retained.png
 create mode 100644 tickets/done/collaboration-follow-up-fixes/implementation-evidence/IR-001/render/390-unused-direct.html
 create mode 100644 tickets/done/collaboration-follow-up-fixes/implementation-evidence/IR-001/render/390-unused-direct.png
 create mode 100644 tickets/done/collaboration-follow-up-fixes/implementation-evidence/IR-001/render/390-unused-mounted.html
 create mode 100644 tickets/done/collaboration-follow-up-fixes/implementation-evidence/IR-001/render/390-unused-mounted.png
 create mode 100644 tickets/done/collaboration-follow-up-fixes/implementation-evidence/IR-001/render/buttons.json
 create mode 100644 tickets/done/collaboration-follow-up-fixes/implementation-evidence/IR-001/render/evidence.json
 create mode 100644 tickets/done/collaboration-follow-up-fixes/implementation-evidence/IR-001/render/fifth.log
 create mode 100644 tickets/done/collaboration-follow-up-fixes/implementation-evidence/IR-001/render/final-first.log
 create mode 100644 tickets/done/collaboration-follow-up-fixes/implementation-evidence/IR-001/render/fixture.vue
 create mode 100644 tickets/done/collaboration-follow-up-fixes/implementation-evidence/IR-001/render/fourth.log
 create mode 100644 tickets/done/collaboration-follow-up-fixes/implementation-evidence/IR-001/render/initial-dom.txt
 create mode 100644 tickets/done/collaboration-follow-up-fixes/implementation-evidence/IR-001/render/initial.json
 create mode 100644 tickets/done/collaboration-follow-up-fixes/implementation-evidence/IR-001/render/initial.log
 create mode 100644 tickets/done/collaboration-follow-up-fixes/implementation-evidence/IR-001/render/initial.png
 create mode 100644 tickets/done/collaboration-follow-up-fixes/implementation-evidence/IR-001/render/inspect-discovery.mjs
 create mode 100644 tickets/done/collaboration-follow-up-fixes/implementation-evidence/IR-001/render/inspect-initial.mjs
 create mode 100644 tickets/done/collaboration-follow-up-fixes/implementation-evidence/IR-001/render/inspect.mjs
 create mode 100644 tickets/done/collaboration-follow-up-fixes/implementation-evidence/IR-001/render/second.log
 create mode 100644 tickets/done/collaboration-follow-up-fixes/implementation-evidence/IR-001/render/server.log
 create mode 100644 tickets/done/collaboration-follow-up-fixes/implementation-evidence/IR-001/render/seventh.log
 create mode 100644 tickets/done/collaboration-follow-up-fixes/implementation-evidence/IR-001/render/sixth.log
 create mode 100644 tickets/done/collaboration-follow-up-fixes/implementation-evidence/IR-001/render/third.log
 create mode 100644 tickets/done/collaboration-follow-up-fixes/implementation-evidence/IR-001/runtime-final-focused.log
 create mode 100644 tickets/done/collaboration-follow-up-fixes/implementation-evidence/IR-001/selected-handoff-rule.json
 create mode 100644 tickets/done/collaboration-follow-up-fixes/implementation-evidence/IR-001/selection-composition-first.log
 create mode 100644 tickets/done/collaboration-follow-up-fixes/implementation-evidence/IR-001/selection-composition-second.log
 create mode 100644 tickets/done/collaboration-follow-up-fixes/implementation-evidence/IR-001/selection-composition-third.log
 create mode 100644 tickets/done/collaboration-follow-up-fixes/implementation-evidence/IR-001/server-cohort-second.log
 create mode 100644 tickets/done/collaboration-follow-up-fixes/implementation-evidence/IR-001/server-cohort.log
 create mode 100644 tickets/done/collaboration-follow-up-fixes/implementation-evidence/IR-001/server-first.log
 create mode 100644 tickets/done/collaboration-follow-up-fixes/implementation-evidence/IR-001/server-focused.log
 create mode 100644 tickets/done/collaboration-follow-up-fixes/implementation-evidence/IR-001/server-paths.txt
 create mode 100644 tickets/done/collaboration-follow-up-fixes/implementation-evidence/IR-001/server-prerequisites.log
 create mode 100644 tickets/done/collaboration-follow-up-fixes/implementation-evidence/IR-001/server-second.log
 create mode 100644 tickets/done/collaboration-follow-up-fixes/implementation-evidence/IR-001/server-typecheck.log
 create mode 100644 tickets/done/collaboration-follow-up-fixes/implementation-evidence/IR-001/source-commit.txt
 create mode 100644 tickets/done/collaboration-follow-up-fixes/implementation-evidence/IR-001/source-inventory.json
 create mode 100644 tickets/done/collaboration-follow-up-fixes/implementation-evidence/IR-001/source-paths.txt
 create mode 100644 tickets/done/collaboration-follow-up-fixes/implementation-evidence/IR-001/typecheck-comparison-current.json
 create mode 100644 tickets/done/collaboration-follow-up-fixes/implementation-evidence/IR-001/typecheck-comparison.json
 create mode 100644 tickets/done/collaboration-follow-up-fixes/implementation-evidence/IR-001/upstream-reference-files.txt
 create mode 100644 tickets/done/collaboration-follow-up-fixes/implementation-evidence/IR-001/verification-checks.json
 create mode 100644 tickets/done/collaboration-follow-up-fixes/implementation-evidence/IR-001/verification-checks.py
 create mode 100644 tickets/done/collaboration-follow-up-fixes/implementation-evidence/IR-001/verification-web-typecheck.log
 create mode 100644 tickets/done/collaboration-follow-up-fixes/implementation-evidence/IR-001/verification-web.log
 create mode 100644 tickets/done/collaboration-follow-up-fixes/implementation-evidence/IR-001/verification-whitespace.log
 create mode 100644 tickets/done/collaboration-follow-up-fixes/implementation-evidence/IR-001/web-cohort.log
 create mode 100644 tickets/done/collaboration-follow-up-fixes/implementation-evidence/IR-001/web-focused-first.log
 create mode 100644 tickets/done/collaboration-follow-up-fixes/implementation-evidence/IR-001/web-paths.txt
 create mode 100644 tickets/done/collaboration-follow-up-fixes/implementation-evidence/IR-001/web-regression-first.log
 create mode 100644 tickets/done/collaboration-follow-up-fixes/implementation-evidence/IR-001/web-regression-second.log
 create mode 100644 tickets/done/collaboration-follow-up-fixes/implementation-evidence/IR-001/web-typecheck-first.log
 create mode 100644 tickets/done/collaboration-follow-up-fixes/implementation-evidence/IR-001/web-typecheck-pinned.log
 create mode 100644 tickets/done/collaboration-follow-up-fixes/implementation-evidence/IR-001/web-typecheck-tooling.log
 create mode 100644 tickets/done/collaboration-follow-up-fixes/implementation-handoff.md
 create mode 100644 tickets/done/collaboration-follow-up-fixes/implementation-revision-record.md
 create mode 100644 tickets/done/collaboration-follow-up-fixes/intake/evidence-index.json
 create mode 100644 tickets/done/collaboration-follow-up-fixes/intake/original-personal-comparison.json
 create mode 100644 tickets/done/collaboration-follow-up-fixes/intake/user-request.md
 create mode 100644 tickets/done/collaboration-follow-up-fixes/investigation-notes.md
 create mode 100644 tickets/done/collaboration-follow-up-fixes/release-deployment-report.md
 create mode 100644 tickets/done/collaboration-follow-up-fixes/release-notes.md
 create mode 100644 tickets/done/collaboration-follow-up-fixes/requirements-doc.md
 create mode 100644 tickets/done/collaboration-follow-up-fixes/requirements-revision-record.md
