
> autobyteus@1.4.91-beta.7 build:electron:mac /Users/normy/autobyteus_org/autobyteus-worktrees/chat-interface-entry/autobyteus-web
> cross-env NODE_ENV=production pnpm guard:web-boundary && pnpm guard:localization-boundary && pnpm audit:localization-literals && pnpm prepare-server && pnpm generate:electron && pnpm transpile-electron && tsc -p build/tsconfig.json && node build/dist/build.js --mac


> autobyteus@1.4.91-beta.7 guard:web-boundary /Users/normy/autobyteus_org/autobyteus-worktrees/chat-interface-entry/autobyteus-web
> node ./scripts/guard-web-boundary.mjs

[guard:web-boundary] Passed.

> autobyteus@1.4.91-beta.7 guard:localization-boundary /Users/normy/autobyteus_org/autobyteus-worktrees/chat-interface-entry/autobyteus-web
> node ./scripts/guard-localization-boundary.mjs

[guard:localization-boundary] Passed.

> autobyteus@1.4.91-beta.7 audit:localization-literals /Users/normy/autobyteus_org/autobyteus-worktrees/chat-interface-entry/autobyteus-web
> node ./scripts/audit-localization-literals.mjs

[audit:localization-literals] Passed with zero unresolved findings.
(node:2022) [MODULE_TYPELESS_PACKAGE_JSON] Warning: Module type of file:///Users/normy/autobyteus_org/autobyteus-worktrees/chat-interface-entry/autobyteus-web/localization/audit/migrationScopes.ts is not specified and it doesn't parse as CommonJS.
Reparsing as ES module because module syntax was detected. This incurs a performance overhead.
To eliminate this warning, add "type": "module" to /Users/normy/autobyteus_org/autobyteus-worktrees/chat-interface-entry/autobyteus-web/package.json.
(Use `node --trace-warnings ...` to show where the warning was created)

> autobyteus@1.4.91-beta.7 prepare-server /Users/normy/autobyteus_org/autobyteus-worktrees/chat-interface-entry/autobyteus-web
> node ./scripts/prepare-server-dispatch.mjs

[0;32m=======================================[0m
[0;32m   Preparing AutoByteus Server Files   [0m
[0;32m=======================================[0m
[0;32m✓[0m Created target directory: /Users/normy/autobyteus_org/autobyteus-worktrees/chat-interface-entry/autobyteus-web/resources/server

[0;33mBuilding server and dependencies...[0m
Scope: all 13 workspace projects
 WARN  Failed to create bin at /Users/normy/autobyteus_org/autobyteus-worktrees/chat-interface-entry/applications/socratic-math-teacher/node_modules/.bin/autobyteus-app. ENOENT: no such file or directory, open '/Users/normy/autobyteus_org/autobyteus-worktrees/chat-interface-entry/autobyteus-application-devkit/dist/cli.js'
 WARN  Failed to create bin at /Users/normy/autobyteus_org/autobyteus-worktrees/chat-interface-entry/applications/brief-studio/node_modules/.bin/autobyteus-app. ENOENT: no such file or directory, open '/Users/normy/autobyteus_org/autobyteus-worktrees/chat-interface-entry/autobyteus-application-devkit/dist/cli.js'

../autobyteus-ts postinstall$ node ./scripts/fix-node-pty-permissions.mjs
../autobyteus-ts postinstall: [node-pty-fix] ok: /Users/normy/autobyteus_org/autobyteus-worktrees/chat-interface-entry/node_modules/.pnpm/node-pty@1.1.0/node_modules/node-pty/build/Release/spawn-helper
../autobyteus-ts postinstall: Done
 WARN  Failed to create bin at /Users/normy/autobyteus_org/autobyteus-worktrees/chat-interface-entry/applications/socratic-math-teacher/node_modules/.bin/autobyteus-app. ENOENT: no such file or directory, open '/Users/normy/autobyteus_org/autobyteus-worktrees/chat-interface-entry/applications/socratic-math-teacher/node_modules/@autobyteus/application-devkit/dist/cli.js'
 WARN  Failed to create bin at /Users/normy/autobyteus_org/autobyteus-worktrees/chat-interface-entry/applications/brief-studio/node_modules/.bin/autobyteus-app. ENOENT: no such file or directory, open '/Users/normy/autobyteus_org/autobyteus-worktrees/chat-interface-entry/applications/brief-studio/node_modules/@autobyteus/application-devkit/dist/cli.js'
Done in 1.2s using pnpm v10.28.1
Prisma schema loaded from prisma/schema.prisma

✔ Generated Prisma Client (v5.22.0) to ./../node_modules/.pnpm/@prisma+client@5.22.0_prisma@5.22.0/node_modules/@prisma/client in 129ms

Start by importing your Prisma Client (See: https://pris.ly/d/importing-client)

Tip: Want real-time updates to your database without manual polling? Discover how with Pulse: https://pris.ly/tip-0-pulse


> autobyteus-server-ts@0.1.1 prebuild /Users/normy/autobyteus_org/autobyteus-worktrees/chat-interface-entry/autobyteus-server-ts
> pnpm prepare:shared && pnpm exec prisma generate --schema ./prisma/schema.prisma


> autobyteus-server-ts@0.1.1 prepare:shared /Users/normy/autobyteus_org/autobyteus-worktrees/chat-interface-entry/autobyteus-server-ts
> pnpm -C .. --filter autobyteus-ts --filter @autobyteus/application-sdk-contracts --filter @autobyteus/application-backend-sdk build

Scope: 3 of 13 workspace projects
autobyteus-ts build$ node ./scripts/clean-dist.mjs && tsc -p tsconfig.build.json && node ./scripts/verify-runtime-dependencies.mjs
autobyteus-application-sdk-contracts build$ tsc -p tsconfig.build.json
autobyteus-application-sdk-contracts build: Done
autobyteus-ts build: [verify:runtime-deps] OK
autobyteus-ts build: Done
autobyteus-application-backend-sdk build$ tsc -p tsconfig.build.json
autobyteus-application-backend-sdk build: Done
Prisma schema loaded from prisma/schema.prisma

✔ Generated Prisma Client (v5.22.0) to ./../node_modules/.pnpm/@prisma+client@5.22.0_prisma@5.22.0/node_modules/@prisma/client in 111ms

Start by importing your Prisma Client (See: https://pris.ly/d/importing-client)

Tip: Want to turn off tips and other hints? https://pris.ly/tip-4-nohints


> autobyteus-server-ts@0.1.1 build /Users/normy/autobyteus_org/autobyteus-worktrees/chat-interface-entry/autobyteus-server-ts
> pnpm run build:full


> autobyteus-server-ts@0.1.1 build:full /Users/normy/autobyteus_org/autobyteus-worktrees/chat-interface-entry/autobyteus-server-ts
> node ./scripts/clean-build-output.mjs && tsc -p tsconfig.build.json && node ./scripts/copy-build-assets.mjs && node ./scripts/run-sanitized-built-in-agents-bootstrap-smoke.mjs

AgentFactory (Singleton) initialized.
Built-in agents bootstrap smoke check passed.
Sanitized built-module/bootstrap smoke passed without DATABASE_URL.

[0;33mBuilding mobile web assets...[0m

> autobyteus@1.4.91-beta.7 build:mobile-web /Users/normy/autobyteus_org/autobyteus-worktrees/chat-interface-entry/autobyteus-web
> node ./scripts/build-mobile-web.mjs


> autobyteus@1.4.91-beta.7 generate /Users/normy/autobyteus_org/autobyteus-worktrees/chat-interface-entry/autobyteus-web
> nuxt generate

┌  Building Nuxt for production...
│
●  Nuxt 3.21.1 (with Nitro 2.13.1, Vite 7.3.1 and Vue 3.5.28)
isElectronBuild false
[Electron Module] Skipping electron module setup: BUILD_TARGET is not electron
│
●  Nitro preset: static

 WARN  Browserslist: browsers data (caniuse-lite) is 7 months old. Please run:
  npx update-browserslist-db@latest
  Why you should do it regularly: https://github.com/browserslist/update-db#readme

ℹ Building client...
ℹ vite v7.3.1 building client environment for production...
ℹ transforming...
ℹ ✓ 3923 modules transformed.
ℹ rendering chunks...
ℹ computing gzip size...
ℹ .nuxt/dist/client/_nuxt/KaTeX_Size3-Regular.CTq5MqoE.woff                    4.42 kB
ℹ .nuxt/dist/client/_nuxt/KaTeX_Size4-Regular.Dl5lxZxV.woff2                   4.93 kB
ℹ .nuxt/dist/client/_nuxt/KaTeX_Size2-Regular.Dy4dx90m.woff2                   5.21 kB
ℹ .nuxt/dist/client/_nuxt/KaTeX_Size1-Regular.mCD8mA8B.woff2                   5.47 kB
ℹ .nuxt/dist/client/_nuxt/KaTeX_Size4-Regular.BF-4gkZK.woff                    5.98 kB
ℹ .nuxt/dist/client/_nuxt/KaTeX_Size2-Regular.oD1tc_U0.woff                    6.19 kB
ℹ .nuxt/dist/client/_nuxt/KaTeX_Size1-Regular.C195tn64.woff                    6.50 kB
ℹ .nuxt/dist/client/_nuxt/KaTeX_Caligraphic-Regular.Di6jR-x-.woff2             6.91 kB
ℹ .nuxt/dist/client/_nuxt/KaTeX_Caligraphic-Bold.Dq_IR9rO.woff2                6.91 kB
ℹ .nuxt/dist/client/_nuxt/KaTeX_Size3-Regular.DgpXs0kz.ttf                     7.59 kB
ℹ .nuxt/dist/client/_nuxt/KaTeX_Caligraphic-Regular.CTRA-rTL.woff              7.66 kB
ℹ .nuxt/dist/client/_nuxt/KaTeX_Caligraphic-Bold.BEiXGLvX.woff                 7.72 kB
ℹ .nuxt/dist/client/_nuxt/KaTeX_Script-Regular.D3wIWfF6.woff2                  9.64 kB
ℹ .nuxt/dist/client/_nuxt/KaTeX_SansSerif-Regular.DDBCnlJ7.woff2              10.34 kB
ℹ .nuxt/dist/client/_nuxt/KaTeX_Size4-Regular.DWFBv043.ttf                    10.36 kB
ℹ .nuxt/dist/client/_nuxt/KaTeX_Script-Regular.D5yQViql.woff                  10.59 kB
ℹ .nuxt/dist/client/_nuxt/KaTeX_Fraktur-Regular.CTYiF6lA.woff2                11.32 kB
ℹ .nuxt/dist/client/_nuxt/KaTeX_Fraktur-Bold.CL6g_b3V.woff2                   11.35 kB
ℹ .nuxt/dist/client/_nuxt/KaTeX_Size2-Regular.B7gKUWhC.ttf                    11.51 kB
ℹ .nuxt/dist/client/_nuxt/KaTeX_SansSerif-Italic.C3H0VqGB.woff2               12.03 kB
ℹ .nuxt/dist/client/_nuxt/KaTeX_SansSerif-Bold.D1sUS0GD.woff2                 12.22 kB
ℹ .nuxt/dist/client/_nuxt/KaTeX_Size1-Regular.Dbsnue_I.ttf                    12.23 kB
ℹ .nuxt/dist/client/_nuxt/KaTeX_SansSerif-Regular.CS6fqUqJ.woff               12.32 kB
ℹ .nuxt/dist/client/_nuxt/KaTeX_Caligraphic-Regular.wX97UBjC.ttf              12.34 kB
ℹ .nuxt/dist/client/_nuxt/KaTeX_Caligraphic-Bold.ATXxdsX0.ttf                 12.37 kB
ℹ .nuxt/dist/client/_nuxt/KaTeX_Fraktur-Regular.Dxdc4cR9.woff                 13.21 kB
ℹ .nuxt/dist/client/_nuxt/KaTeX_Fraktur-Bold.BsDP51OF.woff                    13.30 kB
ℹ .nuxt/dist/client/_nuxt/KaTeX_Typewriter-Regular.CO6r4hn1.woff2             13.57 kB
ℹ .nuxt/dist/client/_nuxt/KaTeX_SansSerif-Italic.DN2j7dab.woff                14.11 kB
ℹ .nuxt/dist/client/_nuxt/KaTeX_SansSerif-Bold.DbIhKOiC.woff                  14.41 kB
ℹ .nuxt/dist/client/_nuxt/KaTeX_Typewriter-Regular.C0xS9mPB.woff              16.03 kB
ℹ .nuxt/dist/client/_nuxt/KaTeX_Math-BoldItalic.CZnvNsCZ.woff2                16.40 kB
ℹ .nuxt/dist/client/_nuxt/KaTeX_Math-Italic.t53AETM-.woff2                    16.44 kB
ℹ .nuxt/dist/client/_nuxt/KaTeX_Script-Regular.C5JkGWo-.ttf                   16.65 kB
ℹ .nuxt/dist/client/_nuxt/KaTeX_Main-BoldItalic.DxDJ3AOS.woff2                16.78 kB
ℹ .nuxt/dist/client/_nuxt/KaTeX_Main-Italic.NWA7e6Wa.woff2                    16.99 kB
ℹ .nuxt/dist/client/_nuxt/KaTeX_Math-BoldItalic.iY-2wyZ7.woff                 18.67 kB
ℹ .nuxt/dist/client/_nuxt/KaTeX_Math-Italic.DA0__PXp.woff                     18.75 kB
ℹ .nuxt/dist/client/_nuxt/KaTeX_Main-BoldItalic.SpSLRI95.woff                 19.41 kB
ℹ .nuxt/dist/client/_nuxt/KaTeX_SansSerif-Regular.BNo7hRIc.ttf                19.44 kB
ℹ .nuxt/dist/client/_nuxt/KaTeX_Fraktur-Regular.CB_wures.ttf                  19.57 kB
ℹ .nuxt/dist/client/_nuxt/KaTeX_Fraktur-Bold.BdnERNNW.ttf                     19.58 kB
ℹ .nuxt/dist/client/_nuxt/KaTeX_Main-Italic.BMLOBm91.woff                     19.68 kB
ℹ .nuxt/dist/client/_nuxt/KaTeX_SansSerif-Italic.YYjJ1zSn.ttf                 22.36 kB
ℹ .nuxt/dist/client/_nuxt/KaTeX_SansSerif-Bold.CFMepnvq.ttf                   24.50 kB
ℹ .nuxt/dist/client/_nuxt/KaTeX_Main-Bold.Cx986IdX.woff2                      25.32 kB
ℹ .nuxt/dist/client/_nuxt/KaTeX_Main-Regular.B22Nviop.woff2                   26.27 kB
ℹ .nuxt/dist/client/_nuxt/KaTeX_Typewriter-Regular.D3Ib7_Hf.ttf               27.56 kB
ℹ .nuxt/dist/client/_nuxt/KaTeX_AMS-Regular.BQhdFMY1.woff2                    28.08 kB
ℹ .nuxt/dist/client/_nuxt/KaTeX_Main-Bold.Jm3AIy58.woff                       29.91 kB
ℹ .nuxt/dist/client/_nuxt/KaTeX_Main-Regular.Dr94JaBh.woff                    30.77 kB
ℹ .nuxt/dist/client/_nuxt/KaTeX_Math-BoldItalic.B3XSjfu4.ttf                  31.20 kB
ℹ .nuxt/dist/client/_nuxt/KaTeX_Math-Italic.flOr_0UB.ttf                      31.31 kB
ℹ .nuxt/dist/client/_nuxt/KaTeX_Main-BoldItalic.DzxPMmG6.ttf                  32.97 kB
ℹ .nuxt/dist/client/_nuxt/KaTeX_AMS-Regular.DMm9YOAa.woff                     33.52 kB
ℹ .nuxt/dist/client/_nuxt/KaTeX_Main-Italic.3WenGoN9.ttf                      33.58 kB
ℹ .nuxt/dist/client/_nuxt/KaTeX_Main-Bold.waoOVXN0.ttf                        51.34 kB
ℹ .nuxt/dist/client/_nuxt/KaTeX_Main-Regular.ypZvNtVU.ttf                     53.58 kB
ℹ .nuxt/dist/client/_nuxt/KaTeX_AMS-Regular.DRggAlZN.ttf                      63.63 kB
ℹ .nuxt/dist/client/manifest.json                                             73.91 kB │ gzip:     6.85 kB
ℹ .nuxt/dist/client/_nuxt/ConfirmationModal.DtxxR2Ew.css                       0.20 kB │ gzip:     0.12 kB
ℹ .nuxt/dist/client/_nuxt/media.yjOJmL4q.css                                   0.23 kB │ gzip:     0.13 kB
ℹ .nuxt/dist/client/_nuxt/DefinitionLaunchPreferencesSection.B4uhkLvJ.css      0.28 kB │ gzip:     0.15 kB
ℹ .nuxt/dist/client/_nuxt/_id_.D4TZqSBn.css                                    0.35 kB │ gzip:     0.19 kB
ℹ .nuxt/dist/client/_nuxt/FullScreenImageModal.aod6xn15.css                    0.35 kB │ gzip:     0.17 kB
ℹ .nuxt/dist/client/_nuxt/FileExplorerTabs.DydjJNvi.css                        3.20 kB │ gzip:     1.02 kB
ℹ .nuxt/dist/client/_nuxt/SystemInstructionActivityItem.ChsJrmJT.css           3.51 kB │ gzip:     1.19 kB
ℹ .nuxt/dist/client/_nuxt/default.DH67rsS0.css                                 4.07 kB │ gzip:     0.97 kB
ℹ .nuxt/dist/client/_nuxt/settings.CK7L0IRc.css                                4.29 kB │ gzip:     1.32 kB
ℹ .nuxt/dist/client/_nuxt/useWorkspaceFileContentVisible.ClZVOKOm.css         10.54 kB │ gzip:     2.64 kB
ℹ .nuxt/dist/client/_nuxt/skills.CAT_ouGa.css                                 14.02 kB │ gzip:     3.03 kB
ℹ .nuxt/dist/client/_nuxt/useWorkspaceFileExplorer.Bc32qPDk.css               50.71 kB │ gzip:    13.09 kB
ℹ .nuxt/dist/client/_nuxt/entry.CDr86JK4.css                                 125.11 kB │ gzip:    19.71 kB
ℹ .nuxt/dist/client/_nuxt/TXGiWFE4.js                                          0.09 kB │ gzip:     0.10 kB
ℹ .nuxt/dist/client/_nuxt/BQFoQaWn.js                                          0.10 kB │ gzip:     0.11 kB
ℹ .nuxt/dist/client/_nuxt/Gi6I4Gst.js                                          0.15 kB │ gzip:     0.13 kB
ℹ .nuxt/dist/client/_nuxt/BvYWGGSq.js                                          0.18 kB │ gzip:     0.16 kB
ℹ .nuxt/dist/client/_nuxt/BxKHT9pb.js                                          0.21 kB │ gzip:     0.16 kB
ℹ .nuxt/dist/client/_nuxt/u28h_dTD.js                                          0.22 kB │ gzip:     0.20 kB
ℹ .nuxt/dist/client/_nuxt/Di_j58wN.js                                          0.23 kB │ gzip:     0.20 kB
ℹ .nuxt/dist/client/_nuxt/CRXErWsT.js                                          0.26 kB │ gzip:     0.21 kB
ℹ .nuxt/dist/client/_nuxt/W5hhZo3U.js                                          0.35 kB │ gzip:     0.25 kB
ℹ .nuxt/dist/client/_nuxt/DBQ7ZBLQ.js                                          0.35 kB │ gzip:     0.27 kB
ℹ .nuxt/dist/client/_nuxt/CMnkLJEF.js                                          0.45 kB │ gzip:     0.29 kB
ℹ .nuxt/dist/client/_nuxt/Cn7L6HaX.js                                          0.48 kB │ gzip:     0.23 kB
ℹ .nuxt/dist/client/_nuxt/Dx3fkcCS.js                                          0.48 kB │ gzip:     0.30 kB
ℹ .nuxt/dist/client/_nuxt/BHzHB_Zb.js                                          0.48 kB │ gzip:     0.30 kB
ℹ .nuxt/dist/client/_nuxt/BOgxAQkH.js                                          0.49 kB │ gzip:     0.35 kB
ℹ .nuxt/dist/client/_nuxt/DCdm3YKb.js                                          0.51 kB │ gzip:     0.34 kB
ℹ .nuxt/dist/client/_nuxt/BImcuXIp.js                                          0.75 kB │ gzip:     0.46 kB
ℹ .nuxt/dist/client/_nuxt/CE1G-McA.js                                          0.76 kB │ gzip:     0.40 kB
ℹ .nuxt/dist/client/_nuxt/Csw-xJwX.js                                          0.93 kB │ gzip:     0.56 kB
ℹ .nuxt/dist/client/_nuxt/i70KMuay.js                                          0.94 kB │ gzip:     0.45 kB
ℹ .nuxt/dist/client/_nuxt/Fj5WfIzG.js                                          0.94 kB │ gzip:     0.48 kB
ℹ .nuxt/dist/client/_nuxt/BtA5LbM4.js                                          1.11 kB │ gzip:     0.59 kB
ℹ .nuxt/dist/client/_nuxt/BjyXztw0.js                                          1.11 kB │ gzip:     0.54 kB
ℹ .nuxt/dist/client/_nuxt/CmKTTxBW.js                                          1.18 kB │ gzip:     0.57 kB
ℹ .nuxt/dist/client/_nuxt/09tVI8-Q.js                                          1.42 kB │ gzip:     0.63 kB
ℹ .nuxt/dist/client/_nuxt/H9gQU4iS.js                                          1.49 kB │ gzip:     0.77 kB
ℹ .nuxt/dist/client/_nuxt/B1mrW11U.js                                          1.82 kB │ gzip:     0.83 kB
ℹ .nuxt/dist/client/_nuxt/Bzbg8QPU.js                                          2.31 kB │ gzip:     1.06 kB
ℹ .nuxt/dist/client/_nuxt/j98FuUUN.js                                          2.36 kB │ gzip:     1.19 kB
ℹ .nuxt/dist/client/_nuxt/Bv4L8bhO.js                                          2.39 kB │ gzip:     1.01 kB
ℹ .nuxt/dist/client/_nuxt/B-E8Ghjo.js                                          2.56 kB │ gzip:     1.27 kB
ℹ .nuxt/dist/client/_nuxt/CntFITdB.js                                          2.80 kB │ gzip:     0.69 kB
ℹ .nuxt/dist/client/_nuxt/HCWq6zTa.js                                          3.42 kB │ gzip:     1.47 kB
ℹ .nuxt/dist/client/_nuxt/_eoeSAQt.js                                          3.56 kB │ gzip:     1.28 kB
ℹ .nuxt/dist/client/_nuxt/D0X1TIIU.js                                          3.67 kB │ gzip:     1.47 kB
ℹ .nuxt/dist/client/_nuxt/DkwUtHxF.js                                          3.83 kB │ gzip:     1.49 kB
ℹ .nuxt/dist/client/_nuxt/BWs-yKUh.js                                          4.12 kB │ gzip:     1.41 kB
ℹ .nuxt/dist/client/_nuxt/CRxdeS2B.js                                          4.36 kB │ gzip:     1.88 kB
ℹ .nuxt/dist/client/_nuxt/DX6XiGOO.js                                          4.69 kB │ gzip:     2.18 kB
ℹ .nuxt/dist/client/_nuxt/BOpyfQnb.js                                          4.74 kB │ gzip:     1.88 kB
ℹ .nuxt/dist/client/_nuxt/DQi0TOJT.js                                          4.89 kB │ gzip:     2.08 kB
ℹ .nuxt/dist/client/_nuxt/CSxY9tlV.js                                          4.93 kB │ gzip:     2.01 kB
ℹ .nuxt/dist/client/_nuxt/DZ6e0DsM.js                                          4.98 kB │ gzip:     1.88 kB
ℹ .nuxt/dist/client/_nuxt/BLWx9igz.js                                          5.27 kB │ gzip:     2.31 kB
ℹ .nuxt/dist/client/_nuxt/D3tnW0-w.js                                          5.63 kB │ gzip:     2.29 kB
ℹ .nuxt/dist/client/_nuxt/CUkjig_T.js                                          5.90 kB │ gzip:     1.85 kB
ℹ .nuxt/dist/client/_nuxt/CMiqywyB.js                                          5.96 kB │ gzip:     2.49 kB
ℹ .nuxt/dist/client/_nuxt/B5XTm-Gd.js                                          6.93 kB │ gzip:     2.42 kB
ℹ .nuxt/dist/client/_nuxt/DWygxH8o.js                                          7.21 kB │ gzip:     1.70 kB
ℹ .nuxt/dist/client/_nuxt/CnIRam0Z.js                                          7.48 kB │ gzip:     2.93 kB
ℹ .nuxt/dist/client/_nuxt/CYjzI7Tg.js                                          7.94 kB │ gzip:     3.15 kB
ℹ .nuxt/dist/client/_nuxt/1RsqcVSr.js                                          8.12 kB │ gzip:     2.14 kB
ℹ .nuxt/dist/client/_nuxt/CZZ9tOfd.js                                          8.61 kB │ gzip:     2.81 kB
ℹ .nuxt/dist/client/_nuxt/BDKexGnI.js                                          8.72 kB │ gzip:     2.89 kB
ℹ .nuxt/dist/client/_nuxt/nmsJccC1.js                                          9.24 kB │ gzip:     1.90 kB
ℹ .nuxt/dist/client/_nuxt/BUVRSc24.js                                         10.41 kB │ gzip:     3.62 kB
ℹ .nuxt/dist/client/_nuxt/CKs1SF_M.js                                         10.83 kB │ gzip:     3.97 kB
ℹ .nuxt/dist/client/_nuxt/HEh5D3dp.js                                         11.07 kB │ gzip:     4.12 kB
ℹ .nuxt/dist/client/_nuxt/DQ-hispY.js                                         11.53 kB │ gzip:     2.60 kB
ℹ .nuxt/dist/client/_nuxt/CsFKL-jo.js                                         11.88 kB │ gzip:     4.64 kB
ℹ .nuxt/dist/client/_nuxt/DXcPg50J.js                                         13.19 kB │ gzip:     4.44 kB
ℹ .nuxt/dist/client/_nuxt/DfWEN0_t.js                                         13.96 kB │ gzip:     5.17 kB
ℹ .nuxt/dist/client/_nuxt/BQnhjEcZ.js                                         15.87 kB │ gzip:     5.64 kB
ℹ .nuxt/dist/client/_nuxt/DvAYSS2T.js                                         16.78 kB │ gzip:     4.59 kB
ℹ .nuxt/dist/client/_nuxt/A7EVAW2c.js                                         19.04 kB │ gzip:     5.45 kB
ℹ .nuxt/dist/client/_nuxt/CCVWQHL7.js                                         20.11 kB │ gzip:     6.93 kB
ℹ .nuxt/dist/client/_nuxt/DGJIVkvy.js                                         20.15 kB │ gzip:     5.94 kB
ℹ .nuxt/dist/client/_nuxt/BcmsvoSY.js                                         20.29 kB │ gzip:     7.20 kB
ℹ .nuxt/dist/client/_nuxt/D3oP0zzH.js                                         22.21 kB │ gzip:     8.16 kB
ℹ .nuxt/dist/client/_nuxt/By6cKTkB.js                                         23.61 kB │ gzip:     8.34 kB
ℹ .nuxt/dist/client/_nuxt/CdOaA0k7.js                                         23.69 kB │ gzip:     8.27 kB
ℹ .nuxt/dist/client/_nuxt/Dg6250-O.js                                         23.87 kB │ gzip:     6.67 kB
ℹ .nuxt/dist/client/_nuxt/DeVCdHrE.js                                         24.17 kB │ gzip:     7.42 kB
ℹ .nuxt/dist/client/_nuxt/56s-5dAp.js                                         25.31 kB │ gzip:     8.84 kB
ℹ .nuxt/dist/client/_nuxt/Bw43Avvz.js                                         25.64 kB │ gzip:     7.23 kB
ℹ .nuxt/dist/client/_nuxt/CM136DEb.js                                         27.35 kB │ gzip:     9.70 kB
ℹ .nuxt/dist/client/_nuxt/4FykDgam.js                                         30.16 kB │ gzip:     9.44 kB
ℹ .nuxt/dist/client/_nuxt/CA8pj91Z.js                                         32.18 kB │ gzip:    10.10 kB
ℹ .nuxt/dist/client/_nuxt/B0mGjbOK.js                                         33.74 kB │ gzip:     8.88 kB
ℹ .nuxt/dist/client/_nuxt/CQY7xB1X.js                                         33.92 kB │ gzip:     9.96 kB
ℹ .nuxt/dist/client/_nuxt/Ct8530AE.js                                         36.30 kB │ gzip:    11.80 kB
ℹ .nuxt/dist/client/_nuxt/C84mnY4E.js                                         38.33 kB │ gzip:     9.53 kB
ℹ .nuxt/dist/client/_nuxt/BT9sjH0D.js                                         40.25 kB │ gzip:    11.36 kB
ℹ .nuxt/dist/client/_nuxt/CzVDoHmY.js                                         45.25 kB │ gzip:    14.64 kB
ℹ .nuxt/dist/client/_nuxt/DAzrsS3H.js                                         50.61 kB │ gzip:    13.50 kB
ℹ .nuxt/dist/client/_nuxt/DS32bFas.js                                         50.73 kB │ gzip:    12.95 kB
ℹ .nuxt/dist/client/_nuxt/BoT4Oy_D.js                                         52.62 kB │ gzip:    14.98 kB
ℹ .nuxt/dist/client/_nuxt/CJ6Uglfq.js                                         56.67 kB │ gzip:    14.45 kB
ℹ .nuxt/dist/client/_nuxt/NcwW6_Tn.js                                         56.99 kB │ gzip:    12.63 kB
ℹ .nuxt/dist/client/_nuxt/lW5afvhi.js                                         60.50 kB │ gzip:    19.43 kB
ℹ .nuxt/dist/client/_nuxt/BzXsJ0tl.js                                         68.39 kB │ gzip:    23.17 kB
ℹ .nuxt/dist/client/_nuxt/CXIqha08.js                                         70.22 kB │ gzip:    19.70 kB
ℹ .nuxt/dist/client/_nuxt/Cxpx4lEq.js                                         71.85 kB │ gzip:    20.51 kB
ℹ .nuxt/dist/client/_nuxt/Czm91Dqa.js                                         81.79 kB │ gzip:    22.51 kB
ℹ .nuxt/dist/client/_nuxt/CRbi8Okp.js                                         91.76 kB │ gzip:    20.91 kB
ℹ .nuxt/dist/client/_nuxt/D-XjnR7_.js                                         91.98 kB │ gzip:    22.51 kB
ℹ .nuxt/dist/client/_nuxt/dutJIYny.js                                         97.18 kB │ gzip:    28.69 kB
ℹ .nuxt/dist/client/_nuxt/CsFo72jG.js                                         97.88 kB │ gzip:    26.87 kB
ℹ .nuxt/dist/client/_nuxt/DVk4uuSP.js                                        100.48 kB │ gzip:    27.99 kB
ℹ .nuxt/dist/client/_nuxt/kNi3Aft7.js                                        114.73 kB │ gzip:    30.86 kB
ℹ .nuxt/dist/client/_nuxt/CfZqgl_g.js                                        148.67 kB │ gzip:    42.03 kB
ℹ .nuxt/dist/client/_nuxt/DWF_xJB1.js                                        291.96 kB │ gzip:    64.53 kB
ℹ .nuxt/dist/client/_nuxt/5J0xJHOV.js                                        441.64 kB │ gzip:   141.47 kB
ℹ .nuxt/dist/client/_nuxt/DuzLfrgJ.js                                        452.84 kB │ gzip:   107.01 kB
ℹ .nuxt/dist/client/_nuxt/DYBmX6XL.js                                        499.83 kB │ gzip:   130.13 kB
ℹ .nuxt/dist/client/_nuxt/K_Fada7y.js                                        766.72 kB │ gzip:   201.57 kB
ℹ .nuxt/dist/client/_nuxt/ChPuAJLZ.js                                      1,078.87 kB │ gzip:   291.42 kB
ℹ .nuxt/dist/client/_nuxt/GYBV06VQ.js                                      3,764.42 kB │ gzip: 1,210.26 kB

 WARN 
(!) Some chunks are larger than 500 kB after minification. Consider:
- Using dynamic import() to code-split the application
- Use build.rollupOptions.output.manualChunks to improve chunking: https://rollupjs.org/configuration-options/#output-manualchunks
- Adjust chunk size limit for this warning via build.chunkSizeWarningLimit.

ℹ ✓ built in 16.17s
✔ Client built in 16175ms
ℹ Building server...
ℹ vite v7.3.1 building ssr environment for production...
ℹ transforming...
ℹ ✓ 1 modules transformed.
ℹ rendering chunks...
ℹ ✓ built in 9ms
✔ Server built in 62ms
[nitro] ℹ Initializing prerenderer
[nitro] ℹ Prerendering 18 initial routes with crawler
[nitro]   ├─ /chat (35ms)
[nitro]   ├─ /media (35ms)
[nitro]   ├─ /tools (36ms)
[nitro]   ├─ /memory (35ms)
[nitro]   ├─ /agents (35ms)
[nitro]   ├─ /settings (36ms)
[nitro]   ├─ /skills (36ms)
[nitro]   ├─ /nodes (35ms)
[nitro]   ├─ /workspace (36ms)
[nitro]   ├─ /agent-teams (36ms)
[nitro]   ├─ /projects (36ms)
[nitro]   ├─ /applications (36ms)
[nitro]   ├─ /agent-orgs (36ms)
[nitro]   ├─ /mobile (35ms)
[nitro]   ├─ / (35ms)
[nitro]   ├─ /index.html (37ms)
[nitro]   ├─ /404.html (36ms)
[nitro]   ├─ /200.html (36ms)
[nitro] ℹ Prerendered 18 routes in 0.631 seconds
[nitro] ✔ Generated public dist/public
[nitro] ✔ You can preview this build using npx serve dist/public
│
▲  HTML content not prerendered because ssr: false was set.
│
●  You can read more in https://nuxt.com/docs/getting-started/deployment#static-hosting.
│
└  ✨ You can now deploy dist/public to any static hosting!
Mobile web assets written to /Users/normy/autobyteus_org/autobyteus-worktrees/chat-interface-entry/autobyteus-web/dist-mobile/public

[0;33mDeploying server package into Electron resources...[0m
 WARN  Shared workspace lockfile detected but configuration forces legacy deploy implementation.
Packages are cloned from the content-addressable store to the virtual store.
  Content-addressable store is at: /Users/normy/Library/pnpm/store/v10
  Virtual store is at:             autobyteus-web/resources/server/node_modules/.pnpm
Progress: resolved 1, reused 0, downloaded 0, added 0
Progress: resolved 1546, reused 0, downloaded 0, added 0
Progress: resolved 1837, reused 0, downloaded 0, added 0
 WARN  23 deprecated subdependencies found: @babel/plugin-proposal-class-properties@7.18.6, @babel/plugin-proposal-object-rest-spread@7.20.7, @graphql-tools/prisma-loader@8.0.17, @npmcli/move-file@2.0.1, @xmldom/xmldom@0.8.11, are-we-there-yet@3.0.1, gauge@4.0.4, glob@10.5.0, glob@7.2.3, glob@8.1.0, har-validator@5.1.5, inflight@1.0.6, lodash.get@4.4.2, lodash.isequal@4.5.0, mkdirp@0.5.1, node-domexception@1.0.0, npmlog@6.0.2, phin@3.7.1, request@2.88.2, rimraf@3.0.2, tar@6.2.1, uuid@3.4.0, whatwg-encoding@3.1.1
Progress: resolved 1853, reused 0, downloaded 0, added 0, done
 WARN  Issues with peer dependencies found
autobyteus-web
└─┬ nuxt 3.21.1
  └─┬ @nuxt/cli 3.33.1
    ├── ✕ unmet peer @nuxt/schema@^4.3.0: found 3.21.1
    └─┬ @bomb.sh/tab 0.0.12
      └── ✕ unmet peer citty@^0.1.6: found 0.2.1
.                                        | +433 ++++++++++++++++++++++++++++++++
╭ Warning ─────────────────────────────────────────────────────────────────────╮
│                                                                              │
│   Ignored build scripts: autobyteus-ts@file:autobyteus-ts.                   │
│   Run "pnpm approve-builds" to pick which dependencies should be allowed     │
│   to run scripts.                                                            │
│                                                                              │
╰──────────────────────────────────────────────────────────────────────────────╯

[0;33mCleaning workspace symlinks in deployment...[0m
Removed 1 external symlinks from /Users/normy/autobyteus_org/autobyteus-worktrees/chat-interface-entry/autobyteus-web/resources/server/node_modules/.pnpm/node_modules

[0;33mRemoving non-runtime test fixtures from deployed dependencies...[0m

[0;33mGenerating Prisma client (ensures engines are bundled)...[0m
Environment variables loaded from .env
Prisma schema loaded from resources/server/prisma/schema.prisma

✔ Generated Prisma Client (v5.22.0) to ./resources/server/node_modules/.pnpm/@prisma+client@5.22.0_prisma@5.22.0/node_modules/@prisma/client in 128ms

Start by importing your Prisma Client (See: https://pris.ly/d/importing-client)

Tip: Want real-time updates to your database without manual polling? Discover how with Pulse: https://pris.ly/tip-0-pulse

┌─────────────────────────────────────────────────────────┐
│  Update available 5.22.0 -> 8.0.0-rc.18                 │
│                                                         │
│  This is a major update - please follow the guide at    │
│  https://pris.ly/d/major-version-upgrade                │
│                                                         │
│  Run the following to update                            │
│    npm i --save-dev prisma@latest                       │
│    npm i @prisma/client@latest                          │
└─────────────────────────────────────────────────────────┘

[0;33mPruning native prebuilds for host platform...[0m

[0;33mRebuilding native modules for Electron...[0m
Searching dependency tree
Building modules: node-pty, node-pty
✔ Rebuild Complete

[0;33mNormalizing node-pty spawn-helper execute bits...[0m
[0;32m✓[0m Normalized execute bits on 3 node-pty spawn-helper file(s)

[0;33mRemoving symlinks that point outside the bundle...[0m
Removed 0 external symlinks from /Users/normy/autobyteus_org/autobyteus-worktrees/chat-interface-entry/autobyteus-web/resources/server

[0;32m=======================================[0m
[0;32m   Server files prepared successfully!   [0m
[0;32m=======================================[0m
Target directory: [0;33m/Users/normy/autobyteus_org/autobyteus-worktrees/chat-interface-entry/autobyteus-web/resources/server[0m
You can now build the Electron app with the server included

> autobyteus@1.4.91-beta.7 generate:electron /Users/normy/autobyteus_org/autobyteus-worktrees/chat-interface-entry/autobyteus-web
> cross-env NODE_ENV=production BUILD_TARGET=electron nuxt generate

┌  Building Nuxt for production...
│
●  Nuxt 3.21.1 (with Nitro 2.13.1, Vite 7.3.1 and Vue 3.5.28)
isElectronBuild true
[Electron Module] Initializing electron module
[Electron Module] Applying default Electron configurations
[Electron Module] Configuring for Electron build target
[Electron Module] Configuring production settings
[Electron Module] Electron module initialization completed
│
●  Nitro preset: static

 WARN  Browserslist: browsers data (caniuse-lite) is 7 months old. Please run:
  npx update-browserslist-db@latest
  Why you should do it regularly: https://github.com/browserslist/update-db#readme

[Electron Module] Extending Vite config
ℹ Building client...
[Electron Module] Vite config resolved: { mode: 'production', base: './', buildTarget: 'electron' }
ℹ vite v7.3.1 building client environment for production...
ℹ transforming...
ℹ ✓ 3923 modules transformed.
ℹ rendering chunks...
ℹ computing gzip size...
ℹ .nuxt/dist/client/_nuxt/KaTeX_Size3-Regular.CTq5MqoE.woff                       4.42 kB
ℹ .nuxt/dist/client/_nuxt/KaTeX_Size4-Regular.Dl5lxZxV.woff2                      4.93 kB
ℹ .nuxt/dist/client/_nuxt/KaTeX_Size2-Regular.Dy4dx90m.woff2                      5.21 kB
ℹ .nuxt/dist/client/_nuxt/KaTeX_Size1-Regular.mCD8mA8B.woff2                      5.47 kB
ℹ .nuxt/dist/client/_nuxt/KaTeX_Size4-Regular.BF-4gkZK.woff                       5.98 kB
ℹ .nuxt/dist/client/_nuxt/KaTeX_Size2-Regular.oD1tc_U0.woff                       6.19 kB
ℹ .nuxt/dist/client/_nuxt/KaTeX_Size1-Regular.C195tn64.woff                       6.50 kB
ℹ .nuxt/dist/client/_nuxt/KaTeX_Caligraphic-Regular.Di6jR-x-.woff2                6.91 kB
ℹ .nuxt/dist/client/_nuxt/KaTeX_Caligraphic-Bold.Dq_IR9rO.woff2                   6.91 kB
ℹ .nuxt/dist/client/_nuxt/KaTeX_Size3-Regular.DgpXs0kz.ttf                        7.59 kB
ℹ .nuxt/dist/client/_nuxt/KaTeX_Caligraphic-Regular.CTRA-rTL.woff                 7.66 kB
ℹ .nuxt/dist/client/_nuxt/KaTeX_Caligraphic-Bold.BEiXGLvX.woff                    7.72 kB
ℹ .nuxt/dist/client/_nuxt/KaTeX_Script-Regular.D3wIWfF6.woff2                     9.64 kB
ℹ .nuxt/dist/client/_nuxt/KaTeX_SansSerif-Regular.DDBCnlJ7.woff2                 10.34 kB
ℹ .nuxt/dist/client/_nuxt/KaTeX_Size4-Regular.DWFBv043.ttf                       10.36 kB
ℹ .nuxt/dist/client/_nuxt/KaTeX_Script-Regular.D5yQViql.woff                     10.59 kB
ℹ .nuxt/dist/client/_nuxt/KaTeX_Fraktur-Regular.CTYiF6lA.woff2                   11.32 kB
ℹ .nuxt/dist/client/_nuxt/KaTeX_Fraktur-Bold.CL6g_b3V.woff2                      11.35 kB
ℹ .nuxt/dist/client/_nuxt/KaTeX_Size2-Regular.B7gKUWhC.ttf                       11.51 kB
ℹ .nuxt/dist/client/_nuxt/KaTeX_SansSerif-Italic.C3H0VqGB.woff2                  12.03 kB
ℹ .nuxt/dist/client/_nuxt/KaTeX_SansSerif-Bold.D1sUS0GD.woff2                    12.22 kB
ℹ .nuxt/dist/client/_nuxt/KaTeX_Size1-Regular.Dbsnue_I.ttf                       12.23 kB
ℹ .nuxt/dist/client/_nuxt/KaTeX_SansSerif-Regular.CS6fqUqJ.woff                  12.32 kB
ℹ .nuxt/dist/client/_nuxt/KaTeX_Caligraphic-Regular.wX97UBjC.ttf                 12.34 kB
ℹ .nuxt/dist/client/_nuxt/KaTeX_Caligraphic-Bold.ATXxdsX0.ttf                    12.37 kB
ℹ .nuxt/dist/client/_nuxt/KaTeX_Fraktur-Regular.Dxdc4cR9.woff                    13.21 kB
ℹ .nuxt/dist/client/_nuxt/KaTeX_Fraktur-Bold.BsDP51OF.woff                       13.30 kB
ℹ .nuxt/dist/client/_nuxt/KaTeX_Typewriter-Regular.CO6r4hn1.woff2                13.57 kB
ℹ .nuxt/dist/client/_nuxt/KaTeX_SansSerif-Italic.DN2j7dab.woff                   14.11 kB
ℹ .nuxt/dist/client/_nuxt/KaTeX_SansSerif-Bold.DbIhKOiC.woff                     14.41 kB
ℹ .nuxt/dist/client/_nuxt/KaTeX_Typewriter-Regular.C0xS9mPB.woff                 16.03 kB
ℹ .nuxt/dist/client/_nuxt/KaTeX_Math-BoldItalic.CZnvNsCZ.woff2                   16.40 kB
ℹ .nuxt/dist/client/_nuxt/KaTeX_Math-Italic.t53AETM-.woff2                       16.44 kB
ℹ .nuxt/dist/client/_nuxt/KaTeX_Script-Regular.C5JkGWo-.ttf                      16.65 kB
ℹ .nuxt/dist/client/_nuxt/KaTeX_Main-BoldItalic.DxDJ3AOS.woff2                   16.78 kB
ℹ .nuxt/dist/client/_nuxt/KaTeX_Main-Italic.NWA7e6Wa.woff2                       16.99 kB
ℹ .nuxt/dist/client/_nuxt/KaTeX_Math-BoldItalic.iY-2wyZ7.woff                    18.67 kB
ℹ .nuxt/dist/client/_nuxt/KaTeX_Math-Italic.DA0__PXp.woff                        18.75 kB
ℹ .nuxt/dist/client/_nuxt/KaTeX_Main-BoldItalic.SpSLRI95.woff                    19.41 kB
ℹ .nuxt/dist/client/_nuxt/KaTeX_SansSerif-Regular.BNo7hRIc.ttf                   19.44 kB
ℹ .nuxt/dist/client/_nuxt/KaTeX_Fraktur-Regular.CB_wures.ttf                     19.57 kB
ℹ .nuxt/dist/client/_nuxt/KaTeX_Fraktur-Bold.BdnERNNW.ttf                        19.58 kB
ℹ .nuxt/dist/client/_nuxt/KaTeX_Main-Italic.BMLOBm91.woff                        19.68 kB
ℹ .nuxt/dist/client/_nuxt/KaTeX_SansSerif-Italic.YYjJ1zSn.ttf                    22.36 kB
ℹ .nuxt/dist/client/_nuxt/KaTeX_SansSerif-Bold.CFMepnvq.ttf                      24.50 kB
ℹ .nuxt/dist/client/_nuxt/KaTeX_Main-Bold.Cx986IdX.woff2                         25.32 kB
ℹ .nuxt/dist/client/_nuxt/KaTeX_Main-Regular.B22Nviop.woff2                      26.27 kB
ℹ .nuxt/dist/client/_nuxt/KaTeX_Typewriter-Regular.D3Ib7_Hf.ttf                  27.56 kB
ℹ .nuxt/dist/client/_nuxt/KaTeX_AMS-Regular.BQhdFMY1.woff2                       28.08 kB
ℹ .nuxt/dist/client/_nuxt/KaTeX_Main-Bold.Jm3AIy58.woff                          29.91 kB
ℹ .nuxt/dist/client/_nuxt/KaTeX_Main-Regular.Dr94JaBh.woff                       30.77 kB
ℹ .nuxt/dist/client/_nuxt/KaTeX_Math-BoldItalic.B3XSjfu4.ttf                     31.20 kB
ℹ .nuxt/dist/client/_nuxt/KaTeX_Math-Italic.flOr_0UB.ttf                         31.31 kB
ℹ .nuxt/dist/client/_nuxt/KaTeX_Main-BoldItalic.DzxPMmG6.ttf                     32.97 kB
ℹ .nuxt/dist/client/_nuxt/KaTeX_AMS-Regular.DMm9YOAa.woff                        33.52 kB
ℹ .nuxt/dist/client/_nuxt/KaTeX_Main-Italic.3WenGoN9.ttf                         33.58 kB
ℹ .nuxt/dist/client/_nuxt/KaTeX_Main-Bold.waoOVXN0.ttf                           51.34 kB
ℹ .nuxt/dist/client/_nuxt/KaTeX_Main-Regular.ypZvNtVU.ttf                        53.58 kB
ℹ .nuxt/dist/client/_nuxt/KaTeX_AMS-Regular.DRggAlZN.ttf                         63.63 kB
ℹ .nuxt/dist/client/manifest.json                                                87.16 kB │ gzip:     7.43 kB
ℹ .nuxt/dist/client/_nuxt/ConfirmationModal.DtxxR2Ew.css                          0.20 kB │ gzip:     0.12 kB
ℹ .nuxt/dist/client/_nuxt/media.yjOJmL4q.css                                      0.23 kB │ gzip:     0.13 kB
ℹ .nuxt/dist/client/_nuxt/DefinitionLaunchPreferencesSection.B4uhkLvJ.css         0.28 kB │ gzip:     0.15 kB
ℹ .nuxt/dist/client/_nuxt/_id_.D4TZqSBn.css                                       0.35 kB │ gzip:     0.19 kB
ℹ .nuxt/dist/client/_nuxt/FullScreenImageModal.aod6xn15.css                       0.35 kB │ gzip:     0.17 kB
ℹ .nuxt/dist/client/_nuxt/FileExplorerTabs.DydjJNvi.css                           3.20 kB │ gzip:     1.02 kB
ℹ .nuxt/dist/client/_nuxt/SystemInstructionActivityItem.ChsJrmJT.css              3.51 kB │ gzip:     1.19 kB
ℹ .nuxt/dist/client/_nuxt/default.DH67rsS0.css                                    4.07 kB │ gzip:     0.97 kB
ℹ .nuxt/dist/client/_nuxt/settings.CK7L0IRc.css                                   4.29 kB │ gzip:     1.32 kB
ℹ .nuxt/dist/client/_nuxt/useWorkspaceFileContentVisible.ClZVOKOm.css            10.54 kB │ gzip:     2.64 kB
ℹ .nuxt/dist/client/_nuxt/skills.CAT_ouGa.css                                    14.02 kB │ gzip:     3.03 kB
ℹ .nuxt/dist/client/_nuxt/useWorkspaceFileExplorer.Bc32qPDk.css                  50.71 kB │ gzip:    13.09 kB
ℹ .nuxt/dist/client/_nuxt/entry.CDr86JK4.css                                    125.11 kB │ gzip:    19.71 kB
ℹ .nuxt/dist/client/_nuxt/clone.Bky52LVl.js                                       0.10 kB │ gzip:     0.11 kB
ℹ .nuxt/dist/client/_nuxt/channel.Cp_G6kQO.js                                     0.13 kB │ gzip:     0.14 kB
ℹ .nuxt/dist/client/_nuxt/init.Gi6I4Gst.js                                        0.15 kB │ gzip:     0.13 kB
ℹ .nuxt/dist/client/_nuxt/chunk-QZHKN3VN.ZlUokPVb.js                              0.21 kB │ gzip:     0.17 kB
ℹ .nuxt/dist/client/_nuxt/settings.Di_j58wN.js                                    0.23 kB │ gzip:     0.20 kB
ℹ .nuxt/dist/client/_nuxt/chunk-4BX2VUAB.Cqgk6uUS.js                              0.24 kB │ gzip:     0.18 kB
ℹ .nuxt/dist/client/_nuxt/chunk-55IACEB6.D1IqTCoQ.js                              0.25 kB │ gzip:     0.22 kB
ℹ .nuxt/dist/client/_nuxt/tools.DOOEMibw.js                                       0.31 kB │ gzip:     0.24 kB
ℹ .nuxt/dist/client/_nuxt/useNativeFolderDialog.W5hhZo3U.js                       0.35 kB │ gzip:     0.25 kB
ℹ .nuxt/dist/client/_nuxt/chunk-FMBD7UC4.BjYLA0AE.js                              0.38 kB │ gzip:     0.28 kB
ℹ .nuxt/dist/client/_nuxt/appLayoutStore.Cn7L6HaX.js                              0.48 kB │ gzip:     0.23 kB
ℹ .nuxt/dist/client/_nuxt/fileUploadStore.C1eIBb8-.js                             0.52 kB │ gzip:     0.35 kB
ℹ .nuxt/dist/client/_nuxt/chunk-QN33PNHL.DUY5-zyF.js                              0.52 kB │ gzip:     0.37 kB
ℹ .nuxt/dist/client/_nuxt/stateDiagram-v2-4FDKWEC3.B9ZVsFK7.js                    0.61 kB │ gzip:     0.40 kB
ℹ .nuxt/dist/client/_nuxt/classDiagram-2ON5EDUG.CBiSjOF-.js                       0.65 kB │ gzip:     0.42 kB
ℹ .nuxt/dist/client/_nuxt/classDiagram-v2-WZHVMYZB.CBiSjOF-.js                    0.65 kB │ gzip:     0.42 kB
ℹ .nuxt/dist/client/_nuxt/_commonjsHelpers.CE1G-McA.js                            0.76 kB │ gzip:     0.40 kB
ℹ .nuxt/dist/client/_nuxt/infoDiagram-HS3SLOUP.97t2ZgRR.js                        0.91 kB │ gzip:     0.57 kB
ℹ .nuxt/dist/client/_nuxt/api.i70KMuay.js                                         0.94 kB │ gzip:     0.45 kB
ℹ .nuxt/dist/client/_nuxt/teamLocalDefinitionId.Fj5WfIzG.js                       0.94 kB │ gzip:     0.48 kB
ℹ .nuxt/dist/client/_nuxt/runtimeAvailabilityStore.C8npXbVA.js                    1.13 kB │ gzip:     0.56 kB
ℹ .nuxt/dist/client/_nuxt/ordinal.BYWQX77i.js                                     1.19 kB │ gzip:     0.57 kB
ℹ .nuxt/dist/client/_nuxt/index.DqDdwLzY.js                                       1.28 kB │ gzip:     0.78 kB
ℹ .nuxt/dist/client/_nuxt/chunk-TZMSLE5B.DSNbO0CH.js                              1.45 kB │ gzip:     0.65 kB
ℹ .nuxt/dist/client/_nuxt/mobile.DwP4ezRD.js                                      1.45 kB │ gzip:     0.81 kB
ℹ .nuxt/dist/client/_nuxt/agentOrgDefinitionReferences.CFTJiJvF.js                1.54 kB │ gzip:     0.79 kB
ℹ .nuxt/dist/client/_nuxt/applicationAssetUrl.B1mrW11U.js                         1.82 kB │ gzip:     0.83 kB
ℹ .nuxt/dist/client/_nuxt/ConfirmationModal.Bzbg8QPU.js                           2.31 kB │ gzip:     1.06 kB
ℹ .nuxt/dist/client/_nuxt/featuredCatalogItems.Bv4L8bhO.js                        2.39 kB │ gzip:     1.01 kB
ℹ .nuxt/dist/client/_nuxt/_basePickBy.D01xW9MK.js                                 2.60 kB │ gzip:     1.30 kB
ℹ .nuxt/dist/client/_nuxt/skillImprovementCapabilityStore.CntFITdB.js             2.80 kB │ gzip:     0.69 kB
ℹ .nuxt/dist/client/_nuxt/workspace.CVQCY4XH.js                                   2.95 kB │ gzip:     1.48 kB
ℹ .nuxt/dist/client/_nuxt/arc.CryxcjNi.js                                         3.44 kB │ gzip:     1.49 kB
ℹ .nuxt/dist/client/_nuxt/mobileWorkStore._eoeSAQt.js                             3.56 kB │ gzip:     1.28 kB
ℹ .nuxt/dist/client/_nuxt/applicationStore.DkwUtHxF.js                            3.83 kB │ gzip:     1.49 kB
ℹ .nuxt/dist/client/_nuxt/useEventMonitorFilePreview.CTsWIy4K.js                  3.93 kB │ gzip:     1.56 kB
ℹ .nuxt/dist/client/_nuxt/agentOrgDefinitionStore.BWs-yKUh.js                     4.12 kB │ gzip:     1.41 kB
ℹ .nuxt/dist/client/_nuxt/diagram-S2PKOQOG.CHTO3p0S.js                            4.53 kB │ gzip:     2.00 kB
ℹ .nuxt/dist/client/_nuxt/defaultLocale.DX6XiGOO.js                               4.69 kB │ gzip:     2.18 kB
ℹ .nuxt/dist/client/_nuxt/index.lqB3Sy7x.js                                       4.77 kB │ gzip:     1.89 kB
ℹ .nuxt/dist/client/_nuxt/FullScreenImageModal.CSxY9tlV.js                        4.93 kB │ gzip:     2.01 kB
ℹ .nuxt/dist/client/_nuxt/useRuntimeCurrentModelDescriptor.CLdJNWf-.js            4.97 kB │ gzip:     2.11 kB
ℹ .nuxt/dist/client/_nuxt/useRightPanel.DZ6e0DsM.js                               4.98 kB │ gzip:     1.88 kB
ℹ .nuxt/dist/client/_nuxt/pieDiagram-ADFJNKIX.BeLcyjTs.js                         5.47 kB │ gzip:     2.44 kB
ℹ .nuxt/dist/client/_nuxt/linear.BgQiBXIS.js                                      5.67 kB │ gzip:     2.32 kB
ℹ .nuxt/dist/client/_nuxt/graph.DqHdKvTz.js                                       5.93 kB │ gzip:     1.88 kB
ℹ .nuxt/dist/client/_nuxt/diagram-QEK2KX5R.B0MbLTun.js                            6.13 kB │ gzip:     2.61 kB
ℹ .nuxt/dist/client/_nuxt/index.BMnkFFK9.js                                       6.95 kB │ gzip:     2.43 kB
ℹ .nuxt/dist/client/_nuxt/skillStore.DWygxH8o.js                                  7.21 kB │ gzip:     1.70 kB
ℹ .nuxt/dist/client/_nuxt/SearchableSelect.vue.CnIRam0Z.js                        7.48 kB │ gzip:     2.93 kB
ℹ .nuxt/dist/client/_nuxt/SearchableGroupedSelect.vue.CPPzDuF9.js                 7.96 kB │ gzip:     3.16 kB
ℹ .nuxt/dist/client/_nuxt/serverSettings.BmCBUN8O.js                              8.14 kB │ gzip:     2.15 kB
ℹ .nuxt/dist/client/_nuxt/DefinitionLaunchPreferencesSection.vue.CJQ6zkai.js      8.65 kB │ gzip:     2.82 kB
ℹ .nuxt/dist/client/_nuxt/WorkspaceSelector.vue.GZBrXidI.js                       8.78 kB │ gzip:     2.91 kB
ℹ .nuxt/dist/client/_nuxt/toolManagementStore.nmsJccC1.js                         9.24 kB │ gzip:     1.90 kB
ℹ .nuxt/dist/client/_nuxt/stateDiagram-FKZM4ZOC.BDEkm_HK.js                      10.61 kB │ gzip:     3.76 kB
ℹ .nuxt/dist/client/_nuxt/ProjectFormDialog.vue.CKs1SF_M.js                      10.83 kB │ gzip:     3.97 kB
ℹ .nuxt/dist/client/_nuxt/dagre-6UL2VRFP.D1hKZ0XL.js                             11.23 kB │ gzip:     4.22 kB
ℹ .nuxt/dist/client/_nuxt/agentDefinitionStore.DQ-hispY.js                       11.53 kB │ gzip:     2.60 kB
ℹ .nuxt/dist/client/_nuxt/_baseUniq.s0m8g0h0.js                                  11.90 kB │ gzip:     4.66 kB
ℹ .nuxt/dist/client/_nuxt/media.WW9kcUsF.js                                      13.24 kB │ gzip:     4.46 kB
ℹ .nuxt/dist/client/_nuxt/useShellPrimaryNavigation.CVpI6mOm.js                  14.05 kB │ gzip:     5.21 kB
ℹ .nuxt/dist/client/_nuxt/diagram-PSM6KHXK.NcWT7iY3.js                           16.09 kB │ gzip:     5.79 kB
ℹ .nuxt/dist/client/_nuxt/handoffs.DvAYSS2T.js                                   16.78 kB │ gzip:     4.59 kB
ℹ .nuxt/dist/client/_nuxt/voiceInputStore.A7EVAW2c.js                            19.04 kB │ gzip:     5.45 kB
ℹ .nuxt/dist/client/_nuxt/mindmap-definition-VGOIOE7T.Coy889t6.js                20.26 kB │ gzip:     7.03 kB
ℹ .nuxt/dist/client/_nuxt/skills.BEaomxd_.js                                     20.32 kB │ gzip:     6.03 kB
ℹ .nuxt/dist/client/_nuxt/kanban-definition-3W4ZIXB7.DYXYOtvm.js                 20.42 kB │ gzip:     7.29 kB
ℹ .nuxt/dist/client/_nuxt/sankeyDiagram-TZEHDZUN.D5kgiBKG.js                     22.34 kB │ gzip:     8.25 kB
ℹ .nuxt/dist/client/_nuxt/journeyDiagram-XKPGCS4Q.BSK5YLq4.js                    23.76 kB │ gzip:     8.45 kB
ℹ .nuxt/dist/client/_nuxt/timeline-definition-IT6M3QCI.DjjnO9bu.js               23.81 kB │ gzip:     8.35 kB
ℹ .nuxt/dist/client/_nuxt/llmProviderConfig.Dg6250-O.js                          23.87 kB │ gzip:     6.67 kB
ℹ .nuxt/dist/client/_nuxt/gitGraphDiagram-V2S2FVAM.BmK7X1Im.js                   24.36 kB │ gzip:     7.55 kB
ℹ .nuxt/dist/client/_nuxt/erDiagram-Q2GNP2WA.BDs6f3Bn.js                         25.46 kB │ gzip:     8.96 kB
ℹ .nuxt/dist/client/_nuxt/RuntimeModelConfigFields.vue.TX_CNOMm.js               25.72 kB │ gzip:     7.28 kB
ℹ .nuxt/dist/client/_nuxt/layout.dUYbifUr.js                                     27.40 kB │ gzip:     9.74 kB
ℹ .nuxt/dist/client/_nuxt/requirementDiagram-UZGBJVZJ.D7frQG1v.js                30.31 kB │ gzip:     9.54 kB
ℹ .nuxt/dist/client/_nuxt/FileExplorerTabs.vue.DL3daj2h.js                       32.21 kB │ gzip:    10.12 kB
ℹ .nuxt/dist/client/_nuxt/_id_.CUSkibRy.js                                       33.91 kB │ gzip:     8.98 kB
ℹ .nuxt/dist/client/_nuxt/quadrantDiagram-AYHSOK5B.DVtuEHTx.js                   34.06 kB │ gzip:    10.06 kB
ℹ .nuxt/dist/client/_nuxt/chunk-DI55MBZ5.Cj49Suvy.js                             36.36 kB │ gzip:    11.84 kB
ℹ .nuxt/dist/client/_nuxt/agent-orgs.C3oO4aLt.js                                 38.48 kB │ gzip:     9.58 kB
ℹ .nuxt/dist/client/_nuxt/xychartDiagram-PRI3JC2R.DKrkH5UD.js                    40.41 kB │ gzip:    11.46 kB
ℹ .nuxt/dist/client/_nuxt/chunk-B4BG7PRW.DFZqsKOW.js                             45.32 kB │ gzip:    14.69 kB
ℹ .nuxt/dist/client/_nuxt/ToolsManagementWorkspace.vue.Chz2ZPGa.js               50.63 kB │ gzip:    13.51 kB
ℹ .nuxt/dist/client/_nuxt/agent-teams.BZuQC3UT.js                                51.09 kB │ gzip:    13.13 kB
ℹ .nuxt/dist/client/_nuxt/chat.CaC-_MVN.js                                       53.20 kB │ gzip:    15.28 kB
ℹ .nuxt/dist/client/_nuxt/memory.NcwW6_Tn.js                                     56.99 kB │ gzip:    12.63 kB
ℹ .nuxt/dist/client/_nuxt/agents.CA4meBmt.js                                     57.00 kB │ gzip:    14.61 kB
ℹ .nuxt/dist/client/_nuxt/flowDiagram-NV44I4VS.CY5gH2jm.js                       60.67 kB │ gzip:    19.55 kB
ℹ .nuxt/dist/client/_nuxt/ganttDiagram-JELNMOA3.BiaAZZrc.js                      68.53 kB │ gzip:    23.27 kB
ℹ .nuxt/dist/client/_nuxt/c4Diagram-YG6GDRKO.Wg-cO9L2.js                         70.36 kB │ gzip:    19.80 kB
ℹ .nuxt/dist/client/_nuxt/blockDiagram-VD42YOAC.Cn37-oMw.js                      72.01 kB │ gzip:    20.63 kB
ℹ .nuxt/dist/client/_nuxt/cose-bilkent-S5V4N54A.jp6v5pSC.js                      81.92 kB │ gzip:    22.60 kB
ℹ .nuxt/dist/client/_nuxt/_id_.C70SwzXm.js                                       92.03 kB │ gzip:    21.03 kB
ℹ .nuxt/dist/client/_nuxt/default.BbcTw041.js                                    92.21 kB │ gzip:    22.65 kB
ℹ .nuxt/dist/client/_nuxt/SystemInstructionActivityItem.vue.CMHWogqO.js          97.48 kB │ gzip:    28.81 kB
ℹ .nuxt/dist/client/_nuxt/sequenceDiagram-WL72ISMW.CI3X6D4B.js                   98.03 kB │ gzip:    26.98 kB
ℹ .nuxt/dist/client/_nuxt/nodes.BjZGHqni.js                                     100.50 kB │ gzip:    28.01 kB
ℹ .nuxt/dist/client/_nuxt/MobileRemoteAccessShell.vue.VALmd7ZR.js               114.86 kB │ gzip:    30.93 kB
ℹ .nuxt/dist/client/_nuxt/architectureDiagram-VXUJARFQ.C1H6vzGm.js              148.86 kB │ gzip:    42.18 kB
ℹ .nuxt/dist/client/_nuxt/settings.CSzbUcmh.js                                  292.18 kB │ gzip:    64.65 kB
ℹ .nuxt/dist/client/_nuxt/cytoscape.esm.5J0xJHOV.js                             441.64 kB │ gzip:   141.47 kB
ℹ .nuxt/dist/client/_nuxt/treemap-GDKQZRPO.Bkljk8Yg.js                          452.91 kB │ gzip:   107.07 kB
ℹ .nuxt/dist/client/_nuxt/workspace.BozQPWtk.js                                 499.91 kB │ gzip:   130.17 kB
ℹ .nuxt/dist/client/_nuxt/useWorkspaceFileContentVisible.Dw5xQAEI.js            767.15 kB │ gzip:   201.78 kB
ℹ .nuxt/dist/client/_nuxt/entry.tDTX5wUV.js                                   1,079.97 kB │ gzip:   291.93 kB
ℹ .nuxt/dist/client/_nuxt/useWorkspaceFileExplorer.CKxKbXXw.js                3,766.05 kB │ gzip: 1,210.92 kB

 WARN 
(!) Some chunks are larger than 500 kB after minification. Consider:
- Using dynamic import() to code-split the application
- Use build.rollupOptions.output.manualChunks to improve chunking: https://rollupjs.org/configuration-options/#output-manualchunks
- Adjust chunk size limit for this warning via build.chunkSizeWarningLimit.

ℹ ✓ built in 16.32s
✔ Client built in 16331ms
[Electron Module] Extending Vite config
ℹ Building server...
[Electron Module] Vite config resolved: { mode: 'production', base: '/', buildTarget: 'electron' }
ℹ vite v7.3.1 building ssr environment for production...
ℹ transforming...
ℹ ✓ 1 modules transformed.
ℹ rendering chunks...
ℹ ✓ built in 10ms
[Electron Module] Processing build manifest
✔ Server built in 66ms
[Electron Module] Build process completed
[Electron Module] Running production build steps
[Electron Module] Building entry: electron/main.ts
vite v7.3.1 building client environment for production...
transforming...
✓ 425 modules transformed.
rendering chunks...
computing gzip size...
dist/electron/main.js                            0.06 kB │ gzip:   0.08 kB
dist/electron/main-BSZinqeR.js                  12.35 kB │ gzip:   4.65 kB
dist/electron/electronApplication-D_A-aYYN.js  811.81 kB │ gzip: 213.21 kB
✓ built in 1.37s
[Electron Module] Building entry: electron/preload.ts
vite v7.3.1 building client environment for production...
transforming...
✓ 1 modules transformed.
rendering chunks...
computing gzip size...
dist/electron/preload.js  3.53 kB │ gzip: 0.98 kB
✓ built in 7ms
[Electron Module] Production build completed successfully
[nitro] ℹ Initializing prerenderer
[nitro] ℹ Prerendering 3 initial routes with crawler
[nitro]   ├─ /index.html (29ms)
[nitro]   ├─ /200.html (30ms)
[nitro]   ├─ /404.html (29ms)
[nitro] ℹ Prerendered 3 routes in 0.578 seconds
[nitro] ✔ Generated public dist/renderer
[nitro] ✔ You can preview this build using npx serve dist/renderer
│
▲  HTML content not prerendered because ssr: false was set.
│
●  You can read more in https://nuxt.com/docs/getting-started/deployment#static-hosting.
│
└  ✨ You can now deploy dist/renderer to any static hosting!

> autobyteus@1.4.91-beta.7 transpile-electron /Users/normy/autobyteus_org/autobyteus-worktrees/chat-interface-entry/autobyteus-web
> tsc -p electron/tsconfig.json

Building with environment: production
Using environment file: .env.production
Resolved build flavor: enterprise
Artifact base name: AutoByteus_enterprise
Requested architecture: AUTO
Updater publish config: [{"provider":"github","owner":"AutoByteus","repo":"autobyteus-workspace"}]
Generating application icons...
Generating 16x16 PNG icon...
Generating 32x32 PNG icon...
Generating 48x48 PNG icon...
Generating 64x64 PNG icon...
Generating 128x128 PNG icon...
Generating 256x256 PNG icon...
Generating 512x512 PNG icon...
Generating 1024x1024 PNG icon...
Generating Windows ICO icon...
Generating macOS ICNS icon...
Icon generation completed successfully
Starting electron-builder...
  • electron-builder  version=25.1.8 os=25.5.0
  • @electron/rebuild already used by electron-builder, please consider to remove excess dependency from devDependencies

To ensure your native dependencies are always matched electron version, simply add script `"postinstall": "electron-builder install-app-deps" to your `package.json`
  • executing @electron/rebuild  electronVersion=42.4.1 arch=arm64 buildFromSource=false appDir=./
  • installing native dependencies  arch=arm64
  • completed installing native dependencies
  • packaging       platform=darwin arch=arm64 electron=42.4.1 appOutDir=electron-dist/mac-arm64

Normalizing packaged terminal native resources...
  Normalized execute bits on 3 node-pty spawn-helper file(s)
  • skipped macOS code signing  reason=identity explicitly is set to null
  • building        target=DMG arch=arm64 file=electron-dist/AutoByteus_enterprise_macos-arm64-1.4.91-beta.7.dmg
  • building        target=macOS zip arch=arm64 file=electron-dist/AutoByteus_enterprise_macos-arm64-1.4.91-beta.7.zip
  • Detected arm64 process, HFS+ is unavailable. Creating dmg with APFS - supports Mac OSX 10.12+
  • Above command failed, retrying 5 more times
  ⨯ unable to execute hdiutil  args=["resize","-size","2188574173.5","/private/var/folders/7w/9r4_s1_s42z3f7c136bpjf0r0000gn/T/t-sud23x/0.dmg"] code=undefined error=Exit code: 35. Command failed: hdiutil resize -size 2188574173.5 /private/var/folders/7w/9r4_s1_s42z3f7c136bpjf0r0000gn/T/t-sud23x/0.dmg
hdiutil: resize: failed. Die Ressource ist zeitweilig nicht verfügbar (35)
                                 hdiutil: resize: failed. Die Ressource ist zeitweilig nicht verfügbar (35)

  • Above command failed, retrying 5 more times
  ⨯ unable to execute hdiutil  args=["resize","-size","2188574173.5","/private/var/folders/7w/9r4_s1_s42z3f7c136bpjf0r0000gn/T/t-sud23x/0.dmg"] code=undefined error=Exit code: 35. Command failed: hdiutil resize -size 2188574173.5 /private/var/folders/7w/9r4_s1_s42z3f7c136bpjf0r0000gn/T/t-sud23x/0.dmg
hdiutil: resize: failed. Die Ressource ist zeitweilig nicht verfügbar (35)
                                 hdiutil: resize: failed. Die Ressource ist zeitweilig nicht verfügbar (35)

  • Above command failed, retrying 5 more times
  ⨯ unable to execute hdiutil  args=["resize","-size","2188574173.5","/private/var/folders/7w/9r4_s1_s42z3f7c136bpjf0r0000gn/T/t-sud23x/0.dmg"] code=undefined error=Exit code: 35. Command failed: hdiutil resize -size 2188574173.5 /private/var/folders/7w/9r4_s1_s42z3f7c136bpjf0r0000gn/T/t-sud23x/0.dmg
hdiutil: resize: failed. Die Ressource ist zeitweilig nicht verfügbar (35)
                                 hdiutil: resize: failed. Die Ressource ist zeitweilig nicht verfügbar (35)

  • Above command failed, retrying 5 more times
  ⨯ unable to execute hdiutil  args=["resize","-size","2188574173.5","/private/var/folders/7w/9r4_s1_s42z3f7c136bpjf0r0000gn/T/t-sud23x/0.dmg"] code=undefined error=Exit code: 35. Command failed: hdiutil resize -size 2188574173.5 /private/var/folders/7w/9r4_s1_s42z3f7c136bpjf0r0000gn/T/t-sud23x/0.dmg
hdiutil: resize: failed. Die Ressource ist zeitweilig nicht verfügbar (35)
                                 hdiutil: resize: failed. Die Ressource ist zeitweilig nicht verfügbar (35)

  • Above command failed, retrying 5 more times
  ⨯ unable to execute hdiutil  args=["resize","-size","2188574173.5","/private/var/folders/7w/9r4_s1_s42z3f7c136bpjf0r0000gn/T/t-sud23x/0.dmg"] code=undefined error=Exit code: 35. Command failed: hdiutil resize -size 2188574173.5 /private/var/folders/7w/9r4_s1_s42z3f7c136bpjf0r0000gn/T/t-sud23x/0.dmg
hdiutil: resize: failed. Die Ressource ist zeitweilig nicht verfügbar (35)
                                 hdiutil: resize: failed. Die Ressource ist zeitweilig nicht verfügbar (35)

  • Above command failed, retrying 5 more times
  ⨯ unable to execute hdiutil  args=["resize","-size","2188574173.5","/private/var/folders/7w/9r4_s1_s42z3f7c136bpjf0r0000gn/T/t-sud23x/0.dmg"] code=undefined error=Exit code: 35. Command failed: hdiutil resize -size 2188574173.5 /private/var/folders/7w/9r4_s1_s42z3f7c136bpjf0r0000gn/T/t-sud23x/0.dmg
hdiutil: resize: failed. Die Ressource ist zeitweilig nicht verfügbar (35)
                                 hdiutil: resize: failed. Die Ressource ist zeitweilig nicht verfügbar (35)

  • building block map  blockMapFile=electron-dist/AutoByteus_enterprise_macos-arm64-1.4.91-beta.7.zip.blockmap
Build process failed: Error: Exit code: 35. Command failed: hdiutil resize -size 2188574173.5 /private/var/folders/7w/9r4_s1_s42z3f7c136bpjf0r0000gn/T/t-sud23x/0.dmg
hdiutil: resize: failed. Die Ressource ist zeitweilig nicht verfügbar (35)

hdiutil: resize: failed. Die Ressource ist zeitweilig nicht verfügbar (35)

    at /Users/normy/autobyteus_org/autobyteus-worktrees/chat-interface-entry/node_modules/.pnpm/builder-util@25.1.7/node_modules/builder-util/src/util.ts:138:18
    at ChildProcess.exithandler (node:child_process:424:5)
    at ChildProcess.emit (node:events:519:28)
    at maybeClose (node:internal/child_process:1101:16)
    at Socket.<anonymous> (node:internal/child_process:456:11)
    at Socket.emit (node:events:519:28)
    at Pipe.<anonymous> (node:net:347:12)
 ELIFECYCLE  Command failed with exit code 1.
