# DR-005 Electron macOS arm64 artifact verification
Started UTC: 2026-07-31T10:02:16Z
Candidate: f25a9646ebb153714bc486cf14519f3530e1f83d
Integrated base: 80d6693c1b0df5abdfd2c3dc0ec01ff885425847
Node: v22.23.1
pnpm: 10.28.2
Electron: 42.4.1
Desktop package version: 1.4.32

## Required artifacts
PASS: app, 1.4.32 DMG/ZIP, blockmaps, and updater metadata exist

## Application metadata and architecture
  "CFBundleDisplayName" => "AutoByteus"
  "CFBundleExecutable" => "AutoByteus"
  "CFBundleIdentifier" => "com.autobyteus.app"
  "CFBundleShortVersionString" => "1.4.32"
  "CFBundleVersion" => "1.4.32"
  "LSMinimumSystemVersion" => "12.0"
/Users/normy/autobyteus_org/autobyteus-worktrees/universal-application-framework-proposal-analysis/autobyteus-web/electron-dist/mac-arm64/AutoByteus.app/Contents/MacOS/AutoByteus: Mach-O 64-bit executable arm64
Non-fat file: /Users/normy/autobyteus_org/autobyteus-worktrees/universal-application-framework-proposal-analysis/autobyteus-web/electron-dist/mac-arm64/AutoByteus.app/Contents/MacOS/AutoByteus is architecture: arm64
/Users/normy/autobyteus_org/autobyteus-worktrees/universal-application-framework-proposal-analysis/autobyteus-web/electron-dist/mac-arm64/AutoByteus.app/Contents/Resources/server/node_modules/.pnpm/node-pty@1.1.0/node_modules/node-pty/prebuilds/darwin-arm64/pty.node: Mach-O 64-bit bundle arm64
/Users/normy/autobyteus_org/autobyteus-worktrees/universal-application-framework-proposal-analysis/autobyteus-web/electron-dist/mac-arm64/AutoByteus.app/Contents/Resources/server/node_modules/.pnpm/node-pty@1.1.0/node_modules/node-pty/prebuilds/darwin-arm64/spawn-helper: Mach-O 64-bit executable arm64
PASS: app metadata and ARM64 native runtime

## Packaged current application framework owners
PASS: narrow runtime/controller/launcher owners present; retired broad host and bind-once implementations absent

## Packaged terminal runtime guard and real spawn probe
[terminal-runtime] node-pty root: /Users/normy/autobyteus_org/autobyteus-worktrees/universal-application-framework-proposal-analysis/autobyteus-web/electron-dist/mac-arm64/AutoByteus.app/Contents/Resources/server/node_modules/.pnpm/node-pty@1.1.0/node_modules/node-pty
[terminal-runtime] ok target helper: /Users/normy/autobyteus_org/autobyteus-worktrees/universal-application-framework-proposal-analysis/autobyteus-web/electron-dist/mac-arm64/AutoByteus.app/Contents/Resources/server/node_modules/.pnpm/node-pty@1.1.0/node_modules/node-pty/prebuilds/darwin-arm64/spawn-helper
[terminal-runtime] ok selected helper: /Users/normy/autobyteus_org/autobyteus-worktrees/universal-application-framework-proposal-analysis/autobyteus-web/electron-dist/mac-arm64/AutoByteus.app/Contents/Resources/server/node_modules/.pnpm/node-pty@1.1.0/node_modules/node-pty/build/Release/spawn-helper
[terminal-runtime] ok: node-pty spawn probe

## Local signing posture (informational)
Executable=/Users/normy/autobyteus_org/autobyteus-worktrees/universal-application-framework-proposal-analysis/autobyteus-web/electron-dist/mac-arm64/AutoByteus.app/Contents/MacOS/AutoByteus
Identifier=Electron
Format=app bundle with Mach-O thin (arm64)
CodeDirectory v=20400 size=392 flags=0x20002(adhoc,linker-signed) hashes=9+0 location=embedded
VersionPlatform=1
VersionMin=786432
VersionSDK=1704448
Hash type=sha256 size=32
CandidateCDHash sha256=183bce38eb383b21f21c2cdedcf6cd8781b11cdd
CandidateCDHashFull sha256=183bce38eb383b21f21c2cdedcf6cd8781b11cdd090f942c4eacd6c09b1112f7
Hash choices=sha256
CMSDigest=183bce38eb383b21f21c2cdedcf6cd8781b11cdd090f942c4eacd6c09b1112f7
CMSDigestType=2
Executable Segment base=0
Executable Segment limit=16384
Executable Segment flags=0x1
Page size=4096
CDHash=183bce38eb383b21f21c2cdedcf6cd8781b11cdd
Signature=adhoc
Info.plist=not bound
TeamIdentifier=not set
Sealed Resources=none
Internal requirements=none
/Users/normy/autobyteus_org/autobyteus-worktrees/universal-application-framework-proposal-analysis/autobyteus-web/electron-dist/mac-arm64/AutoByteus.app: code has no resources but signature indicates they must be present
codesign display exit: 0
codesign verify exit: 1
INFO: signing/notarization was intentionally disabled; no release-signing claim.

## DMG integrity
Prüfsumme für Protective Master Boot Record (MBR : 0) berechnen …
Protective Master Boot Record (MBR :: Die überprüfte CRC32-Prüfsumme ist $41062FA3
Prüfsumme für GPT Header (Primary GPT Header : 1) berechnen …
 GPT Header (Primary GPT Header : 1): Die überprüfte CRC32-Prüfsumme ist $391AA69B
Prüfsumme für GPT Partition Data (Primary GPT Table : 2) berechnen …
GPT Partition Data (Primary GPT Tabl: Die überprüfte CRC32-Prüfsumme ist $1D681F94
Prüfsumme für  (Apple_Free : 3) berechnen …
                    (Apple_Free : 3): Die überprüfte CRC32-Prüfsumme ist $00000000
Prüfsumme für disk image (Apple_APFS : 4) berechnen …
         disk image (Apple_APFS : 4): Die überprüfte CRC32-Prüfsumme ist $25B21ADD
Prüfsumme für  (Apple_Free : 5) berechnen …
                    (Apple_Free : 5): Die überprüfte CRC32-Prüfsumme ist $00000000
Prüfsumme für GPT Partition Data (Backup GPT Table : 6) berechnen …
GPT Partition Data (Backup GPT Table: Die überprüfte CRC32-Prüfsumme ist $1D681F94
Prüfsumme für GPT Header (Backup GPT Header : 7) berechnen …
  GPT Header (Backup GPT Header : 7): Die überprüfte CRC32-Prüfsumme ist $6A4A51C0
Die überprüfte CRC32-Prüfsumme ist $FEC8A5DA
hdiutil: verify: checksum of "/Users/normy/autobyteus_org/autobyteus-worktrees/universal-application-framework-proposal-analysis/autobyteus-web/electron-dist/AutoByteus_personal_macos-arm64-1.4.32.dmg" is VALID

## ZIP integrity
No errors detected in compressed data of /Users/normy/autobyteus_org/autobyteus-worktrees/universal-application-framework-proposal-analysis/autobyteus-web/electron-dist/AutoByteus_personal_macos-arm64-1.4.32.zip.
PASS: ZIP archive test

## Sizes and SHA-256
/Users/normy/autobyteus_org/autobyteus-worktrees/universal-application-framework-proposal-analysis/autobyteus-web/electron-dist/AutoByteus_personal_macos-arm64-1.4.32.dmg 403540850 bytes
/Users/normy/autobyteus_org/autobyteus-worktrees/universal-application-framework-proposal-analysis/autobyteus-web/electron-dist/AutoByteus_personal_macos-arm64-1.4.32.zip 399557547 bytes
c160ffc07bd5a03aedab0cd42a6a7512ab70ec0858f8169f5fd962952418f831  /Users/normy/autobyteus_org/autobyteus-worktrees/universal-application-framework-proposal-analysis/autobyteus-web/electron-dist/AutoByteus_personal_macos-arm64-1.4.32.dmg
250623ca45f82e94a1b44fbec5a8ecf3d1a45a939922c58296ab3e9edbbc56fa  /Users/normy/autobyteus_org/autobyteus-worktrees/universal-application-framework-proposal-analysis/autobyteus-web/electron-dist/AutoByteus_personal_macos-arm64-1.4.32.zip

## Environment and repository hygiene
PASS: app not launched, DMG not mounted, candidate unchanged, generated outputs ignored

Completed UTC: 2026-07-31T10:02:34Z
FINAL: PASS
