# DR-006 Electron macOS ARM64 Artifact Verification
started_utc=2026-07-31T13:31:02Z
candidate=fe7147cb7abd764ed5781cbf0febdb1b0e1af5a2
integrated_base=ea6d6b011035d71dc9594d61ad035470985fca8e
node=v22.23.1
pnpm=10.28.2
/bin/bash: command substitution: line 28: syntax error near unexpected token `('
/bin/bash: command substitution: line 28: `node -p \"require('./autobyteus-web/package.json').devDependencies.electron\"'
electron=42.4.1
desktop_package_version=1.4.33

## Required artifacts
PASS: app, 1.4.33 DMG/ZIP, blockmaps, and updater metadata exist

## Application metadata and architecture
  "CFBundleDisplayName" => "AutoByteus"
  "CFBundleExecutable" => "AutoByteus"
  "CFBundleIdentifier" => "com.autobyteus.app"
  "CFBundleShortVersionString" => "1.4.33"
  "CFBundleVersion" => "1.4.33"
  "LSMinimumSystemVersion" => "12.0"
/Users/normy/autobyteus_org/autobyteus-worktrees/universal-application-framework-proposal-analysis/autobyteus-web/electron-dist/mac-arm64/AutoByteus.app/Contents/MacOS/AutoByteus: Mach-O 64-bit executable arm64
Non-fat file: /Users/normy/autobyteus_org/autobyteus-worktrees/universal-application-framework-proposal-analysis/autobyteus-web/electron-dist/mac-arm64/AutoByteus.app/Contents/MacOS/AutoByteus is architecture: arm64
/Users/normy/autobyteus_org/autobyteus-worktrees/universal-application-framework-proposal-analysis/autobyteus-web/electron-dist/mac-arm64/AutoByteus.app/Contents/Resources/server/node_modules/.pnpm/node-pty@1.1.0/node_modules/node-pty/prebuilds/darwin-arm64/pty.node: Mach-O 64-bit bundle arm64
/Users/normy/autobyteus_org/autobyteus-worktrees/universal-application-framework-proposal-analysis/autobyteus-web/electron-dist/mac-arm64/AutoByteus.app/Contents/Resources/server/node_modules/.pnpm/node-pty@1.1.0/node_modules/node-pty/prebuilds/darwin-arm64/spawn-helper: Mach-O 64-bit executable arm64
PASS: app metadata and ARM64 native runtime

## Packaged current application framework owners
PASS present: dist/compositions/build-studio-server.js
PASS present: dist/compositions/build-standalone-application-server.js
PASS present: dist/application-platform/runtime/application-platform-runtime.js
PASS present: dist/application-platform/runtime/application-platform-runtime-contracts.js
PASS present: dist/application-engine/services/application-engine-controller.js
PASS present: dist/application-engine/services/application-engine-launcher.js
PASS absent: dist/application-engine/services/application-engine-host-service.js
PASS absent: dist/application-platform/runtime/bind-once-published-artifact-publisher.js
PASS absent: dist/application-platform/runtime/bind-once-application-engine-event-handler.js
PASS: narrow runtime/controller/launcher owners present; retired broad host and bind-once implementations absent

## Packaged terminal runtime guard and real spawn probe
[terminal-runtime] node-pty root: /Users/normy/autobyteus_org/autobyteus-worktrees/universal-application-framework-proposal-analysis/autobyteus-web/electron-dist/mac-arm64/AutoByteus.app/Contents/Resources/server/node_modules/.pnpm/node-pty@1.1.0/node_modules/node-pty
[terminal-runtime] ok target helper: /Users/normy/autobyteus_org/autobyteus-worktrees/universal-application-framework-proposal-analysis/autobyteus-web/electron-dist/mac-arm64/AutoByteus.app/Contents/Resources/server/node_modules/.pnpm/node-pty@1.1.0/node_modules/node-pty/prebuilds/darwin-arm64/spawn-helper
[terminal-runtime] ok selected helper: /Users/normy/autobyteus_org/autobyteus-worktrees/universal-application-framework-proposal-analysis/autobyteus-web/electron-dist/mac-arm64/AutoByteus.app/Contents/Resources/server/node_modules/.pnpm/node-pty@1.1.0/node_modules/node-pty/build/Release/spawn-helper
[terminal-runtime] ok: node-pty spawn probe
PASS: packaged terminal native runtime and real spawn probe

## Local signing posture (informational)
Executable=/Users/normy/autobyteus_org/autobyteus-worktrees/universal-application-framework-proposal-analysis/autobyteus-web/electron-dist/mac-arm64/AutoByteus.app/Contents/MacOS/AutoByteus
Identifier=Electron
Format=app bundle with Mach-O thin (arm64)
CodeDirectory v=20400 size=392 flags=0x20002(adhoc,linker-signed) hashes=9+0 location=embedded
VersionPlatform=1
VersionMin=786432
VersionSDK=1704448
Hash type=sha256 size=32
CandidateCDHash sha256=183bce38eb383b21f21c2cdedcf6cd8781b11cdd
CandidateCDHashFull sha256=183bce38eb383b21f21c2cdedcf6cd8781b11cdd090f942c4eacd6c09b1112f7
Hash choices=sha256
CMSDigest=183bce38eb383b21f21c2cdedcf6cd8781b11cdd090f942c4eacd6c09b1112f7
CMSDigestType=2
Executable Segment base=0
Executable Segment limit=16384
Executable Segment flags=0x1
Page size=4096
CDHash=183bce38eb383b21f21c2cdedcf6cd8781b11cdd
Signature=adhoc
Info.plist=not bound
TeamIdentifier=not set
Sealed Resources=none
Internal requirements=none
/Users/normy/autobyteus_org/autobyteus-worktrees/universal-application-framework-proposal-analysis/autobyteus-web/electron-dist/mac-arm64/AutoByteus.app: code has no resources but signature indicates they must be present
codesign_display_exit=0
codesign_verify_exit=1
INFO: signing/notarization intentionally disabled; linker/ad-hoc executable only, not release-signing evidence.

## DMG integrity
Prüfsumme für Protective Master Boot Record (MBR : 0) berechnen …
Protective Master Boot Record (MBR :: Die überprüfte CRC32-Prüfsumme ist $2AC3B50B
Prüfsumme für GPT Header (Primary GPT Header : 1) berechnen …
 GPT Header (Primary GPT Header : 1): Die überprüfte CRC32-Prüfsumme ist $1A3F2696
Prüfsumme für GPT Partition Data (Primary GPT Table : 2) berechnen …
GPT Partition Data (Primary GPT Tabl: Die überprüfte CRC32-Prüfsumme ist $2D4D3D08
Prüfsumme für  (Apple_Free : 3) berechnen …
                    (Apple_Free : 3): Die überprüfte CRC32-Prüfsumme ist $00000000
Prüfsumme für disk image (Apple_APFS : 4) berechnen …
         disk image (Apple_APFS : 4): Die überprüfte CRC32-Prüfsumme ist $DBFC5E48
Prüfsumme für GPT Partition Data (Backup GPT Table : 5) berechnen …
GPT Partition Data (Backup GPT Table: Die überprüfte CRC32-Prüfsumme ist $2D4D3D08
Prüfsumme für GPT Header (Backup GPT Header : 6) berechnen …
  GPT Header (Backup GPT Header : 6): Die überprüfte CRC32-Prüfsumme ist $A46B3613
Die überprüfte CRC32-Prüfsumme ist $784BC1AA
hdiutil: verify: checksum of "/Users/normy/autobyteus_org/autobyteus-worktrees/universal-application-framework-proposal-analysis/autobyteus-web/electron-dist/AutoByteus_personal_macos-arm64-1.4.33.dmg" is VALID
PASS: DMG checksum valid

## ZIP integrity
No errors detected in compressed data of /Users/normy/autobyteus_org/autobyteus-worktrees/universal-application-framework-proposal-analysis/autobyteus-web/electron-dist/AutoByteus_personal_macos-arm64-1.4.33.zip.
PASS: ZIP archive test

## Sizes and SHA-256
/Users/normy/autobyteus_org/autobyteus-worktrees/universal-application-framework-proposal-analysis/autobyteus-web/electron-dist/AutoByteus_personal_macos-arm64-1.4.33.dmg 405229694 bytes
/Users/normy/autobyteus_org/autobyteus-worktrees/universal-application-framework-proposal-analysis/autobyteus-web/electron-dist/AutoByteus_personal_macos-arm64-1.4.33.zip 401376701 bytes
0bd55d309609b58b694bae3fd8623070330d1cd3ed4c82b403eb4315a7b6639c  /Users/normy/autobyteus_org/autobyteus-worktrees/universal-application-framework-proposal-analysis/autobyteus-web/electron-dist/AutoByteus_personal_macos-arm64-1.4.33.dmg
cd4cfe262550299c7357b9c7f24806d43b9a5d12435d343b5ea9c54b84eac466  /Users/normy/autobyteus_org/autobyteus-worktrees/universal-application-framework-proposal-analysis/autobyteus-web/electron-dist/AutoByteus_personal_macos-arm64-1.4.33.zip

## Environment and repository hygiene
PASS: app not launched, DMG not mounted, candidate unchanged, generated outputs ignored

completed_utc=2026-07-31T13:31:21Z
FINAL=PASS
