DR-002 Electron user-test handoff readiness
recorded_utc=2026-08-23T17:16:17Z
check=tracked remote freshness
From github.com-ryan:AutoByteus/autobyteus-workspace
 * branch                personal   -> FETCH_HEAD
source_head=78bfd0a3453fd66f2677dd99a1edb7a44e040607
origin_personal=7edfb162559ec5a6eb4c00c23a929920eabe3dc1
ticket_ahead_behind=2	0
From github.com-ryan:AutoByteus/autobyteus-private-agents
 * branch            main       -> FETCH_HEAD
fixture_head=db8d100bedff216fd60dbf7eda870bcff0dd5a91
fixture_origin_main=db8d100bedff216fd60dbf7eda870bcff0dd5a91
result=PASS

check=build completion
result=PASS

check=artifact paths and hashes
result=PASS

check=delivery package integrity
markdown=PASS
Repository artifact hygiene check passed.
Tracked files scanned: 24131
Path-length threshold: 200
Longest tracked path: 199 chars: tickets/done/event-monitor-history-transparency/probes/api-e2e/full-stack-runtime/data/logs/app-data-migrations/20260731_remove_external_runtime_working_context_snapshots-2026-08-20T18-45-01-177Z.log
result=PASS

check=reviewed patches remain identical
fixture_patch_sha256=9d361fc90b626487785f637828c37ffca240cbb132db49f10ec9179e4b2cf015
durable_patch_sha256=e4d86b11bc4bf15358c9982d0f7eb8118aea8da2ec917476ba84fb3af7d241cb
result=PASS

final_result=PASS
