
 RUN  v4.0.18 /Users/normy/autobyteus_org/autobyteus-worktrees/astra-fable-pricing-support/autobyteus-server-ts

Prisma schema loaded from prisma/schema.prisma
Datasource "db": SQLite database "autobyteus-server-test.db" at "file:/Users/normy/autobyteus_org/autobyteus-worktrees/astra-fable-pricing-support/autobyteus-server-ts/tests/.tmp/autobyteus-server-test.db"

Applying migration `20260203074245_init`
Applying migration `20260208094000_add_external_channel_tables`
Applying migration `20260209174500_add_channel_message_receipt_turn_id`
Applying migration `20260209213000_remove_agent_conversation_tables`
Applying migration `20260210101500_add_agent_avatar`
Applying migration `20260210192000_add_agent_team_avatar`
Applying migration `20260211214500_add_sync_columns_and_tombstones`
Applying migration `20260212070000_remove_workflow_definition`
Applying migration `20260309103000_add_channel_binding_launch_preset`
Applying migration `20260310153000_add_channel_binding_team_definition_id`
Applying migration `20260331102000_remove_channel_bindings_table`
Applying migration `20260331130000_receipt_lifecycle_and_remove_channel_idempotency`
Applying migration `20260517090000_add_app_data_migration_records`
Applying migration `20260624090000_add_token_usage_ledger_events`
Applying migration `20260625193000_token_usage_component_pricing_explainability`
Applying migration `20260629120000_add_token_usage_display_fields`
Applying migration `20260702093000_token_usage_execution_address`
Applying migration `20260726090000_add_secret_vault`
Applying migration `20260730090000_add_token_usage_provider_name`
Applying migration `20260801090000_token_usage_member_display_name`
Applying migration `20260814090000_team_run_execution_tree_v1`
Applying migration `20260819090000_add_token_usage_run_records`
Applying migration `20260820090000_redesign_app_data_migration_summary`
Applying migration `20260822090000_add_token_usage_analytics`

Database reset successful

The following migration(s) have been applied:

migrations/
  └─ 20260203074245_init/
    └─ migration.sql
  └─ 20260208094000_add_external_channel_tables/
    └─ migration.sql
  └─ 20260209174500_add_channel_message_receipt_turn_id/
    └─ migration.sql
  └─ 20260209213000_remove_agent_conversation_tables/
    └─ migration.sql
  └─ 20260210101500_add_agent_avatar/
    └─ migration.sql
  └─ 20260210192000_add_agent_team_avatar/
    └─ migration.sql
  └─ 20260211214500_add_sync_columns_and_tombstones/
    └─ migration.sql
  └─ 20260212070000_remove_workflow_definition/
    └─ migration.sql
  └─ 20260309103000_add_channel_binding_launch_preset/
    └─ migration.sql
  └─ 20260310153000_add_channel_binding_team_definition_id/
    └─ migration.sql
  └─ 20260331102000_remove_channel_bindings_table/
    └─ migration.sql
  └─ 20260331130000_receipt_lifecycle_and_remove_channel_idempotency/
    └─ migration.sql
  └─ 20260517090000_add_app_data_migration_records/
    └─ migration.sql
  └─ 20260624090000_add_token_usage_ledger_events/
    └─ migration.sql
  └─ 20260625193000_token_usage_component_pricing_explainability/
    └─ migration.sql
  └─ 20260629120000_add_token_usage_display_fields/
    └─ migration.sql
  └─ 20260702093000_token_usage_execution_address/
    └─ migration.sql
  └─ 20260726090000_add_secret_vault/
    └─ migration.sql
  └─ 20260730090000_add_token_usage_provider_name/
    └─ migration.sql
  └─ 20260801090000_token_usage_member_display_name/
    └─ migration.sql
  └─ 20260814090000_team_run_execution_tree_v1/
    └─ migration.sql
  └─ 20260819090000_add_token_usage_run_records/
    └─ migration.sql
  └─ 20260820090000_redesign_app_data_migration_summary/
    └─ migration.sql
  └─ 20260822090000_add_token_usage_analytics/
    └─ migration.sql

stdout | tests/e2e/token-usage/astra-fable-token-usage-accounting-graphql.e2e.test.ts
AgentFactory (Singleton) initialized.

 ❯ tests/e2e/token-usage/astra-fable-token-usage-accounting-graphql.e2e.test.ts (0 test)

⎯⎯⎯⎯⎯⎯ Failed Suites 1 ⎯⎯⎯⎯⎯⎯⎯

 FAIL  tests/e2e/token-usage/astra-fable-token-usage-accounting-graphql.e2e.test.ts [ tests/e2e/token-usage/astra-fable-token-usage-accounting-graphql.e2e.test.ts ]
Error: Failed to resolve entry for package "@autobyteus/application-sdk-contracts". The package may have incorrect main/module/exports specified in its package.json.
  Plugin: vite:import-analysis
  File: /Users/normy/autobyteus_org/autobyteus-worktrees/astra-fable-pricing-support/autobyteus-server-ts/src/application-bundles/utils/application-manifest.ts:17:7
  5  |    APPLICATION_MANIFEST_VERSION,
  6  |    parseApplicationAgentToolDeclarations
  7  |  } from "@autobyteus/application-sdk-contracts";
     |          ^
  8  |  export const APPLICATION_MANIFEST_FILE_NAME = "application.json";
  9  |  const SLOT_KEY_PATTERN = /^[A-Za-z][A-Za-z0-9_-]*$/;
 ❯ packageEntryFailure ../node_modules/.pnpm/vite@7.3.1_@types+node@25.3.0_jiti@2.6.1_terser@5.46.0_yaml@2.8.2/node_modules/vite/dist/node/chunks/config.js:32816:32
 ❯ resolvePackageEntry ../node_modules/.pnpm/vite@7.3.1_@types+node@25.3.0_jiti@2.6.1_terser@5.46.0_yaml@2.8.2/node_modules/vite/dist/node/chunks/config.js:32813:2
 ❯ tryNodeResolve ../node_modules/.pnpm/vite@7.3.1_@types+node@25.3.0_jiti@2.6.1_terser@5.46.0_yaml@2.8.2/node_modules/vite/dist/node/chunks/config.js:32716:70
 ❯ ResolveIdContext.handler ../node_modules/.pnpm/vite@7.3.1_@types+node@25.3.0_jiti@2.6.1_terser@5.46.0_yaml@2.8.2/node_modules/vite/dist/node/chunks/config.js:32555:16
 ❯ EnvironmentPluginContainer.resolveId ../node_modules/.pnpm/vite@7.3.1_@types+node@25.3.0_jiti@2.6.1_terser@5.46.0_yaml@2.8.2/node_modules/vite/dist/node/chunks/config.js:28717:56
 ❯ TransformPluginContext.resolve ../node_modules/.pnpm/vite@7.3.1_@types+node@25.3.0_jiti@2.6.1_terser@5.46.0_yaml@2.8.2/node_modules/vite/dist/node/chunks/config.js:28929:13
 ❯ normalizeUrl ../node_modules/.pnpm/vite@7.3.1_@types+node@25.3.0_jiti@2.6.1_terser@5.46.0_yaml@2.8.2/node_modules/vite/dist/node/chunks/config.js:27111:22
 ❯ ../node_modules/.pnpm/vite@7.3.1_@types+node@25.3.0_jiti@2.6.1_terser@5.46.0_yaml@2.8.2/node_modules/vite/dist/node/chunks/config.js:27177:32

⎯⎯⎯⎯⎯⎯⎯⎯⎯⎯⎯⎯⎯⎯⎯⎯⎯⎯⎯⎯⎯⎯⎯⎯[1/1]⎯


 Test Files  1 failed (1)
      Tests  no tests
   Start at  06:24:37
   Duration  3.83s (transform 2.22s, setup 13ms, import 0ms, tests 0ms, environment 0ms)


===== RETRY AFTER pnpm -C autobyteus-server-ts prepare:shared =====

 RUN  v4.0.18 /Users/normy/autobyteus_org/autobyteus-worktrees/astra-fable-pricing-support/autobyteus-server-ts

Prisma schema loaded from prisma/schema.prisma
Datasource "db": SQLite database "autobyteus-server-test.db" at "file:/Users/normy/autobyteus_org/autobyteus-worktrees/astra-fable-pricing-support/autobyteus-server-ts/tests/.tmp/autobyteus-server-test.db"

Applying migration `20260203074245_init`
Applying migration `20260208094000_add_external_channel_tables`
Applying migration `20260209174500_add_channel_message_receipt_turn_id`
Applying migration `20260209213000_remove_agent_conversation_tables`
Applying migration `20260210101500_add_agent_avatar`
Applying migration `20260210192000_add_agent_team_avatar`
Applying migration `20260211214500_add_sync_columns_and_tombstones`
Applying migration `20260212070000_remove_workflow_definition`
Applying migration `20260309103000_add_channel_binding_launch_preset`
Applying migration `20260310153000_add_channel_binding_team_definition_id`
Applying migration `20260331102000_remove_channel_bindings_table`
Applying migration `20260331130000_receipt_lifecycle_and_remove_channel_idempotency`
Applying migration `20260517090000_add_app_data_migration_records`
Applying migration `20260624090000_add_token_usage_ledger_events`
Applying migration `20260625193000_token_usage_component_pricing_explainability`
Applying migration `20260629120000_add_token_usage_display_fields`
Applying migration `20260702093000_token_usage_execution_address`
Applying migration `20260726090000_add_secret_vault`
Applying migration `20260730090000_add_token_usage_provider_name`
Applying migration `20260801090000_token_usage_member_display_name`
Applying migration `20260814090000_team_run_execution_tree_v1`
Applying migration `20260819090000_add_token_usage_run_records`
Applying migration `20260820090000_redesign_app_data_migration_summary`
Applying migration `20260822090000_add_token_usage_analytics`

Database reset successful

The following migration(s) have been applied:

migrations/
  └─ 20260203074245_init/
    └─ migration.sql
  └─ 20260208094000_add_external_channel_tables/
    └─ migration.sql
  └─ 20260209174500_add_channel_message_receipt_turn_id/
    └─ migration.sql
  └─ 20260209213000_remove_agent_conversation_tables/
    └─ migration.sql
  └─ 20260210101500_add_agent_avatar/
    └─ migration.sql
  └─ 20260210192000_add_agent_team_avatar/
    └─ migration.sql
  └─ 20260211214500_add_sync_columns_and_tombstones/
    └─ migration.sql
  └─ 20260212070000_remove_workflow_definition/
    └─ migration.sql
  └─ 20260309103000_add_channel_binding_launch_preset/
    └─ migration.sql
  └─ 20260310153000_add_channel_binding_team_definition_id/
    └─ migration.sql
  └─ 20260331102000_remove_channel_bindings_table/
    └─ migration.sql
  └─ 20260331130000_receipt_lifecycle_and_remove_channel_idempotency/
    └─ migration.sql
  └─ 20260517090000_add_app_data_migration_records/
    └─ migration.sql
  └─ 20260624090000_add_token_usage_ledger_events/
    └─ migration.sql
  └─ 20260625193000_token_usage_component_pricing_explainability/
    └─ migration.sql
  └─ 20260629120000_add_token_usage_display_fields/
    └─ migration.sql
  └─ 20260702093000_token_usage_execution_address/
    └─ migration.sql
  └─ 20260726090000_add_secret_vault/
    └─ migration.sql
  └─ 20260730090000_add_token_usage_provider_name/
    └─ migration.sql
  └─ 20260801090000_token_usage_member_display_name/
    └─ migration.sql
  └─ 20260814090000_team_run_execution_tree_v1/
    └─ migration.sql
  └─ 20260819090000_add_token_usage_run_records/
    └─ migration.sql
  └─ 20260820090000_redesign_app_data_migration_summary/
    └─ migration.sql
  └─ 20260822090000_add_token_usage_analytics/
    └─ migration.sql

stdout | tests/e2e/token-usage/astra-fable-token-usage-accounting-graphql.e2e.test.ts
AgentFactory (Singleton) initialized.

(node:15636) ExperimentalWarning: SQLite is an experimental feature and might change at any time
(Use `node --trace-warnings ...` to show where the warning was created)
stdout | tests/e2e/token-usage/astra-fable-token-usage-accounting-graphql.e2e.test.ts > Astra and Fable 5.1 token usage accounting and GraphQL convergence
prisma:info Starting a sqlite pool with 21 connections.

 ❯ tests/e2e/token-usage/astra-fable-token-usage-accounting-graphql.e2e.test.ts (4 tests | 1 failed) 623ms
     ✓ publishes an estimated Astra summary through the 'standard tier at exactly 272,000 inpu…' 18ms
     ✓ publishes an estimated Astra summary through the 'long-context tier at 272,001 input to…' 6ms
     × publishes all Fable 5.1 cache price dimensions and calculated costs 11ms
     ✓ keeps an unsupported near-match price-missing through the public summary 5ms

⎯⎯⎯⎯⎯⎯⎯ Failed Tests 1 ⎯⎯⎯⎯⎯⎯⎯

 FAIL  tests/e2e/token-usage/astra-fable-token-usage-accounting-graphql.e2e.test.ts > Astra and Fable 5.1 token usage accounting and GraphQL convergence > publishes all Fable 5.1 cache price dimensions and calculated costs
AssertionError: expected { …(22) } to match object { …(14) }
(8 matching properties omitted from actual)

- Expected
+ Received

@@ -21,11 +21,11 @@
        "pricePerMillion": 12.5,
        "status": "single",
      },
      "cacheCreationInput": {
        "pricePerMillion": null,
-       "status": "none",
+       "status": "not_applicable",
      },
      "cacheReadInput": {
        "pricePerMillion": 0.25,
        "status": "single",
      },

 ❯ tests/e2e/token-usage/astra-fable-token-usage-accounting-graphql.e2e.test.ts:329:22
    327|     await store.recordObservation(priced);
    328|     const hydrated = await execSummary(runId);
    329|     expect(hydrated).toMatchObject({
       |                      ^
    330|       runId,
    331|       grossInputTokens: 100_000,

⎯⎯⎯⎯⎯⎯⎯⎯⎯⎯⎯⎯⎯⎯⎯⎯⎯⎯⎯⎯⎯⎯⎯⎯[1/1]⎯


 Test Files  1 failed (1)
      Tests  1 failed | 3 passed (4)
   Start at  06:25:21
   Duration  5.47s (transform 3.04s, setup 14ms, import 4.36s, tests 623ms, environment 0ms)


===== RETRY AFTER EXPECTATION CORRECTION =====

 RUN  v4.0.18 /Users/normy/autobyteus_org/autobyteus-worktrees/astra-fable-pricing-support/autobyteus-server-ts

Prisma schema loaded from prisma/schema.prisma
Datasource "db": SQLite database "autobyteus-server-test.db" at "file:/Users/normy/autobyteus_org/autobyteus-worktrees/astra-fable-pricing-support/autobyteus-server-ts/tests/.tmp/autobyteus-server-test.db"

Applying migration `20260203074245_init`
Applying migration `20260208094000_add_external_channel_tables`
Applying migration `20260209174500_add_channel_message_receipt_turn_id`
Applying migration `20260209213000_remove_agent_conversation_tables`
Applying migration `20260210101500_add_agent_avatar`
Applying migration `20260210192000_add_agent_team_avatar`
Applying migration `20260211214500_add_sync_columns_and_tombstones`
Applying migration `20260212070000_remove_workflow_definition`
Applying migration `20260309103000_add_channel_binding_launch_preset`
Applying migration `20260310153000_add_channel_binding_team_definition_id`
Applying migration `20260331102000_remove_channel_bindings_table`
Applying migration `20260331130000_receipt_lifecycle_and_remove_channel_idempotency`
Applying migration `20260517090000_add_app_data_migration_records`
Applying migration `20260624090000_add_token_usage_ledger_events`
Applying migration `20260625193000_token_usage_component_pricing_explainability`
Applying migration `20260629120000_add_token_usage_display_fields`
Applying migration `20260702093000_token_usage_execution_address`
Applying migration `20260726090000_add_secret_vault`
Applying migration `20260730090000_add_token_usage_provider_name`
Applying migration `20260801090000_token_usage_member_display_name`
Applying migration `20260814090000_team_run_execution_tree_v1`
Applying migration `20260819090000_add_token_usage_run_records`
Applying migration `20260820090000_redesign_app_data_migration_summary`
Applying migration `20260822090000_add_token_usage_analytics`

Database reset successful

The following migration(s) have been applied:

migrations/
  └─ 20260203074245_init/
    └─ migration.sql
  └─ 20260208094000_add_external_channel_tables/
    └─ migration.sql
  └─ 20260209174500_add_channel_message_receipt_turn_id/
    └─ migration.sql
  └─ 20260209213000_remove_agent_conversation_tables/
    └─ migration.sql
  └─ 20260210101500_add_agent_avatar/
    └─ migration.sql
  └─ 20260210192000_add_agent_team_avatar/
    └─ migration.sql
  └─ 20260211214500_add_sync_columns_and_tombstones/
    └─ migration.sql
  └─ 20260212070000_remove_workflow_definition/
    └─ migration.sql
  └─ 20260309103000_add_channel_binding_launch_preset/
    └─ migration.sql
  └─ 20260310153000_add_channel_binding_team_definition_id/
    └─ migration.sql
  └─ 20260331102000_remove_channel_bindings_table/
    └─ migration.sql
  └─ 20260331130000_receipt_lifecycle_and_remove_channel_idempotency/
    └─ migration.sql
  └─ 20260517090000_add_app_data_migration_records/
    └─ migration.sql
  └─ 20260624090000_add_token_usage_ledger_events/
    └─ migration.sql
  └─ 20260625193000_token_usage_component_pricing_explainability/
    └─ migration.sql
  └─ 20260629120000_add_token_usage_display_fields/
    └─ migration.sql
  └─ 20260702093000_token_usage_execution_address/
    └─ migration.sql
  └─ 20260726090000_add_secret_vault/
    └─ migration.sql
  └─ 20260730090000_add_token_usage_provider_name/
    └─ migration.sql
  └─ 20260801090000_token_usage_member_display_name/
    └─ migration.sql
  └─ 20260814090000_team_run_execution_tree_v1/
    └─ migration.sql
  └─ 20260819090000_add_token_usage_run_records/
    └─ migration.sql
  └─ 20260820090000_redesign_app_data_migration_summary/
    └─ migration.sql
  └─ 20260822090000_add_token_usage_analytics/
    └─ migration.sql

stdout | tests/e2e/token-usage/astra-fable-token-usage-accounting-graphql.e2e.test.ts
AgentFactory (Singleton) initialized.

(node:16954) ExperimentalWarning: SQLite is an experimental feature and might change at any time
(Use `node --trace-warnings ...` to show where the warning was created)
stdout | tests/e2e/token-usage/astra-fable-token-usage-accounting-graphql.e2e.test.ts > Astra and Fable 5.1 token usage accounting and GraphQL convergence
prisma:info Starting a sqlite pool with 21 connections.

 ✓ tests/e2e/token-usage/astra-fable-token-usage-accounting-graphql.e2e.test.ts (4 tests) 141ms

 Test Files  1 passed (1)
      Tests  4 passed (4)
   Start at  06:25:55
   Duration  5.78s (transform 3.45s, setup 16ms, import 5.09s, tests 141ms, environment 0ms)
