{
  "result": "Pass local rendered self-check",
  "operations": [
    {
      "name": "ListWorkspaceRunHistory",
      "mode": "valid"
    },
    {
      "name": "ListCollaborationRootHistory",
      "mode": "valid"
    },
    {
      "name": "GetAgentDefinitions",
      "mode": "valid"
    },
    {
      "name": "ListCollaborationRootHistory",
      "mode": "private-negative"
    },
    {
      "name": "ListCollaborationRootHistory",
      "mode": "valid"
    },
    {
      "name": "ListCollaborationRootHistory",
      "mode": "empty"
    },
    {
      "name": "ListCollaborationRootHistory",
      "mode": "valid"
    }
  ],
  "events": [
    {
      "type": "error",
      "text": "An error occurred! For more details, see the full error text at https://go.apollo.dev/c/err#%7B%22version%22%3A%223.14.0%22%2C%22message%22%3A13%2C%22args%22%3A%5B%22__typename%22%2C%22%7B%5Cn%20%20%5C%22root_subject_kind%5C%22%3A%20%5C%22agent_org%5C%22%2C%5Cn%20%20%5C%22root_run_id%5C%22%3A%20%5C%22api009_approval_org_a6f2d91c_63ef_4f55_87dd_385d81448edc_8699769788d64ae3bc5526f2ed0c0298%5C%22%2C%5Cn%20%20%5C%22created_at%5C%22%3A%20%5C%222026-10-03T18%3A14%3A34.347Z%5C%22%2C%5Cn%20%20%5C%22archived_at%5C%22%3A%20null%2C%5Cn%20%20%5C%22is_active%5C%22%3A%20false%2C%5Cn%20%20%5C%22summary%5C%22%3A%20%5C%22Resolve%20own%20Project%20project_8984965a-aa0b-45d4-8ace-ef86642eee2d%2C%20inspect%20saved%20Task%20project_task...%5C%22%2C%5Cn%20%20%5C%22org%5C%22%3A%20%7B%5Cn%20%20%20%20%5C%22subjectKind%5C%22%3A%20%5C%22agent_org%5C%22%2C%5Cn%20%20%20%20%5C%22createdAt%5C%22%3A%20%5C%222026-10-03T18%3A14%3A34.347Z%5C%22%2C%5Cn%20%20%20%20%5C%22archivedAt%5C%22%3A%20null%2C%5Cn%20%20%20%20%5C%22applicationBinding%5C%22%3A%20null%2C%5Cn%20%20%20%20%5C%22handoffs%5C%22%3A%20%5B%5D%2C%5Cn%20%20%20%20%5C%22rootOrg%5C%22%3A%20%7B%5Cn%20%20%20%20%20%20%5C%22address%5C%22%3A%20%5C%22%2F%5C%22%2C%5Cn%20%20%20%20%20%20%5C%22orgDefinitionId%5C%22%3A%20%5C%22api009-approval-org-a6f2d91c-63ef-4f55-87dd-385d81448edc%5C%22%2C%5Cn%20%20%20%20%20%20%5C%22orgDefinitionName%5C%22%3A%20%5C%22API009%20Approval%20Org%20a6f2d91c-63ef-4f55-87dd-385d81448edc%5C%22%2C%5Cn%20%20%20%20%20%20%5C%22orgRunId%5C%22%3A%20%5C%22api009_approval_org_a6f2d91c_63ef_4f55_87dd_385d81448edc_8699769788d64ae3bc5526f2ed0c0298%5C%22%2C%5Cn%20%20%20%20%20%20%5C%22defaultLaunchConfiguration%5C%22%3A%20%7B%5Cn%20%20%20%20%20%20%20%20%5C%22runtimeKind%5C%22%3A%20%5C%22codex_app_server%5C%22%2C%5Cn%20%20%20%20%20%20%20%20%5C%22llmModelIdentifier%5C%22%3A%20%5C%22gpt-6.1-sol%5C%22%2C%5Cn%20%20%20%20%20%20%20%20%5C%22llmConfig%5C%22%3A%20%7B%5Cn%20%20%20%20%20%20%20%20%20%20%5C%22%22%5D%7D"
    },
    {
      "type": "error",
      "text": "An error occurred! For more details, see the full error text at https://go.apollo.dev/c/err#%7B%22version%22%3A%223.14.0%22%2C%22message%22%3A13%2C%22args%22%3A%5B%22__typename%22%2C%22%7B%5Cn%20%20%5C%22root_subject_kind%5C%22%3A%20%5C%22agent_org%5C%22%2C%5Cn%20%20%5C%22root_run_id%5C%22%3A%20%5C%22api009p_physical_org_0890dca9_8e56_436c_9bc3_f5119f4abede_b57b841e0ffb43aa9fd1031806a97d4c%5C%22%2C%5Cn%20%20%5C%22created_at%5C%22%3A%20%5C%222026-10-03T18%3A07%3A13.196Z%5C%22%2C%5Cn%20%20%5C%22archived_at%5C%22%3A%20null%2C%5Cn%20%20%5C%22is_active%5C%22%3A%20false%2C%5Cn%20%20%5C%22summary%5C%22%3A%20%5C%22Authorized%20own%20isolated%20validation.%20Resolve%20Project%20project_cca3af77-afa9-49c5-84a3-fe214cf6ca9e%3B...%5C%22%2C%5Cn%20%20%5C%22org%5C%22%3A%20%7B%5Cn%20%20%20%20%5C%22subjectKind%5C%22%3A%20%5C%22agent_org%5C%22%2C%5Cn%20%20%20%20%5C%22createdAt%5C%22%3A%20%5C%222026-10-03T18%3A07%3A13.196Z%5C%22%2C%5Cn%20%20%20%20%5C%22archivedAt%5C%22%3A%20null%2C%5Cn%20%20%20%20%5C%22applicationBinding%5C%22%3A%20null%2C%5Cn%20%20%20%20%5C%22handoffs%5C%22%3A%20%5B%5D%2C%5Cn%20%20%20%20%5C%22rootOrg%5C%22%3A%20%7B%5Cn%20%20%20%20%20%20%5C%22address%5C%22%3A%20%5C%22%2F%5C%22%2C%5Cn%20%20%20%20%20%20%5C%22orgDefinitionId%5C%22%3A%20%5C%22api009p-physical-org-0890dca9-8e56-436c-9bc3-f5119f4abede%5C%22%2C%5Cn%20%20%20%20%20%20%5C%22orgDefinitionName%5C%22%3A%20%5C%22API009P%20Physical%20Org%200890dca9-8e56-436c-9bc3-f5119f4abede%5C%22%2C%5Cn%20%20%20%20%20%20%5C%22orgRunId%5C%22%3A%20%5C%22api009p_physical_org_0890dca9_8e56_436c_9bc3_f5119f4abede_b57b841e0ffb43aa9fd1031806a97d4c%5C%22%2C%5Cn%20%20%20%20%20%20%5C%22defaultLaunchConfiguration%5C%22%3A%20%7B%5Cn%20%20%20%20%20%20%20%20%5C%22runtimeKind%5C%22%3A%20%5C%22codex_app_server%5C%22%2C%5Cn%20%20%20%20%20%20%20%20%5C%22llmModelIdentifier%5C%22%3A%20%5C%22gpt-6.1-sol%5C%22%2C%5Cn%20%20%20%20%20%20%20%20%5C%22llmConfig%5C%22%3A%20%7B%5Cn%20%20%20%20%20%20%20%22%5D%7D"
    },
    {
      "type": "error",
      "text": "An error occurred! For more details, see the full error text at https://go.apollo.dev/c/err#%7B%22version%22%3A%223.14.0%22%2C%22message%22%3A13%2C%22args%22%3A%5B%22__typename%22%2C%22%7B%5Cn%20%20%5C%22root_subject_kind%5C%22%3A%20%5C%22agent_org%5C%22%2C%5Cn%20%20%5C%22root_run_id%5C%22%3A%20%5C%22api009_concrete_root_org_rerun_861fe254_2e56_495d_8639_190c065a1ecc_f94d2cd2e48e4e77905fd72b7af8b476%5C%22%2C%5Cn%20%20%5C%22created_at%5C%22%3A%20%5C%222026-10-03T18%3A03%3A25.632Z%5C%22%2C%5Cn%20%20%5C%22archived_at%5C%22%3A%20null%2C%5Cn%20%20%5C%22is_active%5C%22%3A%20true%2C%5Cn%20%20%5C%22summary%5C%22%3A%20%5C%22Read%20ONLY%20%2Fprivate%2Fvar%2Ffolders%2F7w%2F9r4_s1_s42z3f7c136bpjf0r0000gn%2FT%2Fautobyteus-isolated-root-YVI5W...%5C%22%2C%5Cn%20%20%5C%22org%5C%22%3A%20%7B%5Cn%20%20%20%20%5C%22subjectKind%5C%22%3A%20%5C%22agent_org%5C%22%2C%5Cn%20%20%20%20%5C%22createdAt%5C%22%3A%20%5C%222026-10-03T18%3A03%3A25.632Z%5C%22%2C%5Cn%20%20%20%20%5C%22archivedAt%5C%22%3A%20null%2C%5Cn%20%20%20%20%5C%22applicationBinding%5C%22%3A%20null%2C%5Cn%20%20%20%20%5C%22handoffs%5C%22%3A%20%5B%5D%2C%5Cn%20%20%20%20%5C%22rootOrg%5C%22%3A%20%7B%5Cn%20%20%20%20%20%20%5C%22address%5C%22%3A%20%5C%22%2F%5C%22%2C%5Cn%20%20%20%20%20%20%5C%22orgDefinitionId%5C%22%3A%20%5C%22api009-concrete-root-org-rerun-861fe254-2e56-495d-8639-190c065a1ecc%5C%22%2C%5Cn%20%20%20%20%20%20%5C%22orgDefinitionName%5C%22%3A%20%5C%22API009%20Concrete%20Root%20Org%20Rerun%20861fe254-2e56-495d-8639-190c065a1ecc%5C%22%2C%5Cn%20%20%20%20%20%20%5C%22orgRunId%5C%22%3A%20%5C%22api009_concrete_root_org_rerun_861fe254_2e56_495d_8639_190c065a1ecc_f94d2cd2e48e4e77905fd72b7af8b476%5C%22%2C%5Cn%20%20%20%20%20%20%5C%22defaultLaunchConfiguration%5C%22%3A%20%7B%5Cn%20%20%20%20%20%20%20%20%5C%22runtimeKind%5C%22%3A%20%5C%22codex_app_server%5C%22%2C%5Cn%20%20%20%20%20%20%20%20%5C%22llmModelIdentifier%5C%22%3A%20%5C%22gpt-6%22%5D%7D"
    },
    {
      "type": "error",
      "text": "An error occurred! For more details, see the full error text at https://go.apollo.dev/c/err#%7B%22version%22%3A%223.14.0%22%2C%22message%22%3A13%2C%22args%22%3A%5B%22__typename%22%2C%22%7B%5Cn%20%20%5C%22root_subject_kind%5C%22%3A%20%5C%22agent_org%5C%22%2C%5Cn%20%20%5C%22root_run_id%5C%22%3A%20%5C%22api009_approval_org_a6f2d91c_63ef_4f55_87dd_385d81448edc_8699769788d64ae3bc5526f2ed0c0298%5C%22%2C%5Cn%20%20%5C%22created_at%5C%22%3A%20%5C%222026-10-03T18%3A14%3A34.347Z%5C%22%2C%5Cn%20%20%5C%22archived_at%5C%22%3A%20null%2C%5Cn%20%20%5C%22is_active%5C%22%3A%20false%2C%5Cn%20%20%5C%22summary%5C%22%3A%20%5C%22Resolve%20own%20Project%20project_8984965a-aa0b-45d4-8ace-ef86642eee2d%2C%20inspect%20saved%20Task%20project_task...%5C%22%2C%5Cn%20%20%5C%22org%5C%22%3A%20%7B%5Cn%20%20%20%20%5C%22subjectKind%5C%22%3A%20%5C%22agent_org%5C%22%2C%5Cn%20%20%20%20%5C%22createdAt%5C%22%3A%20%5C%222026-10-03T18%3A14%3A34.347Z%5C%22%2C%5Cn%20%20%20%20%5C%22archivedAt%5C%22%3A%20null%2C%5Cn%20%20%20%20%5C%22applicationBinding%5C%22%3A%20null%2C%5Cn%20%20%20%20%5C%22handoffs%5C%22%3A%20%5B%5D%2C%5Cn%20%20%20%20%5C%22rootOrg%5C%22%3A%20%7B%5Cn%20%20%20%20%20%20%5C%22address%5C%22%3A%20%5C%22%2F%5C%22%2C%5Cn%20%20%20%20%20%20%5C%22orgDefinitionId%5C%22%3A%20%5C%22api009-approval-org-a6f2d91c-63ef-4f55-87dd-385d81448edc%5C%22%2C%5Cn%20%20%20%20%20%20%5C%22orgDefinitionName%5C%22%3A%20%5C%22API009%20Approval%20Org%20a6f2d91c-63ef-4f55-87dd-385d81448edc%5C%22%2C%5Cn%20%20%20%20%20%20%5C%22orgRunId%5C%22%3A%20%5C%22api009_approval_org_a6f2d91c_63ef_4f55_87dd_385d81448edc_8699769788d64ae3bc5526f2ed0c0298%5C%22%2C%5Cn%20%20%20%20%20%20%5C%22defaultLaunchConfiguration%5C%22%3A%20%7B%5Cn%20%20%20%20%20%20%20%20%5C%22runtimeKind%5C%22%3A%20%5C%22codex_app_server%5C%22%2C%5Cn%20%20%20%20%20%20%20%20%5C%22llmModelIdentifier%5C%22%3A%20%5C%22gpt-6.1-sol%5C%22%2C%5Cn%20%20%20%20%20%20%20%20%5C%22llmConfig%5C%22%3A%20%7B%5Cn%20%20%20%20%20%20%20%20%20%20%5C%22%22%5D%7D"
    },
    {
      "type": "error",
      "text": "An error occurred! For more details, see the full error text at https://go.apollo.dev/c/err#%7B%22version%22%3A%223.14.0%22%2C%22message%22%3A13%2C%22args%22%3A%5B%22__typename%22%2C%22%7B%5Cn%20%20%5C%22root_subject_kind%5C%22%3A%20%5C%22agent_org%5C%22%2C%5Cn%20%20%5C%22root_run_id%5C%22%3A%20%5C%22api009p_physical_org_0890dca9_8e56_436c_9bc3_f5119f4abede_b57b841e0ffb43aa9fd1031806a97d4c%5C%22%2C%5Cn%20%20%5C%22created_at%5C%22%3A%20%5C%222026-10-03T18%3A07%3A13.196Z%5C%22%2C%5Cn%20%20%5C%22archived_at%5C%22%3A%20null%2C%5Cn%20%20%5C%22is_active%5C%22%3A%20false%2C%5Cn%20%20%5C%22summary%5C%22%3A%20%5C%22Authorized%20own%20isolated%20validation.%20Resolve%20Project%20project_cca3af77-afa9-49c5-84a3-fe214cf6ca9e%3B...%5C%22%2C%5Cn%20%20%5C%22org%5C%22%3A%20%7B%5Cn%20%20%20%20%5C%22subjectKind%5C%22%3A%20%5C%22agent_org%5C%22%2C%5Cn%20%20%20%20%5C%22createdAt%5C%22%3A%20%5C%222026-10-03T18%3A07%3A13.196Z%5C%22%2C%5Cn%20%20%20%20%5C%22archivedAt%5C%22%3A%20null%2C%5Cn%20%20%20%20%5C%22applicationBinding%5C%22%3A%20null%2C%5Cn%20%20%20%20%5C%22handoffs%5C%22%3A%20%5B%5D%2C%5Cn%20%20%20%20%5C%22rootOrg%5C%22%3A%20%7B%5Cn%20%20%20%20%20%20%5C%22address%5C%22%3A%20%5C%22%2F%5C%22%2C%5Cn%20%20%20%20%20%20%5C%22orgDefinitionId%5C%22%3A%20%5C%22api009p-physical-org-0890dca9-8e56-436c-9bc3-f5119f4abede%5C%22%2C%5Cn%20%20%20%20%20%20%5C%22orgDefinitionName%5C%22%3A%20%5C%22API009P%20Physical%20Org%200890dca9-8e56-436c-9bc3-f5119f4abede%5C%22%2C%5Cn%20%20%20%20%20%20%5C%22orgRunId%5C%22%3A%20%5C%22api009p_physical_org_0890dca9_8e56_436c_9bc3_f5119f4abede_b57b841e0ffb43aa9fd1031806a97d4c%5C%22%2C%5Cn%20%20%20%20%20%20%5C%22defaultLaunchConfiguration%5C%22%3A%20%7B%5Cn%20%20%20%20%20%20%20%20%5C%22runtimeKind%5C%22%3A%20%5C%22codex_app_server%5C%22%2C%5Cn%20%20%20%20%20%20%20%20%5C%22llmModelIdentifier%5C%22%3A%20%5C%22gpt-6.1-sol%5C%22%2C%5Cn%20%20%20%20%20%20%20%20%5C%22llmConfig%5C%22%3A%20%7B%5Cn%20%20%20%20%20%20%20%22%5D%7D"
    },
    {
      "type": "error",
      "text": "An error occurred! For more details, see the full error text at https://go.apollo.dev/c/err#%7B%22version%22%3A%223.14.0%22%2C%22message%22%3A13%2C%22args%22%3A%5B%22__typename%22%2C%22%7B%5Cn%20%20%5C%22root_subject_kind%5C%22%3A%20%5C%22agent_org%5C%22%2C%5Cn%20%20%5C%22root_run_id%5C%22%3A%20%5C%22api009_concrete_root_org_rerun_861fe254_2e56_495d_8639_190c065a1ecc_f94d2cd2e48e4e77905fd72b7af8b476%5C%22%2C%5Cn%20%20%5C%22created_at%5C%22%3A%20%5C%222026-10-03T18%3A03%3A25.632Z%5C%22%2C%5Cn%20%20%5C%22archived_at%5C%22%3A%20null%2C%5Cn%20%20%5C%22is_active%5C%22%3A%20true%2C%5Cn%20%20%5C%22summary%5C%22%3A%20%5C%22Read%20ONLY%20%2Fprivate%2Fvar%2Ffolders%2F7w%2F9r4_s1_s42z3f7c136bpjf0r0000gn%2FT%2Fautobyteus-isolated-root-YVI5W...%5C%22%2C%5Cn%20%20%5C%22org%5C%22%3A%20%7B%5Cn%20%20%20%20%5C%22subjectKind%5C%22%3A%20%5C%22agent_org%5C%22%2C%5Cn%20%20%20%20%5C%22createdAt%5C%22%3A%20%5C%222026-10-03T18%3A03%3A25.632Z%5C%22%2C%5Cn%20%20%20%20%5C%22archivedAt%5C%22%3A%20null%2C%5Cn%20%20%20%20%5C%22applicationBinding%5C%22%3A%20null%2C%5Cn%20%20%20%20%5C%22handoffs%5C%22%3A%20%5B%5D%2C%5Cn%20%20%20%20%5C%22rootOrg%5C%22%3A%20%7B%5Cn%20%20%20%20%20%20%5C%22address%5C%22%3A%20%5C%22%2F%5C%22%2C%5Cn%20%20%20%20%20%20%5C%22orgDefinitionId%5C%22%3A%20%5C%22api009-concrete-root-org-rerun-861fe254-2e56-495d-8639-190c065a1ecc%5C%22%2C%5Cn%20%20%20%20%20%20%5C%22orgDefinitionName%5C%22%3A%20%5C%22API009%20Concrete%20Root%20Org%20Rerun%20861fe254-2e56-495d-8639-190c065a1ecc%5C%22%2C%5Cn%20%20%20%20%20%20%5C%22orgRunId%5C%22%3A%20%5C%22api009_concrete_root_org_rerun_861fe254_2e56_495d_8639_190c065a1ecc_f94d2cd2e48e4e77905fd72b7af8b476%5C%22%2C%5Cn%20%20%20%20%20%20%5C%22defaultLaunchConfiguration%5C%22%3A%20%7B%5Cn%20%20%20%20%20%20%20%20%5C%22runtimeKind%5C%22%3A%20%5C%22codex_app_server%5C%22%2C%5Cn%20%20%20%20%20%20%20%20%5C%22llmModelIdentifier%5C%22%3A%20%5C%22gpt-6%22%5D%7D"
    },
    {
      "type": "error",
      "text": "An error occurred! For more details, see the full error text at https://go.apollo.dev/c/err#%7B%22version%22%3A%223.14.0%22%2C%22message%22%3A13%2C%22args%22%3A%5B%22__typename%22%2C%22%7B%5Cn%20%20%5C%22root_subject_kind%5C%22%3A%20%5C%22agent_org%5C%22%2C%5Cn%20%20%5C%22root_run_id%5C%22%3A%20%5C%22api009_approval_org_a6f2d91c_63ef_4f55_87dd_385d81448edc_8699769788d64ae3bc5526f2ed0c0298%5C%22%2C%5Cn%20%20%5C%22created_at%5C%22%3A%20%5C%222026-10-03T18%3A14%3A34.347Z%5C%22%2C%5Cn%20%20%5C%22archived_at%5C%22%3A%20null%2C%5Cn%20%20%5C%22is_active%5C%22%3A%20false%2C%5Cn%20%20%5C%22summary%5C%22%3A%20%5C%22Resolve%20own%20Project%20project_8984965a-aa0b-45d4-8ace-ef86642eee2d%2C%20inspect%20saved%20Task%20project_task...%5C%22%2C%5Cn%20%20%5C%22org%5C%22%3A%20%7B%5Cn%20%20%20%20%5C%22subjectKind%5C%22%3A%20%5C%22agent_org%5C%22%2C%5Cn%20%20%20%20%5C%22createdAt%5C%22%3A%20%5C%222026-10-03T18%3A14%3A34.347Z%5C%22%2C%5Cn%20%20%20%20%5C%22archivedAt%5C%22%3A%20null%2C%5Cn%20%20%20%20%5C%22applicationBinding%5C%22%3A%20null%2C%5Cn%20%20%20%20%5C%22handoffs%5C%22%3A%20%5B%5D%2C%5Cn%20%20%20%20%5C%22rootOrg%5C%22%3A%20%7B%5Cn%20%20%20%20%20%20%5C%22address%5C%22%3A%20%5C%22%2F%5C%22%2C%5Cn%20%20%20%20%20%20%5C%22orgDefinitionId%5C%22%3A%20%5C%22api009-approval-org-a6f2d91c-63ef-4f55-87dd-385d81448edc%5C%22%2C%5Cn%20%20%20%20%20%20%5C%22orgDefinitionName%5C%22%3A%20%5C%22API009%20Approval%20Org%20a6f2d91c-63ef-4f55-87dd-385d81448edc%5C%22%2C%5Cn%20%20%20%20%20%20%5C%22orgRunId%5C%22%3A%20%5C%22api009_approval_org_a6f2d91c_63ef_4f55_87dd_385d81448edc_8699769788d64ae3bc5526f2ed0c0298%5C%22%2C%5Cn%20%20%20%20%20%20%5C%22defaultLaunchConfiguration%5C%22%3A%20%7B%5Cn%20%20%20%20%20%20%20%20%5C%22runtimeKind%5C%22%3A%20%5C%22codex_app_server%5C%22%2C%5Cn%20%20%20%20%20%20%20%20%5C%22llmModelIdentifier%5C%22%3A%20%5C%22gpt-6.1-sol%5C%22%2C%5Cn%20%20%20%20%20%20%20%20%5C%22llmConfig%5C%22%3A%20%7B%5Cn%20%20%20%20%20%20%20%20%20%20%5C%22%22%5D%7D"
    },
    {
      "type": "error",
      "text": "An error occurred! For more details, see the full error text at https://go.apollo.dev/c/err#%7B%22version%22%3A%223.14.0%22%2C%22message%22%3A13%2C%22args%22%3A%5B%22__typename%22%2C%22%7B%5Cn%20%20%5C%22root_subject_kind%5C%22%3A%20%5C%22agent_org%5C%22%2C%5Cn%20%20%5C%22root_run_id%5C%22%3A%20%5C%22api009p_physical_org_0890dca9_8e56_436c_9bc3_f5119f4abede_b57b841e0ffb43aa9fd1031806a97d4c%5C%22%2C%5Cn%20%20%5C%22created_at%5C%22%3A%20%5C%222026-10-03T18%3A07%3A13.196Z%5C%22%2C%5Cn%20%20%5C%22archived_at%5C%22%3A%20null%2C%5Cn%20%20%5C%22is_active%5C%22%3A%20false%2C%5Cn%20%20%5C%22summary%5C%22%3A%20%5C%22Authorized%20own%20isolated%20validation.%20Resolve%20Project%20project_cca3af77-afa9-49c5-84a3-fe214cf6ca9e%3B...%5C%22%2C%5Cn%20%20%5C%22org%5C%22%3A%20%7B%5Cn%20%20%20%20%5C%22subjectKind%5C%22%3A%20%5C%22agent_org%5C%22%2C%5Cn%20%20%20%20%5C%22createdAt%5C%22%3A%20%5C%222026-10-03T18%3A07%3A13.196Z%5C%22%2C%5Cn%20%20%20%20%5C%22archivedAt%5C%22%3A%20null%2C%5Cn%20%20%20%20%5C%22applicationBinding%5C%22%3A%20null%2C%5Cn%20%20%20%20%5C%22handoffs%5C%22%3A%20%5B%5D%2C%5Cn%20%20%20%20%5C%22rootOrg%5C%22%3A%20%7B%5Cn%20%20%20%20%20%20%5C%22address%5C%22%3A%20%5C%22%2F%5C%22%2C%5Cn%20%20%20%20%20%20%5C%22orgDefinitionId%5C%22%3A%20%5C%22api009p-physical-org-0890dca9-8e56-436c-9bc3-f5119f4abede%5C%22%2C%5Cn%20%20%20%20%20%20%5C%22orgDefinitionName%5C%22%3A%20%5C%22API009P%20Physical%20Org%200890dca9-8e56-436c-9bc3-f5119f4abede%5C%22%2C%5Cn%20%20%20%20%20%20%5C%22orgRunId%5C%22%3A%20%5C%22api009p_physical_org_0890dca9_8e56_436c_9bc3_f5119f4abede_b57b841e0ffb43aa9fd1031806a97d4c%5C%22%2C%5Cn%20%20%20%20%20%20%5C%22defaultLaunchConfiguration%5C%22%3A%20%7B%5Cn%20%20%20%20%20%20%20%20%5C%22runtimeKind%5C%22%3A%20%5C%22codex_app_server%5C%22%2C%5Cn%20%20%20%20%20%20%20%20%5C%22llmModelIdentifier%5C%22%3A%20%5C%22gpt-6.1-sol%5C%22%2C%5Cn%20%20%20%20%20%20%20%20%5C%22llmConfig%5C%22%3A%20%7B%5Cn%20%20%20%20%20%20%20%22%5D%7D"
    },
    {
      "type": "error",
      "text": "An error occurred! For more details, see the full error text at https://go.apollo.dev/c/err#%7B%22version%22%3A%223.14.0%22%2C%22message%22%3A13%2C%22args%22%3A%5B%22__typename%22%2C%22%7B%5Cn%20%20%5C%22root_subject_kind%5C%22%3A%20%5C%22agent_org%5C%22%2C%5Cn%20%20%5C%22root_run_id%5C%22%3A%20%5C%22api009_concrete_root_org_rerun_861fe254_2e56_495d_8639_190c065a1ecc_f94d2cd2e48e4e77905fd72b7af8b476%5C%22%2C%5Cn%20%20%5C%22created_at%5C%22%3A%20%5C%222026-10-03T18%3A03%3A25.632Z%5C%22%2C%5Cn%20%20%5C%22archived_at%5C%22%3A%20null%2C%5Cn%20%20%5C%22is_active%5C%22%3A%20true%2C%5Cn%20%20%5C%22summary%5C%22%3A%20%5C%22Read%20ONLY%20%2Fprivate%2Fvar%2Ffolders%2F7w%2F9r4_s1_s42z3f7c136bpjf0r0000gn%2FT%2Fautobyteus-isolated-root-YVI5W...%5C%22%2C%5Cn%20%20%5C%22org%5C%22%3A%20%7B%5Cn%20%20%20%20%5C%22subjectKind%5C%22%3A%20%5C%22agent_org%5C%22%2C%5Cn%20%20%20%20%5C%22createdAt%5C%22%3A%20%5C%222026-10-03T18%3A03%3A25.632Z%5C%22%2C%5Cn%20%20%20%20%5C%22archivedAt%5C%22%3A%20null%2C%5Cn%20%20%20%20%5C%22applicationBinding%5C%22%3A%20null%2C%5Cn%20%20%20%20%5C%22handoffs%5C%22%3A%20%5B%5D%2C%5Cn%20%20%20%20%5C%22rootOrg%5C%22%3A%20%7B%5Cn%20%20%20%20%20%20%5C%22address%5C%22%3A%20%5C%22%2F%5C%22%2C%5Cn%20%20%20%20%20%20%5C%22orgDefinitionId%5C%22%3A%20%5C%22api009-concrete-root-org-rerun-861fe254-2e56-495d-8639-190c065a1ecc%5C%22%2C%5Cn%20%20%20%20%20%20%5C%22orgDefinitionName%5C%22%3A%20%5C%22API009%20Concrete%20Root%20Org%20Rerun%20861fe254-2e56-495d-8639-190c065a1ecc%5C%22%2C%5Cn%20%20%20%20%20%20%5C%22orgRunId%5C%22%3A%20%5C%22api009_concrete_root_org_rerun_861fe254_2e56_495d_8639_190c065a1ecc_f94d2cd2e48e4e77905fd72b7af8b476%5C%22%2C%5Cn%20%20%20%20%20%20%5C%22defaultLaunchConfiguration%5C%22%3A%20%7B%5Cn%20%20%20%20%20%20%20%20%5C%22runtimeKind%5C%22%3A%20%5C%22codex_app_server%5C%22%2C%5Cn%20%20%20%20%20%20%20%20%5C%22llmModelIdentifier%5C%22%3A%20%5C%22gpt-6%22%5D%7D"
    },
    {
      "type": "warning",
      "text": "An error occurred! For more details, see the full error text at https://go.apollo.dev/c/err#%7B%22version%22%3A%223.14.0%22%2C%22message%22%3A15%2C%22args%22%3A%5B%22listCollaborationRootHistory%22%2C%22Query%22%2C%22%22%2C%22Query.listCollaborationRootHistory%22%2C%22%7B%5Cn%20%20%5C%220%5C%22%3A%20%7B%7D%2C%5Cn%20%20%5C%221%5C%22%3A%20%7B%7D%2C%5Cn%20%20%5C%222%5C%22%3A%20%7B%7D%5Cn%7D%22%2C%22%7B%7D%22%5D%7D"
    },
    {
      "type": "error",
      "text": "An error occurred! For more details, see the full error text at https://go.apollo.dev/c/err#%7B%22version%22%3A%223.14.0%22%2C%22message%22%3A13%2C%22args%22%3A%5B%22__typename%22%2C%22%7B%5Cn%20%20%5C%22root_subject_kind%5C%22%3A%20%5C%22agent_org%5C%22%2C%5Cn%20%20%5C%22root_run_id%5C%22%3A%20%5C%22api009_approval_org_a6f2d91c_63ef_4f55_87dd_385d81448edc_8699769788d64ae3bc5526f2ed0c0298%5C%22%2C%5Cn%20%20%5C%22created_at%5C%22%3A%20%5C%222026-10-03T18%3A14%3A34.347Z%5C%22%2C%5Cn%20%20%5C%22archived_at%5C%22%3A%20null%2C%5Cn%20%20%5C%22is_active%5C%22%3A%20false%2C%5Cn%20%20%5C%22summary%5C%22%3A%20%5C%22Resolve%20own%20Project%20project_8984965a-aa0b-45d4-8ace-ef86642eee2d%2C%20inspect%20saved%20Task%20project_task...%5C%22%2C%5Cn%20%20%5C%22org%5C%22%3A%20%7B%5Cn%20%20%20%20%5C%22subjectKind%5C%22%3A%20%5C%22agent_org%5C%22%2C%5Cn%20%20%20%20%5C%22createdAt%5C%22%3A%20%5C%222026-10-03T18%3A14%3A34.347Z%5C%22%2C%5Cn%20%20%20%20%5C%22archivedAt%5C%22%3A%20null%2C%5Cn%20%20%20%20%5C%22applicationBinding%5C%22%3A%20null%2C%5Cn%20%20%20%20%5C%22handoffs%5C%22%3A%20%5B%5D%2C%5Cn%20%20%20%20%5C%22rootOrg%5C%22%3A%20%7B%5Cn%20%20%20%20%20%20%5C%22address%5C%22%3A%20%5C%22%2F%5C%22%2C%5Cn%20%20%20%20%20%20%5C%22orgDefinitionId%5C%22%3A%20%5C%22api009-approval-org-a6f2d91c-63ef-4f55-87dd-385d81448edc%5C%22%2C%5Cn%20%20%20%20%20%20%5C%22orgDefinitionName%5C%22%3A%20%5C%22API009%20Approval%20Org%20a6f2d91c-63ef-4f55-87dd-385d81448edc%5C%22%2C%5Cn%20%20%20%20%20%20%5C%22orgRunId%5C%22%3A%20%5C%22api009_approval_org_a6f2d91c_63ef_4f55_87dd_385d81448edc_8699769788d64ae3bc5526f2ed0c0298%5C%22%2C%5Cn%20%20%20%20%20%20%5C%22defaultLaunchConfiguration%5C%22%3A%20%7B%5Cn%20%20%20%20%20%20%20%20%5C%22runtimeKind%5C%22%3A%20%5C%22codex_app_server%5C%22%2C%5Cn%20%20%20%20%20%20%20%20%5C%22llmModelIdentifier%5C%22%3A%20%5C%22gpt-6.1-sol%5C%22%2C%5Cn%20%20%20%20%20%20%20%20%5C%22llmConfig%5C%22%3A%20%7B%5Cn%20%20%20%20%20%20%20%20%20%20%5C%22%22%5D%7D"
    },
    {
      "type": "error",
      "text": "An error occurred! For more details, see the full error text at https://go.apollo.dev/c/err#%7B%22version%22%3A%223.14.0%22%2C%22message%22%3A13%2C%22args%22%3A%5B%22__typename%22%2C%22%7B%5Cn%20%20%5C%22root_subject_kind%5C%22%3A%20%5C%22agent_org%5C%22%2C%5Cn%20%20%5C%22root_run_id%5C%22%3A%20%5C%22api009p_physical_org_0890dca9_8e56_436c_9bc3_f5119f4abede_b57b841e0ffb43aa9fd1031806a97d4c%5C%22%2C%5Cn%20%20%5C%22created_at%5C%22%3A%20%5C%222026-10-03T18%3A07%3A13.196Z%5C%22%2C%5Cn%20%20%5C%22archived_at%5C%22%3A%20null%2C%5Cn%20%20%5C%22is_active%5C%22%3A%20false%2C%5Cn%20%20%5C%22summary%5C%22%3A%20%5C%22Authorized%20own%20isolated%20validation.%20Resolve%20Project%20project_cca3af77-afa9-49c5-84a3-fe214cf6ca9e%3B...%5C%22%2C%5Cn%20%20%5C%22org%5C%22%3A%20%7B%5Cn%20%20%20%20%5C%22subjectKind%5C%22%3A%20%5C%22agent_org%5C%22%2C%5Cn%20%20%20%20%5C%22createdAt%5C%22%3A%20%5C%222026-10-03T18%3A07%3A13.196Z%5C%22%2C%5Cn%20%20%20%20%5C%22archivedAt%5C%22%3A%20null%2C%5Cn%20%20%20%20%5C%22applicationBinding%5C%22%3A%20null%2C%5Cn%20%20%20%20%5C%22handoffs%5C%22%3A%20%5B%5D%2C%5Cn%20%20%20%20%5C%22rootOrg%5C%22%3A%20%7B%5Cn%20%20%20%20%20%20%5C%22address%5C%22%3A%20%5C%22%2F%5C%22%2C%5Cn%20%20%20%20%20%20%5C%22orgDefinitionId%5C%22%3A%20%5C%22api009p-physical-org-0890dca9-8e56-436c-9bc3-f5119f4abede%5C%22%2C%5Cn%20%20%20%20%20%20%5C%22orgDefinitionName%5C%22%3A%20%5C%22API009P%20Physical%20Org%200890dca9-8e56-436c-9bc3-f5119f4abede%5C%22%2C%5Cn%20%20%20%20%20%20%5C%22orgRunId%5C%22%3A%20%5C%22api009p_physical_org_0890dca9_8e56_436c_9bc3_f5119f4abede_b57b841e0ffb43aa9fd1031806a97d4c%5C%22%2C%5Cn%20%20%20%20%20%20%5C%22defaultLaunchConfiguration%5C%22%3A%20%7B%5Cn%20%20%20%20%20%20%20%20%5C%22runtimeKind%5C%22%3A%20%5C%22codex_app_server%5C%22%2C%5Cn%20%20%20%20%20%20%20%20%5C%22llmModelIdentifier%5C%22%3A%20%5C%22gpt-6.1-sol%5C%22%2C%5Cn%20%20%20%20%20%20%20%20%5C%22llmConfig%5C%22%3A%20%7B%5Cn%20%20%20%20%20%20%20%22%5D%7D"
    },
    {
      "type": "error",
      "text": "An error occurred! For more details, see the full error text at https://go.apollo.dev/c/err#%7B%22version%22%3A%223.14.0%22%2C%22message%22%3A13%2C%22args%22%3A%5B%22__typename%22%2C%22%7B%5Cn%20%20%5C%22root_subject_kind%5C%22%3A%20%5C%22agent_org%5C%22%2C%5Cn%20%20%5C%22root_run_id%5C%22%3A%20%5C%22api009_concrete_root_org_rerun_861fe254_2e56_495d_8639_190c065a1ecc_f94d2cd2e48e4e77905fd72b7af8b476%5C%22%2C%5Cn%20%20%5C%22created_at%5C%22%3A%20%5C%222026-10-03T18%3A03%3A25.632Z%5C%22%2C%5Cn%20%20%5C%22archived_at%5C%22%3A%20null%2C%5Cn%20%20%5C%22is_active%5C%22%3A%20true%2C%5Cn%20%20%5C%22summary%5C%22%3A%20%5C%22Read%20ONLY%20%2Fprivate%2Fvar%2Ffolders%2F7w%2F9r4_s1_s42z3f7c136bpjf0r0000gn%2FT%2Fautobyteus-isolated-root-YVI5W...%5C%22%2C%5Cn%20%20%5C%22org%5C%22%3A%20%7B%5Cn%20%20%20%20%5C%22subjectKind%5C%22%3A%20%5C%22agent_org%5C%22%2C%5Cn%20%20%20%20%5C%22createdAt%5C%22%3A%20%5C%222026-10-03T18%3A03%3A25.632Z%5C%22%2C%5Cn%20%20%20%20%5C%22archivedAt%5C%22%3A%20null%2C%5Cn%20%20%20%20%5C%22applicationBinding%5C%22%3A%20null%2C%5Cn%20%20%20%20%5C%22handoffs%5C%22%3A%20%5B%5D%2C%5Cn%20%20%20%20%5C%22rootOrg%5C%22%3A%20%7B%5Cn%20%20%20%20%20%20%5C%22address%5C%22%3A%20%5C%22%2F%5C%22%2C%5Cn%20%20%20%20%20%20%5C%22orgDefinitionId%5C%22%3A%20%5C%22api009-concrete-root-org-rerun-861fe254-2e56-495d-8639-190c065a1ecc%5C%22%2C%5Cn%20%20%20%20%20%20%5C%22orgDefinitionName%5C%22%3A%20%5C%22API009%20Concrete%20Root%20Org%20Rerun%20861fe254-2e56-495d-8639-190c065a1ecc%5C%22%2C%5Cn%20%20%20%20%20%20%5C%22orgRunId%5C%22%3A%20%5C%22api009_concrete_root_org_rerun_861fe254_2e56_495d_8639_190c065a1ecc_f94d2cd2e48e4e77905fd72b7af8b476%5C%22%2C%5Cn%20%20%20%20%20%20%5C%22defaultLaunchConfiguration%5C%22%3A%20%7B%5Cn%20%20%20%20%20%20%20%20%5C%22runtimeKind%5C%22%3A%20%5C%22codex_app_server%5C%22%2C%5Cn%20%20%20%20%20%20%20%20%5C%22llmModelIdentifier%5C%22%3A%20%5C%22gpt-6%22%5D%7D"
    }
  ],
  "cleanup": {
    "browserClosed": true,
    "nuxtExitCode": null,
    "nuxtSignal": "SIGTERM",
    "temporaryRouteRemoved": true
  }
}
