
 RUN  v4.0.18 /Users/normy/autobyteus_org/autobyteus-worktrees/project-task-manager-linked-delegation/autobyteus-server-ts

Prisma schema loaded from prisma/schema.prisma
Datasource "db": SQLite database "autobyteus-server-test.db" at "file:/Users/normy/autobyteus_org/autobyteus-worktrees/project-task-manager-linked-delegation/autobyteus-server-ts/tests/.tmp/autobyteus-server-test.db"

Applying migration `20260203074245_init`
Applying migration `20260208094000_add_external_channel_tables`
Applying migration `20260209174500_add_channel_message_receipt_turn_id`
Applying migration `20260209213000_remove_agent_conversation_tables`
Applying migration `20260210101500_add_agent_avatar`
Applying migration `20260210192000_add_agent_team_avatar`
Applying migration `20260211214500_add_sync_columns_and_tombstones`
Applying migration `20260212070000_remove_workflow_definition`
Applying migration `20260309103000_add_channel_binding_launch_preset`
Applying migration `20260310153000_add_channel_binding_team_definition_id`
Applying migration `20260331102000_remove_channel_bindings_table`
Applying migration `20260331130000_receipt_lifecycle_and_remove_channel_idempotency`
Applying migration `20260517090000_add_app_data_migration_records`
Applying migration `20260624090000_add_token_usage_ledger_events`
Applying migration `20260625193000_token_usage_component_pricing_explainability`
Applying migration `20260629120000_add_token_usage_display_fields`
Applying migration `20260702093000_token_usage_execution_address`
Applying migration `20260726090000_add_secret_vault`
Applying migration `20260730090000_add_token_usage_provider_name`
Applying migration `20260801090000_token_usage_member_display_name`
Applying migration `20260814090000_team_run_execution_tree_v1`
Applying migration `20260819090000_add_token_usage_run_records`
Applying migration `20260820090000_redesign_app_data_migration_summary`
Applying migration `20260822090000_add_token_usage_analytics`
Applying migration `20260923130000_add_claude_sdk_usage_state`
Applying migration `20260924120000_remove_external_channel_tables`

Database reset successful

The following migration(s) have been applied:

migrations/
  └─ 20260203074245_init/
    └─ migration.sql
  └─ 20260208094000_add_external_channel_tables/
    └─ migration.sql
  └─ 20260209174500_add_channel_message_receipt_turn_id/
    └─ migration.sql
  └─ 20260209213000_remove_agent_conversation_tables/
    └─ migration.sql
  └─ 20260210101500_add_agent_avatar/
    └─ migration.sql
  └─ 20260210192000_add_agent_team_avatar/
    └─ migration.sql
  └─ 20260211214500_add_sync_columns_and_tombstones/
    └─ migration.sql
  └─ 20260212070000_remove_workflow_definition/
    └─ migration.sql
  └─ 20260309103000_add_channel_binding_launch_preset/
    └─ migration.sql
  └─ 20260310153000_add_channel_binding_team_definition_id/
    └─ migration.sql
  └─ 20260331102000_remove_channel_bindings_table/
    └─ migration.sql
  └─ 20260331130000_receipt_lifecycle_and_remove_channel_idempotency/
    └─ migration.sql
  └─ 20260517090000_add_app_data_migration_records/
    └─ migration.sql
  └─ 20260624090000_add_token_usage_ledger_events/
    └─ migration.sql
  └─ 20260625193000_token_usage_component_pricing_explainability/
    └─ migration.sql
  └─ 20260629120000_add_token_usage_display_fields/
    └─ migration.sql
  └─ 20260702093000_token_usage_execution_address/
    └─ migration.sql
  └─ 20260726090000_add_secret_vault/
    └─ migration.sql
  └─ 20260730090000_add_token_usage_provider_name/
    └─ migration.sql
  └─ 20260801090000_token_usage_member_display_name/
    └─ migration.sql
  └─ 20260814090000_team_run_execution_tree_v1/
    └─ migration.sql
  └─ 20260819090000_add_token_usage_run_records/
    └─ migration.sql
  └─ 20260820090000_redesign_app_data_migration_summary/
    └─ migration.sql
  └─ 20260822090000_add_token_usage_analytics/
    └─ migration.sql
  └─ 20260923130000_add_claude_sdk_usage_state/
    └─ migration.sql
  └─ 20260924120000_remove_external_channel_tables/
    └─ migration.sql

stdout | tests/unit/agent-team-execution/team-root-agent-initiated-collaborators.test.ts
AgentFactory (Singleton) initialized.

stdout | tests/unit/agent-team-execution/team-root-agent-initiated-collaborators.test.ts > agent-initiated collaborators in a Team root > lists eligible definitions with addresses and never writes (AC-002, AR-005)
Platform detection: Windows=false
App root directory: /Users/normy/autobyteus_org/autobyteus-worktrees/project-task-manager-linked-delegation/autobyteus-server-ts
App data directory: /Users/normy/autobyteus_org/autobyteus-worktrees/project-task-manager-linked-delegation/autobyteus-server-ts

 ✓ tests/unit/agent-team-execution/team-root-agent-initiated-collaborators.test.ts (7 tests) 438ms
stdout | tests/unit/built-in-agents/built-in-agent-bootstrapper.test.ts
AgentFactory (Singleton) initialized.

stdout | tests/unit/built-in-agents/built-in-agent-bootstrapper.test.ts > BuiltInAgentBootstrapper > syncs registry-defined built-ins and initializes only declared built-in settings
Platform detection: Windows=false
App root directory: /Users/normy/autobyteus_org/autobyteus-worktrees/project-task-manager-linked-delegation/autobyteus-server-ts
App data directory: /var/folders/7w/9r4_s1_s42z3f7c136bpjf0r0000gn/T/autobyteus-built-in-agents-DjdSnD

stdout | tests/unit/built-in-agents/built-in-agent-bootstrapper.test.ts > BuiltInAgentBootstrapper > syncs registry-defined built-ins and initializes only declared built-in settings
CachedAgentDefinitionProvider initialized with a full in-memory cache strategy.
Initialized server settings service with 22 predefined settings

stdout | tests/unit/built-in-agents/built-in-agent-bootstrapper.test.ts > BuiltInAgentBootstrapper > syncs registry-defined built-ins and initializes only declared built-in settings
Server setting 'AUTOBYTEUS_RETROSPECTIVE_SKILL_IMPROVER_AGENT_DEFINITION_ID' updated
Initialized 'AUTOBYTEUS_RETROSPECTIVE_SKILL_IMPROVER_AGENT_DEFINITION_ID' with 'autobyteus-retrospective-skill-improver'.

stdout | tests/unit/built-in-agents/built-in-agent-bootstrapper.test.ts > BuiltInAgentBootstrapper > syncs registry-defined built-ins and initializes only declared built-in settings
Populating agent definition cache for the first time...

stdout | tests/unit/built-in-agents/built-in-agent-bootstrapper.test.ts > BuiltInAgentBootstrapper > syncs registry-defined built-ins and initializes only declared built-in settings
Initialized server settings service with 22 predefined settings

stdout | tests/unit/built-in-agents/built-in-agent-bootstrapper.test.ts > BuiltInAgentBootstrapper > syncs registry-defined built-ins and initializes only declared built-in settings
Agent definition cache populated with 3 items.

stdout | tests/unit/built-in-agents/built-in-agent-bootstrapper.test.ts > BuiltInAgentBootstrapper > preserves existing built-in settings and leaves featured settings untouched
Platform detection: Windows=false
App root directory: /Users/normy/autobyteus_org/autobyteus-worktrees/project-task-manager-linked-delegation/autobyteus-server-ts
App data directory: /var/folders/7w/9r4_s1_s42z3f7c136bpjf0r0000gn/T/autobyteus-built-in-agents-pWQ6yL

stdout | tests/unit/built-in-agents/built-in-agent-bootstrapper.test.ts > BuiltInAgentBootstrapper > preserves existing built-in settings and leaves featured settings untouched
CachedAgentDefinitionProvider initialized with a full in-memory cache strategy.
Initialized server settings service with 22 predefined settings
Server setting 'AUTOBYTEUS_RETROSPECTIVE_SKILL_IMPROVER_AGENT_DEFINITION_ID' updated

stdout | tests/unit/built-in-agents/built-in-agent-bootstrapper.test.ts > BuiltInAgentBootstrapper > preserves existing built-in settings and leaves featured settings untouched
Populating agent definition cache for the first time...

stdout | tests/unit/built-in-agents/built-in-agent-bootstrapper.test.ts > BuiltInAgentBootstrapper > preserves existing built-in settings and leaves featured settings untouched
Agent definition cache populated with 3 items.

stdout | tests/unit/built-in-agents/built-in-agent-bootstrapper.test.ts > BuiltInAgentBootstrapper > overwrites active builtin files but leaves the old compactor source intact and preserves standalone local agents
Platform detection: Windows=false
App root directory: /Users/normy/autobyteus_org/autobyteus-worktrees/project-task-manager-linked-delegation/autobyteus-server-ts
App data directory: /var/folders/7w/9r4_s1_s42z3f7c136bpjf0r0000gn/T/autobyteus-built-in-agents-pIak4p

stdout | tests/unit/built-in-agents/built-in-agent-bootstrapper.test.ts > BuiltInAgentBootstrapper > overwrites active builtin files but leaves the old compactor source intact and preserves standalone local agents
CachedAgentDefinitionProvider initialized with a full in-memory cache strategy.
Initialized server settings service with 22 predefined settings

stdout | tests/unit/built-in-agents/built-in-agent-bootstrapper.test.ts > BuiltInAgentBootstrapper > overwrites active builtin files but leaves the old compactor source intact and preserves standalone local agents
Server setting 'AUTOBYTEUS_RETROSPECTIVE_SKILL_IMPROVER_AGENT_DEFINITION_ID' updated
Initialized 'AUTOBYTEUS_RETROSPECTIVE_SKILL_IMPROVER_AGENT_DEFINITION_ID' with 'autobyteus-retrospective-skill-improver'.

stdout | tests/unit/built-in-agents/built-in-agent-bootstrapper.test.ts > BuiltInAgentBootstrapper > overwrites active builtin files but leaves the old compactor source intact and preserves standalone local agents
Populating agent definition cache for the first time...

stdout | tests/unit/built-in-agents/built-in-agent-bootstrapper.test.ts > BuiltInAgentBootstrapper > overwrites active builtin files but leaves the old compactor source intact and preserves standalone local agents
Agent definition cache populated with 5 items.

stdout | tests/unit/built-in-agents/built-in-agent-bootstrapper.test.ts > BuiltInAgentBootstrapper > does not overwrite user package roots while syncing the app-data built-ins
Platform detection: Windows=false
App root directory: /Users/normy/autobyteus_org/autobyteus-worktrees/project-task-manager-linked-delegation/autobyteus-server-ts
App data directory: /var/folders/7w/9r4_s1_s42z3f7c136bpjf0r0000gn/T/autobyteus-built-in-agents-3VgJH6

stdout | tests/unit/built-in-agents/built-in-agent-bootstrapper.test.ts > BuiltInAgentBootstrapper > does not overwrite user package roots while syncing the app-data built-ins
Platform detection: Windows=false
App root directory: /Users/normy/autobyteus_org/autobyteus-worktrees/project-task-manager-linked-delegation/autobyteus-server-ts
App data directory: /var/folders/7w/9r4_s1_s42z3f7c136bpjf0r0000gn/T/autobyteus-built-in-agents-3VgJH6
CachedAgentDefinitionProvider initialized with a full in-memory cache strategy.
Initialized server settings service with 22 predefined settings

stdout | tests/unit/built-in-agents/built-in-agent-bootstrapper.test.ts > BuiltInAgentBootstrapper > does not overwrite user package roots while syncing the app-data built-ins
Server setting 'AUTOBYTEUS_RETROSPECTIVE_SKILL_IMPROVER_AGENT_DEFINITION_ID' updated
Initialized 'AUTOBYTEUS_RETROSPECTIVE_SKILL_IMPROVER_AGENT_DEFINITION_ID' with 'autobyteus-retrospective-skill-improver'.

stdout | tests/unit/built-in-agents/built-in-agent-bootstrapper.test.ts > BuiltInAgentBootstrapper > does not overwrite user package roots while syncing the app-data built-ins
Populating agent definition cache for the first time...

stdout | tests/unit/built-in-agents/built-in-agent-bootstrapper.test.ts > BuiltInAgentBootstrapper > does not overwrite user package roots while syncing the app-data built-ins
Agent definition cache populated with 4 items.

stdout | tests/unit/built-in-agents/built-in-agent-bootstrapper.test.ts > BuiltInAgentBootstrapper > does not overwrite even invalid historical compactor instructions
Platform detection: Windows=false
App root directory: /Users/normy/autobyteus_org/autobyteus-worktrees/project-task-manager-linked-delegation/autobyteus-server-ts
App data directory: /var/folders/7w/9r4_s1_s42z3f7c136bpjf0r0000gn/T/autobyteus-built-in-agents-I3bvbQ

stdout | tests/unit/built-in-agents/built-in-agent-bootstrapper.test.ts > BuiltInAgentBootstrapper > does not overwrite even invalid historical compactor instructions
CachedAgentDefinitionProvider initialized with a full in-memory cache strategy.
Initialized server settings service with 22 predefined settings

stdout | tests/unit/built-in-agents/built-in-agent-bootstrapper.test.ts > BuiltInAgentBootstrapper > does not overwrite even invalid historical compactor instructions
Server setting 'AUTOBYTEUS_RETROSPECTIVE_SKILL_IMPROVER_AGENT_DEFINITION_ID' updated
Initialized 'AUTOBYTEUS_RETROSPECTIVE_SKILL_IMPROVER_AGENT_DEFINITION_ID' with 'autobyteus-retrospective-skill-improver'.

stdout | tests/unit/built-in-agents/built-in-agent-bootstrapper.test.ts > BuiltInAgentBootstrapper > does not overwrite even invalid historical compactor instructions
Populating agent definition cache for the first time...

stderr | tests/unit/built-in-agents/built-in-agent-bootstrapper.test.ts > BuiltInAgentBootstrapper > does not overwrite even invalid historical compactor instructions
Skipping agent 'autobyteus-memory-compactor' due to parse error: agent.md must start with '---' frontmatter delimiter (/var/folders/7w/9r4_s1_s42z3f7c136bpjf0r0000gn/T/autobyteus-built-in-agents-I3bvbQ/agents/autobyteus-memory-compactor/agent.md)

stdout | tests/unit/built-in-agents/built-in-agent-bootstrapper.test.ts > BuiltInAgentBootstrapper > does not overwrite even invalid historical compactor instructions
Agent definition cache populated with 3 items.

stdout | tests/unit/built-in-agents/built-in-agent-bootstrapper.test.ts > BuiltInAgentBootstrapper > Daily Assistant (platform-owned) > creates the Daily Assistant from the template with read_file and all installed skills
Platform detection: Windows=false
App root directory: /Users/normy/autobyteus_org/autobyteus-worktrees/project-task-manager-linked-delegation/autobyteus-server-ts
App data directory: /var/folders/7w/9r4_s1_s42z3f7c136bpjf0r0000gn/T/autobyteus-built-in-agents-bCGqbU

stdout | tests/unit/built-in-agents/built-in-agent-bootstrapper.test.ts > BuiltInAgentBootstrapper > Daily Assistant (platform-owned) > creates the Daily Assistant from the template with read_file and all installed skills
CachedAgentDefinitionProvider initialized with a full in-memory cache strategy.
Initialized server settings service with 22 predefined settings

stdout | tests/unit/built-in-agents/built-in-agent-bootstrapper.test.ts > BuiltInAgentBootstrapper > Daily Assistant (platform-owned) > creates the Daily Assistant from the template with read_file and all installed skills
Server setting 'AUTOBYTEUS_RETROSPECTIVE_SKILL_IMPROVER_AGENT_DEFINITION_ID' updated
Initialized 'AUTOBYTEUS_RETROSPECTIVE_SKILL_IMPROVER_AGENT_DEFINITION_ID' with 'autobyteus-retrospective-skill-improver'.

stdout | tests/unit/built-in-agents/built-in-agent-bootstrapper.test.ts > BuiltInAgentBootstrapper > Daily Assistant (platform-owned) > creates the Daily Assistant from the template with read_file and all installed skills
Populating agent definition cache for the first time...

stdout | tests/unit/built-in-agents/built-in-agent-bootstrapper.test.ts > BuiltInAgentBootstrapper > Daily Assistant (platform-owned) > creates the Daily Assistant from the template with read_file and all installed skills
Agent definition cache populated with 3 items.

stdout | tests/unit/built-in-agents/built-in-agent-bootstrapper.test.ts > BuiltInAgentBootstrapper > Daily Assistant (platform-owned) > replaces edited files and agent-local skills from the template on the next startup
Platform detection: Windows=false
App root directory: /Users/normy/autobyteus_org/autobyteus-worktrees/project-task-manager-linked-delegation/autobyteus-server-ts
App data directory: /var/folders/7w/9r4_s1_s42z3f7c136bpjf0r0000gn/T/autobyteus-built-in-agents-S6uBGz

stdout | tests/unit/built-in-agents/built-in-agent-bootstrapper.test.ts > BuiltInAgentBootstrapper > Daily Assistant (platform-owned) > replaces edited files and agent-local skills from the template on the next startup
CachedAgentDefinitionProvider initialized with a full in-memory cache strategy.
Initialized server settings service with 22 predefined settings

stdout | tests/unit/built-in-agents/built-in-agent-bootstrapper.test.ts > BuiltInAgentBootstrapper > Daily Assistant (platform-owned) > replaces edited files and agent-local skills from the template on the next startup
Server setting 'AUTOBYTEUS_RETROSPECTIVE_SKILL_IMPROVER_AGENT_DEFINITION_ID' updated
Initialized 'AUTOBYTEUS_RETROSPECTIVE_SKILL_IMPROVER_AGENT_DEFINITION_ID' with 'autobyteus-retrospective-skill-improver'.

stdout | tests/unit/built-in-agents/built-in-agent-bootstrapper.test.ts > BuiltInAgentBootstrapper > Daily Assistant (platform-owned) > replaces edited files and agent-local skills from the template on the next startup
Populating agent definition cache for the first time...

stdout | tests/unit/built-in-agents/built-in-agent-bootstrapper.test.ts > BuiltInAgentBootstrapper > Daily Assistant (platform-owned) > replaces edited files and agent-local skills from the template on the next startup
Agent definition cache populated with 3 items.

stdout | tests/unit/built-in-agents/built-in-agent-bootstrapper.test.ts > BuiltInAgentBootstrapper > Daily Assistant (platform-owned) > replaces edited files and agent-local skills from the template on the next startup
In-memory cache: Updated agent definition with ID autobyteus-daily-assistant.

stdout | tests/unit/built-in-agents/built-in-agent-bootstrapper.test.ts > BuiltInAgentBootstrapper > Daily Assistant (platform-owned) > replaces edited files and agent-local skills from the template on the next startup
Agent Definition with ID autobyteus-daily-assistant updated successfully.

stdout | tests/unit/built-in-agents/built-in-agent-bootstrapper.test.ts > BuiltInAgentBootstrapper > Daily Assistant (platform-owned) > replaces edited files and agent-local skills from the template on the next startup
Populating agent definition cache for the first time...

stdout | tests/unit/built-in-agents/built-in-agent-bootstrapper.test.ts > BuiltInAgentBootstrapper > Daily Assistant (platform-owned) > replaces edited files and agent-local skills from the template on the next startup
Agent definition cache populated with 3 items.

stdout | tests/unit/built-in-agents/built-in-agent-bootstrapper.test.ts > BuiltInAgentBootstrapper > Daily Assistant (platform-owned) > recreates a missing file from the template
Platform detection: Windows=false
App root directory: /Users/normy/autobyteus_org/autobyteus-worktrees/project-task-manager-linked-delegation/autobyteus-server-ts
App data directory: /var/folders/7w/9r4_s1_s42z3f7c136bpjf0r0000gn/T/autobyteus-built-in-agents-X9tmMS

stdout | tests/unit/built-in-agents/built-in-agent-bootstrapper.test.ts > BuiltInAgentBootstrapper > Daily Assistant (platform-owned) > recreates a missing file from the template
CachedAgentDefinitionProvider initialized with a full in-memory cache strategy.
Initialized server settings service with 22 predefined settings

stdout | tests/unit/built-in-agents/built-in-agent-bootstrapper.test.ts > BuiltInAgentBootstrapper > Daily Assistant (platform-owned) > recreates a missing file from the template
Server setting 'AUTOBYTEUS_RETROSPECTIVE_SKILL_IMPROVER_AGENT_DEFINITION_ID' updated
Initialized 'AUTOBYTEUS_RETROSPECTIVE_SKILL_IMPROVER_AGENT_DEFINITION_ID' with 'autobyteus-retrospective-skill-improver'.

stdout | tests/unit/built-in-agents/built-in-agent-bootstrapper.test.ts > BuiltInAgentBootstrapper > Daily Assistant (platform-owned) > recreates a missing file from the template
Populating agent definition cache for the first time...

stdout | tests/unit/built-in-agents/built-in-agent-bootstrapper.test.ts > BuiltInAgentBootstrapper > Daily Assistant (platform-owned) > recreates a missing file from the template
Agent definition cache populated with 3 items.

stdout | tests/unit/built-in-agents/built-in-agent-bootstrapper.test.ts > BuiltInAgentBootstrapper > Daily Assistant (platform-owned) > recreates a missing file from the template
Populating agent definition cache for the first time...

stdout | tests/unit/built-in-agents/built-in-agent-bootstrapper.test.ts > BuiltInAgentBootstrapper > Daily Assistant (platform-owned) > recreates a missing file from the template
Agent definition cache populated with 3 items.

 ❯ tests/unit/built-in-agents/built-in-agent-bootstrapper.test.ts (8 tests | 1 failed) 112ms
     × syncs registry-defined built-ins and initializes only declared built-in settings 20ms
     ✓ preserves existing built-in settings and leaves featured settings untouched 8ms
     ✓ overwrites active builtin files but leaves the old compactor source intact and preserves standalone local agents 13ms
     ✓ does not overwrite user package roots while syncing the app-data built-ins 10ms
     ✓ does not overwrite even invalid historical compactor instructions 8ms
       ✓ creates the Daily Assistant from the template with read_file and all installed skills 8ms
       ✓ replaces edited files and agent-local skills from the template on the next startup 30ms
       ✓ recreates a missing file from the template 14ms
stdout | tests/unit/agent-org-execution/agent-org-run-termination.test.ts
AgentFactory (Singleton) initialized.

stdout | tests/unit/agent-org-execution/agent-org-run-termination.test.ts > AgentOrgRun termination stabilization > freezes and fences every direct/mounted Agent scope before task and persistence drain
Platform detection: Windows=false
App root directory: /Users/normy/autobyteus_org/autobyteus-worktrees/project-task-manager-linked-delegation/autobyteus-server-ts
App data directory: /Users/normy/autobyteus_org/autobyteus-worktrees/project-task-manager-linked-delegation/autobyteus-server-ts

 ✓ tests/unit/agent-org-execution/agent-org-run-termination.test.ts (5 tests) 60ms
 ✓ tests/unit/agent-execution/backends/antigravity/agy-agent-run-backend-factory.test.ts (13 tests) 43ms
 ❯ tests/unit/agent-execution/backends/autobyteus/autobyteus-agent-run-backend-factory.test.ts (0 test)
stdout | tests/unit/agent-org-execution/agent-org-status-snapshot-traversal.test.ts
AgentFactory (Singleton) initialized.

stdout | tests/unit/agent-org-execution/agent-org-status-snapshot-traversal.test.ts > AgentOrg status snapshot traversal > streams every root-owned and recursively Team-owned Agent exactly once across reselect
Platform detection: Windows=false
App root directory: /Users/normy/autobyteus_org/autobyteus-worktrees/project-task-manager-linked-delegation/autobyteus-server-ts
App data directory: /Users/normy/autobyteus_org/autobyteus-worktrees/project-task-manager-linked-delegation/autobyteus-server-ts

 ✓ tests/unit/agent-org-execution/agent-org-status-snapshot-traversal.test.ts (3 tests) 16ms
stdout | tests/unit/agent-team-execution/flat-team-execution-manager-routing.test.ts
AgentFactory (Singleton) initialized.

 ✓ tests/unit/agent-team-execution/flat-team-execution-manager-routing.test.ts (7 tests) 115ms
stdout | tests/unit/agent-team-execution/task-agent-execution-registry-memory.test.ts
AgentFactory (Singleton) initialized.

stdout | tests/unit/agent-team-execution/task-agent-execution-registry-memory.test.ts > TaskAgentExecutionRegistry task-agent memory > keeps a fresh task Agent as a leaf in its containing nested TeamRun scope and releases work only after commit
Platform detection: Windows=false
App root directory: /Users/normy/autobyteus_org/autobyteus-worktrees/project-task-manager-linked-delegation/autobyteus-server-ts
App data directory: /Users/normy/autobyteus_org/autobyteus-worktrees/project-task-manager-linked-delegation/autobyteus-server-ts

 ❯ tests/unit/agent-team-execution/task-agent-execution-registry-memory.test.ts (3 tests | 1 failed) 8ms
     ✓ drains prepared and synchronous reentrant events in FIFO order before forwarding live events 1ms
     ✓ drops retained and future events when aborted and never releases 0ms
     × keeps a fresh task Agent as a leaf in its containing nested TeamRun scope and releases work only after commit 6ms
stdout | tests/unit/agent-collaboration/task-lifetime-dispatch-races.test.ts
AgentFactory (Singleton) initialized.

 ✓ tests/unit/agent-collaboration/task-lifetime-dispatch-races.test.ts (9 tests) 843ms
 ✓ tests/unit/agent-execution/backends/antigravity/agy-background-process-groups.test.ts (6 tests) 5ms
stdout | tests/unit/agent-team-execution/flat-team-execution-factory.test.ts
AgentFactory (Singleton) initialized.

 ✓ tests/unit/agent-team-execution/flat-team-execution-factory.test.ts (4 tests) 4ms

⎯⎯⎯⎯⎯⎯ Failed Suites 1 ⎯⎯⎯⎯⎯⎯⎯

 FAIL  tests/unit/agent-execution/backends/autobyteus/autobyteus-agent-run-backend-factory.test.ts [ tests/unit/agent-execution/backends/autobyteus/autobyteus-agent-run-backend-factory.test.ts ]
Error: Transform failed with 1 error:
/Users/normy/autobyteus_org/autobyteus-worktrees/project-task-manager-linked-delegation/autobyteus-server-ts/tests/unit/agent-execution/backends/autobyteus/autobyteus-agent-run-backend-factory.test.ts:163:22: ERROR: Unexpected ","
  Plugin: vite:esbuild
  File: /Users/normy/autobyteus_org/autobyteus-worktrees/project-task-manager-linked-delegation/autobyteus-server-ts/tests/unit/agent-execution/backends/autobyteus/autobyteus-agent-run-backend-factory.test.ts:163:22
  
  Unexpected ","
  161 |          runtimeKind: RuntimeKind.AUTOBYTEUS,
  162 |        }),
  163 |        "run-professor",, () => undefined
      |                        ^
  164 |      );
  165 |  
  
 ❯ failureErrorWithLog ../node_modules/.pnpm/esbuild@0.27.3/node_modules/esbuild/lib/main.js:1467:15
 ❯ ../node_modules/.pnpm/esbuild@0.27.3/node_modules/esbuild/lib/main.js:736:50
 ❯ responseCallbacks.<computed> ../node_modules/.pnpm/esbuild@0.27.3/node_modules/esbuild/lib/main.js:603:9
 ❯ handleIncomingPacket ../node_modules/.pnpm/esbuild@0.27.3/node_modules/esbuild/lib/main.js:658:12
 ❯ Socket.readFromStdout ../node_modules/.pnpm/esbuild@0.27.3/node_modules/esbuild/lib/main.js:581:7

⎯⎯⎯⎯⎯⎯⎯⎯⎯⎯⎯⎯⎯⎯⎯⎯⎯⎯⎯⎯⎯⎯⎯⎯[1/3]⎯


⎯⎯⎯⎯⎯⎯⎯ Failed Tests 2 ⎯⎯⎯⎯⎯⎯⎯

 FAIL  tests/unit/agent-team-execution/task-agent-execution-registry-memory.test.ts > TaskAgentExecutionRegistry task-agent memory > keeps a fresh task Agent as a leaf in its containing nested TeamRun scope and releases work only after commit
AssertionError: expected "vi.fn()" to not be called at all, but actually been called 1 times

Received: 

  1st vi.fn() call:

    Array [
      Object {
        "agentRunId": "worker_00000000000000000000000000000001",
        "memberAddress": "/review/worker",
        "root": Object {
          "rootRunId": "owning-team-run",
          "rootSubjectKind": "agent_team",
        },
      },
      Object {
        "event": Object {
          "eventType": "TURN_STARTED",
          "payload": Object {
            "turn_id": "turn-1",
          },
          "runId": "worker_00000000000000000000000000000001",
          "statusHint": "ACTIVE",
        },
        "kind": "agent_run",
      },
    ]


Number of calls: 1

 ❯ tests/unit/agent-team-execution/task-agent-execution-registry-memory.test.ts:212:25
    210|       statusHint: "ACTIVE",
    211|     } satisfies AgentRunEvent);
    212|     expect(publish).not.toHaveBeenCalled();
       |                         ^
    213| 
    214|     publish.mockImplementationOnce(() => {

⎯⎯⎯⎯⎯⎯⎯⎯⎯⎯⎯⎯⎯⎯⎯⎯⎯⎯⎯⎯⎯⎯⎯⎯[2/3]⎯

 FAIL  tests/unit/built-in-agents/built-in-agent-bootstrapper.test.ts > BuiltInAgentBootstrapper > syncs registry-defined built-ins and initializes only declared built-in settings
AssertionError: expected false to be true // Object.is equality

- Expected
+ Received

- true
+ false

 ❯ tests/unit/built-in-agents/built-in-agent-bootstrapper.test.ts:113:85
    111|     });
    112|     expect(result.builtInAgents).toHaveLength(3);
    113|     expect(result.builtInAgents.some(item => item.agentDefinitionId ==…
       |                                                                                     ^
    114|     expect(result.builtInAgents.some(item => item.agentDefinitionId ==…
    115|     expect(resultFor(result, RETROSPECTIVE_SKILL_IMPROVER_AGENT_DEFINI…

⎯⎯⎯⎯⎯⎯⎯⎯⎯⎯⎯⎯⎯⎯⎯⎯⎯⎯⎯⎯⎯⎯⎯⎯[3/3]⎯


 Test Files  3 failed | 8 passed (11)
      Tests  2 failed | 63 passed (65)
   Start at  09:48:38
   Duration  11.00s (transform 2.42s, setup 51ms, import 8.02s, tests 1.64s, environment 1ms)

