
 RUN  v4.0.18 /Users/normy/autobyteus_org/autobyteus-worktrees/project-task-manager-linked-delegation/autobyteus-server-ts

Prisma schema loaded from prisma/schema.prisma
Datasource "db": SQLite database "autobyteus-server-test.db" at "file:/Users/normy/autobyteus_org/autobyteus-worktrees/project-task-manager-linked-delegation/autobyteus-server-ts/tests/.tmp/autobyteus-server-test.db"

Applying migration `20260203074245_init`
Applying migration `20260208094000_add_external_channel_tables`
Applying migration `20260209174500_add_channel_message_receipt_turn_id`
Applying migration `20260209213000_remove_agent_conversation_tables`
Applying migration `20260210101500_add_agent_avatar`
Applying migration `20260210192000_add_agent_team_avatar`
Applying migration `20260211214500_add_sync_columns_and_tombstones`
Applying migration `20260212070000_remove_workflow_definition`
Applying migration `20260309103000_add_channel_binding_launch_preset`
Applying migration `20260310153000_add_channel_binding_team_definition_id`
Applying migration `20260331102000_remove_channel_bindings_table`
Applying migration `20260331130000_receipt_lifecycle_and_remove_channel_idempotency`
Applying migration `20260517090000_add_app_data_migration_records`
Applying migration `20260624090000_add_token_usage_ledger_events`
Applying migration `20260625193000_token_usage_component_pricing_explainability`
Applying migration `20260629120000_add_token_usage_display_fields`
Applying migration `20260702093000_token_usage_execution_address`
Applying migration `20260726090000_add_secret_vault`
Applying migration `20260730090000_add_token_usage_provider_name`
Applying migration `20260801090000_token_usage_member_display_name`
Applying migration `20260814090000_team_run_execution_tree_v1`
Applying migration `20260819090000_add_token_usage_run_records`
Applying migration `20260820090000_redesign_app_data_migration_summary`
Applying migration `20260822090000_add_token_usage_analytics`
Applying migration `20260923130000_add_claude_sdk_usage_state`
Applying migration `20260924120000_remove_external_channel_tables`

Database reset successful

The following migration(s) have been applied:

migrations/
  └─ 20260203074245_init/
    └─ migration.sql
  └─ 20260208094000_add_external_channel_tables/
    └─ migration.sql
  └─ 20260209174500_add_channel_message_receipt_turn_id/
    └─ migration.sql
  └─ 20260209213000_remove_agent_conversation_tables/
    └─ migration.sql
  └─ 20260210101500_add_agent_avatar/
    └─ migration.sql
  └─ 20260210192000_add_agent_team_avatar/
    └─ migration.sql
  └─ 20260211214500_add_sync_columns_and_tombstones/
    └─ migration.sql
  └─ 20260212070000_remove_workflow_definition/
    └─ migration.sql
  └─ 20260309103000_add_channel_binding_launch_preset/
    └─ migration.sql
  └─ 20260310153000_add_channel_binding_team_definition_id/
    └─ migration.sql
  └─ 20260331102000_remove_channel_bindings_table/
    └─ migration.sql
  └─ 20260331130000_receipt_lifecycle_and_remove_channel_idempotency/
    └─ migration.sql
  └─ 20260517090000_add_app_data_migration_records/
    └─ migration.sql
  └─ 20260624090000_add_token_usage_ledger_events/
    └─ migration.sql
  └─ 20260625193000_token_usage_component_pricing_explainability/
    └─ migration.sql
  └─ 20260629120000_add_token_usage_display_fields/
    └─ migration.sql
  └─ 20260702093000_token_usage_execution_address/
    └─ migration.sql
  └─ 20260726090000_add_secret_vault/
    └─ migration.sql
  └─ 20260730090000_add_token_usage_provider_name/
    └─ migration.sql
  └─ 20260801090000_token_usage_member_display_name/
    └─ migration.sql
  └─ 20260814090000_team_run_execution_tree_v1/
    └─ migration.sql
  └─ 20260819090000_add_token_usage_run_records/
    └─ migration.sql
  └─ 20260820090000_redesign_app_data_migration_summary/
    └─ migration.sql
  └─ 20260822090000_add_token_usage_analytics/
    └─ migration.sql
  └─ 20260923130000_add_claude_sdk_usage_state/
    └─ migration.sql
  └─ 20260924120000_remove_external_channel_tables/
    └─ migration.sql

stdout | tests/unit/agent-collaboration/task-lifetime-dispatch-races.test.ts
AgentFactory (Singleton) initialized.

 ❯ tests/unit/agent-collaboration/task-lifetime-dispatch-races.test.ts (9 tests | 3 failed) 750ms
     ✓ DONE during identity-only planning makes zero provider preparations/reservations 92ms
     × DONE after reservation cancels before drain, retains late preparation, and never commits/seeds 86ms
     ✓ DONE after durable admission fences deferred awaited seed acceptance; no reported delivery 88ms
     ✓ DONE during identity-only planning makes zero provider preparations/reservations 73ms
     × DONE after reservation cancels before drain, retains late preparation, and never commits/seeds 78ms
     ✓ DONE after durable admission fences deferred awaited seed acceptance; no reported delivery 89ms
     ✓ DONE during identity-only planning makes zero provider preparations/reservations 71ms
     × DONE after reservation cancels before drain, retains late preparation, and never commits/seeds 79ms
     ✓ DONE after durable admission fences deferred awaited seed acceptance; no reported delivery 93ms

⎯⎯⎯⎯⎯⎯⎯ Failed Tests 3 ⎯⎯⎯⎯⎯⎯⎯

 FAIL  tests/unit/agent-collaboration/task-lifetime-dispatch-races.test.ts > neutral lifetime dispatch with tagged agent authority > DONE after reservation cancels before drain, retains late preparation, and never commits/seeds
 FAIL  tests/unit/agent-collaboration/task-lifetime-dispatch-races.test.ts > neutral lifetime dispatch with tagged agent_team authority > DONE after reservation cancels before drain, retains late preparation, and never commits/seeds
 FAIL  tests/unit/agent-collaboration/task-lifetime-dispatch-races.test.ts > neutral lifetime dispatch with tagged agent_org authority > DONE after reservation cancels before drain, retains late preparation, and never commits/seeds
AssertionError: expected 'failed' to be 'pending' // Object.is equality

Expected: "pending"
Received: "failed"

 ❯ tests/unit/agent-collaboration/task-lifetime-dispatch-races.test.ts:82:82
     80|     await h.tasks.updateTask({ projectId: h.projectId, taskId: h.task.…
     81|     expect(h.operation.cancel).toHaveBeenCalled();
     82|     expect((await h.store.readState()).taskLifetimes[0]!.executions[0]…
       |                                                                                  ^
     83|     h.preparation.resolve(); expect((await dispatch).target_agent_run_…
     84|     await h.tasks.updateTask({ projectId: h.projectId, taskId: h.task.…

⎯⎯⎯⎯⎯⎯⎯⎯⎯⎯⎯⎯⎯⎯⎯⎯⎯⎯⎯⎯⎯⎯⎯⎯[1/3]⎯


 Test Files  1 failed (1)
      Tests  3 failed | 6 passed (9)
   Start at  09:46:38
   Duration  4.41s (transform 2.27s, setup 16ms, import 3.17s, tests 750ms, environment 0ms)

